Controls: Space pause/resume, R auto rotate, 1/2/3/4 full-body angles, 5 face close-up, 6 portfolio orbit, Left/Right fine rotate, F1/F2/F3 showcase presets, F4 animation pause/resume, F11 animation restart, 7/8 previous/next animation, 9 timeline status, 0 diagnostic view, H HUD, F10 inner outlines, F9 style toggle, F7/F8 mask strength, F5/F6 band threshold, F12 screenshot
Validation layer: enabled
[1791013126352][info][gpu][code=0] GPU capability report: captures\gpu_capabilities.json
Selected GPU: NVIDIA GeForce RTX 4060 Laptop GPU
HDR scene color candidate: VK_FORMAT_R16G16B16A16_SFLOAT (supported)
GPU timing: enabled, timestamp period 1.000000 ns, 64 valid bits
Turntable foot pivot: [1.000000, -1.000000, 1.000000]
Asset path: assets_public/test_model.gltf
Loaded asset: 337 vertices, 900 indices, 3 primitives, 4 materials
Material Class v1 inventory:
  [0] PublicTestMaterial -> generic, flags=0x20, source=asset-extras
  [1] PublicTestMaterialB -> generic, flags=0x20, source=asset-extras
  [2] FallbackMaterial -> generic, flags=0x20, source=fallback/inferred
  [3] AzureRender_ShowcasePlatform -> showcase, flags=0x0, source=asset-extras
Skinning: enabled, 1 joint matrices, 1 Morph targets
Morph weights: 0.000000, 0.000000
Animations: 1 (playing "MorphJointPulse", 0.250000 s loop)
[1791013126717][info][render][code=0] Character IBL: GPU-prefiltered environment mip chain
Additional scene resources: 31, total joints 32
[1791013127168][info][render][code=0] Character skinning and morph: Vulkan compute path
Scene renderer: character (sceneType=character)
Diagnostic view: Beauty, stylized lighting: on, internal outline: on, HUD: off
Clustered lighting: 16 lights, 28800 cluster references
Swapchain recreated: 1328x919
Swapchain recreated: 1328x919
Swapchain recreated: 1328x919
Swapchain recreated: 1328x919
Swapchain recreated: 1628x1069
Swapchain recreated: 1628x1069
Swapchain recreated: 1628x1069
Swapchain recreated: 1628x1069
Swapchain recreated: 1328x919
Swapchain recreated: 1328x919
Swapchain recreated: 1328x919
Swapchain recreated: 1328x919
Swapchain recreated: 1328x919
Swapchain recreated: 1628x1069
Swapchain recreated: 1628x1069
Swapchain recreated: 1628x1069
Swapchain recreated: 1628x1069
Swapchain recreated: 1328x919
Swapchain recreated: 1328x919
Swapchain recreated: 1328x919
Swapchain recreated: 1328x919
Swapchain recreated: 1328x919
Swapchain recreated: 1628x1069
Swapchain recreated: 1628x1069
Swapchain recreated: 1628x1069
Swapchain recreated: 1628x1069
Screenshot requested
Screenshot saved: D:\Assigment\2609\FYP\Project\AzureRender\build\ninja-msvc-debug\captures\capture_1791013147329.png
GPU timing samples: 5978
  Shadow: 0.060 ms (0.346%)
  Main scene: 16.923 ms (98.478%)
  Internal outline: 0.202 ms (1.176%)
  Total render: 17.185 ms avg, 4.279 ms min, 29.590 ms max
  Percentiles: p50 19.709 ms, p95 25.070 ms, p99 26.812 ms
  Submission per frame: 353.000 draws, 6.000 descriptor binds
  CPU recording: 4.550 ms per frame, worker passes: 23912
GPU timing report: D:\Assigment\2609\FYP\Project\AzureRender\build\r4-lifecycle\long-character.json
Rendered frames: 5978
Allocator after unload: buffers=0 images=0
