[0/1] Re-running CMake...
-- Running vcpkg install
Detecting compiler hash for triplet x64-windows...
-- Automatically setting %HTTP(S)_PROXY% environment variables to "127.0.0.1:7897".
Compiler found: D:/Visual Studio/2022/VC/Tools/MSVC/14.44.35207/bin/Hostx64/x64/cl.exe
The following packages are already installed:
  * brotli:x64-windows@1.2.0
  * bzip2[core,tool]:x64-windows@1.0.8#6
  * freetype[core,zlib,png,bzip2,brotli]:x64-windows@2.14.3
    glfw3:x64-windows@3.5.1
  * imath:x64-windows@3.2.2
  * itlib:x64-windows@1.12.2
    joltphysics:x64-windows@5.6.0
  * libdeflate[core,zlib,gzip,decompression,compression]:x64-windows@1.25
  * libpng:x64-windows@1.6.58
    lua:x64-windows@5.4.8
    miniaudio:x64-windows@0.11.25
  * nlohmann-json:x64-windows@3.12.0#2
    openexr:x64-windows@3.4.13
  * openjph:x64-windows@0.31.0
    rmlui[core,freetype]:x64-windows@6.3
  * robin-hood-hashing:x64-windows@3.11.5#2
    sol2:x64-windows@3.5.0#1
    stb:x64-windows@2024-07-29#1
    tinygltf:x64-windows@3.0.0#1
  * vcpkg-cmake:x64-windows@2024-04-23
  * vcpkg-cmake-config:x64-windows@2026-07-21
    vulkan-memory-allocator:x64-windows@3.4.0
  * zlib:x64-windows@1.3.2#1
glfw3 provides CMake targets:

  # this is heuristically generated, and may not be correct
  find_package(glfw3 CONFIG REQUIRED)
  target_link_libraries(main PRIVATE glfw)

glfw3 provides pkg-config modules:

  # A multi-platform library for OpenGL, window and input
  glfw3

joltphysics provides CMake targets:

  # this is heuristically generated, and may not be correct
  find_package(Jolt CONFIG REQUIRED)
  target_link_libraries(main PRIVATE Jolt::Jolt)

Use this package via the module FindLua that comes with CMake. To use in your CMakeLists.txt:

    find_package(Lua REQUIRED)
    target_include_directories(main PRIVATE ${LUA_INCLUDE_DIR})
    target_link_libraries(main PRIVATE ${LUA_LIBRARIES})

miniaudio is header-only and can be used from CMake via:

  find_path(MINIAUDIO_INCLUDE_DIRS "miniaudio.h")
  target_include_directories(main PRIVATE ${MINIAUDIO_INCLUDE_DIRS})

openexr provides CMake targets:

    find_package(OpenEXR CONFIG REQUIRED)
    target_link_libraries(main PRIVATE OpenEXR::OpenEXR)

rmlui provides CMake targets:

    find_package(RmlUi CONFIG REQUIRED)
    target_link_libraries(main PRIVATE RmlUi::RmlUi)

sol2 provides CMake targets:

  # this is heuristically generated, and may not be correct
  find_package(sol2 CONFIG REQUIRED)
  target_link_libraries(main PRIVATE sol2::sol2)

sol2 provides pkg-config modules:

  # C++ <-> Lua Wrapper Library
  sol2

The package stb provides CMake targets:

    find_package(Stb REQUIRED)
    target_include_directories(main PRIVATE ${Stb_INCLUDE_DIR})
tinygltf is header-only and can be used from CMake via:

  find_path(TINYGLTF_INCLUDE_DIRS "tiny_gltf.h")
  target_include_directories(main PRIVATE ${TINYGLTF_INCLUDE_DIRS})

VulkanMemoryAllocator provides official find_package support. However, it requires the user to provide the include directory containing `vulkan/vulkan.h`. There are multiple ways to achieve this and VulkanMemoryAllocator is compatible with all of them.

    find_package(Vulkan) # https://cmake.org/cmake/help/latest/module/FindVulkan.html, CMake 3.21+
    find_package(VulkanMemoryAllocator CONFIG REQUIRED)
    target_link_libraries(main PRIVATE Vulkan::Vulkan GPUOpen::VulkanMemoryAllocator)

or

    find_package(Vulkan) # CMake 3.21+
    find_package(VulkanMemoryAllocator CONFIG REQUIRED)
    target_link_libraries(main PRIVATE Vulkan::Headers GPUOpen::VulkanMemoryAllocator)

or

    find_package(VulkanHeaders CONFIG) # From the vulkan-headers port
    find_package(VulkanMemoryAllocator CONFIG REQUIRED)
    target_link_libraries(main PRIVATE Vulkan::Headers GPUOpen::VulkanMemoryAllocator)

See the documentation for more information on setting up your project: https://gpuopen-librariesandsdks.github.io/VulkanMemoryAllocator/html/index.html

All requested installations completed successfully in: 410 us
-- Running vcpkg install - done
-- Found Freetype target Freetype::Freetype - Freetype font engine enabled
-- Configuring done
-- Generating done
-- Build files have been written to: D:/Assigment/2609/FYP/Project/AzureRender/build/ninja-msvc-debug
[1/64] Building CXX object CMakeFiles\AzurePresentationRuntimeTests.dir\tests\PresentationRuntimeTests.cpp.obj
FAILED: [code=2] CMakeFiles/AzurePresentationRuntimeTests.dir/tests/PresentationRuntimeTests.cpp.obj 
"D:\Visual Studio\2022\VC\Tools\MSVC\14.44.35207\bin\Hostx64\x64\cl.exe"  /nologo /TP -DAZURERENDER_ENABLE_VALIDATION=1 -DAZURERENDER_VERSION=\"0.1.0-rc1\" -DGLFW_INCLUDE_VULKAN -DIMATH_DLL -DJPH_FLOATING_POINT_EXCEPTIONS_ENABLED -DJPH_OBJECT_STREAM -DJPH_USE_CPU_COMPUTE -DOPENEXR_DLL -I..\..\src -Igenerated -IC:\VulkanSDK\1.4.350.0\include -Ivcpkg_installed\x64-windows\include -Ivcpkg_installed\x64-windows\include\vma -Ivcpkg_installed\x64-windows\include\OpenEXR -Ivcpkg_installed\x64-windows\include\Imath -MDd /EHsc /utf-8 /W4 /WX /permissive- /wd4127 /wd4456 /wd4996 -std:c++17 /showIncludes /FoCMakeFiles\AzurePresentationRuntimeTests.dir\tests\PresentationRuntimeTests.cpp.obj /FdCMakeFiles\AzurePresentationRuntimeTests.dir\ /FS -c ..\..\tests\PresentationRuntimeTests.cpp
..\..\tests\PresentationRuntimeTests.cpp(13): error C2440: “<function-style-cast>”: 无法从“initializer list”转换为“azurerender::game::Animator”
..\..\tests\PresentationRuntimeTests.cpp(13): note: 无效的聚合初始化
..\..\tests\PresentationRuntimeTests.cpp(13): note: “初始化”: 无法从“bool”转换为“std::string”
..\..\tests\PresentationRuntimeTests.cpp(13): note: “std::basic_string<char,std::char_traits<char>,std::allocator<char>>::basic_string”: 没有重载函数可以转换所有参数类型
D:\Visual Studio\2022\VC\Tools\MSVC\14.44.35207\include\xstring(768): note: 可能是“std::basic_string<char,std::char_traits<char>,std::allocator<char>>::basic_string(const _Elem *const )”
        with
        [
            _Elem=char
        ]
..\..\tests\PresentationRuntimeTests.cpp(13): note: “std::basic_string<char,std::char_traits<char>,std::allocator<char>>::basic_string(const _Elem *const )”: 无法将参数 1 从“bool”转换为“const _Elem *const ”
        with
        [
            _Elem=char
        ]
..\..\tests\PresentationRuntimeTests.cpp(13): note: 从整型类型转换为指针类型需要 reinterpret_cast、C 样式转换或带圆括号的函数样式强制转换
D:\Visual Studio\2022\VC\Tools\MSVC\14.44.35207\include\xstring(1340): note: 或    “std::basic_string<char,std::char_traits<char>,std::allocator<char>>::basic_string(std::initializer_list<_Elem>,const _Alloc &)”
        with
        [
            _Elem=char,
            _Alloc=std::allocator<char>
        ]
..\..\tests\PresentationRuntimeTests.cpp(13): note: “std::basic_string<char,std::char_traits<char>,std::allocator<char>>::basic_string(std::initializer_list<_Elem>,const _Alloc &)”: 无法将参数 1 从“bool”转换为“std::initializer_list<_Elem>”
        with
        [
            _Elem=char,
            _Alloc=std::allocator<char>
        ]
        and
        [
            _Elem=char
        ]
..\..\tests\PresentationRuntimeTests.cpp(13): note: 转换要求第二个用户定义的转换运算符或构造函数
D:\Visual Studio\2022\VC\Tools\MSVC\14.44.35207\include\xstring(1157): note: 或    “std::basic_string<char,std::char_traits<char>,std::allocator<char>>::basic_string(const _Ty &,const unsigned __int64,const unsigned __int64,const _Alloc &)”
        with
        [
            _Alloc=std::allocator<char>
        ]
D:\Visual Studio\2022\VC\Tools\MSVC\14.44.35207\include\xstring(798): note: 或    “std::basic_string<char,std::char_traits<char>,std::allocator<char>>::basic_string(_Iter,_Iter,const _Alloc &)”
        with
        [
            _Alloc=std::allocator<char>
        ]
D:\Visual Studio\2022\VC\Tools\MSVC\14.44.35207\include\xstring(792): note: 或    “std::basic_string<char,std::char_traits<char>,std::allocator<char>>::basic_string(const unsigned __int64,const _Elem,const _Alloc &)”
        with
        [
            _Elem=char,
            _Alloc=std::allocator<char>
        ]
D:\Visual Studio\2022\VC\Tools\MSVC\14.44.35207\include\xstring(775): note: 或    “std::basic_string<char,std::char_traits<char>,std::allocator<char>>::basic_string(const _Elem *const ,const _Alloc &)”
        with
        [
            _Elem=char,
            _Alloc=std::allocator<char>
        ]
D:\Visual Studio\2022\VC\Tools\MSVC\14.44.35207\include\xstring(762): note: 或    “std::basic_string<char,std::char_traits<char>,std::allocator<char>>::basic_string(const _Elem *const ,const unsigned __int64,const _Alloc &)”
        with
        [
            _Elem=char,
            _Alloc=std::allocator<char>
        ]
..\..\tests\PresentationRuntimeTests.cpp(13): note: 尝试匹配参数列表“(bool)”时
..\..\tests\PresentationRuntimeTests.cpp(13): error C2672: “azurerender::ecs::World::addComponent”: 未找到匹配的重载函数
..\..\src\ecs/World.hpp(79): note: 可能是“void azurerender::ecs::World::addComponent(const azurerender::ecs::Entity,T)”
..\..\tests\PresentationRuntimeTests.cpp(13): note: “void azurerender::ecs::World::addComponent(const azurerender::ecs::Entity,T)”: 应输入 2 个参数，却提供了 1 个
[2/64] Building CXX object CMakeFiles\AzureModuleAssemblyTests.dir\tests\ModuleAssemblyTests.cpp.obj
[3/64] Building CXX object CMakeFiles\AzureRuntimeLifecycleTests.dir\tests\RuntimeLifecycleTests.cpp.obj
[4/64] Building CXX object CMakeFiles\AzureProjectTests.dir\tests\ProjectTests.cpp.obj
[5/64] Building CXX object CMakeFiles\AzureReflectionTests.dir\tests\ReflectionTests.cpp.obj
[6/64] Building CXX object CMakeFiles\AzureEditor.dir\src\editor\EditorToolbar.cpp.obj
[7/64] Building CXX object CMakeFiles\AzureEditor.dir\src\editor\EditorContext.cpp.obj
[8/64] Building CXX object CMakeFiles\AzureAssetLevelTests.dir\tests\AssetLevelTests.cpp.obj
[9/64] Building CXX object CMakeFiles\AzurePlayerHost.dir\src\app\AzureRenderResources.cpp.obj
[10/64] Building CXX object CMakeFiles\AzureRenderHost.dir\src\app\AzureRenderDescriptors.cpp.obj
[11/64] Building CXX object CMakeFiles\AzureRenderHost.dir\src\app\AzureRenderPipeline.cpp.obj
[12/64] Building CXX object CMakeFiles\AzureEditor.dir\src\editor\EditorWorkspaceUI.cpp.obj
[13/64] Building CXX object CMakeFiles\AzureRenderHost.dir\src\app\AzureRenderResources.cpp.obj
[14/64] Building CXX object CMakeFiles\AzureEditor.dir\src\editor\EditorSession.cpp.obj
[15/64] Building CXX object CMakeFiles\AzurePlayerHost.dir\src\app\AzureRenderPipeline.cpp.obj
[16/64] Building CXX object CMakeFiles\AzureRender.dir\src\main.cpp.obj
[17/64] Building CXX object CMakeFiles\AzurePlayerHost.dir\src\app\AzureRenderCapture.cpp.obj
[18/64] Building CXX object CMakeFiles\AzurePlayerHost.dir\src\app\AzureRenderSupport.cpp.obj
[19/64] Building CXX object CMakeFiles\AzureRenderHost.dir\src\app\AzureRenderCapture.cpp.obj
[20/64] Building CXX object CMakeFiles\AzurePlayer.dir\src\player\main.cpp.obj
[21/64] Building CXX object CMakeFiles\AzureEditor.dir\src\editor\EditorProjectEditing.cpp.obj
[22/64] Building CXX object CMakeFiles\AzureRenderHost.dir\src\app\AzureRenderSupport.cpp.obj
[23/64] Building CXX object CMakeFiles\AzureRegisteredComponentHost.dir\src\main.cpp.obj
[24/64] Building CXX object CMakeFiles\AzurePlayerHost.dir\src\app\AzureRenderDescriptors.cpp.obj
[25/64] Building CXX object CMakeFiles\AzureEditor.dir\src\editor\EditorAutomation.cpp.obj
[26/64] Building CXX object CMakeFiles\AzureRenderHost.dir\src\app\AzureRenderGameplay.cpp.obj
[27/64] Building CXX object CMakeFiles\AzureEditorWorkflowTests.dir\tests\EditorWorkflowTests.cpp.obj
[28/64] Building CXX object CMakeFiles\AzurePlayerHost.dir\src\app\AzureRenderGameplay.cpp.obj
[29/64] Building CXX object CMakeFiles\AzureRegisteredComponentWorkflowTests.dir\tests\RegisteredComponentWorkflowTests.cpp.obj
[30/64] Building CXX object CMakeFiles\AzureEditor.dir\src\editor\ImGuiEditorLayer.cpp.obj
[31/64] Building CXX object CMakeFiles\AzurePlayerHost.dir\src\app\AzureRenderFrame.cpp.obj
[32/64] Building CXX object CMakeFiles\AzureRenderHost.dir\src\app\AzureRenderFrame.cpp.obj
[33/64] Building CXX object CMakeFiles\AzurePlayerHost.dir\src\app\AzureRenderApp.cpp.obj
[34/64] Building CXX object CMakeFiles\AzureRenderHost.dir\src\app\AzureRenderApp.cpp.obj
ninja: build stopped: subcommand failed.
Traceback (most recent call last):
  File "D:\Assigment\2609\FYP\Project\AzureRender\tools\build_provenance.py", line 65, in <module>
    main()
  File "D:\Assigment\2609\FYP\Project\AzureRender\tools\build_provenance.py", line 51, in main
    subprocess.run(["cmake", "--build", str(args.build_dir), "--config", args.config], check=True)
  File "C:\Users\23587\AppData\Local\Programs\Python\Python311\python311.zip\subprocess.py", line 571, in run
    raise CalledProcessError(retcode, process.args,
subprocess.CalledProcessError: Command '['cmake', '--build', 'build\\ninja-msvc-debug', '--config', 'Debug']' returned non-zero exit status 2.
