Traceback (most recent call last):
  File "D:\Assigment\2609\FYP\Project\AzureRender\tools\test_scene_inspector_host.py", line 62, in <module>
    main()
  File "D:\Assigment\2609\FYP\Project\AzureRender\tools\test_scene_inspector_host.py", line 43, in main
    log=execute(command,root);data=json.loads(report.read_text(encoding='utf-8'))
        ^^^^^^^^^^^^^^^^^^^^^
  File "D:\Assigment\2609\FYP\Project\AzureRender\tools\test_scene_inspector_host.py", line 11, in execute
    assert result.returncode==0,result.stdout+result.stderr
           ^^^^^^^^^^^^^^^^^^^^
AssertionError: Controls: Space pause/resume, R auto rotate, 1/2/3/4 full-body angles, 5 face close-up, 6 portfolio orbit, Left/Right fine rotate, F1/F2/F3 showcase presets, F4 animation pause/resume, F11 animation restart, 7/8 previous/next animation, 9 timeline status, 0 diagnostic view, H HUD, F10 inner outlines, F9 style toggle, F7/F8 mask strength, F5/F6 band threshold, F12 screenshot
Validation layer: disabled
Selected GPU: NVIDIA GeForce RTX 4060 Laptop GPU
HDR scene color candidate: VK_FORMAT_R16G16B16A16_SFLOAT (supported)
Editor viewport render extent: 960x540
Turntable foot pivot: [1.000000, -1.000000, 1.000000]
Asset path: C:\Users\23587\AppData\Local\Temp\azure_inspector_gv0_o57w\Scene inspector project\assets\cube.gltf
Loaded asset: 337 vertices, 900 indices, 3 primitives, 3 materials
Material Class v1 inventory:
  [0] stone -> generic, flags=0x20, source=fallback/inferred
  [1] FallbackMaterial -> generic, flags=0x20, source=fallback/inferred
  [2] AzureRender_ShowcasePlatform -> showcase, flags=0x0, source=asset-extras
Skinning: static fallback, 1 joint matrices, 0 Morph targets
Morph weights: 0.000000, 0.000000
Animations: 0
Scene renderer: character (sceneType=character)
Diagnostic view: Beauty, stylized lighting: on, internal outline: on, HUD: off
Turntable foot pivot: [1.000000, -1.000000, 1.000000]
Asset path: C:\Users\23587\AppData\Local\Temp\azure_inspector_gv0_o57w\Scene inspector project\assets\cube.gltf
Loaded asset: 337 vertices, 900 indices, 3 primitives, 3 materials
Material Class v1 inventory:
  [0] stone -> generic, flags=0x20, source=fallback/inferred
  [1] FallbackMaterial -> generic, flags=0x20, source=fallback/inferred
  [2] AzureRender_ShowcasePlatform -> showcase, flags=0x0, source=asset-extras
Skinning: static fallback, 1 joint matrices, 0 Morph targets
Morph weights: 0.000000, 0.000000
Animations: 0
Scene renderer: character (sceneType=character)
Clustered lighting: 0 lights, 0 cluster references
ECS visible renderables: 2
Turntable foot pivot: [1.000000, -1.000000, 1.000000]
Asset path: C:\Users\23587\AppData\Local\Temp\azure_inspector_gv0_o57w\Scene inspector project\assets\cube.gltf
Loaded asset: 337 vertices, 900 indices, 3 primitives, 3 materials
Material Class v1 inventory:
  [0] stone -> generic, flags=0x20, source=fallback/inferred
  [1] FallbackMaterial -> generic, flags=0x20, source=fallback/inferred
  [2] AzureRender_ShowcasePlatform -> showcase, flags=0x0, source=asset-extras
Skinning: static fallback, 1 joint matrices, 0 Morph targets
Morph weights: 0.000000, 0.000000
Animations: 0
Scene renderer: character (sceneType=character)
Clustered lighting: 0 lights, 0 cluster references
Editor viewport resources rebuilt: 600x219
Turntable foot pivot: [1.000000, -1.000000, 1.000000]
Asset path: C:\Users\23587\AppData\Local\Temp\azure_inspector_gv0_o57w\Scene inspector project\assets\cube.gltf
Loaded asset: 337 vertices, 900 indices, 3 primitives, 3 materials
Material Class v1 inventory:
  [0] stone -> generic, flags=0x20, source=fallback/inferred
  [1] FallbackMaterial -> generic, flags=0x20, source=fallback/inferred
  [2] AzureRender_ShowcasePlatform -> showcase, flags=0x0, source=asset-extras
Skinning: static fallback, 1 joint matrices, 0 Morph targets
Morph weights: 0.000000, 0.000000
Animations: 0
[1791229752248][info][editor][code=0] Opened scene: inspection
[1791229752530][info][gpu][code=0] GPU capability report: captures\gpu_capabilities.json
[1791229752857][info][render][code=0] Character IBL: GPU-prefiltered environment mip chain
[1791229752859][info][render][code=0] Character skinning and morph: Vulkan compute path
[1791229752873][info][editor][code=0] Selected node: asset-a
[1791229752873][info][editor][code=0] Asset reload requested; changed files: 0
[1791229752888][info][render][code=0] Character IBL: GPU-prefiltered environment mip chain
[1791229752889][info][render][code=0] Character skinning and morph: Vulkan compute path
[1791229752890][info][editor][code=0] Renderer resources reloaded
[1791229752905][info][editor][code=0] Saved scene: C:\Users\23587\AppData\Local\Temp\azure_inspector_gv0_o57w\Scene inspector project\assets\inspection.azurelevel
[1791229752912][info][editor][code=0] Reloaded scene: inspection
[1791229753637][info][editor][code=0] Play started
[1791229753653][info][render][code=0] Character IBL: GPU-prefiltered environment mip chain
[1791229753655][info][render][code=0] Character skinning and morph: Vulkan compute path
[1791229753744][info][editor][code=0] Play stopped; edit state restored
[1791229753764][info][render][code=0] Character IBL: GPU-prefiltered environment mip chain
[1791229753766][info][render][code=0] Character skinning and morph: Vulkan compute path

