Internal ctest changing into directory: D:/Assigment/2609/FYP/Project/AzureRender/build/ninja-msvc-release
Test project D:/Assigment/2609/FYP/Project/AzureRender/build/ninja-msvc-release
  Test  #1: AzureEngine.SystemComposition
  Test  #2: AzureEngine.SceneInspectorHost
  Test  #3: AzureEngine.ModuleAssembly
  Test  #4: AzureEngine.ComponentRegistry
  Test  #5: AzureEngine.MetadataGeneration
  Test  #6: AzureEngine.RegisteredComponentWorkflow
  Test  #7: AzureEngine.RegisteredComponentHost
  Test  #8: AzureEngine.ModuleBoundaryFixtures
  Test  #9: AzureEngine.ModuleBoundaries
  Test #10: AzureEngine.GameUiRenderer
  Test #11: AzureEngine.GameUi
  Test #12: AzureEditor.Workspace
  Test #13: AzureEngine.EditorWorkflow
  Test #14: AzureEngine.PresentationRuntime
  Test #15: AzureEngine.GameplayPresentation
  Test #16: AzureEngine.ScriptRuntime
  Test #17: AzureEngine.ThirdPerson
  Test #18: AzureEngine.Locomotion
  Test #19: AzureEngine.Interaction
  Test #20: AzureEngine.ScriptEntities
  Test #21: AzureEngine.PlayableQuest
  Test #22: AzureRender.AnimationPose
  Test #23: AzureRender.BrowRegions
  Test #24: AzureEngine.PhysicsInput
  Test #25: AzureEngine.AssetLevel
  Test #26: AzureEngine.Reflection
  Test #27: AzureRender.SceneVisibility
  Test #28: AzureEngine.RepositoryAudit
  Test #29: AzureRender.SceneVisibilityGpu
  Test #30: AzureEngine.PublicGait
  Test #31: AzureEngine.LocomotionPlayer
  Test #32: AzureEngine.AnimationRetarget
  Test #33: AzureEngine.SourceSkinRestore
  Test #34: AzureEngine.GamePackageRules
  Test #35: AzureEngine.PlayableDeliveryRules
  Test #36: AzureEngine.GamePackage
  Test #37: AzureEngine.PlayablePackage
  Test #38: AzureEngine.BuildConfiguration
  Test #39: AzureEngine.BuildProvenance
  Test #40: AzureEngine.CharacterIntake
  Test #41: AzureEngine.CharacterPreparation
  Test #42: AzureEditor.WorkspaceGpu
  Test #43: AzureEngine.MaterialFixtureGpu
  Test #44: AzureEngine.IndependentAnimationGpu
  Test #45: AzureEngine.ThirdPersonPlayer
  Test #46: AzureEngine.PlayablePlayer
  Test #47: AzureEngine.RuntimeSpawnGpu
  Test #48: AzureEngine.PresentationGpu
  Test #49: AzureEngine.EditorHost
  Test #50: AzureEngine.EditorPlayable
  Test #51: AzureEngine.MetaGenerator
  Test #52: AzureEngine.LevelPlayer
  Test #53: AzureEngine.PhysicsPlayer
  Test #54: AzureEngine.ScriptPlayer
  Test #55: AzureEngine.Project
  Test #56: AzureEngine.RuntimeLifecycle
  Test #57: AzureRender.EnvironmentAsset
  Test #58: AzureRender.RenderGraph
  Test #59: AzureRender.TransientResourcePool
  Test #60: AzureRender.LightBuffer
  Test #61: AzureRender.CascadedShadow
  Test #62: AzureRender.ClusteredLightGrid
  Test #63: AzureRender.ComputePass
  Test #64: AzureRender.FrameTaskScheduler
  Test #65: AzureRender.SurfaceLifecycle
  Test #66: AzureRender.CommandLine
  Test #67: AzureRender.EditorCameraController
  Test #68: AzureRender.EditorSession
  Test #69: AzureRender.Ecs
  Test #70: AzureRender.PickMath
  Test #71: AzureRender.SceneModel
  Test #72: AzureRender.RuntimeDiagnostics
  Test #73: AzureRender.GpuCapabilityReport
  Test #74: AzureRender.ResourceLocator
  Test #75: AzureRender.ExtensionRegistry
  Test #76: AzureRender.UploadRing
  Test #77: AzureRender.NullRhi
  Test #78: AzureRender.NullRhiPass
  Test #79: AzureRender.SceneGraph
  Test #80: AzureRender.VisualRegression
  Test #81: AzureRender.VisualRegressionLegacyDescriptors
  Test #82: AzureRender.BlackholeComputeGpu
  Test #83: AzureRender.CharacterIblComputeGpu
  Test #84: AzureRender.CharacterSkinningComputeGpu
  Test #85: AzureRender.R4AcceptanceRules
  Test #86: AzureEngine.PlayerCli
  Test #87: AzureRender.BlackholeOptimizationRules
  Test #88: AzureRender.R3Comparison
  Test #89: AzureRender.R3TransparentComparison
  Test #90: AzureRender.AuditRegressions
  Test #91: AzureRender.VisualRegressionLegacySkinning
  Test #92: AzureRender.CharacterMorphComputeGpu
  Test #93: AzureRender.ClusteredLightingGpu
  Test #94: AzureRender.ReleaseGateMissingBuild
  Test #95: AzureRender.InstallManifestRoundTrip

Total Tests: 95
