Documentation prose style passed for 51 files.
warning: in the working copy of 'Project/AzureRender/CHANGELOG.md', LF will be replaced by CRLF the next time Git touches it
warning: in the working copy of 'Project/AzureRender/CMakeLists.txt', LF will be replaced by CRLF the next time Git touches it
warning: in the working copy of 'Project/AzureRender/README.md', LF will be replaced by CRLF the next time Git touches it
warning: in the working copy of 'Project/AzureRender/assets_public/exploration/assets/hud.rml', LF will be replaced by CRLF the next time Git touches it
warning: in the working copy of 'Project/AzureRender/assets_public/exploration/assets/prefabs/hero.azureprefab', LF will be replaced by CRLF the next time Git touches it
warning: in the working copy of 'Project/AzureRender/assets_public/playable_rules/hud.rml', LF will be replaced by CRLF the next time Git touches it
warning: in the working copy of 'Project/AzureRender/assets_public/third_person/game/assets/courtyard.azurelevel', LF will be replaced by CRLF the next time Git touches it
warning: in the working copy of 'Project/AzureRender/docs/index.md', LF will be replaced by CRLF the next time Git touches it
warning: in the working copy of 'Project/AzureRender/docs/plans/2026-10-05-editor-ui-plan.md', LF will be replaced by CRLF the next time Git touches it
warning: in the working copy of 'Project/AzureRender/docs/plans/2026-10-05-playable-quality-plan.md', LF will be replaced by CRLF the next time Git touches it
warning: in the working copy of 'Project/AzureRender/docs/plans/2026-10-05-quality-round.md', LF will be replaced by CRLF the next time Git touches it
warning: in the working copy of 'Project/AzureRender/docs/plans/azure-engine-plan.md', LF will be replaced by CRLF the next time Git touches it
warning: in the working copy of 'Project/AzureRender/docs/runtime/exploration-gameplay.md', LF will be replaced by CRLF the next time Git touches it
warning: in the working copy of 'Project/AzureRender/docs/runtime/physics-input.md', LF will be replaced by CRLF the next time Git touches it
warning: in the working copy of 'Project/AzureRender/docs/runtime/third-person-animation.md', LF will be replaced by CRLF the next time Git touches it
warning: in the working copy of 'Project/AzureRender/src/editor/ImGuiEditorLayer.cpp', LF will be replaced by CRLF the next time Git touches it
warning: in the working copy of 'Project/AzureRender/src/reflection/Registry.cpp', LF will be replaced by CRLF the next time Git touches it
warning: in the working copy of 'Project/AzureRender/src/runtime/GameComponents.hpp', LF will be replaced by CRLF the next time Git touches it
warning: in the working copy of 'Project/AzureRender/src/runtime/GameInputReplay.hpp', LF will be replaced by CRLF the next time Git touches it
warning: in the working copy of 'Project/AzureRender/src/runtime/InputActions.hpp', LF will be replaced by CRLF the next time Git touches it
warning: in the working copy of 'Project/AzureRender/tools/create_playable_project.py', LF will be replaced by CRLF the next time Git touches it
warning: in the working copy of 'Project/AzureRender/tools/create_third_person_project.py', LF will be replaced by CRLF the next time Git touches it
warning: in the working copy of 'Project/AzureRender/tools/generate_third_person_assets.py', LF will be replaced by CRLF the next time Git touches it
warning: in the working copy of 'README.md', LF will be replaced by CRLF the next time Git touches it
{"schemaVersion": 1, "status": "passed", "trackedToolState": [], "danglingLinks": [], "ignoreProbes": [{"path": "Project/AzureRender/build/hygiene-probe.txt", "expectedIgnored": true, "ignored": true, "passed": true}, {"path": ".codemaker/codemap/hygiene-probe.log", "expectedIgnored": true, "ignored": true, "passed": true}, {"path": ".env", "expectedIgnored": true, "ignored": true, "passed": true}, {"path": "Project/AzureRender/src/main.cpp", "expectedIgnored": false, "ignored": false, "passed": true}, {"path": "Project/AzureRender/assets_public/hygiene-probe.gltf", "expectedIgnored": false, "ignored": false, "passed": true}]}
