Cooling GPU: 56 C
standard-1 {"gpu": {"mean": 1.6344555377777779, "p95": 2.1173024, "p99": 2.47610976}, "cpu": {"mean": 1.8153413333333341, "p95": 2.440905000000044, "p99": 2.8993639999999967}, "physics": {"mean": 0.22646516666666666, "p95": 0.31060499999999996, "p99": 0.42650499999999997}, "passed": true}
Cooling GPU: 85 C
standard-2 {"gpu": {"mean": 1.6528960177777778, "p95": 2.16176, "p99": 2.764446399999999}, "cpu": {"mean": 1.7767807777777784, "p95": 2.289885, "p99": 2.6153120000000007}, "physics": {"mean": 0.22077811111111112, "p95": 0.29603499999999994, "p99": 0.4330799999999999}, "passed": true}
Cooling GPU: 78 C
standard-3 {"gpu": {"mean": 1.64784224, "p95": 2.1619648, "p99": 2.4590099199999997}, "cpu": {"mean": 1.8189154444444438, "p95": 2.439624999999999, "p99": 2.890582999999993}, "physics": {"mean": 0.23255405555555556, "p95": 0.32011, "p99": 0.4427889999999999}, "passed": true}
Cooling GPU: 71 C
editor-1 {"gpu": {"mean": 0.9147058311111111, "p95": 1.0868735999999999, "p99": 1.2614544}, "cpu": {"mean": 2.5583538333333333, "p95": 3.440360000000028, "p99": 4.602448999999998}, "physics": {"mean": 0.23218022222222223, "p95": 0.3532199999999999, "p99": 0.46762899999999996}, "passed": true}
Cooling GPU: 71 C
editor-2 {"gpu": {"mean": 0.9146241955555555, "p95": 1.0928063999999997, "p99": 1.2375728}, "cpu": {"mean": 2.818028111111111, "p95": 3.769399999999999, "p99": 4.9884000000000075}, "physics": {"mean": 0.2552797222222222, "p95": 0.38253499999999996, "p99": 0.50311}, "passed": true}
Cooling GPU: 68 C
editor-3 {"gpu": {"mean": 0.9139579911111111, "p95": 1.1043488, "p99": 1.2638848}, "cpu": {"mean": 2.8961546666666664, "p95": 4.0593650000000085, "p99": 5.952557000000002}, "physics": {"mean": 0.26478405555555556, "p95": 0.393325, "p99": 0.5521809999999997}, "passed": true}
Cooling GPU: 69 C
stress-1 {"gpu": {"mean": 1.881377528888889, "p95": 2.1261007999999997, "p99": 2.34106528}, "cpu": {"mean": 3.367145888888889, "p95": 4.076925000000001, "p99": 4.89144599999997}, "physics": {"mean": 0.7615995555555556, "p95": 0.914335, "p99": 1.1719959999999998}, "passed": true}
Cooling GPU: 86 C
stress-2 {"gpu": {"mean": 1.9081494222222222, "p95": 2.2033967999999997, "p99": 2.49854816}, "cpu": {"mean": 3.340199333333333, "p95": 4.109600000000008, "p99": 4.801349000000005}, "physics": {"mean": 0.7646513333333333, "p95": 0.945255, "p99": 1.1971589999999996}, "passed": true}
Cooling GPU: 87 C
Traceback (most recent call last):
  File "D:\Assigment\2609\FYP\Project\AzureRender\tools\run_playable_performance.py", line 157, in <module>
    if __name__=='__main__':raise SystemExit(main())
                                             ^^^^^^
  File "D:\Assigment\2609\FYP\Project\AzureRender\tools\run_playable_performance.py", line 147, in main
    results[name]=[run(args.editor if editor else args.player,folder/'project.azureproject',args.output/f'{name}-{i+1}',editor,stress) for i in range(3)]
                  ^^^^^^^^^^^^^^^^^^^^^^^^^^^^^^^^^^^^^^^^^^^^^^^^^^^^^^^^^^^^^^^^^^^^^^^^^^^^^^^^^^^^^^^^^^^^^^^^^^^^^^^^^^^^^^^^^^^^^^^^^^^^^^^^^^^^^^^
  File "D:\Assigment\2609\FYP\Project\AzureRender\tools\run_playable_performance.py", line 147, in <listcomp>
    results[name]=[run(args.editor if editor else args.player,folder/'project.azureproject',args.output/f'{name}-{i+1}',editor,stress) for i in range(3)]
                   ^^^^^^^^^^^^^^^^^^^^^^^^^^^^^^^^^^^^^^^^^^^^^^^^^^^^^^^^^^^^^^^^^^^^^^^^^^^^^^^^^^^^^^^^^^^^^^^^^^^^^^^^^^^^^^^^^^^
  File "D:\Assigment\2609\FYP\Project\AzureRender\tools\run_playable_performance.py", line 112, in run
    if process.returncode:raise RuntimeError(f'Player failed: {process.returncode}, {output}')
                          ^^^^^^^^^^^^^^^^^^^^^^^^^^^^^^^^^^^^^^^^^^^^^^^^^^^^^^^^^^^^^^^^^^^^
RuntimeError: Player failed: 3221225477, D:\Assigment\2609\FYP\Project\AzureRender\build\g7\performance\stress-3
