Internal ctest changing into directory: D:/Assigment/2609/FYP/Project/AzureRender/build/ninja-msvc-release
Test project D:/Assigment/2609/FYP/Project/AzureRender/build/ninja-msvc-release
      Start  1: AzureEngine.GameUiRenderer
 1/84 Test  #1: AzureEngine.GameUiRenderer ......................   Passed    0.02 sec
      Start  2: AzureEngine.GameUi
 2/84 Test  #2: AzureEngine.GameUi ..............................   Passed    0.06 sec
      Start  3: AzureEngine.EditorWorkflow
 3/84 Test  #3: AzureEngine.EditorWorkflow ......................   Passed    0.86 sec
      Start  4: AzureEngine.PresentationRuntime
 4/84 Test  #4: AzureEngine.PresentationRuntime .................   Passed    0.09 sec
      Start  5: AzureEngine.GameplayPresentation
 5/84 Test  #5: AzureEngine.GameplayPresentation ................   Passed    0.08 sec
      Start  6: AzureEngine.ScriptRuntime
 6/84 Test  #6: AzureEngine.ScriptRuntime .......................   Passed    0.73 sec
      Start  7: AzureEngine.ThirdPerson
 7/84 Test  #7: AzureEngine.ThirdPerson .........................   Passed    0.15 sec
      Start  8: AzureEngine.Locomotion
 8/84 Test  #8: AzureEngine.Locomotion ..........................   Passed    0.06 sec
      Start  9: AzureEngine.Interaction
 9/84 Test  #9: AzureEngine.Interaction .........................   Passed    0.08 sec
      Start 10: AzureEngine.ScriptEntities
10/84 Test #10: AzureEngine.ScriptEntities ......................   Passed    0.10 sec
      Start 11: AzureEngine.PlayableQuest
11/84 Test #11: AzureEngine.PlayableQuest .......................   Passed    0.26 sec
      Start 12: AzureRender.AnimationPose
12/84 Test #12: AzureRender.AnimationPose .......................   Passed    0.02 sec
      Start 13: AzureRender.BrowRegions
13/84 Test #13: AzureRender.BrowRegions .........................   Passed    0.02 sec
      Start 14: AzureEngine.PhysicsInput
14/84 Test #14: AzureEngine.PhysicsInput ........................   Passed    0.06 sec
      Start 15: AzureEngine.AssetLevel
15/84 Test #15: AzureEngine.AssetLevel ..........................   Passed    0.39 sec
      Start 16: AzureEngine.Reflection
16/84 Test #16: AzureEngine.Reflection ..........................   Passed    0.05 sec
      Start 17: AzureRender.SceneVisibility
17/84 Test #17: AzureRender.SceneVisibility .....................   Passed    0.07 sec
      Start 18: AzureEngine.RepositoryAudit
18/84 Test #18: AzureEngine.RepositoryAudit .....................   Passed    3.26 sec
      Start 19: AzureRender.SceneVisibilityGpu
19/84 Test #19: AzureRender.SceneVisibilityGpu ..................   Passed   31.56 sec
      Start 20: AzureEngine.PublicGait
20/84 Test #20: AzureEngine.PublicGait ..........................   Passed    0.21 sec
      Start 21: AzureEngine.LocomotionPlayer
21/84 Test #21: AzureEngine.LocomotionPlayer ....................   Passed   22.34 sec
      Start 22: AzureEngine.AnimationRetarget
22/84 Test #22: AzureEngine.AnimationRetarget ...................   Passed    0.90 sec
      Start 23: AzureEngine.SourceSkinRestore
23/84 Test #23: AzureEngine.SourceSkinRestore ...................   Passed    0.63 sec
      Start 24: AzureEngine.GamePackageRules
24/84 Test #24: AzureEngine.GamePackageRules ....................   Passed    1.34 sec
      Start 25: AzureEngine.PlayableDeliveryRules
25/84 Test #25: AzureEngine.PlayableDeliveryRules ...............   Passed    0.73 sec
      Start 26: AzureEngine.GamePackage
26/84 Test #26: AzureEngine.GamePackage .........................   Passed   11.06 sec
      Start 27: AzureEngine.PlayablePackage
27/84 Test #27: AzureEngine.PlayablePackage .....................   Passed   30.11 sec
      Start 28: AzureEngine.BuildConfiguration
28/84 Test #28: AzureEngine.BuildConfiguration ..................   Passed    5.99 sec
      Start 29: AzureEngine.BuildProvenance
29/84 Test #29: AzureEngine.BuildProvenance .....................   Passed    0.68 sec
      Start 30: AzureEngine.CharacterIntake
30/84 Test #30: AzureEngine.CharacterIntake .....................   Passed    0.47 sec
      Start 31: AzureEngine.CharacterPreparation
31/84 Test #31: AzureEngine.CharacterPreparation ................   Passed    0.46 sec
      Start 32: AzureEngine.MaterialFixtureGpu
32/84 Test #32: AzureEngine.MaterialFixtureGpu ..................   Passed   10.20 sec
      Start 33: AzureEngine.IndependentAnimationGpu
33/84 Test #33: AzureEngine.IndependentAnimationGpu .............   Passed    6.26 sec
      Start 34: AzureEngine.ThirdPersonPlayer
34/84 Test #34: AzureEngine.ThirdPersonPlayer ...................   Passed    2.28 sec
      Start 35: AzureEngine.PlayablePlayer
35/84 Test #35: AzureEngine.PlayablePlayer ......................   Passed    4.53 sec
      Start 36: AzureEngine.RuntimeSpawnGpu
36/84 Test #36: AzureEngine.RuntimeSpawnGpu .....................   Passed    3.29 sec
      Start 37: AzureEngine.PresentationGpu
37/84 Test #37: AzureEngine.PresentationGpu .....................   Passed    4.89 sec
      Start 38: AzureEngine.EditorHost
38/84 Test #38: AzureEngine.EditorHost ..........................   Passed    2.06 sec
      Start 39: AzureEngine.EditorPlayable
39/84 Test #39: AzureEngine.EditorPlayable ......................   Passed    2.35 sec
      Start 40: AzureEngine.MetaGenerator
40/84 Test #40: AzureEngine.MetaGenerator .......................   Passed    0.37 sec
      Start 41: AzureEngine.LevelPlayer
41/84 Test #41: AzureEngine.LevelPlayer .........................   Passed    9.03 sec
      Start 42: AzureEngine.PhysicsPlayer
42/84 Test #42: AzureEngine.PhysicsPlayer .......................   Passed    1.94 sec
      Start 43: AzureEngine.ScriptPlayer
43/84 Test #43: AzureEngine.ScriptPlayer ........................   Passed    1.93 sec
      Start 44: AzureEngine.Project
44/84 Test #44: AzureEngine.Project .............................   Passed    0.32 sec
      Start 45: AzureEngine.RuntimeLifecycle
45/84 Test #45: AzureEngine.RuntimeLifecycle ....................   Passed    0.06 sec
      Start 46: AzureRender.EnvironmentAsset
46/84 Test #46: AzureRender.EnvironmentAsset ....................   Passed    0.02 sec
      Start 47: AzureRender.RenderGraph
47/84 Test #47: AzureRender.RenderGraph .........................   Passed    0.02 sec
      Start 48: AzureRender.TransientResourcePool
48/84 Test #48: AzureRender.TransientResourcePool ...............   Passed    0.02 sec
      Start 49: AzureRender.LightBuffer
49/84 Test #49: AzureRender.LightBuffer .........................   Passed    0.02 sec
      Start 50: AzureRender.CascadedShadow
50/84 Test #50: AzureRender.CascadedShadow ......................   Passed    0.03 sec
      Start 51: AzureRender.ClusteredLightGrid
51/84 Test #51: AzureRender.ClusteredLightGrid ..................   Passed    0.02 sec
      Start 52: AzureRender.ComputePass
52/84 Test #52: AzureRender.ComputePass .........................   Passed    0.02 sec
      Start 53: AzureRender.FrameTaskScheduler
53/84 Test #53: AzureRender.FrameTaskScheduler ..................   Passed    0.02 sec
      Start 54: AzureRender.SurfaceLifecycle
54/84 Test #54: AzureRender.SurfaceLifecycle ....................   Passed    0.03 sec
      Start 55: AzureRender.CommandLine
55/84 Test #55: AzureRender.CommandLine .........................   Passed    0.03 sec
      Start 56: AzureRender.EditorCameraController
56/84 Test #56: AzureRender.EditorCameraController ..............   Passed    0.02 sec
      Start 57: AzureRender.EditorSession
57/84 Test #57: AzureRender.EditorSession .......................   Passed    0.06 sec
      Start 58: AzureRender.Ecs
58/84 Test #58: AzureRender.Ecs .................................   Passed    0.01 sec
      Start 59: AzureRender.PickMath
59/84 Test #59: AzureRender.PickMath ............................   Passed    0.01 sec
      Start 60: AzureRender.SceneModel
60/84 Test #60: AzureRender.SceneModel ..........................   Passed    0.06 sec
      Start 61: AzureRender.RuntimeDiagnostics
61/84 Test #61: AzureRender.RuntimeDiagnostics ..................   Passed    0.02 sec
      Start 62: AzureRender.GpuCapabilityReport
62/84 Test #62: AzureRender.GpuCapabilityReport .................   Passed    0.13 sec
      Start 63: AzureRender.ResourceLocator
63/84 Test #63: AzureRender.ResourceLocator .....................   Passed    0.02 sec
      Start 64: AzureRender.ExtensionRegistry
64/84 Test #64: AzureRender.ExtensionRegistry ...................   Passed    0.02 sec
      Start 65: AzureRender.UploadRing
65/84 Test #65: AzureRender.UploadRing ..........................   Passed    0.02 sec
      Start 66: AzureRender.NullRhi
66/84 Test #66: AzureRender.NullRhi .............................   Passed    0.01 sec
      Start 67: AzureRender.NullRhiPass
67/84 Test #67: AzureRender.NullRhiPass .........................   Passed    0.17 sec
      Start 68: AzureRender.SceneGraph
68/84 Test #68: AzureRender.SceneGraph ..........................   Passed    0.03 sec
      Start 69: AzureRender.VisualRegression
69/84 Test #69: AzureRender.VisualRegression ....................   Passed    9.73 sec
      Start 70: AzureRender.VisualRegressionLegacyDescriptors
70/84 Test #70: AzureRender.VisualRegressionLegacyDescriptors ...   Passed   10.59 sec
      Start 71: AzureRender.BlackholeComputeGpu
71/84 Test #71: AzureRender.BlackholeComputeGpu .................   Passed    2.40 sec
      Start 72: AzureRender.CharacterIblComputeGpu
72/84 Test #72: AzureRender.CharacterIblComputeGpu ..............   Passed    1.30 sec
      Start 73: AzureRender.CharacterSkinningComputeGpu
73/84 Test #73: AzureRender.CharacterSkinningComputeGpu .........   Passed    1.30 sec
      Start 74: AzureRender.R4AcceptanceRules
74/84 Test #74: AzureRender.R4AcceptanceRules ...................   Passed    0.53 sec
      Start 75: AzureEngine.PlayerCli
75/84 Test #75: AzureEngine.PlayerCli ...........................   Passed    0.52 sec
      Start 76: AzureRender.BlackholeOptimizationRules
76/84 Test #76: AzureRender.BlackholeOptimizationRules ..........   Passed    0.55 sec
      Start 77: AzureRender.R3Comparison
77/84 Test #77: AzureRender.R3Comparison ........................   Passed    8.42 sec
      Start 78: AzureRender.R3TransparentComparison
78/84 Test #78: AzureRender.R3TransparentComparison .............   Passed   10.18 sec
      Start 79: AzureRender.AuditRegressions
79/84 Test #79: AzureRender.AuditRegressions ....................   Passed    2.11 sec
      Start 80: AzureRender.VisualRegressionLegacySkinning
80/84 Test #80: AzureRender.VisualRegressionLegacySkinning ......   Passed    9.65 sec
      Start 81: AzureRender.CharacterMorphComputeGpu
81/84 Test #81: AzureRender.CharacterMorphComputeGpu ............   Passed   10.52 sec
      Start 82: AzureRender.ClusteredLightingGpu
82/84 Test #82: AzureRender.ClusteredLightingGpu ................   Passed    3.13 sec
      Start 83: AzureRender.ReleaseGateMissingBuild
83/84 Test #83: AzureRender.ReleaseGateMissingBuild .............   Passed    0.03 sec
      Start 84: AzureRender.InstallManifestRoundTrip
84/84 Test #84: AzureRender.InstallManifestRoundTrip ............   Passed    0.22 sec

100% tests passed, 0 tests failed out of 84

Label Time Summary:
gpu        = 213.18 sec*proc (26 tests)
release    =  41.17 sec*proc (2 tests)

Total Test time (real) = 234.46 sec
