Internal ctest changing into directory: D:/Assigment/2609/FYP/Project/AzureRender/build/ninja-msvc-debug
Test project D:/Assigment/2609/FYP/Project/AzureRender/build/ninja-msvc-debug
  Test   #1: AzureEngine.SettingsOverlay
  Test   #2: AzureEngine.SettingRegistry
  Test   #3: AzureEditor.UiFoundation
  Test   #4: AzureEditor.PanelContext
  Test   #5: AzureEditor.Observation
  Test   #6: AzureTools.Cli
  Test   #7: AzureEditor.SettingsHost
  Test   #8: AzureEditor.ObservationHost
  Test   #9: AzureAssets.GenerationManifest
  Test  #10: AzureTools.ValidationProtocol
  Test  #11: AzureEngine.Observation
  Test  #12: AzureEditor.EditService
  Test  #13: AzureEditor.EditTransaction
  Test  #14: AzureEngine.SystemComposition
  Test  #15: AzureEngine.SceneInspectorHost
  Test  #16: AzureEngine.ModuleAssembly
  Test  #17: AzureEngine.ComponentRegistry
  Test  #18: AzureEngine.MetadataGeneration
  Test  #19: AzureEngine.RegisteredComponentWorkflow
  Test  #20: AzureEngine.RegisteredComponentHost
  Test  #21: AzureEngine.ModuleBoundaryFixtures
  Test  #22: AzureEngine.ModuleBoundaries
  Test  #23: AzureEngine.GameUiRenderer
  Test  #24: AzureEngine.GameUi
  Test  #25: AzureEditor.Workspace
  Test  #26: AzureEngine.EditorWorkflow
  Test  #27: AzureEngine.PresentationRuntime
  Test  #28: AzureEngine.GameplayPresentation
  Test  #29: AzureEngine.ScriptRuntime
  Test  #30: AzureEngine.ThirdPerson
  Test  #31: AzureEngine.Locomotion
  Test  #32: AzureEngine.Interaction
  Test  #33: AzureEngine.ScriptEntities
  Test  #34: AzureEngine.PlayableQuest
  Test  #35: AzureRender.AnimationPose
  Test  #36: AzureRender.BrowRegions
  Test  #37: AzureEngine.PhysicsInput
  Test  #38: AzureEngine.AssetLevel
  Test  #39: AzureEngine.Reflection
  Test  #40: AzureRender.SceneVisibility
  Test  #41: AzureEngine.RepositoryAudit
  Test  #42: AzureRender.SceneVisibilityGpu
  Test  #43: AzureEngine.PublicGait
  Test  #44: AzureEngine.LocomotionPlayer
  Test  #45: AzureEngine.AnimationRetarget
  Test  #46: AzureEngine.SourceSkinRestore
  Test  #47: AzureEngine.GamePackageRules
  Test  #48: AzureEngine.PlayableDeliveryRules
  Test  #49: AzureEngine.BuildConfiguration
  Test  #50: AzureEngine.BuildProvenance
  Test  #51: AzureEngine.CharacterIntake
  Test  #52: AzureEngine.CharacterPreparation
  Test  #53: AzureEditor.WorkspaceGpu
  Test  #54: AzureEngine.MaterialFixtureGpu
  Test  #55: AzureEngine.IndependentAnimationGpu
  Test  #56: AzureEngine.ThirdPersonPlayer
  Test  #57: AzureEngine.PlayablePlayer
  Test  #58: AzureEngine.RuntimeSpawnGpu
  Test  #59: AzureEngine.PresentationGpu
  Test  #60: AzureEngine.EditorHost
  Test  #61: AzureEngine.EditorPlayable
  Test  #62: AzureEngine.MetaGenerator
  Test  #63: AzureEngine.LevelPlayer
  Test  #64: AzureEngine.PhysicsPlayer
  Test  #65: AzureEngine.ScriptPlayer
  Test  #66: AzureEngine.Project
  Test  #67: AzureEngine.RuntimeLifecycle
  Test  #68: AzureRender.EnvironmentAsset
  Test  #69: AzureRender.RenderGraph
  Test  #70: AzureRender.TransientResourcePool
  Test  #71: AzureRender.LightBuffer
  Test  #72: AzureRender.CascadedShadow
  Test  #73: AzureRender.ClusteredLightGrid
  Test  #74: AzureRender.ComputePass
  Test  #75: AzureRender.FrameTaskScheduler
  Test  #76: AzureRender.SurfaceLifecycle
  Test  #77: AzureRender.CommandLine
  Test  #78: AzureRender.EditorCameraController
  Test  #79: AzureRender.EditorSession
  Test  #80: AzureRender.Ecs
  Test  #81: AzureRender.PickMath
  Test  #82: AzureRender.SceneModel
  Test  #83: AzureRender.RuntimeDiagnostics
  Test  #84: AzureRender.GpuCapabilityReport
  Test  #85: AzureRender.ResourceLocator
  Test  #86: AzureRender.ExtensionRegistry
  Test  #87: AzureRender.UploadRing
  Test  #88: AzureRender.NullRhi
  Test  #89: AzureRender.NullRhiPass
  Test  #90: AzureRender.SceneGraph
  Test  #91: AzureRender.VisualRegression
  Test  #92: AzureRender.VisualRegressionLegacyDescriptors
  Test  #93: AzureRender.BlackholeComputeGpu
  Test  #94: AzureRender.CharacterIblComputeGpu
  Test  #95: AzureRender.CharacterSkinningComputeGpu
  Test  #96: AzureRender.R4AcceptanceRules
  Test  #97: AzureEngine.PlayerCli
  Test  #98: AzureRender.BlackholeOptimizationRules
  Test  #99: AzureRender.R3Comparison
  Test #100: AzureRender.R3TransparentComparison
  Test #101: AzureRender.AuditRegressions
  Test #102: AzureRender.VisualRegressionLegacySkinning
  Test #103: AzureRender.CharacterMorphComputeGpu
  Test #104: AzureRender.ClusteredLightingGpu
  Test #105: AzureRender.ReleaseGateMissingBuild
  Test #106: AzureRender.InstallManifestRoundTrip

Total Tests: 106
