[1791134626905][info][editor][code=0] Opened scene: editor-exploration
[1791134627221][info][gpu][code=0] GPU capability report: captures\gpu_capabilities.json
[1791134627738][info][editor][code=0] Imported asset: cube.gltf (48 vertices)
[1791134627739][info][editor][code=0] Asset reload requested; changed files: 1
[1791134627777][info][render][code=0] Character IBL: GPU-prefiltered environment mip chain
[1791134627783][info][render][code=0] Character skinning and morph: Vulkan compute path
[1791134627788][info][editor][code=0] Renderer resources reloaded
[1791134627860][info][editor][code=0] Imported asset: guide.gltf (384 vertices)
[1791134627860][info][editor][code=0] Asset reload requested; changed files: 1
[1791134627895][info][render][code=0] Character IBL: GPU-prefiltered environment mip chain
[1791134627922][info][render][code=0] Character skinning and morph: Vulkan compute path
[1791134627927][info][editor][code=0] Renderer resources reloaded
[1791134628011][info][editor][code=0] Imported asset: hero.gltf (360 vertices)
[1791134628011][info][editor][code=0] Asset reload requested; changed files: 1
[1791134628052][info][render][code=0] Character IBL: GPU-prefiltered environment mip chain
[1791134628097][info][render][code=0] Character skinning and morph: Vulkan compute path
[1791134628101][info][editor][code=0] Renderer resources reloaded
[1791134628107][info][editor][code=0] Selected node: Placed Object
[1791134628107][info][editor][code=0] Selected node: Placed Object
[1791134628107][info][editor][code=0] Selected node: Placed Object
[1791134628108][info][editor][code=0] Selected node: Placed Object
[1791134628108][info][editor][code=0] Selected node: Placed Object
[1791134628108][info][editor][code=0] Selected node: Placed Object
[1791134628109][info][editor][code=0] Selected node: Placed Object
[1791134628109][info][editor][code=0] Selected node: Placed Object
[1791134628110][info][editor][code=0] Selected node: Placed Object
[1791134628110][info][editor][code=0] Selected node: camera
[1791134628111][info][editor][code=0] Selected node: hud
[1791134628111][info][editor][code=0] Selected node: goal
[1791134628111][info][editor][code=0] Selected node: Placed Object
[1791134628112][info][editor][code=0] Selected node: Placed Object
[1791134628112][info][editor][code=0] Selected node: Placed Object
[1791134628112][info][editor][code=0] Selected node: Placed Object
[1791134628113][info][editor][code=0] Selected node: Placed Object
[1791134628114][info][editor][code=0] Selected node: Placed Object
[1791134628114][info][editor][code=0] Selected node: Placed Object
[1791134628114][info][editor][code=0] Selected node: Placed Object
[1791134628115][info][editor][code=0] Selected node: Placed Object
[1791134628115][info][editor][code=0] Asset reload requested; changed files: 0
[1791134628154][info][render][code=0] Character IBL: GPU-prefiltered environment mip chain
[1791134628197][info][render][code=0] Character skinning and morph: Vulkan compute path
[1791134628202][info][editor][code=0] Renderer resources reloaded
[1791134628290][info][editor][code=0] Selected node: Placed Object
[1791134628398][info][editor][code=0] Selected node: Placed Object
[1791134628512][info][editor][code=0] Selected node: Placed Object
[1791134628608][info][editor][code=0] Selected node: Placed Object
[1791134628704][info][editor][code=0] Selected node: Placed Object
[1791134628803][info][editor][code=0] Selected node: Placed Object
[1791134628910][info][editor][code=0] Selected node: Placed Object
[1791134629012][info][editor][code=0] Selected node: Placed Object
[1791134629113][info][editor][code=0] Selected node: Placed Object
[1791134629217][info][editor][code=0] Selected node: camera
[1791134629338][info][editor][code=0] Selected node: hud
[1791134629438][info][editor][code=0] Selected node: goal
[1791134629549][info][editor][code=0] Selected node: Placed Object
[1791134629679][info][editor][code=0] Selected node: Placed Object
[1791134629817][info][editor][code=0] Selected node: Placed Object
[1791134630032][info][editor][code=0] Selected node: Placed Object
[1791134630235][info][editor][code=0] Selected node: Placed Object
[1791134630373][info][editor][code=0] Selected node: Placed Object
[1791134630512][info][editor][code=0] Selected node: Placed Object
[1791134630649][info][editor][code=0] Selected node: Placed Object
[1791134630793][info][editor][code=0] Selected node: Placed Object
[1791134630939][info][editor][code=0] Selected node: Placed Object
[1791134631080][error][main][code=5] Editor automation failed: debug-overlay: Unknown editor action: debug-overlay
