-- Installing: D:/Assigment/2609/FYP/Project/AzureRender/build/g6/install/bin/AzureRender.exe
-- Installing: D:/Assigment/2609/FYP/Project/AzureRender/build/g6/install/bin/AzurePlayer.exe
-- Installing: D:/Assigment/2609/FYP/Project/AzureRender/build/g6/install/bin/AzureMetaGen.exe
-- Installing: D:/Assigment/2609/FYP/Project/AzureRender/build/g6/install/bin/concrt140.dll
-- Installing: D:/Assigment/2609/FYP/Project/AzureRender/build/g6/install/bin/msvcp140.dll
-- Installing: D:/Assigment/2609/FYP/Project/AzureRender/build/g6/install/bin/msvcp140_1.dll
-- Installing: D:/Assigment/2609/FYP/Project/AzureRender/build/g6/install/bin/msvcp140_2.dll
-- Installing: D:/Assigment/2609/FYP/Project/AzureRender/build/g6/install/bin/msvcp140_atomic_wait.dll
-- Installing: D:/Assigment/2609/FYP/Project/AzureRender/build/g6/install/bin/msvcp140_codecvt_ids.dll
-- Installing: D:/Assigment/2609/FYP/Project/AzureRender/build/g6/install/bin/vccorlib140.dll
-- Installing: D:/Assigment/2609/FYP/Project/AzureRender/build/g6/install/bin/vcruntime140.dll
-- Installing: D:/Assigment/2609/FYP/Project/AzureRender/build/g6/install/bin/vcruntime140_1.dll
-- Installing: D:/Assigment/2609/FYP/Project/AzureRender/build/g6/install/bin/vcruntime140_threads.dll
-- Installing: D:/Assigment/2609/FYP/Project/AzureRender/build/g6/install/share/AzureRender/shaders
-- Installing: D:/Assigment/2609/FYP/Project/AzureRender/build/g6/install/share/AzureRender/shaders/background.frag.spv
-- Installing: D:/Assigment/2609/FYP/Project/AzureRender/build/g6/install/share/AzureRender/shaders/background.vert.spv
-- Installing: D:/Assigment/2609/FYP/Project/AzureRender/build/g6/install/share/AzureRender/shaders/background_bindless.frag.spv
-- Installing: D:/Assigment/2609/FYP/Project/AzureRender/build/g6/install/share/AzureRender/shaders/blackhole.frag.spv
-- Installing: D:/Assigment/2609/FYP/Project/AzureRender/build/g6/install/share/AzureRender/shaders/blackhole.vert.spv
-- Installing: D:/Assigment/2609/FYP/Project/AzureRender/build/g6/install/share/AzureRender/shaders/blackhole_composite.frag.spv
-- Installing: D:/Assigment/2609/FYP/Project/AzureRender/build/g6/install/share/AzureRender/shaders/blackhole_taa.frag.spv
-- Installing: D:/Assigment/2609/FYP/Project/AzureRender/build/g6/install/share/AzureRender/shaders/blackhole_taa_compute.frag.spv
-- Installing: D:/Assigment/2609/FYP/Project/AzureRender/build/g6/install/share/AzureRender/shaders/bloom_composite.comp.spv
-- Installing: D:/Assigment/2609/FYP/Project/AzureRender/build/g6/install/share/AzureRender/shaders/bloom_downsample.comp.spv
-- Installing: D:/Assigment/2609/FYP/Project/AzureRender/build/g6/install/share/AzureRender/shaders/clear.comp.spv
-- Installing: D:/Assigment/2609/FYP/Project/AzureRender/build/g6/install/share/AzureRender/shaders/cull_indirect.comp.spv
-- Installing: D:/Assigment/2609/FYP/Project/AzureRender/build/g6/install/share/AzureRender/shaders/game-ui.frag.spv
-- Installing: D:/Assigment/2609/FYP/Project/AzureRender/build/g6/install/share/AzureRender/shaders/game-ui.vert.spv
-- Installing: D:/Assigment/2609/FYP/Project/AzureRender/build/g6/install/share/AzureRender/shaders/hud.frag.spv
-- Installing: D:/Assigment/2609/FYP/Project/AzureRender/build/g6/install/share/AzureRender/shaders/hud.vert.spv
-- Installing: D:/Assigment/2609/FYP/Project/AzureRender/build/g6/install/share/AzureRender/shaders/ibl_prefilter.comp.spv
-- Installing: D:/Assigment/2609/FYP/Project/AzureRender/build/g6/install/share/AzureRender/shaders/inner_outline.frag.spv
-- Installing: D:/Assigment/2609/FYP/Project/AzureRender/build/g6/install/share/AzureRender/shaders/inner_outline.vert.spv
-- Installing: D:/Assigment/2609/FYP/Project/AzureRender/build/g6/install/share/AzureRender/shaders/mesh.frag.spv
-- Installing: D:/Assigment/2609/FYP/Project/AzureRender/build/g6/install/share/AzureRender/shaders/mesh.vert.spv
-- Installing: D:/Assigment/2609/FYP/Project/AzureRender/build/g6/install/share/AzureRender/shaders/mesh_bindless.frag.spv
-- Installing: D:/Assigment/2609/FYP/Project/AzureRender/build/g6/install/share/AzureRender/shaders/mesh_compute.vert.spv
-- Installing: D:/Assigment/2609/FYP/Project/AzureRender/build/g6/install/share/AzureRender/shaders/outline.frag.spv
-- Installing: D:/Assigment/2609/FYP/Project/AzureRender/build/g6/install/share/AzureRender/shaders/outline.vert.spv
-- Installing: D:/Assigment/2609/FYP/Project/AzureRender/build/g6/install/share/AzureRender/shaders/outline_compute.vert.spv
-- Installing: D:/Assigment/2609/FYP/Project/AzureRender/build/g6/install/share/AzureRender/shaders/shadow.frag.spv
-- Installing: D:/Assigment/2609/FYP/Project/AzureRender/build/g6/install/share/AzureRender/shaders/shadow.vert.spv
-- Installing: D:/Assigment/2609/FYP/Project/AzureRender/build/g6/install/share/AzureRender/shaders/shadow_bindless.frag.spv
-- Installing: D:/Assigment/2609/FYP/Project/AzureRender/build/g6/install/share/AzureRender/shaders/shadow_compute.vert.spv
-- Installing: D:/Assigment/2609/FYP/Project/AzureRender/build/g6/install/share/AzureRender/shaders/skin.comp.spv
-- Installing: D:/Assigment/2609/FYP/Project/AzureRender/build/g6/install/share/AzureRender/assets_public
-- Installing: D:/Assigment/2609/FYP/Project/AzureRender/build/g6/install/share/AzureRender/assets_public/baselines
-- Installing: D:/Assigment/2609/FYP/Project/AzureRender/build/g6/install/share/AzureRender/assets_public/baselines/character
-- Installing: D:/Assigment/2609/FYP/Project/AzureRender/build/g6/install/share/AzureRender/assets_public/baselines/character/character_albedo_fullbody.png
-- Installing: D:/Assigment/2609/FYP/Project/AzureRender/build/g6/install/share/AzureRender/assets_public/baselines/character/character_beauty_fullbody.png
-- Installing: D:/Assigment/2609/FYP/Project/AzureRender/build/g6/install/share/AzureRender/assets_public/baselines/character/character_direct_diffuse_fullbody.png
-- Installing: D:/Assigment/2609/FYP/Project/AzureRender/build/g6/install/share/AzureRender/assets_public/baselines/character/character_face_sdf_closeup.png
-- Installing: D:/Assigment/2609/FYP/Project/AzureRender/build/g6/install/share/AzureRender/assets_public/baselines/character/character_material_id_fullbody.png
-- Installing: D:/Assigment/2609/FYP/Project/AzureRender/build/g6/install/share/AzureRender/assets_public/baselines/character/character_outline_fullbody.png
-- Installing: D:/Assigment/2609/FYP/Project/AzureRender/build/g6/install/share/AzureRender/assets_public/baselines/character/character_world_normal_fullbody.png
-- Installing: D:/Assigment/2609/FYP/Project/AzureRender/build/g6/install/share/AzureRender/assets_public/exploration
-- Installing: D:/Assigment/2609/FYP/Project/AzureRender/build/g6/install/share/AzureRender/assets_public/exploration/assets
-- Installing: D:/Assigment/2609/FYP/Project/AzureRender/build/g6/install/share/AzureRender/assets_public/exploration/assets/CHARACTER-LICENSE.txt
-- Installing: D:/Assigment/2609/FYP/Project/AzureRender/build/g6/install/share/AzureRender/assets_public/exploration/assets/checkpoint.lua
-- Installing: D:/Assigment/2609/FYP/Project/AzureRender/build/g6/install/share/AzureRender/assets_public/exploration/assets/collectible.lua
-- Installing: D:/Assigment/2609/FYP/Project/AzureRender/build/g6/install/share/AzureRender/assets_public/exploration/assets/cube.gltf
-- Installing: D:/Assigment/2609/FYP/Project/AzureRender/build/g6/install/share/AzureRender/assets_public/exploration/assets/door.lua
-- Installing: D:/Assigment/2609/FYP/Project/AzureRender/build/g6/install/share/AzureRender/assets_public/exploration/assets/exploration.azurelevel
-- Installing: D:/Assigment/2609/FYP/Project/AzureRender/build/g6/install/share/AzureRender/assets_public/exploration/assets/goal.lua
-- Installing: D:/Assigment/2609/FYP/Project/AzureRender/build/g6/install/share/AzureRender/assets_public/exploration/assets/guide.gltf
-- Installing: D:/Assigment/2609/FYP/Project/AzureRender/build/g6/install/share/AzureRender/assets_public/exploration/assets/guide.lua
-- Installing: D:/Assigment/2609/FYP/Project/AzureRender/build/g6/install/share/AzureRender/assets_public/exploration/assets/hero.gltf
-- Installing: D:/Assigment/2609/FYP/Project/AzureRender/build/g6/install/share/AzureRender/assets_public/exploration/assets/hero.lua
-- Installing: D:/Assigment/2609/FYP/Project/AzureRender/build/g6/install/share/AzureRender/assets_public/exploration/assets/hud.rml
-- Installing: D:/Assigment/2609/FYP/Project/AzureRender/build/g6/install/share/AzureRender/assets_public/exploration/assets/locomotion.json
-- Installing: D:/Assigment/2609/FYP/Project/AzureRender/build/g6/install/share/AzureRender/assets_public/exploration/assets/prefabs
-- Installing: D:/Assigment/2609/FYP/Project/AzureRender/build/g6/install/share/AzureRender/assets_public/exploration/assets/prefabs/checkpoint.azureprefab
-- Installing: D:/Assigment/2609/FYP/Project/AzureRender/build/g6/install/share/AzureRender/assets_public/exploration/assets/prefabs/collectible.azureprefab
-- Installing: D:/Assigment/2609/FYP/Project/AzureRender/build/g6/install/share/AzureRender/assets_public/exploration/assets/prefabs/door.azureprefab
-- Installing: D:/Assigment/2609/FYP/Project/AzureRender/build/g6/install/share/AzureRender/assets_public/exploration/assets/prefabs/guide.azureprefab
-- Installing: D:/Assigment/2609/FYP/Project/AzureRender/build/g6/install/share/AzureRender/assets_public/exploration/assets/prefabs/hero.azureprefab
-- Installing: D:/Assigment/2609/FYP/Project/AzureRender/build/g6/install/share/AzureRender/assets_public/exploration/project.azureproject
-- Installing: D:/Assigment/2609/FYP/Project/AzureRender/build/g6/install/share/AzureRender/assets_public/face_sdf_v1.png
-- Installing: D:/Assigment/2609/FYP/Project/AzureRender/build/g6/install/share/AzureRender/assets_public/fonts
-- Installing: D:/Assigment/2609/FYP/Project/AzureRender/build/g6/install/share/AzureRender/assets_public/fonts/.gitattributes
-- Installing: D:/Assigment/2609/FYP/Project/AzureRender/build/g6/install/share/AzureRender/assets_public/fonts/LatoLatin-Regular.ttf
-- Installing: D:/Assigment/2609/FYP/Project/AzureRender/build/g6/install/share/AzureRender/assets_public/fonts/RmlUi-Sample-Fonts-LICENSE.txt
-- Installing: D:/Assigment/2609/FYP/Project/AzureRender/build/g6/install/share/AzureRender/assets_public/gameplay
-- Installing: D:/Assigment/2609/FYP/Project/AzureRender/build/g6/install/share/AzureRender/assets_public/gameplay/assets
-- Installing: D:/Assigment/2609/FYP/Project/AzureRender/build/g6/install/share/AzureRender/assets_public/gameplay/assets/courtyard.azurelevel
-- Installing: D:/Assigment/2609/FYP/Project/AzureRender/build/g6/install/share/AzureRender/assets_public/gameplay/assets/courtyard.azurelevel.azmeta
-- Installing: D:/Assigment/2609/FYP/Project/AzureRender/build/g6/install/share/AzureRender/assets_public/gameplay/assets/destination.azurelevel
-- Installing: D:/Assigment/2609/FYP/Project/AzureRender/build/g6/install/share/AzureRender/assets_public/gameplay/assets/destination.azurelevel.azmeta
-- Installing: D:/Assigment/2609/FYP/Project/AzureRender/build/g6/install/share/AzureRender/assets_public/gameplay/assets/hero.gltf
-- Installing: D:/Assigment/2609/FYP/Project/AzureRender/build/g6/install/share/AzureRender/assets_public/gameplay/assets/hero.gltf.azmeta
-- Installing: D:/Assigment/2609/FYP/Project/AzureRender/build/g6/install/share/AzureRender/assets_public/gameplay/assets/hud.rml
-- Installing: D:/Assigment/2609/FYP/Project/AzureRender/build/g6/install/share/AzureRender/assets_public/gameplay/assets/hud.rml.azmeta
-- Installing: D:/Assigment/2609/FYP/Project/AzureRender/build/g6/install/share/AzureRender/assets_public/gameplay/assets/motion.json
-- Installing: D:/Assigment/2609/FYP/Project/AzureRender/build/g6/install/share/AzureRender/assets_public/gameplay/assets/motion.json.azmeta
-- Installing: D:/Assigment/2609/FYP/Project/AzureRender/build/g6/install/share/AzureRender/assets_public/gameplay/assets/player.lua
-- Installing: D:/Assigment/2609/FYP/Project/AzureRender/build/g6/install/share/AzureRender/assets_public/gameplay/assets/player.lua.azmeta
-- Installing: D:/Assigment/2609/FYP/Project/AzureRender/build/g6/install/share/AzureRender/assets_public/gameplay/assets/portal.gltf
-- Installing: D:/Assigment/2609/FYP/Project/AzureRender/build/g6/install/share/AzureRender/assets_public/gameplay/assets/portal.gltf.azmeta
-- Installing: D:/Assigment/2609/FYP/Project/AzureRender/build/g6/install/share/AzureRender/assets_public/gameplay/assets/portal.lua
-- Installing: D:/Assigment/2609/FYP/Project/AzureRender/build/g6/install/share/AzureRender/assets_public/gameplay/assets/portal.lua.azmeta
-- Installing: D:/Assigment/2609/FYP/Project/AzureRender/build/g6/install/share/AzureRender/assets_public/gameplay/assets/portal.wav
-- Installing: D:/Assigment/2609/FYP/Project/AzureRender/build/g6/install/share/AzureRender/assets_public/gameplay/assets/portal.wav.azmeta
-- Installing: D:/Assigment/2609/FYP/Project/AzureRender/build/g6/install/share/AzureRender/assets_public/gameplay/project.azureproject
-- Installing: D:/Assigment/2609/FYP/Project/AzureRender/build/g6/install/share/AzureRender/assets_public/level.schema.json
-- Installing: D:/Assigment/2609/FYP/Project/AzureRender/build/g6/install/share/AzureRender/assets_public/playable_rules
-- Installing: D:/Assigment/2609/FYP/Project/AzureRender/build/g6/install/share/AzureRender/assets_public/playable_rules/checkpoint.lua
-- Installing: D:/Assigment/2609/FYP/Project/AzureRender/build/g6/install/share/AzureRender/assets_public/playable_rules/collectible.lua
-- Installing: D:/Assigment/2609/FYP/Project/AzureRender/build/g6/install/share/AzureRender/assets_public/playable_rules/door.lua
-- Installing: D:/Assigment/2609/FYP/Project/AzureRender/build/g6/install/share/AzureRender/assets_public/playable_rules/goal.lua
-- Installing: D:/Assigment/2609/FYP/Project/AzureRender/build/g6/install/share/AzureRender/assets_public/playable_rules/guide.lua
-- Installing: D:/Assigment/2609/FYP/Project/AzureRender/build/g6/install/share/AzureRender/assets_public/playable_rules/hero.lua
-- Installing: D:/Assigment/2609/FYP/Project/AzureRender/build/g6/install/share/AzureRender/assets_public/playable_rules/hud.rml
-- Installing: D:/Assigment/2609/FYP/Project/AzureRender/build/g6/install/share/AzureRender/assets_public/project.schema.json
-- Installing: D:/Assigment/2609/FYP/Project/AzureRender/build/g6/install/share/AzureRender/assets_public/README.md
-- Installing: D:/Assigment/2609/FYP/Project/AzureRender/build/g6/install/share/AzureRender/assets_public/scenes
-- Installing: D:/Assigment/2609/FYP/Project/AzureRender/build/g6/install/share/AzureRender/assets_public/scenes/clustered_lights_16.azscene
-- Installing: D:/Assigment/2609/FYP/Project/AzureRender/build/g6/install/share/AzureRender/assets_public/scenes/clustered_lights_empty.azscene
-- Installing: D:/Assigment/2609/FYP/Project/AzureRender/build/g6/install/share/AzureRender/assets_public/scenes/material_mixed.azscene
-- Installing: D:/Assigment/2609/FYP/Project/AzureRender/build/g6/install/share/AzureRender/assets_public/scenes/r4_stress.azscene
-- Installing: D:/Assigment/2609/FYP/Project/AzureRender/build/g6/install/share/AzureRender/assets_public/showcase_looks.json
-- Installing: D:/Assigment/2609/FYP/Project/AzureRender/build/g6/install/share/AzureRender/assets_public/test_env.hdr
-- Installing: D:/Assigment/2609/FYP/Project/AzureRender/build/g6/install/share/AzureRender/assets_public/test_env_strong.hdr
-- Installing: D:/Assigment/2609/FYP/Project/AzureRender/build/g6/install/share/AzureRender/assets_public/test_model.gltf
-- Installing: D:/Assigment/2609/FYP/Project/AzureRender/build/g6/install/share/AzureRender/assets_public/third_person
-- Installing: D:/Assigment/2609/FYP/Project/AzureRender/build/g6/install/share/AzureRender/assets_public/third_person/CHARACTER-LICENSE.txt
-- Installing: D:/Assigment/2609/FYP/Project/AzureRender/build/g6/install/share/AzureRender/assets_public/third_person/explorer.gltf
-- Installing: D:/Assigment/2609/FYP/Project/AzureRender/build/g6/install/share/AzureRender/assets_public/third_person/fixture_hair_data.png
-- Installing: D:/Assigment/2609/FYP/Project/AzureRender/build/g6/install/share/AzureRender/assets_public/third_person/game
-- Installing: D:/Assigment/2609/FYP/Project/AzureRender/build/g6/install/share/AzureRender/assets_public/third_person/game/assets
-- Installing: D:/Assigment/2609/FYP/Project/AzureRender/build/g6/install/share/AzureRender/assets_public/third_person/game/assets/courtyard.azurelevel
-- Installing: D:/Assigment/2609/FYP/Project/AzureRender/build/g6/install/share/AzureRender/assets_public/third_person/game/assets/cube.gltf
-- Installing: D:/Assigment/2609/FYP/Project/AzureRender/build/g6/install/share/AzureRender/assets_public/third_person/game/assets/guide.gltf
-- Installing: D:/Assigment/2609/FYP/Project/AzureRender/build/g6/install/share/AzureRender/assets_public/third_person/game/assets/hero.gltf
-- Installing: D:/Assigment/2609/FYP/Project/AzureRender/build/g6/install/share/AzureRender/assets_public/third_person/game/assets/locomotion.json
-- Installing: D:/Assigment/2609/FYP/Project/AzureRender/build/g6/install/share/AzureRender/assets_public/third_person/game/project.azureproject
-- Installing: D:/Assigment/2609/FYP/Project/AzureRender/build/g6/install/share/AzureRender/assets_public/third_person/guide.gltf
-- Installing: D:/Assigment/2609/FYP/Project/AzureRender/build/g6/install/share/AzureRender/assets_public/third_person/material_fixture.gltf
-- Installing: D:/Assigment/2609/FYP/Project/AzureRender/build/g6/install/share/AzureRender/assets_public/toon_ramp_atlas.ppm
-- Installing: D:/Assigment/2609/FYP/Project/AzureRender/build/g6/install/share/AzureRender/assets_public/toon_ramp_profiles.json
-- Installing: D:/Assigment/2609/FYP/Project/AzureRender/build/g6/install/share/AzureRender/README.md
-- Installing: D:/Assigment/2609/FYP/Project/AzureRender/build/g6/install/share/AzureRender/CHANGELOG.md
-- Installing: D:/Assigment/2609/FYP/Project/AzureRender/build/g6/install/share/AzureRender/THIRD_PARTY_NOTICES.md
-- Installing: D:/Assigment/2609/FYP/Project/AzureRender/build/g6/install/share/AzureRender/index.md
-- Installing: D:/Assigment/2609/FYP/Project/AzureRender/build/g6/install/share/AzureRender/getting-started.md
-- Installing: D:/Assigment/2609/FYP/Project/AzureRender/build/g6/install/share/AzureRender/architecture.md
-- Installing: D:/Assigment/2609/FYP/Project/AzureRender/build/g6/install/share/AzureRender/character-rendering.md
-- Installing: D:/Assigment/2609/FYP/Project/AzureRender/build/g6/install/share/AzureRender/blackhole-rendering.md
-- Installing: D:/Assigment/2609/FYP/Project/AzureRender/build/g6/install/share/AzureRender/assets-and-editor.md
-- Installing: D:/Assigment/2609/FYP/Project/AzureRender/build/g6/install/share/AzureRender/development-and-release.md
-- Installing: D:/Assigment/2609/FYP/Project/AzureRender/build/g6/install/share/AzureRender/reference.md
-- Installing: D:/Assigment/2609/FYP/Project/AzureRender/build/g6/install/share/AzureRender/documentation-standard.md
-- Installing: D:/Assigment/2609/FYP/Project/AzureRender/build/g6/install/share/AzureRender/azure-engine-plan.md
-- Installing: D:/Assigment/2609/FYP/Project/AzureRender/build/g6/install/share/AzureRender/render-core-implementation.md
-- Installing: D:/Assigment/2609/FYP/Project/AzureRender/build/g6/install/share/AzureRender/compute-passes.md
-- Installing: D:/Assigment/2609/FYP/Project/AzureRender/build/g6/install/share/AzureRender/character-finish.md
-- Installing: D:/Assigment/2609/FYP/Project/AzureRender/build/g6/install/share/AzureRender/environment-assets.md
-- Installing: D:/Assigment/2609/FYP/Project/AzureRender/build/g6/install/share/AzureRender/clustered-lighting.md
-- Installing: D:/Assigment/2609/FYP/Project/AzureRender/build/g6/install/share/AzureRender/render-graph.md
-- Installing: D:/Assigment/2609/FYP/Project/AzureRender/build/g6/install/share/AzureRender/rhi-synchronization.md
-- Installing: D:/Assigment/2609/FYP/Project/AzureRender/build/g6/install/share/AzureRender/scene-data.md
-- Installing: D:/Assigment/2609/FYP/Project/AzureRender/build/g6/install/share/AzureRender/parallel-submission.md
-- Installing: D:/Assigment/2609/FYP/Project/AzureRender/build/g6/install/share/AzureRender/windows-acceptance.md
-- Installing: D:/Assigment/2609/FYP/Project/AzureRender/build/g6/install/share/AzureRender/engine-foundation.md
-- Installing: D:/Assigment/2609/FYP/Project/AzureRender/build/g6/install/share/AzureRender/g0-implementation.md
-- Installing: D:/Assigment/2609/FYP/Project/AzureRender/build/g6/install/share/AzureRender/g1-implementation.md
-- Installing: D:/Assigment/2609/FYP/Project/AzureRender/build/g6/install/share/AzureRender/g2-implementation.md
-- Installing: D:/Assigment/2609/FYP/Project/AzureRender/build/g6/install/share/AzureRender/g3-implementation.md
-- Installing: D:/Assigment/2609/FYP/Project/AzureRender/build/g6/install/share/AzureRender/g4-implementation.md
-- Installing: D:/Assigment/2609/FYP/Project/AzureRender/build/g6/install/share/AzureRender/reflection.md
-- Installing: D:/Assigment/2609/FYP/Project/AzureRender/build/g6/install/share/AzureRender/assets-levels.md
-- Installing: D:/Assigment/2609/FYP/Project/AzureRender/build/g6/install/share/AzureRender/physics-input.md
-- Installing: D:/Assigment/2609/FYP/Project/AzureRender/build/g6/install/share/AzureRender/scripts-gameplay.md
-- Installing: D:/Assigment/2609/FYP/Project/AzureRender/build/g6/install/share/AzureRender/docs/index.md
-- Installing: D:/Assigment/2609/FYP/Project/AzureRender/build/g6/install/share/AzureRender/docs/getting-started.md
-- Installing: D:/Assigment/2609/FYP/Project/AzureRender/build/g6/install/share/AzureRender/docs/architecture.md
-- Installing: D:/Assigment/2609/FYP/Project/AzureRender/build/g6/install/share/AzureRender/docs/character-rendering.md
-- Installing: D:/Assigment/2609/FYP/Project/AzureRender/build/g6/install/share/AzureRender/docs/blackhole-rendering.md
-- Installing: D:/Assigment/2609/FYP/Project/AzureRender/build/g6/install/share/AzureRender/docs/assets-and-editor.md
-- Installing: D:/Assigment/2609/FYP/Project/AzureRender/build/g6/install/share/AzureRender/docs/development-and-release.md
-- Installing: D:/Assigment/2609/FYP/Project/AzureRender/build/g6/install/share/AzureRender/docs/reference.md
-- Installing: D:/Assigment/2609/FYP/Project/AzureRender/build/g6/install/share/AzureRender/docs/documentation-standard.md
-- Installing: D:/Assigment/2609/FYP/Project/AzureRender/build/g6/install/share/AzureRender/docs/plans/azure-engine-plan.md
-- Installing: D:/Assigment/2609/FYP/Project/AzureRender/build/g6/install/share/AzureRender/docs/plans/render-core-implementation.md
-- Installing: D:/Assigment/2609/FYP/Project/AzureRender/build/g6/install/share/AzureRender/docs/runtime/compute-passes.md
-- Installing: D:/Assigment/2609/FYP/Project/AzureRender/build/g6/install/share/AzureRender/docs/runtime/character-finish.md
-- Installing: D:/Assigment/2609/FYP/Project/AzureRender/build/g6/install/share/AzureRender/docs/runtime/environment-assets.md
-- Installing: D:/Assigment/2609/FYP/Project/AzureRender/build/g6/install/share/AzureRender/docs/runtime/clustered-lighting.md
-- Installing: D:/Assigment/2609/FYP/Project/AzureRender/build/g6/install/share/AzureRender/docs/runtime/render-graph.md
-- Installing: D:/Assigment/2609/FYP/Project/AzureRender/build/g6/install/share/AzureRender/docs/runtime/rhi-synchronization.md
-- Installing: D:/Assigment/2609/FYP/Project/AzureRender/build/g6/install/share/AzureRender/docs/runtime/scene-data.md
-- Installing: D:/Assigment/2609/FYP/Project/AzureRender/build/g6/install/share/AzureRender/docs/runtime/parallel-submission.md
-- Installing: D:/Assigment/2609/FYP/Project/AzureRender/build/g6/install/share/AzureRender/docs/runtime/windows-acceptance.md
-- Installing: D:/Assigment/2609/FYP/Project/AzureRender/build/g6/install/share/AzureRender/docs/runtime/engine-foundation.md
-- Installing: D:/Assigment/2609/FYP/Project/AzureRender/build/g6/install/share/AzureRender/docs/plans/g0-implementation.md
-- Installing: D:/Assigment/2609/FYP/Project/AzureRender/build/g6/install/share/AzureRender/docs/plans/g1-implementation.md
-- Installing: D:/Assigment/2609/FYP/Project/AzureRender/build/g6/install/share/AzureRender/docs/plans/g2-implementation.md
-- Installing: D:/Assigment/2609/FYP/Project/AzureRender/build/g6/install/share/AzureRender/docs/plans/g3-implementation.md
-- Installing: D:/Assigment/2609/FYP/Project/AzureRender/build/g6/install/share/AzureRender/docs/plans/g4-implementation.md
-- Installing: D:/Assigment/2609/FYP/Project/AzureRender/build/g6/install/share/AzureRender/docs/runtime/reflection.md
-- Installing: D:/Assigment/2609/FYP/Project/AzureRender/build/g6/install/share/AzureRender/docs/runtime/assets-levels.md
-- Installing: D:/Assigment/2609/FYP/Project/AzureRender/build/g6/install/share/AzureRender/docs/runtime/physics-input.md
-- Installing: D:/Assigment/2609/FYP/Project/AzureRender/build/g6/install/share/AzureRender/docs/runtime/scripts-gameplay.md
-- Installing: D:/Assigment/2609/FYP/Project/AzureRender/build/g6/install/share/AzureRender/docs/acceptance/r1/2026-09-26.md
-- Installing: D:/Assigment/2609/FYP/Project/AzureRender/build/g6/install/share/AzureRender/docs/acceptance/r2/2026-09-26.md
-- Installing: D:/Assigment/2609/FYP/Project/AzureRender/build/g6/install/share/AzureRender/docs/acceptance/r3/2026-10-03.md
-- Installing: D:/Assigment/2609/FYP/Project/AzureRender/build/g6/install/share/AzureRender/docs/acceptance/r4/2026-10-03.md
-- Installing: D:/Assigment/2609/FYP/Project/AzureRender/build/g6/install/share/AzureRender/docs/runtime/blackhole-performance.md
-- Installing: D:/Assigment/2609/FYP/Project/AzureRender/build/g6/install/share/AzureRender/docs/plans/2026-10-03-blackhole-optimization.md
-- Installing: D:/Assigment/2609/FYP/Project/AzureRender/build/g6/install/share/AzureRender/docs/acceptance/g0/2026-10-03.md
-- Installing: D:/Assigment/2609/FYP/Project/AzureRender/build/g6/install/share/AzureRender/docs/acceptance/blackhole/2026-10-03.md
-- Installing: D:/Assigment/2609/FYP/Project/AzureRender/build/g6/install/share/AzureRender/licenses/imgui-LICENSE.txt
-- Installing: D:/Assigment/2609/FYP/Project/AzureRender/build/g6/install/share/AzureRender/licenses/glfw3-LICENSE.txt
-- Installing: D:/Assigment/2609/FYP/Project/AzureRender/build/g6/install/share/AzureRender/licenses/tinygltf-LICENSE.txt
-- Installing: D:/Assigment/2609/FYP/Project/AzureRender/build/g6/install/share/AzureRender/licenses/stb-LICENSE.txt
-- Installing: D:/Assigment/2609/FYP/Project/AzureRender/build/g6/install/share/AzureRender/licenses/openexr-LICENSE.txt
-- Installing: D:/Assigment/2609/FYP/Project/AzureRender/build/g6/install/share/AzureRender/licenses/imath-LICENSE.txt
-- Installing: D:/Assigment/2609/FYP/Project/AzureRender/build/g6/install/share/AzureRender/licenses/libdeflate-LICENSE.txt
-- Installing: D:/Assigment/2609/FYP/Project/AzureRender/build/g6/install/share/AzureRender/licenses/openjph-LICENSE.txt
-- Installing: D:/Assigment/2609/FYP/Project/AzureRender/build/g6/install/share/AzureRender/licenses/nlohmann-json-LICENSE.txt
-- Installing: D:/Assigment/2609/FYP/Project/AzureRender/build/g6/install/share/AzureRender/licenses/joltphysics-LICENSE.txt
-- Installing: D:/Assigment/2609/FYP/Project/AzureRender/build/g6/install/share/AzureRender/licenses/lua-LICENSE.txt
-- Installing: D:/Assigment/2609/FYP/Project/AzureRender/build/g6/install/share/AzureRender/licenses/sol2-LICENSE.txt
-- Installing: D:/Assigment/2609/FYP/Project/AzureRender/build/g6/install/share/AzureRender/licenses/rmlui-LICENSE.txt
-- Installing: D:/Assigment/2609/FYP/Project/AzureRender/build/g6/install/share/AzureRender/licenses/miniaudio-LICENSE.txt
-- Installing: D:/Assigment/2609/FYP/Project/AzureRender/build/g6/install/share/AzureRender/licenses/freetype-LICENSE.txt
-- Installing: D:/Assigment/2609/FYP/Project/AzureRender/build/g6/install/share/AzureRender/licenses/libpng-LICENSE.txt
-- Installing: D:/Assigment/2609/FYP/Project/AzureRender/build/g6/install/share/AzureRender/licenses/zlib-LICENSE.txt
-- Installing: D:/Assigment/2609/FYP/Project/AzureRender/build/g6/install/share/AzureRender/licenses/bzip2-LICENSE.txt
-- Installing: D:/Assigment/2609/FYP/Project/AzureRender/build/g6/install/share/AzureRender/licenses/brotli-LICENSE.txt
-- Installing: D:/Assigment/2609/FYP/Project/AzureRender/build/g6/install/bin/glfw3.dll
-- Installing: D:/Assigment/2609/FYP/Project/AzureRender/build/g6/install/bin/Iex-3_4.dll
-- Installing: D:/Assigment/2609/FYP/Project/AzureRender/build/g6/install/bin/IlmThread-3_4.dll
-- Installing: D:/Assigment/2609/FYP/Project/AzureRender/build/g6/install/bin/Imath-3_2.dll
-- Installing: D:/Assigment/2609/FYP/Project/AzureRender/build/g6/install/bin/OpenEXR-3_4.dll
-- Installing: D:/Assigment/2609/FYP/Project/AzureRender/build/g6/install/bin/OpenEXRCore-3_4.dll
-- Installing: D:/Assigment/2609/FYP/Project/AzureRender/build/g6/install/bin/OpenEXRUtil-3_4.dll
-- Installing: D:/Assigment/2609/FYP/Project/AzureRender/build/g6/install/bin/brotlicommon.dll
-- Installing: D:/Assigment/2609/FYP/Project/AzureRender/build/g6/install/bin/brotlidec.dll
-- Installing: D:/Assigment/2609/FYP/Project/AzureRender/build/g6/install/bin/brotlienc.dll
-- Installing: D:/Assigment/2609/FYP/Project/AzureRender/build/g6/install/bin/bz2.dll
-- Installing: D:/Assigment/2609/FYP/Project/AzureRender/build/g6/install/bin/deflate.dll
-- Installing: D:/Assigment/2609/FYP/Project/AzureRender/build/g6/install/bin/freetype.dll
-- Up-to-date: D:/Assigment/2609/FYP/Project/AzureRender/build/g6/install/bin/glfw3.dll
-- Installing: D:/Assigment/2609/FYP/Project/AzureRender/build/g6/install/bin/libpng16.dll
-- Installing: D:/Assigment/2609/FYP/Project/AzureRender/build/g6/install/bin/lua.dll
-- Installing: D:/Assigment/2609/FYP/Project/AzureRender/build/g6/install/bin/openjph.0.31.dll
-- Installing: D:/Assigment/2609/FYP/Project/AzureRender/build/g6/install/bin/rmlui.dll
-- Installing: D:/Assigment/2609/FYP/Project/AzureRender/build/g6/install/bin/rmlui_debugger.dll
-- Installing: D:/Assigment/2609/FYP/Project/AzureRender/build/g6/install/bin/z.dll
-- Installing: D:/Assigment/2609/FYP/Project/AzureRender/build/g6/install/share/AzureRender/runtime-build.json
-- Installing: D:/Assigment/2609/FYP/Project/AzureRender/build/g6/install/share/AzureRender/tools/build_game.py
-- Installing: D:/Assigment/2609/FYP/Project/AzureRender/build/g6/install/share/AzureRender/docs/acceptance/f1/2026-10-04.md
-- Installing: D:/Assigment/2609/FYP/Project/AzureRender/build/g6/install/share/AzureRender/docs/acceptance/r5/2026-10-04.md
-- Installing: D:/Assigment/2609/FYP/Project/AzureRender/build/g6/install/share/AzureRender/docs/acceptance/g1/2026-10-03.md
-- Installing: D:/Assigment/2609/FYP/Project/AzureRender/build/g6/install/share/AzureRender/docs/acceptance/g2/2026-10-04.md
-- Installing: D:/Assigment/2609/FYP/Project/AzureRender/build/g6/install/share/AzureRender/docs/acceptance/g3/2026-10-04.md
-- Installing: D:/Assigment/2609/FYP/Project/AzureRender/build/g6/install/share/AzureRender/docs/acceptance/g4/2026-10-04.md
-- Installing: D:/Assigment/2609/FYP/Project/AzureRender/build/g6/install/share/AzureRender/docs/acceptance/u0/2026-10-04.md
-- Installing: D:/Assigment/2609/FYP/Project/AzureRender/build/g6/install/share/AzureRender/docs/acceptance/p0/2026-10-04.md
-- Installing: D:/Assigment/2609/FYP/Project/AzureRender/build/g6/install/share/AzureRender/licenses/LatoLatin-LICENSE.txt
-- Installing: D:/Assigment/2609/FYP/Project/AzureRender/build/g6/install/share/AzureRender/docs/runtime/editor-game-ui.md
-- Installing: D:/Assigment/2609/FYP/Project/AzureRender/build/g6/install/share/AzureRender/docs/runtime/game-publishing.md
-- Installing: D:/Assigment/2609/FYP/Project/AzureRender/build/g6/install/share/AzureRender/docs/runtime/build-reproducibility.md
-- Installing: D:/Assigment/2609/FYP/Project/AzureRender/build/g6/install/share/AzureRender/docs/runtime/exploration-gameplay.md
-- Installing: D:/Assigment/2609/FYP/Project/AzureRender/build/g6/install/share/AzureRender/docs/plans/u0-implementation.md
-- Installing: D:/Assigment/2609/FYP/Project/AzureRender/build/g6/install/share/AzureRender/docs/plans/p0-implementation.md
-- Installing: D:/Assigment/2609/FYP/Project/AzureRender/build/g6/install/share/AzureRender/docs/plans/third-person-playable-plan.md
