[1/58] Building CXX object CMakeFiles\AzureRuntime.dir\src\runtime\GameRuntime.cpp.obj
[2/58] Building CXX object CMakeFiles\AzureRuntime.dir\src\runtime\PhysicsWorld.cpp.obj
[3/58] Building CXX object CMakeFiles\AzureRuntime.dir\src\runtime\LevelSession.cpp.obj
[4/58] Building CXX object CMakeFiles\AzureRuntime.dir\src\runtime\PresentationRuntime.cpp.obj
[5/58] Building CXX object CMakeFiles\AzureRuntime.dir\src\runtime\Level.cpp.obj
[6/58] Building CXX object CMakeFiles\AzureEditor.dir\src\editor\EditorSession.cpp.obj
[7/58] Building CXX object CMakeFiles\AzureEditor.dir\src\editor\EditorAutomation.cpp.obj
[8/58] Building CXX object CMakeFiles\AzureEditor.dir\src\editor\ImGuiEditorLayer.cpp.obj
[9/58] Building CXX object CMakeFiles\AzureRuntime.dir\src\runtime\ScriptRuntime.cpp.obj
[10/58] Linking CXX static library AzureRuntime.lib
[11/58] Building CXX object CMakeFiles\AzureRenderHost.dir\src\app\AzureRenderCapture.cpp.obj
[12/58] Building CXX object CMakeFiles\AzureRenderHost.dir\src\app\AzureRenderGameplay.cpp.obj
[13/58] Linking CXX static library AzureEditor.lib
[14/58] Building CXX object CMakeFiles\AzureRenderHost.dir\src\app\AzureRenderDescriptors.cpp.obj
[15/58] Building CXX object CMakeFiles\AzureRenderHost.dir\src\app\AzureRenderApp.cpp.obj
[16/58] Building CXX object CMakeFiles\AzureRenderHost.dir\src\app\AzureRenderPipeline.cpp.obj
[17/58] Building CXX object CMakeFiles\AzureRenderHost.dir\src\app\AzureRenderFrame.cpp.obj
[18/58] Building CXX object CMakeFiles\AzureRenderHost.dir\src\app\AzureRenderResources.cpp.obj
[19/58] Building CXX object CMakeFiles\AzurePlayerHost.dir\src\app\AzureRenderGameplay.cpp.obj
[20/58] Building CXX object CMakeFiles\AzureRenderHost.dir\src\app\AzureRenderSupport.cpp.obj
[21/58] Building CXX object CMakeFiles\AzurePlayerHost.dir\src\app\AzureRenderCapture.cpp.obj
[22/58] Building CXX object CMakeFiles\AzurePlayerHost.dir\src\app\AzureRenderDescriptors.cpp.obj
[23/58] Linking CXX static library AzureRenderHost.lib
[24/58] Building CXX object CMakeFiles\AzurePlayerHost.dir\src\app\AzureRenderPipeline.cpp.obj
[25/58] Building CXX object CMakeFiles\AzurePlayerHost.dir\src\app\AzureRenderApp.cpp.obj
[26/58] Building CXX object CMakeFiles\AzurePlayerHost.dir\src\app\AzureRenderFrame.cpp.obj
[27/58] Building CXX object CMakeFiles\AzurePlayerHost.dir\src\app\AzureRenderResources.cpp.obj
[28/58] Building CXX object CMakeFiles\AzureAssetLevelTests.dir\tests\AssetLevelTests.cpp.obj
[29/58] Building CXX object CMakeFiles\AzurePresentationRuntimeTests.dir\tests\PresentationRuntimeTests.cpp.obj
[30/58] Building CXX object CMakeFiles\AzureScriptRuntimeTests.dir\tests\ScriptRuntimeTests.cpp.obj
[31/58] Building CXX object CMakeFiles\AzurePlayableQuestTests.dir\tests\PlayableQuestTests.cpp.obj
[32/58] Building CXX object CMakeFiles\AzurePlayerHost.dir\src\app\AzureRenderSupport.cpp.obj
[33/58] Linking CXX static library AzurePlayerHost.lib
[34/58] Building CXX object CMakeFiles\AzureScriptEntityTests.dir\tests\ScriptEntityTests.cpp.obj
[35/58] Building CXX object CMakeFiles\AzurePhysicsInputTests.dir\tests\PhysicsInputTests.cpp.obj
[36/58] Building CXX object CMakeFiles\AzurePlayer.dir\src\player\main.cpp.obj
[37/58] Building CXX object CMakeFiles\AzureRuntimeLifecycleTests.dir\tests\RuntimeLifecycleTests.cpp.obj
[38/58] Building CXX object CMakeFiles\AzureThirdPersonTests.dir\tests\ThirdPersonTests.cpp.obj
[39/58] Building CXX object CMakeFiles\AzureInteractionTests.dir\tests\InteractionTests.cpp.obj
[40/58] Linking CXX executable AzureAssetLevelTests.exe
[41/58] Building CXX object CMakeFiles\AzureRender.dir\src\main.cpp.obj
[42/58] Linking CXX executable AzureProjectTests.exe
[43/58] Building CXX object CMakeFiles\AzureEditorWorkflowTests.dir\tests\EditorWorkflowTests.cpp.obj
[44/58] Linking CXX executable AzureScriptRuntimeTests.exe
[45/58] Linking CXX executable AzurePresentationRuntimeTests.exe
[46/58] Linking CXX executable AzureGameplayPresentationTests.exe
[47/58] Linking CXX executable AzureGameUiTests.exe
[48/58] Linking CXX executable AzurePlayableQuestTests.exe
[49/58] Linking CXX executable AzurePlayer.exe
[50/58] Linking CXX executable AzureScriptEntityTests.exe
[51/58] Linking CXX executable AzurePhysicsInputTests.exe
[52/58] Linking CXX executable AzureRender.exe
[53/58] Linking CXX executable AzureEditorWorkflowTests.exe
[54/58] Linking CXX executable AzureThirdPersonTests.exe
[55/58] Linking CXX executable AzureInteractionTests.exe
[56/58] Building CXX object CMakeFiles\AzureRenderEditorSessionTests.dir\tests\EditorSessionTests.cpp.obj
[57/58] Linking CXX executable AzureRuntimeLifecycleTests.exe
[58/58] Linking CXX executable AzureRenderEditorSessionTests.exe
