warning: in the working copy of 'Project/Engine/src/Contract.hpp', LF will be replaced by CRLF the next time Git touches it
warning: in the working copy of 'Project/Engine/docs/acceptance/f4/evidence/tests.log', LF will be replaced by CRLF the next time Git touches it
.warning: in the working copy of 'Project/Engine/src/Contract.hpp', LF will be replaced by CRLF the next time Git touches it
warning: in the working copy of 'Project/Engine/src/Contract.hpp', LF will be replaced by CRLF the next time Git touches it
warning: in the working copy of 'Project/Engine/docs/acceptance/f4/evidence/tests.log', LF will be replaced by CRLF the next time Git touches it
.warning: in the working copy of 'Project/Engine/src/Contract.hpp', LF will be replaced by CRLF the next time Git touches it
warning: in the working copy of 'Project/Engine/src/Contract.hpp', LF will be replaced by CRLF the next time Git touches it
warning: in the working copy of 'Project/Engine/docs/acceptance/f4/evidence/tests.log', LF will be replaced by CRLF the next time Git touches it
warning: in the working copy of 'Project/Engine/docs/acceptance/f4/evidence/tests.log', LF will be replaced by CRLF the next time Git touches it
.warning: in the working copy of 'Project/Engine/src/Contract.hpp', LF will be replaced by CRLF the next time Git touches it
warning: in the working copy of 'Project/Engine/docs/acceptance/f4/evidence/tests.log', LF will be replaced by CRLF the next time Git touches it
warning: in the working copy of 'Project/Engine/docs/acceptance/f4/evidence/tests.log', LF will be replaced by CRLF the next time Git touches it
warning: in the working copy of 'Project/Engine/src/Contract.hpp', LF will be replaced by CRLF the next time Git touches it
.warning: in the working copy of 'Project/Engine/src/Contract.hpp', LF will be replaced by CRLF the next time Git touches it
warning: in the working copy of 'Project/Engine/src/Contract.hpp', LF will be replaced by CRLF the next time Git touches it
warning: in the working copy of 'Project/Engine/docs/acceptance/f4/evidence/tests.log', LF will be replaced by CRLF the next time Git touches it
.warning: in the working copy of 'Project/Engine/src/Contract.hpp', LF will be replaced by CRLF the next time Git touches it
warning: in the working copy of 'Project/Engine/src/Contract.hpp', LF will be replaced by CRLF the next time Git touches it
warning: in the working copy of 'Project/Engine/docs/acceptance/f4/evidence/tests.log', LF will be replaced by CRLF the next time Git touches it
warning: in the working copy of 'Project/Engine/docs/acceptance/f4/evidence/tests.log', LF will be replaced by CRLF the next time Git touches it
warning: in the working copy of 'Project/Engine/src/Contract.hpp', LF will be replaced by CRLF the next time Git touches it
.warning: in the working copy of 'Project/Engine/src/Contract.hpp', LF will be replaced by CRLF the next time Git touches it
warning: in the working copy of 'Project/Engine/src/Contract.hpp', LF will be replaced by CRLF the next time Git touches it
warning: in the working copy of 'Project/Engine/docs/acceptance/f4/evidence/tests.log', LF will be replaced by CRLF the next time Git touches it
.warning: in the working copy of 'Project/Engine/src/Contract.hpp', LF will be replaced by CRLF the next time Git touches it
warning: in the working copy of 'Project/Engine/src/Contract.hpp', LF will be replaced by CRLF the next time Git touches it
warning: in the working copy of 'Project/Engine/docs/acceptance/f4/evidence/tests.log', LF will be replaced by CRLF the next time Git touches it
.warning: in the working copy of 'Project/Engine/src/Contract.hpp', LF will be replaced by CRLF the next time Git touches it
warning: in the working copy of 'Project/Engine/src/Contract.hpp', LF will be replaced by CRLF the next time Git touches it
warning: in the working copy of 'Project/Engine/docs/acceptance/f4/evidence/tests.log', LF will be replaced by CRLF the next time Git touches it
.warning: in the working copy of 'Project/Engine/src/Contract.hpp', LF will be replaced by CRLF the next time Git touches it
warning: in the working copy of 'Project/Engine/docs/acceptance/f4/evidence/tests.log', LF will be replaced by CRLF the next time Git touches it
.warning: in the working copy of 'Project/Engine/src/Contract.hpp', LF will be replaced by CRLF the next time Git touches it
warning: in the working copy of 'Project/Engine/src/Contract.hpp', LF will be replaced by CRLF the next time Git touches it
warning: in the working copy of 'Project/Engine/docs/acceptance/f4/evidence/tests.log', LF will be replaced by CRLF the next time Git touches it
.warning: in the working copy of 'Project/Engine/src/Contract.hpp', LF will be replaced by CRLF the next time Git touches it
warning: in the working copy of 'Project/Engine/src/Contract.hpp', LF will be replaced by CRLF the next time Git touches it
warning: in the working copy of 'Project/Engine/docs/acceptance/f4/evidence/tests.log', LF will be replaced by CRLF the next time Git touches it
.warning: in the working copy of 'Project/Engine/src/Contract.hpp', LF will be replaced by CRLF the next time Git touches it
warning: in the working copy of 'Project/Engine/src/Contract.hpp', LF will be replaced by CRLF the next time Git touches it
warning: in the working copy of 'Project/Engine/docs/acceptance/f4/evidence/tests.log', LF will be replaced by CRLF the next time Git touches it
.
----------------------------------------------------------------------
Ran 13 tests in 8.380s

OK
