Internal ctest changing into directory: D:/Assigment/2609/FYP/Project/AzureRender/build/ninja-msvc-release
Test project D:/Assigment/2609/FYP/Project/AzureRender/build/ninja-msvc-release
    Start 70: AzureEngine.ScriptRuntime
1/1 Test #70: AzureEngine.ScriptRuntime ........***Failed    1.25 sec
[1791337454720][warning][script][code=0] assets:/bad.lua: ...587/AppData/Local/Temp/azure_script_tests/assets/bad.lua:1: isolated error
stack traceback:
	[C]: in function 'base.error'
	...587/AppData/Local/Temp/azure_script_tests/assets/bad.lua:1: in function <...587/AppData/Local/Temp/azure_script_tests/assets/bad.lua:1>
[1791337454720][warning][script][code=0] assets:/loop.lua: Script instruction budget exceeded
stack traceback:
	...87/AppData/Local/Temp/azure_script_tests/assets/loop.lua:1: in function <...87/AppData/Local/Temp/azure_script_tests/assets/loop.lua:1>
[1791337454722][warning][script][code=0] assets:/good.lua: ...87/AppData/Local/Temp/azure_script_tests/assets/good.lua:1: <name> or '...' expected near <eof>
[1791337454740][warning][script][code=0] assets:/good.lua: ...87/AppData/Local/Temp/azure_script_tests/assets/good.lua:1: init failed
stack traceback:
	[C]: in function 'base.error'
	...87/AppData/Local/Temp/azure_script_tests/assets/good.lua:1: in function <...87/AppData/Local/Temp/azure_script_tests/assets/good.lua:1>
[sol2] An exception occurred: Gameplay mutation requires a runtime callback
[1791337454757][warning][script][code=0] assets:/good.lua: Gameplay mutation requires a runtime callback
stack traceback:
	[C]: in method 'set'
	...87/AppData/Local/Temp/azure_script_tests/assets/good.lua:1: in main chunk
[sol2] An exception occurred: Script entity handle is stale
[1791337454777][warning][script][code=0] assets:/good.lua: Script entity handle is stale
stack traceback:
	[C]: in method 'get'
	...87/AppData/Local/Temp/azure_script_tests/assets/good.lua:1: in function <...87/AppData/Local/Temp/azure_script_tests/assets/good.lua:1>
[sol2] An exception occurred: Script object API fields are read only
[1791337455376][warning][script][code=0] assets:/good.lua: Script object API fields are read only
stack traceback:
	[C]: in metamethod 'newindex'
	...87/AppData/Local/Temp/azure_script_tests/assets/good.lua:1: in function <...87/AppData/Local/Temp/azure_script_tests/assets/good.lua:1>
[sol2] An exception occurred: Spawn identity is empty, too long or already reserved
[1791337455401][warning][script][code=0] assets:/good.lua: Spawn identity is empty, too long or already reserved
stack traceback:
	[C]: in method 'spawn'
	...87/AppData/Local/Temp/azure_script_tests/assets/good.lua:2: in function <...87/AppData/Local/Temp/azure_script_tests/assets/good.lua:2>
Lua lookup private bytes: 75689984 -> 132177920
Transient Lua find proxies retained more than eight MiB


0% tests passed, 1 tests failed out of 1

Total Test time (real) =   1.26 sec

The following tests FAILED:
	 70 - AzureEngine.ScriptRuntime (Failed)
Errors while running CTest
