[1/32] cmd.exe /C "cd /D D:\Assigment\2609\FYP\Project\AzureRender\build\ninja-msvc-p3-off && C:\Users\23587\AppData\Local\Programs\Python\Python311\python.exe D:/Assigment/2609/FYP/Project/AzureRender/tools/generate_script_bindings.py --check"
Script binding artifacts verified
[2/32] Generating verified engine interface snapshots and schemas
{"status": "passed", "coveredItems": 18, "files": 42}
[3/32] Building CXX object CMakeFiles\AzureResourceFrameTraceTests.dir\tests\ResourceFrameTraceTests.cpp.obj
[4/32] Linking CXX executable AzureResourceFrameTraceTests.exe
[5/32] Building CXX object CMakeFiles\AzurePlayerHost.dir\src\app\AzureRenderDevtools.cpp.obj
[6/32] Building CXX object CMakeFiles\AzurePlayerHost.dir\src\app\AzureRenderResources.cpp.obj
[7/32] Building CXX object CMakeFiles\AzurePlayerHost.dir\src\app\AzureRenderSettings.cpp.obj
[8/32] Building CXX object CMakeFiles\AzurePlayerHost.dir\src\app\AzureRenderDescriptors.cpp.obj
[9/32] Building CXX object CMakeFiles\AzurePlayerHost.dir\src\app\AzureRenderPipeline.cpp.obj
[10/32] Building CXX object CMakeFiles\AzureRenderHost.dir\src\app\AzureRenderResources.cpp.obj
[11/32] Building CXX object CMakeFiles\AzureRenderHost.dir\src\app\AzureRenderDescriptors.cpp.obj
[12/32] Building CXX object CMakeFiles\AzureRenderHost.dir\src\app\AzureRenderPipeline.cpp.obj
[13/32] Building CXX object CMakeFiles\AzurePlayerHost.dir\src\app\AzureRenderGameplay.cpp.obj
[14/32] Building CXX object CMakeFiles\AzurePlayerHost.dir\src\app\AzureRenderSupport.cpp.obj
[15/32] Building CXX object CMakeFiles\AzureRenderHost.dir\src\app\AzureRenderSettings.cpp.obj
[16/32] Building CXX object CMakeFiles\AzureRenderHost.dir\src\app\AzureRenderGameplay.cpp.obj
[17/32] Building CXX object CMakeFiles\AzureRenderHost.dir\src\app\AzureRenderSupport.cpp.obj
[18/32] Building CXX object CMakeFiles\AzureRender.dir\src\main.cpp.obj
[19/32] Building CXX object CMakeFiles\AzurePlayerHost.dir\src\app\AzureRenderFrame.cpp.obj
[20/32] Building CXX object CMakeFiles\AzureRenderHost.dir\src\app\AzureRenderCapture.cpp.obj
[21/32] Building CXX object CMakeFiles\AzurePlayerHost.dir\src\app\AzureRenderCapture.cpp.obj
[22/32] Building CXX object CMakeFiles\AzurePlayer.dir\src\player\main.cpp.obj
[23/32] Building CXX object CMakeFiles\AzurePlayerHost.dir\src\app\AzureRenderValidation.cpp.obj
[24/32] Building CXX object CMakeFiles\AzureRenderHost.dir\src\app\AzureRenderDevtools.cpp.obj
[25/32] Building CXX object CMakeFiles\AzureRenderHost.dir\src\app\AzureRenderFrame.cpp.obj
[26/32] Building CXX object CMakeFiles\AzureRenderHost.dir\src\app\AzureRenderValidation.cpp.obj
[27/32] Building CXX object CMakeFiles\AzurePlayerHost.dir\src\app\AzureRenderApp.cpp.obj
[28/32] Linking CXX static library AzurePlayerHost.lib
[29/32] Building CXX object CMakeFiles\AzureRenderHost.dir\src\app\AzureRenderApp.cpp.obj
[30/32] Linking CXX static library AzureRenderHost.lib
[31/32] Linking CXX executable AzurePlayer.exe
[32/32] Linking CXX executable AzureRender.exe
