Cooling GPU: 61 C
Cooling GPU: 56 C
standard-1 {"gpu": {"mean": 1.7031934577777779, "p95": 2.0859904, "p99": 3.11256736}, "cpu": {"mean": 1.6984154999999994, "p95": 2.1948750000000365, "p99": 2.638117999999949}, "physics": {"mean": 0.2111852777777778, "p95": 0.30446499999999993, "p99": 0.423221}, "passed": true}
Cooling GPU: 85 C
standard-2 {"gpu": {"mean": 1.7171588444444446, "p95": 2.1094591999999994, "p99": 3.12920512}, "cpu": {"mean": 1.7734567777777788, "p95": 2.219420000000014, "p99": 2.7382499999999625}, "physics": {"mean": 0.22103005555555555, "p95": 0.31121999999999994, "p99": 0.399551}, "passed": true}
Cooling GPU: 71 C
standard-3 {"gpu": {"mean": 1.7399302933333334, "p95": 2.1934528, "p99": 3.19411968}, "cpu": {"mean": 1.7518591111111117, "p95": 2.201039999999906, "p99": 2.5556950000000263}, "physics": {"mean": 0.2200045, "p95": 0.31101, "p99": 0.40580099999999997}, "passed": true}
Cooling GPU: 84 C
Cooling GPU: 56 C
editor-1 {"gpu": {"mean": 0.5944434488888889, "p95": 0.621448, "p99": 0.63245152}, "cpu": {"mean": 4.186852888888889, "p95": 5.366195, "p99": 7.328859}, "physics": {"mean": 0.22772233333333333, "p95": 0.32328499999999993, "p99": 0.6313149999999996}, "passed": true}
Cooling GPU: 65 C
editor-2 {"gpu": {"mean": 0.5675752, "p95": 0.6038176, "p99": 0.62185952}, "cpu": {"mean": 3.9465619444444444, "p95": 4.938124999999997, "p99": 5.72767599999999}, "physics": {"mean": 0.21872911111111112, "p95": 0.31671, "p99": 0.7198409999999998}, "passed": true}
Cooling GPU: 67 C
editor-3 {"gpu": {"mean": 0.6072455466666666, "p95": 0.636232, "p99": 0.64707392}, "cpu": {"mean": 4.240057222222222, "p95": 5.370644999999998, "p99": 6.510938999999996}, "physics": {"mean": 0.2279785, "p95": 0.31636, "p99": 0.508458}, "passed": true}
Cooling GPU: 61 C
stress-1 {"gpu": {"mean": 2.1138188444444443, "p95": 3.0578752, "p99": 3.74782496}, "cpu": {"mean": 3.557722611111111, "p95": 4.341975000000016, "p99": 5.229964000000002}, "physics": {"mean": 0.833104, "p95": 1.0287149999999998, "p99": 1.2657539999999998}, "passed": true}
Cooling GPU: 71 C
Cooling GPU: 56 C
stress-2 {"gpu": {"mean": 2.0349059733333332, "p95": 2.3124512, "p99": 3.3008569599999995}, "cpu": {"mean": 3.5832361111111113, "p95": 4.39210999999999, "p99": 5.213924000000003}, "physics": {"mean": 0.8349565555555556, "p95": 1.02883, "p99": 1.2493829999999995}, "passed": true}
Cooling GPU: 74 C
stress-3 {"gpu": {"mean": 2.210188142222222, "p95": 2.9943904, "p99": 3.74893248}, "cpu": {"mean": 3.250666, "p95": 3.9714450000000134, "p99": 5.044161999999998}, "physics": {"mean": 0.7822413333333333, "p95": 0.949715, "p99": 1.163859}, "passed": true}
{"schemaVersion": 1, "passed": true, "gpuLimitMs": 16.6, "playerCpuLimitMs": 8, "editorCpuLimitMs": 10, "memoryObservation": "positive peak growth from the first observation in the latter half of process observations", "checks": [{"load": "standard", "round": 1, "passed": true, "gpuP95": 2.0859904, "cpuP95": 2.1948750000000365, "physicsP95": 0.30446499999999993, "workingSetGrowth": 0.0027566379164551957}, {"load": "standard", "round": 2, "passed": true, "gpuP95": 2.1094591999999994, "cpuP95": 2.219420000000014, "physicsP95": 0.31121999999999994, "workingSetGrowth": 0.0026195264572173027}, {"load": "standard", "round": 3, "passed": true, "gpuP95": 2.1934528, "cpuP95": 2.201039999999906, "physicsP95": 0.31101, "workingSetGrowth": 0.0026151510038805448}, {"load": "editor", "round": 1, "passed": true, "gpuP95": 0.621448, "cpuP95": 5.366195, "physicsP95": 0.32328499999999993, "workingSetGrowth": 0.0022270374383051017}, {"load": "editor", "round": 2, "passed": true, "gpuP95": 0.6038176, "cpuP95": 4.938124999999997, "physicsP95": 0.31671, "workingSetGrowth": 0.0010105428274083117}, {"load": "editor", "round": 3, "passed": true, "gpuP95": 0.636232, "cpuP95": 5.370644999999998, "physicsP95": 0.31636, "workingSetGrowth": 0.0032369249213246576}, {"load": "stress", "round": 1, "passed": true, "gpuP95": 3.0578752, "cpuP95": 4.341975000000016, "physicsP95": 1.0287149999999998, "workingSetGrowth": 0.012113810404013714}, {"load": "stress", "round": 2, "passed": true, "gpuP95": 2.3124512, "cpuP95": 4.39210999999999, "physicsP95": 1.02883, "workingSetGrowth": 0.013167726616077013}, {"load": "stress", "round": 3, "passed": true, "gpuP95": 2.9943904, "cpuP95": 3.9714450000000134, "physicsP95": 0.949715, "workingSetGrowth": 0.014962180770949463}]}
