[1791305623220][info][editor][code=0] Opened scene: exploration
[1791305623445][info][gpu][code=0] GPU capability report: captures\gpu_capabilities.json
[1791305623761][info][render][code=0] Character IBL: GPU-prefiltered environment mip chain
[1791305623776][info][render][code=0] Character skinning and morph: Vulkan compute path
[1791305623779][info][editor][code=0] Opened scene: exploration
[1791305623780][info][editor][code=0] Selected node: hero:body
[1791305623858][info][editor][code=0] Asset reload requested; changed files: 0
[1791305623879][info][render][code=0] Character IBL: GPU-prefiltered environment mip chain
[1791305623890][info][render][code=0] Character skinning and morph: Vulkan compute path
[1791305623891][info][editor][code=0] Renderer resources reloaded
[1791305624031][info][render][code=0] Character IBL: GPU-prefiltered environment mip chain
[1791305624044][info][render][code=0] Character skinning and morph: Vulkan compute path
[1791305624121][info][render][code=0] Blackhole bloom: four-level Vulkan compute path
[1791305624451][info][render][code=0] Character IBL: GPU-prefiltered environment mip chain
[1791305624462][info][render][code=0] Character skinning and morph: Vulkan compute path
[1791305624902][info][render][code=0] Character IBL: GPU-prefiltered environment mip chain
[1791305624903][info][render][code=0] Character skinning and morph: Vulkan compute path
[1791305624927][info][render][code=0] Character IBL: GPU-prefiltered environment mip chain
[1791305624928][info][render][code=0] Character skinning and morph: Vulkan compute path
[1791305625729][info][editor][code=0] Asset reload requested; changed files: 0
[1791305625754][info][render][code=0] Character IBL: GPU-prefiltered environment mip chain
[1791305625764][info][render][code=0] Character skinning and morph: Vulkan compute path
[1791305625766][info][editor][code=0] Renderer resources reloaded
[1791305625783][info][render][code=0] Character IBL: GPU-prefiltered environment mip chain
[1791305625784][info][render][code=0] Character skinning and morph: Vulkan compute path
[1791305625803][info][render][code=0] Character IBL: GPU-prefiltered environment mip chain
[1791305625804][info][render][code=0] Character skinning and morph: Vulkan compute path
[1791305626279][info][render][code=0] Character IBL: GPU-prefiltered environment mip chain
[1791305626291][info][render][code=0] Character skinning and morph: Vulkan compute path
[1791305626588][info][render][code=0] Character IBL: GPU-prefiltered environment mip chain
[1791305626597][info][render][code=0] Character skinning and morph: Vulkan compute path
[1791305627083][info][editor][code=0] Opened scene: exploration
[1791305627084][info][editor][code=0] Selected node: preview-invalidation-fixture
[1791305627092][info][editor][code=0] Asset reload requested; changed files: 0
[1791305627112][info][render][code=0] Character IBL: GPU-prefiltered environment mip chain
[1791305627123][info][render][code=0] Character skinning and morph: Vulkan compute path
[1791305627125][info][editor][code=0] Renderer resources reloaded
[1791305627217][info][editor][code=0] Undo
[1791305627220][info][editor][code=0] Asset reload requested; changed files: 0
[1791305627241][info][render][code=0] Character IBL: GPU-prefiltered environment mip chain
[1791305627253][info][render][code=0] Character skinning and morph: Vulkan compute path
[1791305627254][info][editor][code=0] Renderer resources reloaded
[1791305633086][info][render][code=0] Character IBL: GPU-prefiltered environment mip chain
[1791305633095][info][render][code=0] Character skinning and morph: Vulkan compute path
[1791305634615][info][editor][code=0] Play started
[1791305634646][info][render][code=0] Character IBL: GPU-prefiltered environment mip chain
[1791305634659][info][render][code=0] Character skinning and morph: Vulkan compute path
[1791305634862][info][editor][code=0] Play stopped; edit state restored
[1791305634885][info][render][code=0] Character IBL: GPU-prefiltered environment mip chain
[1791305634898][info][render][code=0] Character skinning and morph: Vulkan compute path
[1791305636431][info][editor][code=0] Saved scene: D:\Assigment\2609\FYP\Project\AzureRender\build\evolution\r7\devtools-framing\exploration\Project with spaces\assets\exploration.azurelevel
