[1791305636711][info][editor][code=0] Opened scene: inspection
[1791305636925][info][gpu][code=0] GPU capability report: captures\gpu_capabilities.json
[1791305637254][info][render][code=0] Character IBL: GPU-prefiltered environment mip chain
[1791305637260][info][render][code=0] Character skinning and morph: Vulkan compute path
[1791305637359][info][editor][code=0] Asset reload requested; changed files: 0
[1791305637379][info][render][code=0] Character IBL: GPU-prefiltered environment mip chain
[1791305637381][info][render][code=0] Character skinning and morph: Vulkan compute path
[1791305637382][info][editor][code=0] Renderer resources reloaded
[1791305637523][info][render][code=0] Character IBL: GPU-prefiltered environment mip chain
[1791305637525][info][render][code=0] Character skinning and morph: Vulkan compute path
[1791305637567][info][render][code=0] Blackhole bloom: four-level Vulkan compute path
[1791305637857][info][render][code=0] Character IBL: GPU-prefiltered environment mip chain
[1791305637858][info][render][code=0] Character skinning and morph: Vulkan compute path
[1791305638276][info][render][code=0] Character IBL: GPU-prefiltered environment mip chain
[1791305638277][info][render][code=0] Character skinning and morph: Vulkan compute path
[1791305638560][info][editor][code=0] Asset reload requested; changed files: 0
[1791305638585][info][render][code=0] Character IBL: GPU-prefiltered environment mip chain
[1791305638586][info][render][code=0] Character skinning and morph: Vulkan compute path
[1791305638588][info][editor][code=0] Renderer resources reloaded
[1791305638606][info][render][code=0] Character IBL: GPU-prefiltered environment mip chain
[1791305638607][info][render][code=0] Character skinning and morph: Vulkan compute path
[1791305638916][info][render][code=0] Character IBL: GPU-prefiltered environment mip chain
[1791305638917][info][render][code=0] Character skinning and morph: Vulkan compute path
[1791305639113][info][render][code=0] Character IBL: GPU-prefiltered environment mip chain
[1791305639114][info][render][code=0] Character skinning and morph: Vulkan compute path
[1791305639568][info][editor][code=0] Opened scene: inspection
[1791305639569][info][editor][code=0] Selected node: preview-invalidation-fixture
[1791305639572][info][editor][code=0] Asset reload requested; changed files: 0
[1791305639587][info][render][code=0] Character IBL: GPU-prefiltered environment mip chain
[1791305639588][info][render][code=0] Character skinning and morph: Vulkan compute path
[1791305639589][info][editor][code=0] Renderer resources reloaded
[1791305639660][info][editor][code=0] Undo
[1791305639661][info][editor][code=0] Asset reload requested; changed files: 0
[1791305639679][info][render][code=0] Character IBL: GPU-prefiltered environment mip chain
[1791305639680][info][render][code=0] Character skinning and morph: Vulkan compute path
[1791305639682][info][editor][code=0] Renderer resources reloaded
[1791305645430][info][render][code=0] Character IBL: GPU-prefiltered environment mip chain
[1791305645431][info][render][code=0] Character skinning and morph: Vulkan compute path
[1791305646794][info][editor][code=0] Play started
[1791305646820][info][render][code=0] Character IBL: GPU-prefiltered environment mip chain
[1791305646822][info][render][code=0] Character skinning and morph: Vulkan compute path
[1791305646994][info][editor][code=0] Play stopped; edit state restored
[1791305647013][info][render][code=0] Character IBL: GPU-prefiltered environment mip chain
[1791305647014][info][render][code=0] Character skinning and morph: Vulkan compute path
[1791305648633][info][editor][code=0] Saved scene: D:\Assigment\2609\FYP\Project\AzureRender\build\evolution\r7\devtools-framing\inspector\Project with spaces\assets\inspection.azurelevel
