[1791305727992][info][editor][code=0] Opened scene: inspection
[1791305728218][info][gpu][code=0] GPU capability report: captures\gpu_capabilities.json
[1791305728542][info][render][code=0] Character IBL: GPU-prefiltered environment mip chain
[1791305728547][info][render][code=0] Character skinning and morph: Vulkan compute path
[1791305728652][info][editor][code=0] Asset reload requested; changed files: 0
[1791305728667][info][render][code=0] Character IBL: GPU-prefiltered environment mip chain
[1791305728668][info][render][code=0] Character skinning and morph: Vulkan compute path
[1791305728670][info][editor][code=0] Renderer resources reloaded
[1791305728816][info][render][code=0] Character IBL: GPU-prefiltered environment mip chain
[1791305728818][info][render][code=0] Character skinning and morph: Vulkan compute path
[1791305728904][info][render][code=0] Blackhole bloom: four-level Vulkan compute path
[1791305729153][info][render][code=0] Character IBL: GPU-prefiltered environment mip chain
[1791305729154][info][render][code=0] Character skinning and morph: Vulkan compute path
[1791305729576][info][render][code=0] Character IBL: GPU-prefiltered environment mip chain
[1791305729578][info][render][code=0] Character skinning and morph: Vulkan compute path
[1791305729863][info][editor][code=0] Asset reload requested; changed files: 0
[1791305729884][info][render][code=0] Character IBL: GPU-prefiltered environment mip chain
[1791305729885][info][render][code=0] Character skinning and morph: Vulkan compute path
[1791305729887][info][editor][code=0] Renderer resources reloaded
[1791305729902][info][render][code=0] Character IBL: GPU-prefiltered environment mip chain
[1791305729903][info][render][code=0] Character skinning and morph: Vulkan compute path
[1791305730195][info][render][code=0] Character IBL: GPU-prefiltered environment mip chain
[1791305730196][info][render][code=0] Character skinning and morph: Vulkan compute path
[1791305730422][info][render][code=0] Character IBL: GPU-prefiltered environment mip chain
[1791305730423][info][render][code=0] Character skinning and morph: Vulkan compute path
[1791305730870][info][editor][code=0] Opened scene: inspection
[1791305730871][info][editor][code=0] Selected node: preview-invalidation-fixture
[1791305730874][info][editor][code=0] Asset reload requested; changed files: 0
[1791305730895][info][render][code=0] Character IBL: GPU-prefiltered environment mip chain
[1791305730897][info][render][code=0] Character skinning and morph: Vulkan compute path
[1791305730899][info][editor][code=0] Renderer resources reloaded
[1791305730963][info][editor][code=0] Undo
[1791305730964][info][editor][code=0] Asset reload requested; changed files: 0
[1791305730981][info][render][code=0] Character IBL: GPU-prefiltered environment mip chain
[1791305730982][info][render][code=0] Character skinning and morph: Vulkan compute path
[1791305730984][info][editor][code=0] Renderer resources reloaded
[1791305736733][info][render][code=0] Character IBL: GPU-prefiltered environment mip chain
[1791305736734][info][render][code=0] Character skinning and morph: Vulkan compute path
[1791305738127][info][editor][code=0] Play started
[1791305738147][info][render][code=0] Character IBL: GPU-prefiltered environment mip chain
[1791305738149][info][render][code=0] Character skinning and morph: Vulkan compute path
[1791305738320][info][editor][code=0] Play stopped; edit state restored
[1791305738339][info][render][code=0] Character IBL: GPU-prefiltered environment mip chain
[1791305738340][info][render][code=0] Character skinning and morph: Vulkan compute path
[1791305739985][info][editor][code=0] Saved scene: D:\Assigment\2609\FYP\Project\AzureRender\build\evolution\r7\installed-devtools\inspector\Project with spaces\assets\inspection.azurelevel
