[1791305714298][info][editor][code=0] Opened scene: exploration
[1791305714594][info][gpu][code=0] GPU capability report: captures\gpu_capabilities.json
[1791305714977][info][render][code=0] Character IBL: GPU-prefiltered environment mip chain
[1791305714999][info][render][code=0] Character skinning and morph: Vulkan compute path
[1791305715004][info][editor][code=0] Opened scene: exploration
[1791305715006][info][editor][code=0] Selected node: hero:body
[1791305715177][info][editor][code=0] Asset reload requested; changed files: 0
[1791305715204][info][render][code=0] Character IBL: GPU-prefiltered environment mip chain
[1791305715228][info][render][code=0] Character skinning and morph: Vulkan compute path
[1791305715230][info][editor][code=0] Renderer resources reloaded
[1791305715355][info][render][code=0] Character IBL: GPU-prefiltered environment mip chain
[1791305715369][info][render][code=0] Character skinning and morph: Vulkan compute path
[1791305715402][info][render][code=0] Blackhole bloom: four-level Vulkan compute path
[1791305715740][info][render][code=0] Character IBL: GPU-prefiltered environment mip chain
[1791305715756][info][render][code=0] Character skinning and morph: Vulkan compute path
[1791305716184][info][render][code=0] Character IBL: GPU-prefiltered environment mip chain
[1791305716185][info][render][code=0] Character skinning and morph: Vulkan compute path
[1791305716207][info][render][code=0] Character IBL: GPU-prefiltered environment mip chain
[1791305716208][info][render][code=0] Character skinning and morph: Vulkan compute path
[1791305716944][info][editor][code=0] Asset reload requested; changed files: 0
[1791305716971][info][render][code=0] Character IBL: GPU-prefiltered environment mip chain
[1791305716980][info][render][code=0] Character skinning and morph: Vulkan compute path
[1791305716982][info][editor][code=0] Renderer resources reloaded
[1791305717001][info][render][code=0] Character IBL: GPU-prefiltered environment mip chain
[1791305717003][info][render][code=0] Character skinning and morph: Vulkan compute path
[1791305717024][info][render][code=0] Character IBL: GPU-prefiltered environment mip chain
[1791305717025][info][render][code=0] Character skinning and morph: Vulkan compute path
[1791305717519][info][render][code=0] Character IBL: GPU-prefiltered environment mip chain
[1791305717530][info][render][code=0] Character skinning and morph: Vulkan compute path
[1791305717791][info][render][code=0] Character IBL: GPU-prefiltered environment mip chain
[1791305717803][info][render][code=0] Character skinning and morph: Vulkan compute path
[1791305718271][info][editor][code=0] Opened scene: exploration
[1791305718272][info][editor][code=0] Selected node: preview-invalidation-fixture
[1791305718280][info][editor][code=0] Asset reload requested; changed files: 0
[1791305718298][info][render][code=0] Character IBL: GPU-prefiltered environment mip chain
[1791305718307][info][render][code=0] Character skinning and morph: Vulkan compute path
[1791305718309][info][editor][code=0] Renderer resources reloaded
[1791305718406][info][editor][code=0] Undo
[1791305718410][info][editor][code=0] Asset reload requested; changed files: 0
[1791305718428][info][render][code=0] Character IBL: GPU-prefiltered environment mip chain
[1791305718439][info][render][code=0] Character skinning and morph: Vulkan compute path
[1791305718441][info][editor][code=0] Renderer resources reloaded
[1791305724167][info][render][code=0] Character IBL: GPU-prefiltered environment mip chain
[1791305724179][info][render][code=0] Character skinning and morph: Vulkan compute path
[1791305725825][info][editor][code=0] Play started
[1791305725854][info][render][code=0] Character IBL: GPU-prefiltered environment mip chain
[1791305725866][info][render][code=0] Character skinning and morph: Vulkan compute path
[1791305726092][info][editor][code=0] Play stopped; edit state restored
[1791305726113][info][render][code=0] Character IBL: GPU-prefiltered environment mip chain
[1791305726126][info][render][code=0] Character skinning and morph: Vulkan compute path
[1791305727722][info][editor][code=0] Saved scene: D:\Assigment\2609\FYP\Project\AzureRender\build\evolution\r7\installed-devtools\exploration\Project with spaces\assets\exploration.azurelevel
