[1791305586830][info][editor][code=0] Opened scene: exploration
[1791305586974][info][gpu][code=0] GPU capability report: captures\gpu_capabilities.json
[1791305587122][info][render][code=0] Character IBL: GPU-prefiltered environment mip chain
[1791305587137][info][render][code=0] Character skinning and morph: Vulkan compute path
[1791305587811][info][editor][code=0] Opened scene: exploration
[1791305587812][info][editor][code=0] Selected node: hero:body
[1791305588024][info][editor][code=0] Asset reload requested; changed files: 0
[1791305588056][info][render][code=0] Character IBL: GPU-prefiltered environment mip chain
[1791305588071][info][render][code=0] Character skinning and morph: Vulkan compute path
[1791305588072][info][editor][code=0] Renderer resources reloaded
[1791305588507][info][render][code=0] Character IBL: GPU-prefiltered environment mip chain
[1791305588517][info][render][code=0] Character skinning and morph: Vulkan compute path
[1791305588619][info][render][code=0] Blackhole bloom: four-level Vulkan compute path
[1791305589225][info][render][code=0] Character IBL: GPU-prefiltered environment mip chain
[1791305589234][info][render][code=0] Character skinning and morph: Vulkan compute path
[1791305590208][info][render][code=0] Character IBL: GPU-prefiltered environment mip chain
[1791305590209][info][render][code=0] Character skinning and morph: Vulkan compute path
[1791305590858][info][render][code=0] Character IBL: GPU-prefiltered environment mip chain
[1791305590859][info][render][code=0] Character skinning and morph: Vulkan compute path
[1791305591941][info][editor][code=0] Asset reload requested; changed files: 0
[1791305591978][info][render][code=0] Character IBL: GPU-prefiltered environment mip chain
[1791305591987][info][render][code=0] Character skinning and morph: Vulkan compute path
[1791305591988][info][editor][code=0] Renderer resources reloaded
[1791305592016][info][render][code=0] Character IBL: GPU-prefiltered environment mip chain
[1791305592018][info][render][code=0] Character skinning and morph: Vulkan compute path
[1791305592038][info][render][code=0] Character IBL: GPU-prefiltered environment mip chain
[1791305592040][info][render][code=0] Character skinning and morph: Vulkan compute path
[1791305593160][info][render][code=0] Character IBL: GPU-prefiltered environment mip chain
[1791305593184][info][render][code=0] Character skinning and morph: Vulkan compute path
[1791305593893][info][render][code=0] Character IBL: GPU-prefiltered environment mip chain
[1791305593900][info][render][code=0] Character skinning and morph: Vulkan compute path
[1791305595559][info][editor][code=0] Opened scene: exploration
[1791305595560][info][editor][code=0] Selected node: preview-invalidation-fixture
[1791305595570][info][editor][code=0] Asset reload requested; changed files: 0
[1791305595610][info][render][code=0] Character IBL: GPU-prefiltered environment mip chain
[1791305595622][info][render][code=0] Character skinning and morph: Vulkan compute path
[1791305595623][info][editor][code=0] Renderer resources reloaded
[1791305595860][info][editor][code=0] Undo
[1791305595866][info][editor][code=0] Asset reload requested; changed files: 0
[1791305595907][info][render][code=0] Character IBL: GPU-prefiltered environment mip chain
[1791305595917][info][render][code=0] Character skinning and morph: Vulkan compute path
[1791305595918][info][editor][code=0] Renderer resources reloaded
[1791305601876][info][render][code=0] Character IBL: GPU-prefiltered environment mip chain
[1791305601888][info][render][code=0] Character skinning and morph: Vulkan compute path
[1791305603768][info][editor][code=0] Play started
[1791305603806][info][render][code=0] Character IBL: GPU-prefiltered environment mip chain
[1791305603824][info][render][code=0] Character skinning and morph: Vulkan compute path
[1791305604345][info][editor][code=0] Play stopped; edit state restored
[1791305604371][info][render][code=0] Character IBL: GPU-prefiltered environment mip chain
[1791305604380][info][render][code=0] Character skinning and morph: Vulkan compute path
[1791305606539][info][editor][code=0] Saved scene: D:\Assigment\2609\FYP\Project\AzureRender\build\evolution\r7\intel-devtools\exploration\Project with spaces\assets\exploration.azurelevel
