[1791305606819][info][editor][code=0] Opened scene: inspection
[1791305606962][info][gpu][code=0] GPU capability report: captures\gpu_capabilities.json
[1791305607133][info][render][code=0] Character IBL: GPU-prefiltered environment mip chain
[1791305607134][info][render][code=0] Character skinning and morph: Vulkan compute path
[1791305607246][info][editor][code=0] Asset reload requested; changed files: 0
[1791305607266][info][render][code=0] Character IBL: GPU-prefiltered environment mip chain
[1791305607267][info][render][code=0] Character skinning and morph: Vulkan compute path
[1791305607268][info][editor][code=0] Renderer resources reloaded
[1791305607560][info][render][code=0] Character IBL: GPU-prefiltered environment mip chain
[1791305607565][info][render][code=0] Character skinning and morph: Vulkan compute path
[1791305607687][info][render][code=0] Blackhole bloom: four-level Vulkan compute path
[1791305608145][info][render][code=0] Character IBL: GPU-prefiltered environment mip chain
[1791305608147][info][render][code=0] Character skinning and morph: Vulkan compute path
[1791305608862][info][render][code=0] Character IBL: GPU-prefiltered environment mip chain
[1791305608863][info][render][code=0] Character skinning and morph: Vulkan compute path
[1791305609590][info][editor][code=0] Asset reload requested; changed files: 0
[1791305609618][info][render][code=0] Character IBL: GPU-prefiltered environment mip chain
[1791305609619][info][render][code=0] Character skinning and morph: Vulkan compute path
[1791305609620][info][editor][code=0] Renderer resources reloaded
[1791305609651][info][render][code=0] Character IBL: GPU-prefiltered environment mip chain
[1791305609653][info][render][code=0] Character skinning and morph: Vulkan compute path
[1791305609693][info][render][code=0] Character IBL: GPU-prefiltered environment mip chain
[1791305609694][info][render][code=0] Character skinning and morph: Vulkan compute path
[1791305610430][info][render][code=0] Character IBL: GPU-prefiltered environment mip chain
[1791305610431][info][render][code=0] Character skinning and morph: Vulkan compute path
[1791305610862][info][render][code=0] Character IBL: GPU-prefiltered environment mip chain
[1791305610863][info][render][code=0] Character skinning and morph: Vulkan compute path
[1791305611953][info][editor][code=0] Opened scene: inspection
[1791305611954][info][editor][code=0] Selected node: preview-invalidation-fixture
[1791305611956][info][editor][code=0] Asset reload requested; changed files: 0
[1791305611991][info][render][code=0] Character IBL: GPU-prefiltered environment mip chain
[1791305611992][info][render][code=0] Character skinning and morph: Vulkan compute path
[1791305611993][info][editor][code=0] Renderer resources reloaded
[1791305612143][info][editor][code=0] Undo
[1791305612145][info][editor][code=0] Asset reload requested; changed files: 0
[1791305612177][info][render][code=0] Character IBL: GPU-prefiltered environment mip chain
[1791305612178][info][render][code=0] Character skinning and morph: Vulkan compute path
[1791305612179][info][editor][code=0] Renderer resources reloaded
[1791305618529][info][render][code=0] Character IBL: GPU-prefiltered environment mip chain
[1791305618530][info][render][code=0] Character skinning and morph: Vulkan compute path
[1791305620096][info][editor][code=0] Play started
[1791305620134][info][render][code=0] Character IBL: GPU-prefiltered environment mip chain
[1791305620136][info][render][code=0] Character skinning and morph: Vulkan compute path
[1791305620471][info][editor][code=0] Play stopped; edit state restored
[1791305620490][info][render][code=0] Character IBL: GPU-prefiltered environment mip chain
[1791305620492][info][render][code=0] Character skinning and morph: Vulkan compute path
[1791305622175][info][editor][code=0] Saved scene: D:\Assigment\2609\FYP\Project\AzureRender\build\evolution\r7\intel-devtools\inspector\Project with spaces\assets\inspection.azurelevel
