
 ©¦  \u26a0  Warning from the Material for MkDocs team
 ©¦
 ©¦  MkDocs 2.0, the underlying framework of Material for MkDocs,
 ©¦  will introduce backward-incompatible changes, including:
 ©¦
 ©¦  ¡Á All plugins will stop working ¨C the plugin system has been removed
 ©¦  ¡Á All theme overrides will break ¨C the theming system has been rewritten
 ©¦  ¡Á No migration path exists ¨C existing projects cannot be upgraded
 ©¦  ¡Á Closed contribution model ¨C community members can't report bugs
 ©¦  ¡Á Currently unlicensed ¨C unsuitable for production use
 ©¦
 ©¦  Our full analysis:
 ©¦
 ©¦  https://squidfunk.github.io/mkdocs-material/blog/2026/02/18/mkdocs-2.0/

INFO    -  Cleaning site directory
INFO    -  Building documentation to directory: D:\Assigment\2609\FYP\Project\AzureRender\build\evolution\r7\site-final
INFO    -  The following pages exist in the docs directory, but are not included in the "nav" configuration:
  - acceptance\r7\2026-10-06.md
  - audits\2026-10-03-blackhole-performance.md
  - plans\2026-10-03-r3-completion.md
  - plans\2026-10-03-r4-execution.md
  - plans\2026-10-04-playable-execution.md
  - plans\g1-implementation.md
  - plans\g2-implementation.md
  - plans\g3-implementation.md
  - plans\g4-implementation.md
INFO    -  Documentation built in 3.45 seconds
