[0/2] Re-checking globbed directories...
[1/56] Linking CXX executable AzureSkinningBatchTests.exe
[2/56] Linking CXX executable AzureGameplayPresentationTests.exe
[3/56] Linking CXX executable AzureResourceAccessProfileTests.exe
[4/56] Linking CXX executable AzureVisibilityPrototypeTests.exe
[5/56] Linking CXX executable AzureViewBatchingTests.exe
[6/56] Linking CXX executable AzureGeometryCompiler.exe
[7/56] Linking CXX executable AzureEngineSettingsTests.exe
[8/56] Linking CXX executable AzureVisibilityGpuTests.exe
[9/56] Linking CXX executable AzureRenderViewTests.exe
[10/56] Linking CXX executable AzureUiFoundationTests.exe
[11/56] Linking CXX executable AzureProceduralProcessTests.exe
[12/56] Linking CXX executable AzureRigTextTests.exe
[13/56] Linking CXX executable AzureHotReloadTests.exe
[14/56] Linking CXX executable AzureObservationTests.exe
[15/56] Linking CXX executable AzureProjectTests.exe
[16/56] Linking CXX executable AzureThumbnailTests.exe
[17/56] Linking CXX executable AzureValidationProbe.exe
[18/56] Linking CXX executable AzureModuleAssemblyTests.exe
[19/56] Linking CXX executable AzureProceduralGeometryTests.exe
[20/56] Linking CXX executable AzurePhysicsInputTests.exe
[21/56] cmd.exe /C "cd /D D:\Assigment\2609\FYP\Project\AzureRender\build\ninja-msvc-debug && C:\Users\23587\AppData\Local\Programs\Python\Python311\python.exe D:/Assigment/2609/FYP/Project/AzureRender/tools/generate_shader_types.py --description D:/Assigment/2609/FYP/Project/AzureRender/shaders/modules/shared-layout.json --cpp D:/Assigment/2609/FYP/Project/AzureRender/src/render/ShaderSharedTypes.hpp --slang D:/Assigment/2609/FYP/Project/AzureRender/shaders/modules/SharedTypes.slang --check"
[22/56] Linking CXX executable AzureGameUiTests.exe
[23/56] Linking CXX executable AzurePresentationRuntimeTests.exe
[24/56] Linking CXX executable AzureGameUiRendererTests.exe
[25/56] Linking CXX executable AzureEditorWorkspaceTests.exe
[26/56] Linking CXX executable AzureComponentRegistryTests.exe
[27/56] Linking CXX executable AzureGenerationManifestTests.exe
[28/56] Linking CXX executable AzureBrowRegionTests.exe
[29/56] Linking CXX executable AzureRuntimeLifecycleTests.exe
[30/56] Linking CXX executable AzureAnimationPoseTests.exe
[31/56] Linking CXX executable AzureShaderModuleTests.exe
[32/56] Linking CXX executable AzureShaderCompositionTests.exe
[33/56] Linking CXX executable AzureLocomotionTests.exe
[34/56] Linking CXX executable AzureSceneVisibilityTests.exe
[35/56] Linking CXX executable AzurePlayableQuestTests.exe
[36/56] Linking CXX executable AzureInteractionTests.exe
[37/56] Linking CXX executable AzureAssetLevelTests.exe
[38/56] Linking CXX executable AzureSystemCompositionTests.exe
[39/56] Linking CXX executable AzurePlayer.exe
[40/56] Linking CXX executable AzureThirdPersonTests.exe
[41/56] Linking CXX executable AzureScriptEntityTests.exe
[42/56] Linking CXX executable AzurePanelContextTests.exe
[43/56] Linking CXX executable AzureProposalControllerTests.exe
[44/56] Linking CXX executable AzureScriptRuntimeTests.exe
[45/56] Linking CXX executable AzureEditServiceTests.exe
[46/56] Linking CXX executable AzureProposalAdapterTests.exe
[47/56] Linking CXX executable AzureEditorObservationTests.exe
[48/56] Linking CXX executable AzureEditTransactionTests.exe
[49/56] Linking CXX executable AzureRegisteredComponentWorkflowTests.exe
[50/56] Linking CXX executable AzureEditorWorkflowTests.exe
[51/56] Linking CXX executable AzureRenderEditorSessionTests.exe
[52/56] Linking CXX executable AzureRegisteredComponentHost.exe
[53/56] Building CXX object CMakeFiles\AzureRenderFrameTaskSchedulerTests.dir\tests\FrameTaskSchedulerTests.cpp.obj
[54/56] Linking CXX executable AzureRender.exe
[55/56] Linking CXX executable AzureRenderFrameTaskSchedulerTests.exe
{"status": "passed", "manifest": "build\\ninja-msvc-debug\\build-provenance.json"}
