Cooling GPU: 65 C
Cooling GPU: 58 C
Cooling GPU: 56 C
standard-1 {"gpu": {"mean": 1.661178471111111, "p95": 2.2487488, "p99": 3.16706496}, "cpu": {"mean": 1.7833402777777747, "p95": 2.275889999999934, "p99": 2.770880999999763}, "physics": {"mean": 0.23544844444444443, "p95": 0.3238, "p99": 0.4077739999999999}, "passed": true}
Cooling GPU: 84 C
Cooling GPU: 56 C
standard-2 {"gpu": {"mean": 1.6382795377777777, "p95": 2.2779968, "p99": 2.7452063999999994}, "cpu": {"mean": 1.7960034444444435, "p95": 2.2847799999999854, "p99": 2.6660980000000265}, "physics": {"mean": 0.24182677777777778, "p95": 0.32692, "p99": 0.43772199999999994}, "passed": true}
Cooling GPU: 86 C
standard-3 {"gpu": {"mean": 1.6393769066666666, "p95": 2.1636832000000004, "p99": 2.6497142399999998}, "cpu": {"mean": 1.7966119999999985, "p95": 2.292424999999878, "p99": 2.764670999999979}, "physics": {"mean": 0.2348121111111111, "p95": 0.329715, "p99": 0.409721}, "passed": true}
Cooling GPU: 74 C
Cooling GPU: 56 C
editor-1 {"gpu": {"mean": 0.5665791288888888, "p95": 0.5945792, "p99": 0.7759168000000001}, "cpu": {"mean": 2.9330737777777776, "p95": 3.9062149999999978, "p99": 6.054539000000021}, "physics": {"mean": 0.22798833333333332, "p95": 0.3161, "p99": 0.4090599999999999}, "passed": true}
Cooling GPU: 66 C
editor-2 {"gpu": {"mean": 0.5622941511111111, "p95": 0.5866671999999999, "p99": 0.75456992}, "cpu": {"mean": 3.055886333333333, "p95": 4.082850000000009, "p99": 6.202629999999998}, "physics": {"mean": 0.24529116666666667, "p95": 0.33695499999999995, "p99": 0.46143899999999993}, "passed": true}
Cooling GPU: 70 C
editor-3 {"gpu": {"mean": 0.57675904, "p95": 0.7400415999999999, "p99": 0.83228864}, "cpu": {"mean": 2.9281820000000005, "p95": 3.786680000000009, "p99": 4.80932}, "physics": {"mean": 0.2307192777777778, "p95": 0.31953499999999996, "p99": 0.5216549999999998}, "passed": true}
Cooling GPU: 68 C
stress-1 {"gpu": {"mean": 2.225640462222222, "p95": 3.1648975999999998, "p99": 3.8173977599999995}, "cpu": {"mean": 3.3611790555555556, "p95": 4.067975000000003, "p99": 5.07423300000003}, "physics": {"mean": 0.7976316111111111, "p95": 0.97465, "p99": 1.210654}, "passed": true}
Cooling GPU: 77 C
Cooling GPU: 56 C
stress-2 {"gpu": {"mean": 2.19863664, "p95": 3.1417471999999997, "p99": 3.7787536}, "cpu": {"mean": 3.2443976666666665, "p95": 3.9138500000000107, "p99": 4.994634000000014}, "physics": {"mean": 0.7829736111111111, "p95": 0.9467099999999999, "p99": 1.2586719999999996}, "passed": true}
Cooling GPU: 76 C
stress-3 {"gpu": {"mean": 2.269928088888889, "p95": 3.2385536, "p99": 3.7864438399999996}, "cpu": {"mean": 3.2390874999999997, "p95": 3.904634999999954, "p99": 4.932804000000034}, "physics": {"mean": 0.7773389444444444, "p95": 0.9549249999999999, "p99": 1.206526}, "passed": true}
{"schemaVersion": 1, "passed": true, "gpuLimitMs": 16.6, "playerCpuLimitMs": 8, "editorCpuLimitMs": 10, "memoryObservation": "positive peak growth from the first observation in the latter half of process observations", "checks": [{"load": "standard", "round": 1, "passed": true, "gpuP95": 2.2487488, "cpuP95": 2.275889999999934, "physicsP95": 0.3238, "workingSetGrowth": 0.02393670971668138}, {"load": "standard", "round": 2, "passed": true, "gpuP95": 2.2779968, "cpuP95": 2.2847799999999854, "physicsP95": 0.32692, "workingSetGrowth": 0.02436067947271847}, {"load": "standard", "round": 3, "passed": true, "gpuP95": 2.1636832000000004, "cpuP95": 2.292424999999878, "physicsP95": 0.329715, "workingSetGrowth": 0.02411773640951198}, {"load": "editor", "round": 1, "passed": true, "gpuP95": 0.5945792, "cpuP95": 3.9062149999999978, "physicsP95": 0.3161, "workingSetGrowth": 0.0220803326156358}, {"load": "editor", "round": 2, "passed": true, "gpuP95": 0.5866671999999999, "cpuP95": 4.082850000000009, "physicsP95": 0.33695499999999995, "workingSetGrowth": 0.021437485143807944}, {"load": "editor", "round": 3, "passed": true, "gpuP95": 0.7400415999999999, "cpuP95": 3.786680000000009, "physicsP95": 0.31953499999999996, "workingSetGrowth": 0.023308842158601406}, {"load": "stress", "round": 1, "passed": true, "gpuP95": 3.1648975999999998, "cpuP95": 4.067975000000003, "physicsP95": 0.97465, "workingSetGrowth": 0.028225740165376267}, {"load": "stress", "round": 2, "passed": true, "gpuP95": 3.1417471999999997, "cpuP95": 3.9138500000000107, "physicsP95": 0.9467099999999999, "workingSetGrowth": 0.027463464520172787}, {"load": "stress", "round": 3, "passed": true, "gpuP95": 3.2385536, "cpuP95": 3.904634999999954, "physicsP95": 0.9549249999999999, "workingSetGrowth": 0.028065793581675047}]}
