Start testing: Oct 07 05:19 ?赤角∩?¯??～?米o㊣那℅?那㊣??
----------------------------------------------------------
114/131 Testing: AzureRender.NullRhiPass
114/131 Test: AzureRender.NullRhiPass
Command: "D:/Assigment/2609/FYP/Project/AzureRender/build/ninja-msvc-debug/AzureRenderNullRhiPassTests.exe"
Directory: D:/Assigment/2609/FYP/Project/AzureRender/build/ninja-msvc-debug
"AzureRender.NullRhiPass" start time: Oct 07 05:19 ?赤角∩?¯??～?米o㊣那℅?那㊣??
Output:
----------------------------------------------------------
[1791321548727][info][render][code=0] Blackhole bloom: fragment fallback path
Turntable foot pivot: [1.000000, -1.000000, 1.000000]
Asset path: D:/Assigment/2609/FYP/Project/AzureRender\assets_public\test_model.gltf
Loaded asset: 337 vertices, 900 indices, 3 primitives, 4 materials
Material Class v1 inventory:
  [0] PublicTestMaterial -> generic, flags=0x20, source=asset-extras
  [1] PublicTestMaterialB -> generic, flags=0x20, source=asset-extras
  [2] FallbackMaterial -> generic, flags=0x20, source=fallback/inferred
  [3] AzureRender_ShowcasePlatform -> showcase, flags=0x0, source=asset-extras
Skinning: enabled, 1 joint matrices, 1 Morph targets
Morph weights: 0.000000, 0.000000
Animations: 1 (playing "MorphJointPulse", 0.250000 s loop)
[1791321548735][info][render][code=0] Character texture access: fixed, requested slots=35, stage sampler limit=4096
[1791321548751][info][render][code=0] Character IBL: hardware mip fallback path
[1791321548755][info][render][code=0] Character skinning and morph: vertex-shader fallback path
Clustered lighting: 0 lights, 0 cluster references
Turntable foot pivot: [1.000000, -1.000000, 1.000000]
Asset path: D:/Assigment/2609/FYP/Project/AzureRender\assets_public\test_model.gltf
Loaded asset: 337 vertices, 900 indices, 3 primitives, 4 materials
Material Class v1 inventory:
  [0] PublicTestMaterial -> generic, flags=0x20, source=asset-extras
  [1] PublicTestMaterialB -> generic, flags=0x20, source=asset-extras
  [2] FallbackMaterial -> generic, flags=0x20, source=fallback/inferred
  [3] AzureRender_ShowcasePlatform -> showcase, flags=0x0, source=asset-extras
Skinning: enabled, 1 joint matrices, 1 Morph targets
Morph weights: 0.000000, 0.000000
Animations: 1 (playing "MorphJointPulse", 0.250000 s loop)
[1791321548763][info][render][code=0] Character texture access: indexed, requested slots=35, stage sampler limit=4096
[1791321548780][info][render][code=0] Character IBL: hardware mip fallback path
[1791321548783][info][render][code=0] Character skinning and morph: vertex-shader fallback path
Clustered lighting: 0 lights, 0 cluster references
Turntable foot pivot: [1.000000, -1.000000, 1.000000]
Asset path: D:/Assigment/2609/FYP/Project/AzureRender\assets_public\test_model.gltf
Loaded asset: 337 vertices, 900 indices, 3 primitives, 4 materials
Material Class v1 inventory:
  [0] PublicTestMaterial -> generic, flags=0x20, source=asset-extras
  [1] PublicTestMaterialB -> generic, flags=0x20, source=asset-extras
  [2] FallbackMaterial -> generic, flags=0x20, source=fallback/inferred
  [3] AzureRender_ShowcasePlatform -> showcase, flags=0x0, source=asset-extras
Skinning: enabled, 1 joint matrices, 1 Morph targets
Morph weights: 0.000000, 0.000000
Animations: 1 (playing "MorphJointPulse", 0.250000 s loop)
[1791321548790][info][render][code=0] Character texture access: indexed, requested slots=35, stage sampler limit=4096
[1791321548805][info][render][code=0] Character IBL: hardware mip fallback path
[1791321548809][info][render][code=0] Character skinning and morph: vertex-shader fallback path
Clustered lighting: 0 lights, 0 cluster references
Turntable foot pivot: [1.000000, -1.000000, 1.000000]
Asset path: D:/Assigment/2609/FYP/Project/AzureRender\assets_public\test_model.gltf
Loaded asset: 337 vertices, 900 indices, 3 primitives, 4 materials
Material Class v1 inventory:
  [0] PublicTestMaterial -> generic, flags=0x20, source=asset-extras
  [1] PublicTestMaterialB -> generic, flags=0x20, source=asset-extras
  [2] FallbackMaterial -> generic, flags=0x20, source=fallback/inferred
  [3] AzureRender_ShowcasePlatform -> showcase, flags=0x0, source=asset-extras
Skinning: enabled, 1 joint matrices, 1 Morph targets
Morph weights: 0.000000, 0.000000
Animations: 1 (playing "MorphJointPulse", 0.250000 s loop)
[1791321548816][info][render][code=0] Character texture access: indexed, requested slots=35, stage sampler limit=4096
[1791321548831][info][render][code=0] Character IBL: hardware mip fallback path
[1791321548835][info][render][code=0] Character skinning and morph: vertex-shader fallback path
Clustered lighting: 0 lights, 0 cluster references
Turntable foot pivot: [1.000000, -1.000000, 1.000000]
Asset path: D:/Assigment/2609/FYP/Project/AzureRender\assets_public\test_model.gltf
Loaded asset: 337 vertices, 900 indices, 3 primitives, 4 materials
Material Class v1 inventory:
  [0] PublicTestMaterial -> generic, flags=0x20, source=asset-extras
  [1] PublicTestMaterialB -> generic, flags=0x20, source=asset-extras
  [2] FallbackMaterial -> generic, flags=0x20, source=fallback/inferred
  [3] AzureRender_ShowcasePlatform -> showcase, flags=0x0, source=asset-extras
Skinning: enabled, 1 joint matrices, 1 Morph targets
Morph weights: 0.000000, 0.000000
Animations: 1 (playing "MorphJointPulse", 0.250000 s loop)
[1791321548842][info][render][code=0] Character texture access: indexed, requested slots=35, stage sampler limit=35
[1791321548857][info][render][code=0] Character IBL: hardware mip fallback path
[1791321548861][info][render][code=0] Character skinning and morph: vertex-shader fallback path
Clustered lighting: 0 lights, 0 cluster references
Turntable foot pivot: [1.000000, -1.000000, 1.000000]
Asset path: D:/Assigment/2609/FYP/Project/AzureRender\assets_public\test_model.gltf
Loaded asset: 337 vertices, 900 indices, 3 primitives, 4 materials
Material Class v1 inventory:
  [0] PublicTestMaterial -> generic, flags=0x20, source=asset-extras
  [1] PublicTestMaterialB -> generic, flags=0x20, source=asset-extras
  [2] FallbackMaterial -> generic, flags=0x20, source=fallback/inferred
  [3] AzureRender_ShowcasePlatform -> showcase, flags=0x0, source=asset-extras
Skinning: enabled, 1 joint matrices, 1 Morph targets
Morph weights: 0.000000, 0.000000
Animations: 1 (playing "MorphJointPulse", 0.250000 s loop)
[1791321548869][info][render][code=0] Character texture access: fixed, requested slots=35, stage sampler limit=34
[1791321548884][info][render][code=0] Character IBL: hardware mip fallback path
[1791321548887][info][render][code=0] Character skinning and morph: vertex-shader fallback path
Clustered lighting: 0 lights, 0 cluster references
Turntable foot pivot: [1.000000, -1.000000, 1.000000]
Asset path: D:/Assigment/2609/FYP/Project/AzureRender\assets_public\test_model.gltf
Loaded asset: 337 vertices, 900 indices, 3 primitives, 4 materials
Material Class v1 inventory:
  [0] PublicTestMaterial -> generic, flags=0x20, source=asset-extras
  [1] PublicTestMaterialB -> generic, flags=0x20, source=asset-extras
  [2] FallbackMaterial -> generic, flags=0x20, source=fallback/inferred
  [3] AzureRender_ShowcasePlatform -> showcase, flags=0x0, source=asset-extras
Skinning: enabled, 1 joint matrices, 1 Morph targets
Morph weights: 0.000000, 0.000000
Animations: 1 (playing "MorphJointPulse", 0.250000 s loop)
[1791321548895][info][render][code=0] Character texture access: fixed, requested slots=35, stage sampler limit=35
[1791321548911][info][render][code=0] Character IBL: hardware mip fallback path
[1791321548914][info][render][code=0] Character skinning and morph: vertex-shader fallback path
Clustered lighting: 0 lights, 0 cluster references
Turntable foot pivot: [1.000000, -1.000000, 1.000000]
Asset path: D:/Assigment/2609/FYP/Project/AzureRender\assets_public\test_model.gltf
Loaded asset: 337 vertices, 900 indices, 3 primitives, 4 materials
Material Class v1 inventory:
  [0] PublicTestMaterial -> generic, flags=0x20, source=asset-extras
  [1] PublicTestMaterialB -> generic, flags=0x20, source=asset-extras
  [2] FallbackMaterial -> generic, flags=0x20, source=fallback/inferred
  [3] AzureRender_ShowcasePlatform -> showcase, flags=0x0, source=asset-extras
Skinning: enabled, 1 joint matrices, 1 Morph targets
Morph weights: 0.000000, 0.000000
Animations: 1 (playing "MorphJointPulse", 0.250000 s loop)
[1791321548922][info][render][code=0] Character texture access: fixed, requested slots=35, stage sampler limit=35
[1791321548938][info][render][code=0] Character IBL: hardware mip fallback path
[1791321548942][info][render][code=0] Character skinning and morph: vertex-shader fallback path
Clustered lighting: 0 lights, 0 cluster references
Turntable foot pivot: [1.000000, -1.000000, 1.000000]
Asset path: D:/Assigment/2609/FYP/Project/AzureRender\assets_public\test_model.gltf
Loaded asset: 337 vertices, 900 indices, 3 primitives, 4 materials
Material Class v1 inventory:
  [0] PublicTestMaterial -> generic, flags=0x20, source=asset-extras
  [1] PublicTestMaterialB -> generic, flags=0x20, source=asset-extras
  [2] FallbackMaterial -> generic, flags=0x20, source=fallback/inferred
  [3] AzureRender_ShowcasePlatform -> showcase, flags=0x0, source=asset-extras
Skinning: enabled, 1 joint matrices, 1 Morph targets
Morph weights: 0.000000, 0.000000
Animations: 1 (playing "MorphJointPulse", 0.250000 s loop)
[1791321548949][info][render][code=0] Character texture access: fixed, requested slots=35, stage sampler limit=35
[1791321548964][info][render][code=0] Character IBL: hardware mip fallback path
[1791321548968][info][render][code=0] Character skinning and morph: vertex-shader fallback path
Clustered lighting: 0 lights, 0 cluster references
Turntable foot pivot: [1.000000, -1.000000, 1.000000]
Asset path: D:/Assigment/2609/FYP/Project/AzureRender\assets_public\test_model.gltf
Loaded asset: 337 vertices, 900 indices, 3 primitives, 4 materials
Material Class v1 inventory:
  [0] PublicTestMaterial -> generic, flags=0x20, source=asset-extras
  [1] PublicTestMaterialB -> generic, flags=0x20, source=asset-extras
  [2] FallbackMaterial -> generic, flags=0x20, source=fallback/inferred
  [3] AzureRender_ShowcasePlatform -> showcase, flags=0x0, source=asset-extras
Skinning: enabled, 1 joint matrices, 1 Morph targets
Morph weights: 0.000000, 0.000000
Animations: 1 (playing "MorphJointPulse", 0.250000 s loop)
[1791321548975][info][render][code=0] Character texture access: fixed, requested slots=35, stage sampler limit=35
[1791321548991][info][render][code=0] Character IBL: hardware mip fallback path
[1791321548995][info][render][code=0] Character skinning and morph: vertex-shader fallback path
Clustered lighting: 0 lights, 0 cluster references
Turntable foot pivot: [1.000000, -1.000000, 1.000000]
Asset path: D:/Assigment/2609/FYP/Project/AzureRender\assets_public\test_model.gltf
Loaded asset: 337 vertices, 900 indices, 3 primitives, 4 materials
Material Class v1 inventory:
  [0] PublicTestMaterial -> generic, flags=0x20, source=asset-extras
  [1] PublicTestMaterialB -> generic, flags=0x20, source=asset-extras
  [2] FallbackMaterial -> generic, flags=0x20, source=fallback/inferred
  [3] AzureRender_ShowcasePlatform -> showcase, flags=0x0, source=asset-extras
Skinning: enabled, 1 joint matrices, 1 Morph targets
Morph weights: 0.000000, 0.000000
Animations: 1 (playing "MorphJointPulse", 0.250000 s loop)
[1791321549003][info][render][code=0] Character texture access: fixed, requested slots=35, stage sampler limit=0
[1791321549018][info][render][code=0] Character IBL: hardware mip fallback path
[1791321549021][info][render][code=0] Character skinning and morph: vertex-shader fallback path
Clustered lighting: 0 lights, 0 cluster references
Turntable foot pivot: [1.000000, -1.000000, 1.000000]
Asset path: D:/Assigment/2609/FYP/Project/AzureRender\assets_public\test_model.gltf
Loaded asset: 337 vertices, 900 indices, 3 primitives, 4 materials
Material Class v1 inventory:
  [0] PublicTestMaterial -> generic, flags=0x20, source=asset-extras
  [1] PublicTestMaterialB -> generic, flags=0x20, source=asset-extras
  [2] FallbackMaterial -> generic, flags=0x20, source=fallback/inferred
  [3] AzureRender_ShowcasePlatform -> showcase, flags=0x0, source=asset-extras
Skinning: enabled, 1 joint matrices, 1 Morph targets
Morph weights: 0.000000, 0.000000
Animations: 1 (playing "MorphJointPulse", 0.250000 s loop)
[1791321549029][info][render][code=0] Character texture access: indexed, requested slots=35, stage sampler limit=4096
[1791321549045][info][render][code=0] Character IBL: hardware mip fallback path
[1791321549049][info][render][code=0] Character skinning and morph: vertex-shader fallback path
Clustered lighting: 0 lights, 0 cluster references
Turntable foot pivot: [1.000000, -1.000000, 1.000000]
Asset path: D:/Assigment/2609/FYP/Project/AzureRender\assets_public\test_model.gltf
Loaded asset: 337 vertices, 900 indices, 3 primitives, 4 materials
Material Class v1 inventory:
  [0] PublicTestMaterial -> generic, flags=0x20, source=asset-extras
  [1] PublicTestMaterialB -> generic, flags=0x20, source=asset-extras
  [2] FallbackMaterial -> generic, flags=0x20, source=fallback/inferred
  [3] AzureRender_ShowcasePlatform -> showcase, flags=0x0, source=asset-extras
Skinning: enabled, 1 joint matrices, 1 Morph targets
Morph weights: 0.000000, 0.000000
Animations: 1 (playing "MorphJointPulse", 0.250000 s loop)
[1791321549055][info][render][code=0] Character texture access: indexed, requested slots=35, stage sampler limit=4096
[1791321549071][info][render][code=0] Character IBL: hardware mip fallback path
[1791321549074][info][render][code=0] Character skinning and morph: vertex-shader fallback path
Clustered lighting: 0 lights, 0 cluster references
computeSkinning test context enabled, nodes=2
Turntable foot pivot: [1.000000, -1.000000, 1.000000]
Asset path: D:/Assigment/2609/FYP/Project/AzureRender\assets_public\test_model.gltf
Loaded asset: 337 vertices, 900 indices, 3 primitives, 4 materials
Material Class v1 inventory:
  [0] PublicTestMaterial -> generic, flags=0x20, source=asset-extras
  [1] PublicTestMaterialB -> generic, flags=0x20, source=asset-extras
  [2] FallbackMaterial -> generic, flags=0x20, source=fallback/inferred
  [3] AzureRender_ShowcasePlatform -> showcase, flags=0x0, source=asset-extras
Skinning: enabled, 1 joint matrices, 1 Morph targets
Morph weights: 0.000000, 0.000000
Animations: 1 (playing "MorphJointPulse", 0.250000 s loop)
[1791321549082][info][render][code=0] Character texture access: indexed, requested slots=35, stage sampler limit=4096
[1791321549096][info][render][code=0] Character IBL: hardware mip fallback path
[1791321549100][info][render][code=0] Character skinning and morph: Vulkan compute path
Clustered lighting: 0 lights, 0 cluster references
computeSkinning test context enabled, nodes=32
Turntable foot pivot: [1.000000, -1.000000, 1.000000]
Asset path: D:/Assigment/2609/FYP/Project/AzureRender\assets_public\test_model.gltf
Loaded asset: 337 vertices, 900 indices, 3 primitives, 4 materials
Material Class v1 inventory:
  [0] PublicTestMaterial -> generic, flags=0x20, source=asset-extras
  [1] PublicTestMaterialB -> generic, flags=0x20, source=asset-extras
  [2] FallbackMaterial -> generic, flags=0x20, source=fallback/inferred
  [3] AzureRender_ShowcasePlatform -> showcase, flags=0x0, source=asset-extras
Skinning: enabled, 1 joint matrices, 1 Morph targets
Morph weights: 0.000000, 0.000000
Animations: 1 (playing "MorphJointPulse", 0.250000 s loop)
[1791321549108][info][render][code=0] Character texture access: indexed, requested slots=35, stage sampler limit=4096
[1791321549124][info][render][code=0] Character IBL: hardware mip fallback path
[1791321549128][info][render][code=0] Character skinning and morph: Vulkan compute path
Clustered lighting: 0 lights, 0 cluster references
Contiguous pose slices must share a two-dimensional skinning dispatch
<end of output>
Test time =   0.49 sec
----------------------------------------------------------
Test Failed.
"AzureRender.NullRhiPass" end time: Oct 07 05:19 ?赤角∩?¯??～?米o㊣那℅?那㊣??
"AzureRender.NullRhiPass" time elapsed: 00:00:00
----------------------------------------------------------

End testing: Oct 07 05:19 ?赤角∩?¯??～?米o㊣那℅?那㊣??
