[0/2] Re-checking globbed directories...
[1/2] Re-running CMake...
-- Running vcpkg install
Detecting compiler hash for triplet x64-windows...
Compiler found: D:/Visual Studio/2022/VC/Tools/MSVC/14.44.35207/bin/Hostx64/x64/cl.exe
The following packages are already installed:
  * brotli:x64-windows@1.2.0
  * bzip2[core,tool]:x64-windows@1.0.8#6
  * clipper2:x64-windows@2.0.1
  * freetype[core,zlib,png,bzip2,brotli]:x64-windows@2.14.3
    glfw3:x64-windows@3.5.1
  * hwloc:x64-windows@2.11.2
  * imath:x64-windows@3.2.2
  * itlib:x64-windows@1.12.2
    joltphysics:x64-windows@5.6.0
  * libdeflate[core,zlib,gzip,decompression,compression]:x64-windows@1.25
  * libpng:x64-windows@1.6.58
    lua:x64-windows@5.4.8
    manifold:x64-windows@3.5.2
    miniaudio:x64-windows@0.11.25
  * nlohmann-json:x64-windows@3.12.0#2
    openexr:x64-windows@3.4.13
  * openjph:x64-windows@0.31.0
    rmlui[core,freetype]:x64-windows@6.3
  * robin-hood-hashing:x64-windows@3.11.5#2
    sol2:x64-windows@3.5.0#1
    stb:x64-windows@2024-07-29#1
  * tbb[core,hwloc]:x64-windows@2023.1.0
    tinygltf:x64-windows@3.0.0#1
  * vcpkg-cmake:x64-windows@2024-04-23
  * vcpkg-cmake-config:x64-windows@2026-07-21
    vulkan-memory-allocator:x64-windows@3.4.0
  * zlib:x64-windows@1.3.2#1
glfw3 provides CMake targets:

  # this is heuristically generated, and may not be correct
  find_package(glfw3 CONFIG REQUIRED)
  target_link_libraries(main PRIVATE glfw)

glfw3 provides pkg-config modules:

  # A multi-platform library for OpenGL, window and input
  glfw3

joltphysics provides CMake targets:

  # this is heuristically generated, and may not be correct
  find_package(Jolt CONFIG REQUIRED)
  target_link_libraries(main PRIVATE Jolt::Jolt)

Use this package via the module FindLua that comes with CMake. To use in your CMakeLists.txt:

    find_package(Lua REQUIRED)
    target_include_directories(main PRIVATE ${LUA_INCLUDE_DIR})
    target_link_libraries(main PRIVATE ${LUA_LIBRARIES})

manifold provides CMake targets:

  find_package(manifold CONFIG REQUIRED)
  target_link_libraries(main PRIVATE manifold::manifold)

miniaudio is header-only and can be used from CMake via:

  find_path(MINIAUDIO_INCLUDE_DIRS "miniaudio.h")
  target_include_directories(main PRIVATE ${MINIAUDIO_INCLUDE_DIRS})

openexr provides CMake targets:

    find_package(OpenEXR CONFIG REQUIRED)
    target_link_libraries(main PRIVATE OpenEXR::OpenEXR)

rmlui provides CMake targets:

    find_package(RmlUi CONFIG REQUIRED)
    target_link_libraries(main PRIVATE RmlUi::RmlUi)

sol2 provides CMake targets:

  # this is heuristically generated, and may not be correct
  find_package(sol2 CONFIG REQUIRED)
  target_link_libraries(main PRIVATE sol2::sol2)

sol2 provides pkg-config modules:

  # C++ <-> Lua Wrapper Library
  sol2

The package stb provides CMake targets:

    find_package(Stb REQUIRED)
    target_include_directories(main PRIVATE ${Stb_INCLUDE_DIR})
tinygltf is header-only and can be used from CMake via:

  find_path(TINYGLTF_INCLUDE_DIRS "tiny_gltf.h")
  target_include_directories(main PRIVATE ${TINYGLTF_INCLUDE_DIRS})

VulkanMemoryAllocator provides official find_package support. However, it requires the user to provide the include directory containing `vulkan/vulkan.h`. There are multiple ways to achieve this and VulkanMemoryAllocator is compatible with all of them.

    find_package(Vulkan) # https://cmake.org/cmake/help/latest/module/FindVulkan.html, CMake 3.21+
    find_package(VulkanMemoryAllocator CONFIG REQUIRED)
    target_link_libraries(main PRIVATE Vulkan::Vulkan GPUOpen::VulkanMemoryAllocator)

or

    find_package(Vulkan) # CMake 3.21+
    find_package(VulkanMemoryAllocator CONFIG REQUIRED)
    target_link_libraries(main PRIVATE Vulkan::Headers GPUOpen::VulkanMemoryAllocator)

or

    find_package(VulkanHeaders CONFIG) # From the vulkan-headers port
    find_package(VulkanMemoryAllocator CONFIG REQUIRED)
    target_link_libraries(main PRIVATE Vulkan::Headers GPUOpen::VulkanMemoryAllocator)

See the documentation for more information on setting up your project: https://gpuopen-librariesandsdks.github.io/VulkanMemoryAllocator/html/index.html

All requested installations completed successfully in: 458 us
-- Running vcpkg install - done
-- Found Freetype target Freetype::Freetype - Freetype font engine enabled
-- Configuring done
-- Generating done
-- Build files have been written to: D:/Assigment/2609/FYP/Project/AzureRender/build/ninja-msvc-debug
[0/4] Re-checking globbed directories...
[1/5] Building CXX object CMakeFiles\AzureViewBatchingTests.dir\tests\ViewBatchingTests.cpp.obj
FAILED: [code=2] CMakeFiles/AzureViewBatchingTests.dir/tests/ViewBatchingTests.cpp.obj 
"D:\Visual Studio\2022\VC\Tools\MSVC\14.44.35207\bin\Hostx64\x64\cl.exe"  /nologo /TP -DAZURERENDER_ENABLE_VALIDATION=1 -DAZURERENDER_VERSION=\"0.1.0-rc1\" -DGLFW_INCLUDE_VULKAN -DIMATH_DLL -DOPENEXR_DLL -I..\..\src -Ivcpkg_installed\x64-windows\include -IC:\VulkanSDK\1.4.350.0\include -Ivcpkg_installed\x64-windows\include\vma -Ivcpkg_installed\x64-windows\include\OpenEXR -Ivcpkg_installed\x64-windows\include\Imath -MDd /EHsc /utf-8 /W4 /WX /permissive- /wd4127 /wd4456 /wd4996 -std:c++17 /showIncludes /FoCMakeFiles\AzureViewBatchingTests.dir\tests\ViewBatchingTests.cpp.obj /FdCMakeFiles\AzureViewBatchingTests.dir\ /FS -c ..\..\tests\ViewBatchingTests.cpp
..\..\tests\ViewBatchingTests.cpp(15): error C3861: “visibleInstanceSpans”: 找不到标识符
..\..\tests\ViewBatchingTests.cpp(16): error C3861: “visibleInstanceSpans”: 找不到标识符
..\..\tests\ViewBatchingTests.cpp(17): error C2677: 二进制“!=”: 没有找到接受“std::vector<std::array<uint32_t,3>,std::allocator<std::array<uint32_t,3>>>”类型的全局运算符(或没有可接受的转换)
D:\Visual Studio\2022\VC\Tools\MSVC\14.44.35207\include\utility(519): note: 可能是“bool std::operator !=(const std::pair<_Ty1,_Ty2> &,const std::pair<_Uty1,_Uty2> &)”
..\..\tests\ViewBatchingTests.cpp(17): note: “bool std::operator !=(const std::pair<_Ty1,_Ty2> &,const std::pair<_Uty1,_Uty2> &)”: 无法从“const <error type>”推导出“const std::pair<_Ty1,_Ty2> &”的 模板 参数
D:\Visual Studio\2022\VC\Tools\MSVC\14.44.35207\include\xutility(1908): note: 或    “bool std::operator !=(const std::reverse_iterator<_BidIt> &,const std::reverse_iterator<_BidIt2> &) noexcept(<expr>)”
..\..\tests\ViewBatchingTests.cpp(17): note: “bool std::operator !=(const std::reverse_iterator<_BidIt> &,const std::reverse_iterator<_BidIt2> &) noexcept(<expr>)”: 无法从“const <error type>”推导出“const std::reverse_iterator<_BidIt> &”的 模板 参数
D:\Visual Studio\2022\VC\Tools\MSVC\14.44.35207\include\xutility(4471): note: 或    “bool std::operator !=(const std::move_iterator<_Iter> &,const std::move_iterator<_Iter2> &) noexcept(<expr>)”
..\..\tests\ViewBatchingTests.cpp(17): note: “bool std::operator !=(const std::move_iterator<_Iter> &,const std::move_iterator<_Iter2> &) noexcept(<expr>)”: 无法从“const <error type>”推导出“const std::move_iterator<_Iter> &”的 模板 参数
D:\Visual Studio\2022\VC\Tools\MSVC\14.44.35207\include\array(790): note: 或    “bool std::operator !=(const std::array<_Ty,_Size> &,const std::array<_Ty,_Size> &)”
..\..\tests\ViewBatchingTests.cpp(17): note: “bool std::operator !=(const std::array<_Ty,_Size> &,const std::array<_Ty,_Size> &)”: 无法从“const <error type>”推导出“const std::array<_Ty,_Size> &”的 模板 参数
D:\Visual Studio\2022\VC\Tools\MSVC\14.44.35207\include\__msvc_string_view.hpp(1870): note: 或    “bool std::operator !=(const std::basic_string_view<_Elem,_Traits>,const std::basic_string_view<_Elem,_Traits>) noexcept”
..\..\tests\ViewBatchingTests.cpp(17): note: “bool std::operator !=(const std::basic_string_view<_Elem,_Traits>,const std::basic_string_view<_Elem,_Traits>) noexcept”: 无法从“const <error type>”推导出“const std::basic_string_view<_Elem,_Traits>”的 模板 参数
D:\Visual Studio\2022\VC\Tools\MSVC\14.44.35207\include\__msvc_string_view.hpp(1876): note: 或    “bool std::operator !=(const _Identity<std::basic_string_view<_Elem,_Traits>>::type,const std::basic_string_view<_Elem,_Traits>) noexcept”
..\..\tests\ViewBatchingTests.cpp(17): note: “bool std::operator !=(const _Identity<std::basic_string_view<_Elem,_Traits>>::type,const std::basic_string_view<_Elem,_Traits>) noexcept”: 无法从“std::vector<std::array<uint32_t,3>,std::allocator<std::array<uint32_t,3>>>”推导出“const std::basic_string_view<_Elem,_Traits>”的 模板 参数
D:\Visual Studio\2022\VC\Tools\MSVC\14.44.35207\include\__msvc_string_view.hpp(1882): note: 或    “bool std::operator !=(const std::basic_string_view<_Elem,_Traits>,const _Identity<std::basic_string_view<_Elem,_Traits>>::type) noexcept”
..\..\tests\ViewBatchingTests.cpp(17): note: “bool std::operator !=(const std::basic_string_view<_Elem,_Traits>,const _Identity<std::basic_string_view<_Elem,_Traits>>::type) noexcept”: 无法从“const <error type>”推导出“const std::basic_string_view<_Elem,_Traits>”的 模板 参数
D:\Visual Studio\2022\VC\Tools\MSVC\14.44.35207\include\xmemory(1056): note: 或    “bool std::operator !=(const std::allocator<_Ty> &,const std::allocator<_Other> &) noexcept”
..\..\tests\ViewBatchingTests.cpp(17): note: “bool std::operator !=(const std::allocator<_Ty> &,const std::allocator<_Other> &) noexcept”: 无法从“const <error type>”推导出“const std::allocator<_Ty> &”的 模板 参数
D:\Visual Studio\2022\VC\Tools\MSVC\14.44.35207\include\tuple(858): note: 或    “bool std::operator !=(const std::tuple<_Types...> &,const std::tuple<_Types...> &)”
..\..\tests\ViewBatchingTests.cpp(17): note: “bool std::operator !=(const std::tuple<_Types...> &,const std::tuple<_Types...> &)”: 无法从“const <error type>”推导出“const std::tuple<_Types...> &”的 模板 参数
D:\Visual Studio\2022\VC\Tools\MSVC\14.44.35207\include\xstring(3288): note: 或    “bool std::operator !=(const std::basic_string<_Elem,_Traits,_Alloc> &,const std::basic_string<_Elem,_Traits,_Alloc> &) noexcept”
..\..\tests\ViewBatchingTests.cpp(17): note: “bool std::operator !=(const std::basic_string<_Elem,_Traits,_Alloc> &,const std::basic_string<_Elem,_Traits,_Alloc> &) noexcept”: 无法从“const <error type>”推导出“const std::basic_string<_Elem,_Traits,_Alloc> &”的 模板 参数
D:\Visual Studio\2022\VC\Tools\MSVC\14.44.35207\include\xstring(3294): note: 或    “bool std::operator !=(const _Elem *const ,const std::basic_string<_Elem,_Traits,_Alloc> &) noexcept”
..\..\tests\ViewBatchingTests.cpp(17): note: “bool std::operator !=(const _Elem *const ,const std::basic_string<_Elem,_Traits,_Alloc> &) noexcept”: 无法从“const <error type>”推导出“const _Elem *const ”的 模板 参数
D:\Visual Studio\2022\VC\Tools\MSVC\14.44.35207\include\xstring(3300): note: 或    “bool std::operator !=(const std::basic_string<_Elem,_Traits,_Alloc> &,const _Elem *const ) noexcept”
..\..\tests\ViewBatchingTests.cpp(17): note: “bool std::operator !=(const std::basic_string<_Elem,_Traits,_Alloc> &,const _Elem *const ) noexcept”: 无法从“const <error type>”推导出“const std::basic_string<_Elem,_Traits,_Alloc> &”的 模板 参数
D:\Visual Studio\2022\VC\Tools\MSVC\14.44.35207\include\vector(2281): note: 或    “bool std::operator !=(const std::vector<_Ty,_Alloc> &,const std::vector<_Ty,_Alloc> &)”
..\..\tests\ViewBatchingTests.cpp(17): note: “bool std::operator !=(const std::vector<_Ty,_Alloc> &,const std::vector<_Ty,_Alloc> &)”: 无法从“const <error type>”推导出“const std::vector<_Ty,_Alloc> &”的 模板 参数
D:\Visual Studio\2022\VC\Tools\MSVC\14.44.35207\include\iterator(311): note: 或    “bool std::operator !=(const std::istream_iterator<_Ty,_Elem,_Traits,_Diff> &,const std::istream_iterator<_Ty,_Elem,_Traits,_Diff> &) noexcept”
..\..\tests\ViewBatchingTests.cpp(17): note: “bool std::operator !=(const std::istream_iterator<_Ty,_Elem,_Traits,_Diff> &,const std::istream_iterator<_Ty,_Elem,_Traits,_Diff> &) noexcept”: 无法从“const <error type>”推导出“const std::istream_iterator<_Ty,_Elem,_Traits,_Diff> &”的 模板 参数
D:\Visual Studio\2022\VC\Tools\MSVC\14.44.35207\include\iterator(493): note: 或    “bool std::operator !=(const std::istreambuf_iterator<_Elem,_Traits> &,const std::istreambuf_iterator<_Elem,_Traits> &)”
..\..\tests\ViewBatchingTests.cpp(17): note: “bool std::operator !=(const std::istreambuf_iterator<_Elem,_Traits> &,const std::istreambuf_iterator<_Elem,_Traits> &)”: 无法从“const <error type>”推导出“const std::istreambuf_iterator<_Elem,_Traits> &”的 模板 参数
D:\Visual Studio\2022\VC\Tools\MSVC\14.44.35207\include\memory(1891): note: 或    “bool std::operator !=(const std::shared_ptr<_Ty> &,const std::shared_ptr<_Ty0> &) noexcept”
..\..\tests\ViewBatchingTests.cpp(17): note: “bool std::operator !=(const std::shared_ptr<_Ty> &,const std::shared_ptr<_Ty0> &) noexcept”: 无法从“const <error type>”推导出“const std::shared_ptr<_Ty> &”的 模板 参数
D:\Visual Studio\2022\VC\Tools\MSVC\14.44.35207\include\memory(1933): note: 或    “bool std::operator !=(const std::shared_ptr<_Ty> &,std::nullptr_t) noexcept”
..\..\tests\ViewBatchingTests.cpp(17): note: “bool std::operator !=(const std::shared_ptr<_Ty> &,std::nullptr_t) noexcept”: 无法从“const <error type>”推导出“const std::shared_ptr<_Ty> &”的 模板 参数
D:\Visual Studio\2022\VC\Tools\MSVC\14.44.35207\include\memory(1938): note: 或    “bool std::operator !=(std::nullptr_t,const std::shared_ptr<_Ty> &) noexcept”
..\..\tests\ViewBatchingTests.cpp(17): note: “bool std::operator !=(std::nullptr_t,const std::shared_ptr<_Ty> &) noexcept”: 无法从“std::vector<std::array<uint32_t,3>,std::allocator<std::array<uint32_t,3>>>”推导出“const std::shared_ptr<_Ty> &”的 模板 参数
D:\Visual Studio\2022\VC\Tools\MSVC\14.44.35207\include\memory(3672): note: 或    “bool std::operator !=(const std::unique_ptr<_Ty,_Dx> &,const std::unique_ptr<_Ty2,_Dx2> &)”
..\..\tests\ViewBatchingTests.cpp(17): note: “bool std::operator !=(const std::unique_ptr<_Ty,_Dx> &,const std::unique_ptr<_Ty2,_Dx2> &)”: 无法从“const <error type>”推导出“const std::unique_ptr<_Ty,_Dx> &”的 模板 参数
D:\Visual Studio\2022\VC\Tools\MSVC\14.44.35207\include\memory(3723): note: 或    “bool std::operator !=(const std::unique_ptr<_Ty,_Dx> &,std::nullptr_t) noexcept”
..\..\tests\ViewBatchingTests.cpp(17): note: “bool std::operator !=(const std::unique_ptr<_Ty,_Dx> &,std::nullptr_t) noexcept”: 无法从“const <error type>”推导出“const std::unique_ptr<_Ty,_Dx> &”的 模板 参数
D:\Visual Studio\2022\VC\Tools\MSVC\14.44.35207\include\memory(3728): note: 或    “bool std::operator !=(std::nullptr_t,const std::unique_ptr<_Ty,_Dx> &) noexcept”
..\..\tests\ViewBatchingTests.cpp(17): note: “bool std::operator !=(std::nullptr_t,const std::unique_ptr<_Ty,_Dx> &) noexcept”: 无法从“std::vector<std::array<uint32_t,3>,std::allocator<std::array<uint32_t,3>>>”推导出“const std::unique_ptr<_Ty,_Dx> &”的 模板 参数
..\..\tests\ViewBatchingTests.cpp(18): error C2677: 二进制“!=”: 没有找到接受“std::vector<std::array<uint32_t,3>,std::allocator<std::array<uint32_t,3>>>”类型的全局运算符(或没有可接受的转换)
D:\Visual Studio\2022\VC\Tools\MSVC\14.44.35207\include\utility(519): note: 可能是“bool std::operator !=(const std::pair<_Ty1,_Ty2> &,const std::pair<_Uty1,_Uty2> &)”
..\..\tests\ViewBatchingTests.cpp(18): note: “bool std::operator !=(const std::pair<_Ty1,_Ty2> &,const std::pair<_Uty1,_Uty2> &)”: 无法从“const <error type>”推导出“const std::pair<_Ty1,_Ty2> &”的 模板 参数
D:\Visual Studio\2022\VC\Tools\MSVC\14.44.35207\include\xutility(1908): note: 或    “bool std::operator !=(const std::reverse_iterator<_BidIt> &,const std::reverse_iterator<_BidIt2> &) noexcept(<expr>)”
..\..\tests\ViewBatchingTests.cpp(18): note: “bool std::operator !=(const std::reverse_iterator<_BidIt> &,const std::reverse_iterator<_BidIt2> &) noexcept(<expr>)”: 无法从“const <error type>”推导出“const std::reverse_iterator<_BidIt> &”的 模板 参数
D:\Visual Studio\2022\VC\Tools\MSVC\14.44.35207\include\xutility(4471): note: 或    “bool std::operator !=(const std::move_iterator<_Iter> &,const std::move_iterator<_Iter2> &) noexcept(<expr>)”
..\..\tests\ViewBatchingTests.cpp(18): note: “bool std::operator !=(const std::move_iterator<_Iter> &,const std::move_iterator<_Iter2> &) noexcept(<expr>)”: 无法从“const <error type>”推导出“const std::move_iterator<_Iter> &”的 模板 参数
D:\Visual Studio\2022\VC\Tools\MSVC\14.44.35207\include\array(790): note: 或    “bool std::operator !=(const std::array<_Ty,_Size> &,const std::array<_Ty,_Size> &)”
..\..\tests\ViewBatchingTests.cpp(18): note: “bool std::operator !=(const std::array<_Ty,_Size> &,const std::array<_Ty,_Size> &)”: 无法从“const <error type>”推导出“const std::array<_Ty,_Size> &”的 模板 参数
D:\Visual Studio\2022\VC\Tools\MSVC\14.44.35207\include\__msvc_string_view.hpp(1870): note: 或    “bool std::operator !=(const std::basic_string_view<_Elem,_Traits>,const std::basic_string_view<_Elem,_Traits>) noexcept”
..\..\tests\ViewBatchingTests.cpp(18): note: “bool std::operator !=(const std::basic_string_view<_Elem,_Traits>,const std::basic_string_view<_Elem,_Traits>) noexcept”: 无法从“const <error type>”推导出“const std::basic_string_view<_Elem,_Traits>”的 模板 参数
D:\Visual Studio\2022\VC\Tools\MSVC\14.44.35207\include\__msvc_string_view.hpp(1876): note: 或    “bool std::operator !=(const _Identity<std::basic_string_view<_Elem,_Traits>>::type,const std::basic_string_view<_Elem,_Traits>) noexcept”
..\..\tests\ViewBatchingTests.cpp(18): note: “bool std::operator !=(const _Identity<std::basic_string_view<_Elem,_Traits>>::type,const std::basic_string_view<_Elem,_Traits>) noexcept”: 无法从“std::vector<std::array<uint32_t,3>,std::allocator<std::array<uint32_t,3>>>”推导出“const std::basic_string_view<_Elem,_Traits>”的 模板 参数
D:\Visual Studio\2022\VC\Tools\MSVC\14.44.35207\include\__msvc_string_view.hpp(1882): note: 或    “bool std::operator !=(const std::basic_string_view<_Elem,_Traits>,const _Identity<std::basic_string_view<_Elem,_Traits>>::type) noexcept”
..\..\tests\ViewBatchingTests.cpp(18): note: “bool std::operator !=(const std::basic_string_view<_Elem,_Traits>,const _Identity<std::basic_string_view<_Elem,_Traits>>::type) noexcept”: 无法从“const <error type>”推导出“const std::basic_string_view<_Elem,_Traits>”的 模板 参数
D:\Visual Studio\2022\VC\Tools\MSVC\14.44.35207\include\xmemory(1056): note: 或    “bool std::operator !=(const std::allocator<_Ty> &,const std::allocator<_Other> &) noexcept”
..\..\tests\ViewBatchingTests.cpp(18): note: “bool std::operator !=(const std::allocator<_Ty> &,const std::allocator<_Other> &) noexcept”: 无法从“const <error type>”推导出“const std::allocator<_Ty> &”的 模板 参数
D:\Visual Studio\2022\VC\Tools\MSVC\14.44.35207\include\tuple(858): note: 或    “bool std::operator !=(const std::tuple<_Types...> &,const std::tuple<_Types...> &)”
..\..\tests\ViewBatchingTests.cpp(18): note: “bool std::operator !=(const std::tuple<_Types...> &,const std::tuple<_Types...> &)”: 无法从“const <error type>”推导出“const std::tuple<_Types...> &”的 模板 参数
D:\Visual Studio\2022\VC\Tools\MSVC\14.44.35207\include\xstring(3288): note: 或    “bool std::operator !=(const std::basic_string<_Elem,_Traits,_Alloc> &,const std::basic_string<_Elem,_Traits,_Alloc> &) noexcept”
..\..\tests\ViewBatchingTests.cpp(18): note: “bool std::operator !=(const std::basic_string<_Elem,_Traits,_Alloc> &,const std::basic_string<_Elem,_Traits,_Alloc> &) noexcept”: 无法从“const <error type>”推导出“const std::basic_string<_Elem,_Traits,_Alloc> &”的 模板 参数
D:\Visual Studio\2022\VC\Tools\MSVC\14.44.35207\include\xstring(3294): note: 或    “bool std::operator !=(const _Elem *const ,const std::basic_string<_Elem,_Traits,_Alloc> &) noexcept”
..\..\tests\ViewBatchingTests.cpp(18): note: “bool std::operator !=(const _Elem *const ,const std::basic_string<_Elem,_Traits,_Alloc> &) noexcept”: 无法从“const <error type>”推导出“const _Elem *const ”的 模板 参数
D:\Visual Studio\2022\VC\Tools\MSVC\14.44.35207\include\xstring(3300): note: 或    “bool std::operator !=(const std::basic_string<_Elem,_Traits,_Alloc> &,const _Elem *const ) noexcept”
..\..\tests\ViewBatchingTests.cpp(18): note: “bool std::operator !=(const std::basic_string<_Elem,_Traits,_Alloc> &,const _Elem *const ) noexcept”: 无法从“const <error type>”推导出“const std::basic_string<_Elem,_Traits,_Alloc> &”的 模板 参数
D:\Visual Studio\2022\VC\Tools\MSVC\14.44.35207\include\vector(2281): note: 或    “bool std::operator !=(const std::vector<_Ty,_Alloc> &,const std::vector<_Ty,_Alloc> &)”
..\..\tests\ViewBatchingTests.cpp(18): note: “bool std::operator !=(const std::vector<_Ty,_Alloc> &,const std::vector<_Ty,_Alloc> &)”: 无法从“const <error type>”推导出“const std::vector<_Ty,_Alloc> &”的 模板 参数
D:\Visual Studio\2022\VC\Tools\MSVC\14.44.35207\include\iterator(311): note: 或    “bool std::operator !=(const std::istream_iterator<_Ty,_Elem,_Traits,_Diff> &,const std::istream_iterator<_Ty,_Elem,_Traits,_Diff> &) noexcept”
..\..\tests\ViewBatchingTests.cpp(18): note: “bool std::operator !=(const std::istream_iterator<_Ty,_Elem,_Traits,_Diff> &,const std::istream_iterator<_Ty,_Elem,_Traits,_Diff> &) noexcept”: 无法从“const <error type>”推导出“const std::istream_iterator<_Ty,_Elem,_Traits,_Diff> &”的 模板 参数
D:\Visual Studio\2022\VC\Tools\MSVC\14.44.35207\include\iterator(493): note: 或    “bool std::operator !=(const std::istreambuf_iterator<_Elem,_Traits> &,const std::istreambuf_iterator<_Elem,_Traits> &)”
..\..\tests\ViewBatchingTests.cpp(18): note: “bool std::operator !=(const std::istreambuf_iterator<_Elem,_Traits> &,const std::istreambuf_iterator<_Elem,_Traits> &)”: 无法从“const <error type>”推导出“const std::istreambuf_iterator<_Elem,_Traits> &”的 模板 参数
D:\Visual Studio\2022\VC\Tools\MSVC\14.44.35207\include\memory(1891): note: 或    “bool std::operator !=(const std::shared_ptr<_Ty> &,const std::shared_ptr<_Ty0> &) noexcept”
..\..\tests\ViewBatchingTests.cpp(18): note: “bool std::operator !=(const std::shared_ptr<_Ty> &,const std::shared_ptr<_Ty0> &) noexcept”: 无法从“const <error type>”推导出“const std::shared_ptr<_Ty> &”的 模板 参数
D:\Visual Studio\2022\VC\Tools\MSVC\14.44.35207\include\memory(1933): note: 或    “bool std::operator !=(const std::shared_ptr<_Ty> &,std::nullptr_t) noexcept”
..\..\tests\ViewBatchingTests.cpp(18): note: “bool std::operator !=(const std::shared_ptr<_Ty> &,std::nullptr_t) noexcept”: 无法从“const <error type>”推导出“const std::shared_ptr<_Ty> &”的 模板 参数
D:\Visual Studio\2022\VC\Tools\MSVC\14.44.35207\include\memory(1938): note: 或    “bool std::operator !=(std::nullptr_t,const std::shared_ptr<_Ty> &) noexcept”
..\..\tests\ViewBatchingTests.cpp(18): note: “bool std::operator !=(std::nullptr_t,const std::shared_ptr<_Ty> &) noexcept”: 无法从“std::vector<std::array<uint32_t,3>,std::allocator<std::array<uint32_t,3>>>”推导出“const std::shared_ptr<_Ty> &”的 模板 参数
D:\Visual Studio\2022\VC\Tools\MSVC\14.44.35207\include\memory(3672): note: 或    “bool std::operator !=(const std::unique_ptr<_Ty,_Dx> &,const std::unique_ptr<_Ty2,_Dx2> &)”
..\..\tests\ViewBatchingTests.cpp(18): note: “bool std::operator !=(const std::unique_ptr<_Ty,_Dx> &,const std::unique_ptr<_Ty2,_Dx2> &)”: 无法从“const <error type>”推导出“const std::unique_ptr<_Ty,_Dx> &”的 模板 参数
D:\Visual Studio\2022\VC\Tools\MSVC\14.44.35207\include\memory(3723): note: 或    “bool std::operator !=(const std::unique_ptr<_Ty,_Dx> &,std::nullptr_t) noexcept”
..\..\tests\ViewBatchingTests.cpp(18): note: “bool std::operator !=(const std::unique_ptr<_Ty,_Dx> &,std::nullptr_t) noexcept”: 无法从“const <error type>”推导出“const std::unique_ptr<_Ty,_Dx> &”的 模板 参数
D:\Visual Studio\2022\VC\Tools\MSVC\14.44.35207\include\memory(3728): note: 或    “bool std::operator !=(std::nullptr_t,const std::unique_ptr<_Ty,_Dx> &) noexcept”
..\..\tests\ViewBatchingTests.cpp(18): note: “bool std::operator !=(std::nullptr_t,const std::unique_ptr<_Ty,_Dx> &) noexcept”: 无法从“std::vector<std::array<uint32_t,3>,std::allocator<std::array<uint32_t,3>>>”推导出“const std::unique_ptr<_Ty,_Dx> &”的 模板 参数
..\..\tests\ViewBatchingTests.cpp(20): error C3861: “visibleInstanceSpans”: 找不到标识符
..\..\tests\ViewBatchingTests.cpp(20): error C2677: 二进制“!=”: 没有找到接受“std::vector<std::array<uint32_t,3>,std::allocator<std::array<uint32_t,3>>>”类型的全局运算符(或没有可接受的转换)
D:\Visual Studio\2022\VC\Tools\MSVC\14.44.35207\include\utility(519): note: 可能是“bool std::operator !=(const std::pair<_Ty1,_Ty2> &,const std::pair<_Uty1,_Uty2> &)”
..\..\tests\ViewBatchingTests.cpp(20): note: “bool std::operator !=(const std::pair<_Ty1,_Ty2> &,const std::pair<_Uty1,_Uty2> &)”: 无法从“<error type>”推导出“const std::pair<_Ty1,_Ty2> &”的 模板 参数
D:\Visual Studio\2022\VC\Tools\MSVC\14.44.35207\include\xutility(1908): note: 或    “bool std::operator !=(const std::reverse_iterator<_BidIt> &,const std::reverse_iterator<_BidIt2> &) noexcept(<expr>)”
..\..\tests\ViewBatchingTests.cpp(20): note: “bool std::operator !=(const std::reverse_iterator<_BidIt> &,const std::reverse_iterator<_BidIt2> &) noexcept(<expr>)”: 无法从“<error type>”推导出“const std::reverse_iterator<_BidIt> &”的 模板 参数
D:\Visual Studio\2022\VC\Tools\MSVC\14.44.35207\include\xutility(4471): note: 或    “bool std::operator !=(const std::move_iterator<_Iter> &,const std::move_iterator<_Iter2> &) noexcept(<expr>)”
..\..\tests\ViewBatchingTests.cpp(20): note: “bool std::operator !=(const std::move_iterator<_Iter> &,const std::move_iterator<_Iter2> &) noexcept(<expr>)”: 无法从“<error type>”推导出“const std::move_iterator<_Iter> &”的 模板 参数
D:\Visual Studio\2022\VC\Tools\MSVC\14.44.35207\include\array(790): note: 或    “bool std::operator !=(const std::array<_Ty,_Size> &,const std::array<_Ty,_Size> &)”
..\..\tests\ViewBatchingTests.cpp(20): note: “bool std::operator !=(const std::array<_Ty,_Size> &,const std::array<_Ty,_Size> &)”: 无法从“<error type>”推导出“const std::array<_Ty,_Size> &”的 模板 参数
D:\Visual Studio\2022\VC\Tools\MSVC\14.44.35207\include\__msvc_string_view.hpp(1870): note: 或    “bool std::operator !=(const std::basic_string_view<_Elem,_Traits>,const std::basic_string_view<_Elem,_Traits>) noexcept”
..\..\tests\ViewBatchingTests.cpp(20): note: “bool std::operator !=(const std::basic_string_view<_Elem,_Traits>,const std::basic_string_view<_Elem,_Traits>) noexcept”: 无法从“<error type>”推导出“const std::basic_string_view<_Elem,_Traits>”的 模板 参数
D:\Visual Studio\2022\VC\Tools\MSVC\14.44.35207\include\__msvc_string_view.hpp(1876): note: 或    “bool std::operator !=(const _Identity<std::basic_string_view<_Elem,_Traits>>::type,const std::basic_string_view<_Elem,_Traits>) noexcept”
..\..\tests\ViewBatchingTests.cpp(20): note: “bool std::operator !=(const _Identity<std::basic_string_view<_Elem,_Traits>>::type,const std::basic_string_view<_Elem,_Traits>) noexcept”: 无法从“std::vector<std::array<uint32_t,3>,std::allocator<std::array<uint32_t,3>>>”推导出“const std::basic_string_view<_Elem,_Traits>”的 模板 参数
D:\Visual Studio\2022\VC\Tools\MSVC\14.44.35207\include\__msvc_string_view.hpp(1882): note: 或    “bool std::operator !=(const std::basic_string_view<_Elem,_Traits>,const _Identity<std::basic_string_view<_Elem,_Traits>>::type) noexcept”
..\..\tests\ViewBatchingTests.cpp(20): note: “bool std::operator !=(const std::basic_string_view<_Elem,_Traits>,const _Identity<std::basic_string_view<_Elem,_Traits>>::type) noexcept”: 无法从“<error type>”推导出“const std::basic_string_view<_Elem,_Traits>”的 模板 参数
D:\Visual Studio\2022\VC\Tools\MSVC\14.44.35207\include\xmemory(1056): note: 或    “bool std::operator !=(const std::allocator<_Ty> &,const std::allocator<_Other> &) noexcept”
..\..\tests\ViewBatchingTests.cpp(20): note: “bool std::operator !=(const std::allocator<_Ty> &,const std::allocator<_Other> &) noexcept”: 无法从“<error type>”推导出“const std::allocator<_Ty> &”的 模板 参数
D:\Visual Studio\2022\VC\Tools\MSVC\14.44.35207\include\tuple(858): note: 或    “bool std::operator !=(const std::tuple<_Types...> &,const std::tuple<_Types...> &)”
..\..\tests\ViewBatchingTests.cpp(20): note: “bool std::operator !=(const std::tuple<_Types...> &,const std::tuple<_Types...> &)”: 无法从“<error type>”推导出“const std::tuple<_Types...> &”的 模板 参数
D:\Visual Studio\2022\VC\Tools\MSVC\14.44.35207\include\xstring(3288): note: 或    “bool std::operator !=(const std::basic_string<_Elem,_Traits,_Alloc> &,const std::basic_string<_Elem,_Traits,_Alloc> &) noexcept”
..\..\tests\ViewBatchingTests.cpp(20): note: “bool std::operator !=(const std::basic_string<_Elem,_Traits,_Alloc> &,const std::basic_string<_Elem,_Traits,_Alloc> &) noexcept”: 无法从“<error type>”推导出“const std::basic_string<_Elem,_Traits,_Alloc> &”的 模板 参数
D:\Visual Studio\2022\VC\Tools\MSVC\14.44.35207\include\xstring(3294): note: 或    “bool std::operator !=(const _Elem *const ,const std::basic_string<_Elem,_Traits,_Alloc> &) noexcept”
..\..\tests\ViewBatchingTests.cpp(20): note: “bool std::operator !=(const _Elem *const ,const std::basic_string<_Elem,_Traits,_Alloc> &) noexcept”: 无法从“<error type>”推导出“const _Elem *const ”的 模板 参数
D:\Visual Studio\2022\VC\Tools\MSVC\14.44.35207\include\xstring(3300): note: 或    “bool std::operator !=(const std::basic_string<_Elem,_Traits,_Alloc> &,const _Elem *const ) noexcept”
..\..\tests\ViewBatchingTests.cpp(20): note: “bool std::operator !=(const std::basic_string<_Elem,_Traits,_Alloc> &,const _Elem *const ) noexcept”: 无法从“<error type>”推导出“const std::basic_string<_Elem,_Traits,_Alloc> &”的 模板 参数
D:\Visual Studio\2022\VC\Tools\MSVC\14.44.35207\include\vector(2281): note: 或    “bool std::operator !=(const std::vector<_Ty,_Alloc> &,const std::vector<_Ty,_Alloc> &)”
..\..\tests\ViewBatchingTests.cpp(20): note: “bool std::operator !=(const std::vector<_Ty,_Alloc> &,const std::vector<_Ty,_Alloc> &)”: 无法从“<error type>”推导出“const std::vector<_Ty,_Alloc> &”的 模板 参数
D:\Visual Studio\2022\VC\Tools\MSVC\14.44.35207\include\iterator(311): note: 或    “bool std::operator !=(const std::istream_iterator<_Ty,_Elem,_Traits,_Diff> &,const std::istream_iterator<_Ty,_Elem,_Traits,_Diff> &) noexcept”
..\..\tests\ViewBatchingTests.cpp(20): note: “bool std::operator !=(const std::istream_iterator<_Ty,_Elem,_Traits,_Diff> &,const std::istream_iterator<_Ty,_Elem,_Traits,_Diff> &) noexcept”: 无法从“<error type>”推导出“const std::istream_iterator<_Ty,_Elem,_Traits,_Diff> &”的 模板 参数
D:\Visual Studio\2022\VC\Tools\MSVC\14.44.35207\include\iterator(493): note: 或    “bool std::operator !=(const std::istreambuf_iterator<_Elem,_Traits> &,const std::istreambuf_iterator<_Elem,_Traits> &)”
..\..\tests\ViewBatchingTests.cpp(20): note: “bool std::operator !=(const std::istreambuf_iterator<_Elem,_Traits> &,const std::istreambuf_iterator<_Elem,_Traits> &)”: 无法从“<error type>”推导出“const std::istreambuf_iterator<_Elem,_Traits> &”的 模板 参数
D:\Visual Studio\2022\VC\Tools\MSVC\14.44.35207\include\memory(1891): note: 或    “bool std::operator !=(const std::shared_ptr<_Ty> &,const std::shared_ptr<_Ty0> &) noexcept”
..\..\tests\ViewBatchingTests.cpp(20): note: “bool std::operator !=(const std::shared_ptr<_Ty> &,const std::shared_ptr<_Ty0> &) noexcept”: 无法从“<error type>”推导出“const std::shared_ptr<_Ty> &”的 模板 参数
D:\Visual Studio\2022\VC\Tools\MSVC\14.44.35207\include\memory(1933): note: 或    “bool std::operator !=(const std::shared_ptr<_Ty> &,std::nullptr_t) noexcept”
..\..\tests\ViewBatchingTests.cpp(20): note: “bool std::operator !=(const std::shared_ptr<_Ty> &,std::nullptr_t) noexcept”: 无法从“<error type>”推导出“const std::shared_ptr<_Ty> &”的 模板 参数
D:\Visual Studio\2022\VC\Tools\MSVC\14.44.35207\include\memory(1938): note: 或    “bool std::operator !=(std::nullptr_t,const std::shared_ptr<_Ty> &) noexcept”
..\..\tests\ViewBatchingTests.cpp(20): note: “bool std::operator !=(std::nullptr_t,const std::shared_ptr<_Ty> &) noexcept”: 无法从“std::vector<std::array<uint32_t,3>,std::allocator<std::array<uint32_t,3>>>”推导出“const std::shared_ptr<_Ty> &”的 模板 参数
D:\Visual Studio\2022\VC\Tools\MSVC\14.44.35207\include\memory(3672): note: 或    “bool std::operator !=(const std::unique_ptr<_Ty,_Dx> &,const std::unique_ptr<_Ty2,_Dx2> &)”
..\..\tests\ViewBatchingTests.cpp(20): note: “bool std::operator !=(const std::unique_ptr<_Ty,_Dx> &,const std::unique_ptr<_Ty2,_Dx2> &)”: 无法从“<error type>”推导出“const std::unique_ptr<_Ty,_Dx> &”的 模板 参数
D:\Visual Studio\2022\VC\Tools\MSVC\14.44.35207\include\memory(3723): note: 或    “bool std::operator !=(const std::unique_ptr<_Ty,_Dx> &,std::nullptr_t) noexcept”
..\..\tests\ViewBatchingTests.cpp(20): note: “bool std::operator !=(const std::unique_ptr<_Ty,_Dx> &,std::nullptr_t) noexcept”: 无法从“<error type>”推导出“const std::unique_ptr<_Ty,_Dx> &”的 模板 参数
D:\Visual Studio\2022\VC\Tools\MSVC\14.44.35207\include\memory(3728): note: 或    “bool std::operator !=(std::nullptr_t,const std::unique_ptr<_Ty,_Dx> &) noexcept”
..\..\tests\ViewBatchingTests.cpp(20): note: “bool std::operator !=(std::nullptr_t,const std::unique_ptr<_Ty,_Dx> &) noexcept”: 无法从“std::vector<std::array<uint32_t,3>,std::allocator<std::array<uint32_t,3>>>”推导出“const std::unique_ptr<_Ty,_Dx> &”的 模板 参数
..\..\tests\ViewBatchingTests.cpp(23): error C3861: “visibleInstanceSpans”: 找不到标识符
..\..\tests\ViewBatchingTests.cpp(23): error C2677: 二进制“!=”: 没有找到接受“std::vector<std::array<uint32_t,3>,std::allocator<std::array<uint32_t,3>>>”类型的全局运算符(或没有可接受的转换)
D:\Visual Studio\2022\VC\Tools\MSVC\14.44.35207\include\utility(519): note: 可能是“bool std::operator !=(const std::pair<_Ty1,_Ty2> &,const std::pair<_Uty1,_Uty2> &)”
..\..\tests\ViewBatchingTests.cpp(23): note: “bool std::operator !=(const std::pair<_Ty1,_Ty2> &,const std::pair<_Uty1,_Uty2> &)”: 无法从“<error type>”推导出“const std::pair<_Ty1,_Ty2> &”的 模板 参数
D:\Visual Studio\2022\VC\Tools\MSVC\14.44.35207\include\xutility(1908): note: 或    “bool std::operator !=(const std::reverse_iterator<_BidIt> &,const std::reverse_iterator<_BidIt2> &) noexcept(<expr>)”
..\..\tests\ViewBatchingTests.cpp(23): note: “bool std::operator !=(const std::reverse_iterator<_BidIt> &,const std::reverse_iterator<_BidIt2> &) noexcept(<expr>)”: 无法从“<error type>”推导出“const std::reverse_iterator<_BidIt> &”的 模板 参数
D:\Visual Studio\2022\VC\Tools\MSVC\14.44.35207\include\xutility(4471): note: 或    “bool std::operator !=(const std::move_iterator<_Iter> &,const std::move_iterator<_Iter2> &) noexcept(<expr>)”
..\..\tests\ViewBatchingTests.cpp(23): note: “bool std::operator !=(const std::move_iterator<_Iter> &,const std::move_iterator<_Iter2> &) noexcept(<expr>)”: 无法从“<error type>”推导出“const std::move_iterator<_Iter> &”的 模板 参数
D:\Visual Studio\2022\VC\Tools\MSVC\14.44.35207\include\array(790): note: 或    “bool std::operator !=(const std::array<_Ty,_Size> &,const std::array<_Ty,_Size> &)”
..\..\tests\ViewBatchingTests.cpp(23): note: “bool std::operator !=(const std::array<_Ty,_Size> &,const std::array<_Ty,_Size> &)”: 无法从“<error type>”推导出“const std::array<_Ty,_Size> &”的 模板 参数
D:\Visual Studio\2022\VC\Tools\MSVC\14.44.35207\include\__msvc_string_view.hpp(1870): note: 或    “bool std::operator !=(const std::basic_string_view<_Elem,_Traits>,const std::basic_string_view<_Elem,_Traits>) noexcept”
..\..\tests\ViewBatchingTests.cpp(23): note: “bool std::operator !=(const std::basic_string_view<_Elem,_Traits>,const std::basic_string_view<_Elem,_Traits>) noexcept”: 无法从“<error type>”推导出“const std::basic_string_view<_Elem,_Traits>”的 模板 参数
D:\Visual Studio\2022\VC\Tools\MSVC\14.44.35207\include\__msvc_string_view.hpp(1876): note: 或    “bool std::operator !=(const _Identity<std::basic_string_view<_Elem,_Traits>>::type,const std::basic_string_view<_Elem,_Traits>) noexcept”
..\..\tests\ViewBatchingTests.cpp(23): note: “bool std::operator !=(const _Identity<std::basic_string_view<_Elem,_Traits>>::type,const std::basic_string_view<_Elem,_Traits>) noexcept”: 无法从“std::vector<std::array<uint32_t,3>,std::allocator<std::array<uint32_t,3>>>”推导出“const std::basic_string_view<_Elem,_Traits>”的 模板 参数
D:\Visual Studio\2022\VC\Tools\MSVC\14.44.35207\include\__msvc_string_view.hpp(1882): note: 或    “bool std::operator !=(const std::basic_string_view<_Elem,_Traits>,const _Identity<std::basic_string_view<_Elem,_Traits>>::type) noexcept”
..\..\tests\ViewBatchingTests.cpp(23): note: “bool std::operator !=(const std::basic_string_view<_Elem,_Traits>,const _Identity<std::basic_string_view<_Elem,_Traits>>::type) noexcept”: 无法从“<error type>”推导出“const std::basic_string_view<_Elem,_Traits>”的 模板 参数
D:\Visual Studio\2022\VC\Tools\MSVC\14.44.35207\include\xmemory(1056): note: 或    “bool std::operator !=(const std::allocator<_Ty> &,const std::allocator<_Other> &) noexcept”
..\..\tests\ViewBatchingTests.cpp(23): note: “bool std::operator !=(const std::allocator<_Ty> &,const std::allocator<_Other> &) noexcept”: 无法从“<error type>”推导出“const std::allocator<_Ty> &”的 模板 参数
D:\Visual Studio\2022\VC\Tools\MSVC\14.44.35207\include\tuple(858): note: 或    “bool std::operator !=(const std::tuple<_Types...> &,const std::tuple<_Types...> &)”
..\..\tests\ViewBatchingTests.cpp(23): note: “bool std::operator !=(const std::tuple<_Types...> &,const std::tuple<_Types...> &)”: 无法从“<error type>”推导出“const std::tuple<_Types...> &”的 模板 参数
D:\Visual Studio\2022\VC\Tools\MSVC\14.44.35207\include\xstring(3288): note: 或    “bool std::operator !=(const std::basic_string<_Elem,_Traits,_Alloc> &,const std::basic_string<_Elem,_Traits,_Alloc> &) noexcept”
..\..\tests\ViewBatchingTests.cpp(23): note: “bool std::operator !=(const std::basic_string<_Elem,_Traits,_Alloc> &,const std::basic_string<_Elem,_Traits,_Alloc> &) noexcept”: 无法从“<error type>”推导出“const std::basic_string<_Elem,_Traits,_Alloc> &”的 模板 参数
D:\Visual Studio\2022\VC\Tools\MSVC\14.44.35207\include\xstring(3294): note: 或    “bool std::operator !=(const _Elem *const ,const std::basic_string<_Elem,_Traits,_Alloc> &) noexcept”
..\..\tests\ViewBatchingTests.cpp(23): note: “bool std::operator !=(const _Elem *const ,const std::basic_string<_Elem,_Traits,_Alloc> &) noexcept”: 无法从“<error type>”推导出“const _Elem *const ”的 模板 参数
D:\Visual Studio\2022\VC\Tools\MSVC\14.44.35207\include\xstring(3300): note: 或    “bool std::operator !=(const std::basic_string<_Elem,_Traits,_Alloc> &,const _Elem *const ) noexcept”
..\..\tests\ViewBatchingTests.cpp(23): note: “bool std::operator !=(const std::basic_string<_Elem,_Traits,_Alloc> &,const _Elem *const ) noexcept”: 无法从“<error type>”推导出“const std::basic_string<_Elem,_Traits,_Alloc> &”的 模板 参数
D:\Visual Studio\2022\VC\Tools\MSVC\14.44.35207\include\vector(2281): note: 或    “bool std::operator !=(const std::vector<_Ty,_Alloc> &,const std::vector<_Ty,_Alloc> &)”
..\..\tests\ViewBatchingTests.cpp(23): note: “bool std::operator !=(const std::vector<_Ty,_Alloc> &,const std::vector<_Ty,_Alloc> &)”: 无法从“<error type>”推导出“const std::vector<_Ty,_Alloc> &”的 模板 参数
D:\Visual Studio\2022\VC\Tools\MSVC\14.44.35207\include\iterator(311): note: 或    “bool std::operator !=(const std::istream_iterator<_Ty,_Elem,_Traits,_Diff> &,const std::istream_iterator<_Ty,_Elem,_Traits,_Diff> &) noexcept”
..\..\tests\ViewBatchingTests.cpp(23): note: “bool std::operator !=(const std::istream_iterator<_Ty,_Elem,_Traits,_Diff> &,const std::istream_iterator<_Ty,_Elem,_Traits,_Diff> &) noexcept”: 无法从“<error type>”推导出“const std::istream_iterator<_Ty,_Elem,_Traits,_Diff> &”的 模板 参数
D:\Visual Studio\2022\VC\Tools\MSVC\14.44.35207\include\iterator(493): note: 或    “bool std::operator !=(const std::istreambuf_iterator<_Elem,_Traits> &,const std::istreambuf_iterator<_Elem,_Traits> &)”
..\..\tests\ViewBatchingTests.cpp(23): note: “bool std::operator !=(const std::istreambuf_iterator<_Elem,_Traits> &,const std::istreambuf_iterator<_Elem,_Traits> &)”: 无法从“<error type>”推导出“const std::istreambuf_iterator<_Elem,_Traits> &”的 模板 参数
D:\Visual Studio\2022\VC\Tools\MSVC\14.44.35207\include\memory(1891): note: 或    “bool std::operator !=(const std::shared_ptr<_Ty> &,const std::shared_ptr<_Ty0> &) noexcept”
..\..\tests\ViewBatchingTests.cpp(23): note: “bool std::operator !=(const std::shared_ptr<_Ty> &,const std::shared_ptr<_Ty0> &) noexcept”: 无法从“<error type>”推导出“const std::shared_ptr<_Ty> &”的 模板 参数
D:\Visual Studio\2022\VC\Tools\MSVC\14.44.35207\include\memory(1933): note: 或    “bool std::operator !=(const std::shared_ptr<_Ty> &,std::nullptr_t) noexcept”
..\..\tests\ViewBatchingTests.cpp(23): note: “bool std::operator !=(const std::shared_ptr<_Ty> &,std::nullptr_t) noexcept”: 无法从“<error type>”推导出“const std::shared_ptr<_Ty> &”的 模板 参数
D:\Visual Studio\2022\VC\Tools\MSVC\14.44.35207\include\memory(1938): note: 或    “bool std::operator !=(std::nullptr_t,const std::shared_ptr<_Ty> &) noexcept”
..\..\tests\ViewBatchingTests.cpp(23): note: “bool std::operator !=(std::nullptr_t,const std::shared_ptr<_Ty> &) noexcept”: 无法从“std::vector<std::array<uint32_t,3>,std::allocator<std::array<uint32_t,3>>>”推导出“const std::shared_ptr<_Ty> &”的 模板 参数
D:\Visual Studio\2022\VC\Tools\MSVC\14.44.35207\include\memory(3672): note: 或    “bool std::operator !=(const std::unique_ptr<_Ty,_Dx> &,const std::unique_ptr<_Ty2,_Dx2> &)”
..\..\tests\ViewBatchingTests.cpp(23): note: “bool std::operator !=(const std::unique_ptr<_Ty,_Dx> &,const std::unique_ptr<_Ty2,_Dx2> &)”: 无法从“<error type>”推导出“const std::unique_ptr<_Ty,_Dx> &”的 模板 参数
D:\Visual Studio\2022\VC\Tools\MSVC\14.44.35207\include\memory(3723): note: 或    “bool std::operator !=(const std::unique_ptr<_Ty,_Dx> &,std::nullptr_t) noexcept”
..\..\tests\ViewBatchingTests.cpp(23): note: “bool std::operator !=(const std::unique_ptr<_Ty,_Dx> &,std::nullptr_t) noexcept”: 无法从“<error type>”推导出“const std::unique_ptr<_Ty,_Dx> &”的 模板 参数
D:\Visual Studio\2022\VC\Tools\MSVC\14.44.35207\include\memory(3728): note: 或    “bool std::operator !=(std::nullptr_t,const std::unique_ptr<_Ty,_Dx> &) noexcept”
..\..\tests\ViewBatchingTests.cpp(23): note: “bool std::operator !=(std::nullptr_t,const std::unique_ptr<_Ty,_Dx> &) noexcept”: 无法从“std::vector<std::array<uint32_t,3>,std::allocator<std::array<uint32_t,3>>>”推导出“const std::unique_ptr<_Ty,_Dx> &”的 模板 参数
..\..\tests\ViewBatchingTests.cpp(26): error C3861: “visibleInstanceSpans”: 找不到标识符
..\..\tests\ViewBatchingTests.cpp(26): error C2677: 二进制“!=”: 没有找到接受“std::vector<std::array<uint32_t,3>,std::allocator<std::array<uint32_t,3>>>”类型的全局运算符(或没有可接受的转换)
D:\Visual Studio\2022\VC\Tools\MSVC\14.44.35207\include\utility(519): note: 可能是“bool std::operator !=(const std::pair<_Ty1,_Ty2> &,const std::pair<_Uty1,_Uty2> &)”
..\..\tests\ViewBatchingTests.cpp(26): note: “bool std::operator !=(const std::pair<_Ty1,_Ty2> &,const std::pair<_Uty1,_Uty2> &)”: 无法从“<error type>”推导出“const std::pair<_Ty1,_Ty2> &”的 模板 参数
D:\Visual Studio\2022\VC\Tools\MSVC\14.44.35207\include\xutility(1908): note: 或    “bool std::operator !=(const std::reverse_iterator<_BidIt> &,const std::reverse_iterator<_BidIt2> &) noexcept(<expr>)”
..\..\tests\ViewBatchingTests.cpp(26): note: “bool std::operator !=(const std::reverse_iterator<_BidIt> &,const std::reverse_iterator<_BidIt2> &) noexcept(<expr>)”: 无法从“<error type>”推导出“const std::reverse_iterator<_BidIt> &”的 模板 参数
D:\Visual Studio\2022\VC\Tools\MSVC\14.44.35207\include\xutility(4471): note: 或    “bool std::operator !=(const std::move_iterator<_Iter> &,const std::move_iterator<_Iter2> &) noexcept(<expr>)”
..\..\tests\ViewBatchingTests.cpp(26): note: “bool std::operator !=(const std::move_iterator<_Iter> &,const std::move_iterator<_Iter2> &) noexcept(<expr>)”: 无法从“<error type>”推导出“const std::move_iterator<_Iter> &”的 模板 参数
D:\Visual Studio\2022\VC\Tools\MSVC\14.44.35207\include\array(790): note: 或    “bool std::operator !=(const std::array<_Ty,_Size> &,const std::array<_Ty,_Size> &)”
..\..\tests\ViewBatchingTests.cpp(26): note: “bool std::operator !=(const std::array<_Ty,_Size> &,const std::array<_Ty,_Size> &)”: 无法从“<error type>”推导出“const std::array<_Ty,_Size> &”的 模板 参数
D:\Visual Studio\2022\VC\Tools\MSVC\14.44.35207\include\__msvc_string_view.hpp(1870): note: 或    “bool std::operator !=(const std::basic_string_view<_Elem,_Traits>,const std::basic_string_view<_Elem,_Traits>) noexcept”
..\..\tests\ViewBatchingTests.cpp(26): note: “bool std::operator !=(const std::basic_string_view<_Elem,_Traits>,const std::basic_string_view<_Elem,_Traits>) noexcept”: 无法从“<error type>”推导出“const std::basic_string_view<_Elem,_Traits>”的 模板 参数
D:\Visual Studio\2022\VC\Tools\MSVC\14.44.35207\include\__msvc_string_view.hpp(1876): note: 或    “bool std::operator !=(const _Identity<std::basic_string_view<_Elem,_Traits>>::type,const std::basic_string_view<_Elem,_Traits>) noexcept”
..\..\tests\ViewBatchingTests.cpp(26): note: “bool std::operator !=(const _Identity<std::basic_string_view<_Elem,_Traits>>::type,const std::basic_string_view<_Elem,_Traits>) noexcept”: 无法从“std::vector<std::array<uint32_t,3>,std::allocator<std::array<uint32_t,3>>>”推导出“const std::basic_string_view<_Elem,_Traits>”的 模板 参数
D:\Visual Studio\2022\VC\Tools\MSVC\14.44.35207\include\__msvc_string_view.hpp(1882): note: 或    “bool std::operator !=(const std::basic_string_view<_Elem,_Traits>,const _Identity<std::basic_string_view<_Elem,_Traits>>::type) noexcept”
..\..\tests\ViewBatchingTests.cpp(26): note: “bool std::operator !=(const std::basic_string_view<_Elem,_Traits>,const _Identity<std::basic_string_view<_Elem,_Traits>>::type) noexcept”: 无法从“<error type>”推导出“const std::basic_string_view<_Elem,_Traits>”的 模板 参数
D:\Visual Studio\2022\VC\Tools\MSVC\14.44.35207\include\xmemory(1056): note: 或    “bool std::operator !=(const std::allocator<_Ty> &,const std::allocator<_Other> &) noexcept”
..\..\tests\ViewBatchingTests.cpp(26): note: “bool std::operator !=(const std::allocator<_Ty> &,const std::allocator<_Other> &) noexcept”: 无法从“<error type>”推导出“const std::allocator<_Ty> &”的 模板 参数
D:\Visual Studio\2022\VC\Tools\MSVC\14.44.35207\include\tuple(858): note: 或    “bool std::operator !=(const std::tuple<_Types...> &,const std::tuple<_Types...> &)”
..\..\tests\ViewBatchingTests.cpp(26): note: “bool std::operator !=(const std::tuple<_Types...> &,const std::tuple<_Types...> &)”: 无法从“<error type>”推导出“const std::tuple<_Types...> &”的 模板 参数
D:\Visual Studio\2022\VC\Tools\MSVC\14.44.35207\include\xstring(3288): note: 或    “bool std::operator !=(const std::basic_string<_Elem,_Traits,_Alloc> &,const std::basic_string<_Elem,_Traits,_Alloc> &) noexcept”
..\..\tests\ViewBatchingTests.cpp(26): note: “bool std::operator !=(const std::basic_string<_Elem,_Traits,_Alloc> &,const std::basic_string<_Elem,_Traits,_Alloc> &) noexcept”: 无法从“<error type>”推导出“const std::basic_string<_Elem,_Traits,_Alloc> &”的 模板 参数
D:\Visual Studio\2022\VC\Tools\MSVC\14.44.35207\include\xstring(3294): note: 或    “bool std::operator !=(const _Elem *const ,const std::basic_string<_Elem,_Traits,_Alloc> &) noexcept”
..\..\tests\ViewBatchingTests.cpp(26): note: “bool std::operator !=(const _Elem *const ,const std::basic_string<_Elem,_Traits,_Alloc> &) noexcept”: 无法从“<error type>”推导出“const _Elem *const ”的 模板 参数
D:\Visual Studio\2022\VC\Tools\MSVC\14.44.35207\include\xstring(3300): note: 或    “bool std::operator !=(const std::basic_string<_Elem,_Traits,_Alloc> &,const _Elem *const ) noexcept”
..\..\tests\ViewBatchingTests.cpp(26): note: “bool std::operator !=(const std::basic_string<_Elem,_Traits,_Alloc> &,const _Elem *const ) noexcept”: 无法从“<error type>”推导出“const std::basic_string<_Elem,_Traits,_Alloc> &”的 模板 参数
D:\Visual Studio\2022\VC\Tools\MSVC\14.44.35207\include\vector(2281): note: 或    “bool std::operator !=(const std::vector<_Ty,_Alloc> &,const std::vector<_Ty,_Alloc> &)”
..\..\tests\ViewBatchingTests.cpp(26): note: “bool std::operator !=(const std::vector<_Ty,_Alloc> &,const std::vector<_Ty,_Alloc> &)”: 无法从“<error type>”推导出“const std::vector<_Ty,_Alloc> &”的 模板 参数
D:\Visual Studio\2022\VC\Tools\MSVC\14.44.35207\include\iterator(311): note: 或    “bool std::operator !=(const std::istream_iterator<_Ty,_Elem,_Traits,_Diff> &,const std::istream_iterator<_Ty,_Elem,_Traits,_Diff> &) noexcept”
..\..\tests\ViewBatchingTests.cpp(26): note: “bool std::operator !=(const std::istream_iterator<_Ty,_Elem,_Traits,_Diff> &,const std::istream_iterator<_Ty,_Elem,_Traits,_Diff> &) noexcept”: 无法从“<error type>”推导出“const std::istream_iterator<_Ty,_Elem,_Traits,_Diff> &”的 模板 参数
D:\Visual Studio\2022\VC\Tools\MSVC\14.44.35207\include\iterator(493): note: 或    “bool std::operator !=(const std::istreambuf_iterator<_Elem,_Traits> &,const std::istreambuf_iterator<_Elem,_Traits> &)”
..\..\tests\ViewBatchingTests.cpp(26): note: “bool std::operator !=(const std::istreambuf_iterator<_Elem,_Traits> &,const std::istreambuf_iterator<_Elem,_Traits> &)”: 无法从“<error type>”推导出“const std::istreambuf_iterator<_Elem,_Traits> &”的 模板 参数
D:\Visual Studio\2022\VC\Tools\MSVC\14.44.35207\include\memory(1891): note: 或    “bool std::operator !=(const std::shared_ptr<_Ty> &,const std::shared_ptr<_Ty0> &) noexcept”
..\..\tests\ViewBatchingTests.cpp(26): note: “bool std::operator !=(const std::shared_ptr<_Ty> &,const std::shared_ptr<_Ty0> &) noexcept”: 无法从“<error type>”推导出“const std::shared_ptr<_Ty> &”的 模板 参数
D:\Visual Studio\2022\VC\Tools\MSVC\14.44.35207\include\memory(1933): note: 或    “bool std::operator !=(const std::shared_ptr<_Ty> &,std::nullptr_t) noexcept”
..\..\tests\ViewBatchingTests.cpp(26): note: “bool std::operator !=(const std::shared_ptr<_Ty> &,std::nullptr_t) noexcept”: 无法从“<error type>”推导出“const std::shared_ptr<_Ty> &”的 模板 参数
D:\Visual Studio\2022\VC\Tools\MSVC\14.44.35207\include\memory(1938): note: 或    “bool std::operator !=(std::nullptr_t,const std::shared_ptr<_Ty> &) noexcept”
..\..\tests\ViewBatchingTests.cpp(26): note: “bool std::operator !=(std::nullptr_t,const std::shared_ptr<_Ty> &) noexcept”: 无法从“std::vector<std::array<uint32_t,3>,std::allocator<std::array<uint32_t,3>>>”推导出“const std::shared_ptr<_Ty> &”的 模板 参数
D:\Visual Studio\2022\VC\Tools\MSVC\14.44.35207\include\memory(3672): note: 或    “bool std::operator !=(const std::unique_ptr<_Ty,_Dx> &,const std::unique_ptr<_Ty2,_Dx2> &)”
..\..\tests\ViewBatchingTests.cpp(26): note: “bool std::operator !=(const std::unique_ptr<_Ty,_Dx> &,const std::unique_ptr<_Ty2,_Dx2> &)”: 无法从“<error type>”推导出“const std::unique_ptr<_Ty,_Dx> &”的 模板 参数
D:\Visual Studio\2022\VC\Tools\MSVC\14.44.35207\include\memory(3723): note: 或    “bool std::operator !=(const std::unique_ptr<_Ty,_Dx> &,std::nullptr_t) noexcept”
..\..\tests\ViewBatchingTests.cpp(26): note: “bool std::operator !=(const std::unique_ptr<_Ty,_Dx> &,std::nullptr_t) noexcept”: 无法从“<error type>”推导出“const std::unique_ptr<_Ty,_Dx> &”的 模板 参数
D:\Visual Studio\2022\VC\Tools\MSVC\14.44.35207\include\memory(3728): note: 或    “bool std::operator !=(std::nullptr_t,const std::unique_ptr<_Ty,_Dx> &) noexcept”
..\..\tests\ViewBatchingTests.cpp(26): note: “bool std::operator !=(std::nullptr_t,const std::unique_ptr<_Ty,_Dx> &) noexcept”: 无法从“std::vector<std::array<uint32_t,3>,std::allocator<std::array<uint32_t,3>>>”推导出“const std::unique_ptr<_Ty,_Dx> &”的 模板 参数
ninja: build stopped: subcommand failed.
