[1791339960922][info][gpu][code=0] GPU capability report: captures\gpu_capabilities.json
[1791339961200][info][render][code=0] Character texture access: indexed, requested slots=59, stage sampler limit=1048576
[1791339961218][info][render][code=0] Character IBL: GPU-prefiltered environment mip chain
[1791339961230][info][render][code=0] Character skinning and morph: Vulkan compute path
[1791339961360][info][runtime][code=0] Level committed: exploration
[1791339969215][info][runtime][code=0] Level committed: exploration
[1791339969980][info][runtime][code=0] Level committed: alternate
[1791339976325][info][runtime][code=0] Level committed: exploration
[1791339976576][info][runtime][code=0] Level committed: exploration
[1791339982226][info][runtime][code=0] Level committed: exploration
[1791339983447][info][runtime][code=0] Level committed: alternate
[1791339989928][info][runtime][code=0] Level committed: exploration
[1791339990178][info][runtime][code=0] Level committed: exploration
[1791339995962][info][runtime][code=0] Level committed: exploration
[1791339997163][info][runtime][code=0] Level committed: alternate
[1791340003643][info][runtime][code=0] Level committed: exploration
[1791340003925][info][runtime][code=0] Level committed: exploration
[1791340009676][info][runtime][code=0] Level committed: exploration
[1791340010879][info][runtime][code=0] Level committed: alternate
[1791340017357][info][runtime][code=0] Level committed: exploration
[1791340017607][info][runtime][code=0] Level committed: exploration
[1791340023390][info][runtime][code=0] Level committed: exploration
[1791340024605][info][runtime][code=0] Level committed: alternate
[1791340031176][info][runtime][code=0] Level committed: exploration
[1791340031426][info][runtime][code=0] Level committed: exploration
[1791340037245][info][runtime][code=0] Level committed: exploration
[1791340038487][info][runtime][code=0] Level committed: alternate
[1791340045061][info][runtime][code=0] Level committed: exploration
[1791340045329][info][runtime][code=0] Level committed: exploration
[1791340051229][info][runtime][code=0] Level committed: exploration
[1791340052471][info][runtime][code=0] Level committed: alternate
[1791340059133][info][runtime][code=0] Level committed: exploration
[1791340059384][info][runtime][code=0] Level committed: exploration
[1791340065286][info][runtime][code=0] Level committed: exploration
[1791340066526][info][runtime][code=0] Level committed: alternate
[1791340073198][info][runtime][code=0] Level committed: exploration
[1791340073448][info][runtime][code=0] Level committed: exploration
[1791340079383][info][runtime][code=0] Level committed: exploration
[1791340080636][info][runtime][code=0] Level committed: alternate
[1791340087342][info][runtime][code=0] Level committed: exploration
[1791340087593][info][runtime][code=0] Level committed: exploration
[1791340093544][info][runtime][code=0] Level committed: exploration
[1791340094801][info][runtime][code=0] Level committed: alternate
[1791340101522][info][runtime][code=0] Level committed: exploration
[1791340101791][info][runtime][code=0] Level committed: exploration
[1791340107741][info][runtime][code=0] Level committed: exploration
[1791340109018][info][runtime][code=0] Level committed: alternate
[1791340115789][info][runtime][code=0] Level committed: exploration
[1791340116057][info][runtime][code=0] Level committed: exploration
[1791340122040][info][runtime][code=0] Level committed: exploration
[1791340123307][info][runtime][code=0] Level committed: alternate
[1791340130061][info][runtime][code=0] Level committed: exploration
[1791340130328][info][runtime][code=0] Level committed: exploration
[1791340136344][info][runtime][code=0] Level committed: exploration
[1791340137609][info][runtime][code=0] Level committed: alternate
[1791340144367][info][runtime][code=0] Level committed: exploration
[1791340144636][info][runtime][code=0] Level committed: exploration
[1791340150619][info][runtime][code=0] Level committed: exploration
[1791340151898][info][runtime][code=0] Level committed: alternate
[1791340158657][info][runtime][code=0] Level committed: exploration
[1791340158923][info][runtime][code=0] Level committed: exploration
[1791340164974][info][runtime][code=0] Level committed: exploration
[1791340166251][info][runtime][code=0] Level committed: alternate
[1791340173089][info][runtime][code=0] Level committed: exploration
[1791340173355][info][runtime][code=0] Level committed: exploration
[1791340179390][info][runtime][code=0] Level committed: exploration
[1791340180675][info][runtime][code=0] Level committed: alternate
[1791340187503][info][runtime][code=0] Level committed: exploration
[1791340187772][info][runtime][code=0] Level committed: exploration
[1791340193822][info][runtime][code=0] Level committed: exploration
[1791340195110][info][runtime][code=0] Level committed: alternate
[1791340201929][info][runtime][code=0] Level committed: exploration
[1791340202195][info][runtime][code=0] Level committed: exploration
[1791340208245][info][runtime][code=0] Level committed: exploration
[1791340209541][info][runtime][code=0] Level committed: alternate
[1791340216391][info][runtime][code=0] Level committed: exploration
[1791340216658][info][runtime][code=0] Level committed: exploration
[1791340222726][info][runtime][code=0] Level committed: exploration
[1791340224016][info][runtime][code=0] Level committed: alternate
[1791340230913][info][runtime][code=0] Level committed: exploration
[1791340231179][info][runtime][code=0] Level committed: exploration
[1791340237247][info][runtime][code=0] Level committed: exploration
[1791340238528][info][runtime][code=0] Level committed: alternate
[1791340245396][info][runtime][code=0] Level committed: exploration
[1791340245662][info][runtime][code=0] Level committed: exploration
[1791340251778][info][runtime][code=0] Level committed: exploration
[1791340253078][info][runtime][code=0] Level committed: alternate
[1791340259926][info][runtime][code=0] Level committed: exploration
[1791340260193][info][runtime][code=0] Level committed: exploration
[1791340266277][info][runtime][code=0] Level committed: exploration
[1791340267580][info][runtime][code=0] Level committed: alternate
[1791340274447][info][runtime][code=0] Level committed: exploration
[1791340274714][info][runtime][code=0] Level committed: exploration
[1791340280782][info][runtime][code=0] Level committed: exploration
[1791340282072][info][runtime][code=0] Level committed: alternate
[1791340288959][info][runtime][code=0] Level committed: exploration
[1791340289226][info][runtime][code=0] Level committed: exploration
[1791340295409][info][runtime][code=0] Level committed: exploration
[1791340296703][info][runtime][code=0] Level committed: alternate
[1791340303606][info][runtime][code=0] Level committed: exploration
[1791340303856][info][runtime][code=0] Level committed: exploration
[1791340309972][info][runtime][code=0] Level committed: exploration
[1791340311281][info][runtime][code=0] Level committed: alternate
[1791340318148][info][runtime][code=0] Level committed: exploration
[1791340318415][info][runtime][code=0] Level committed: exploration
[1791340324466][info][runtime][code=0] Level committed: exploration
[1791340325763][info][runtime][code=0] Level committed: alternate
[1791340332602][info][runtime][code=0] Level committed: exploration
[1791340332869][info][runtime][code=0] Level committed: exploration
[1791340338969][info][runtime][code=0] Level committed: exploration
[1791340340274][info][runtime][code=0] Level committed: alternate
[1791340347182][info][runtime][code=0] Level committed: exploration
[1791340347448][info][runtime][code=0] Level committed: exploration
[1791340353548][info][runtime][code=0] Level committed: exploration
[1791340354849][info][runtime][code=0] Level committed: alternate
[1791340361769][info][runtime][code=0] Level committed: exploration
[1791340362035][info][runtime][code=0] Level committed: exploration
[1791340368119][info][runtime][code=0] Level committed: exploration
[1791340369407][info][runtime][code=0] Level committed: alternate
[1791340376312][info][runtime][code=0] Level committed: exploration
[1791340376579][info][runtime][code=0] Level committed: exploration
[1791340382697][info][runtime][code=0] Level committed: exploration
[1791340383983][info][runtime][code=0] Level committed: alternate
[1791340390836][info][runtime][code=0] Level committed: exploration
[1791340391105][info][runtime][code=0] Level committed: exploration
[1791340397187][info][runtime][code=0] Level committed: exploration
[1791340398488][info][runtime][code=0] Level committed: alternate
[1791340405375][info][runtime][code=0] Level committed: exploration
[1791340405643][info][runtime][code=0] Level committed: exploration
[1791340411744][info][runtime][code=0] Level committed: exploration
[1791340413028][info][runtime][code=0] Level committed: alternate
[1791340419958][info][runtime][code=0] Level committed: exploration
[1791340420227][info][runtime][code=0] Level committed: exploration
[1791340426360][info][runtime][code=0] Level committed: exploration
[1791340427673][info][runtime][code=0] Level committed: alternate
[1791340434587][info][runtime][code=0] Level committed: exploration
[1791340434854][info][runtime][code=0] Level committed: exploration
[1791340440972][info][runtime][code=0] Level committed: exploration
[1791340442276][info][runtime][code=0] Level committed: alternate
[1791340449223][info][runtime][code=0] Level committed: exploration
[1791340449490][info][runtime][code=0] Level committed: exploration
[1791340455624][info][runtime][code=0] Level committed: exploration
[1791340456931][info][runtime][code=0] Level committed: alternate
[1791340463973][info][runtime][code=0] Level committed: exploration
[1791340464240][info][runtime][code=0] Level committed: exploration
[1791340470358][info][runtime][code=0] Level committed: exploration
[1791340471652][info][runtime][code=0] Level committed: alternate
[1791340478575][info][runtime][code=0] Level committed: exploration
[1791340478841][info][runtime][code=0] Level committed: exploration
[1791340484958][info][runtime][code=0] Level committed: exploration
[1791340486321][info][runtime][code=0] Level committed: alternate
[1791340493264][info][runtime][code=0] Level committed: exploration
[1791340493531][info][runtime][code=0] Level committed: exploration
[1791340499631][info][runtime][code=0] Level committed: exploration
[1791340500925][info][runtime][code=0] Level committed: alternate
[1791340507851][info][runtime][code=0] Level committed: exploration
[1791340508117][info][runtime][code=0] Level committed: exploration
[1791340514235][info][runtime][code=0] Level committed: exploration
[1791340515541][info][runtime][code=0] Level committed: alternate
[1791340522463][info][runtime][code=0] Level committed: exploration
[1791340522748][info][runtime][code=0] Level committed: exploration
[1791340528865][info][runtime][code=0] Level committed: exploration
[1791340530183][info][runtime][code=0] Level committed: alternate
[1791340537148][info][runtime][code=0] Level committed: exploration
[1791340537414][info][runtime][code=0] Level committed: exploration
[1791340543564][info][runtime][code=0] Level committed: exploration
[1791340544857][info][runtime][code=0] Level committed: alternate
[1791340551800][info][runtime][code=0] Level committed: exploration
[1791340552051][info][runtime][code=0] Level committed: exploration
[1791340558451][info][runtime][code=0] Level committed: exploration
[1791340559754][info][runtime][code=0] Level committed: alternate
[1791340566773][info][runtime][code=0] Level committed: exploration
[1791340567039][info][runtime][code=0] Level committed: exploration
[1791340573172][info][runtime][code=0] Level committed: exploration
[1791340574465][info][runtime][code=0] Level committed: alternate
[1791340581382][info][runtime][code=0] Level committed: exploration
[1791340581650][info][runtime][code=0] Level committed: exploration
[1791340587801][info][runtime][code=0] Level committed: exploration
[1791340589118][info][runtime][code=0] Level committed: alternate
[1791340596034][info][runtime][code=0] Level committed: exploration
[1791340596302][info][runtime][code=0] Level committed: exploration
[1791340602436][info][runtime][code=0] Level committed: exploration
[1791340603732][info][runtime][code=0] Level committed: alternate
[1791340610667][info][runtime][code=0] Level committed: exploration
[1791340610935][info][runtime][code=0] Level committed: exploration
[1791340617052][info][runtime][code=0] Level committed: exploration
[1791340618359][info][runtime][code=0] Level committed: alternate
[1791340625316][info][runtime][code=0] Level committed: exploration
[1791340625584][info][runtime][code=0] Level committed: exploration
[1791340631700][info][runtime][code=0] Level committed: exploration
[1791340633002][info][runtime][code=0] Level committed: alternate
[1791340640013][info][runtime][code=0] Level committed: exploration
[1791340640279][info][runtime][code=0] Level committed: exploration
[1791340646381][info][runtime][code=0] Level committed: exploration
[1791340647684][info][runtime][code=0] Level committed: alternate
[1791340654590][info][runtime][code=0] Level committed: exploration
[1791340654857][info][runtime][code=0] Level committed: exploration
[1791340660958][info][runtime][code=0] Level committed: exploration
[1791340662261][info][runtime][code=0] Level committed: alternate
[1791340669144][info][runtime][code=0] Level committed: exploration
[1791340669413][info][runtime][code=0] Level committed: exploration
[1791340675530][info][runtime][code=0] Level committed: exploration
[1791340676833][info][runtime][code=0] Level committed: alternate
[1791340683727][info][runtime][code=0] Level committed: exploration
[1791340683994][info][runtime][code=0] Level committed: exploration
[1791340690077][info][runtime][code=0] Level committed: exploration
[1791340691369][info][runtime][code=0] Level committed: alternate
[1791340698573][info][runtime][code=0] Level committed: exploration
[1791340698840][info][runtime][code=0] Level committed: exploration
[1791340704974][info][runtime][code=0] Level committed: exploration
[1791340706272][info][runtime][code=0] Level committed: alternate
[1791340713267][info][runtime][code=0] Level committed: exploration
[1791340713534][info][runtime][code=0] Level committed: exploration
[1791340719652][info][runtime][code=0] Level committed: exploration
[1791340720951][info][runtime][code=0] Level committed: alternate
[1791340727853][info][runtime][code=0] Level committed: exploration
[1791340728120][info][runtime][code=0] Level committed: exploration
[1791340734221][info][runtime][code=0] Level committed: exploration
[1791340735514][info][runtime][code=0] Level committed: alternate
[1791340742400][info][runtime][code=0] Level committed: exploration
[1791340742669][info][runtime][code=0] Level committed: exploration
[1791340748787][info][runtime][code=0] Level committed: exploration
[1791340750074][info][runtime][code=0] Level committed: alternate
[1791340757154][info][runtime][code=0] Level committed: exploration
[1791340757422][info][runtime][code=0] Level committed: exploration
[1791340763539][info][runtime][code=0] Level committed: exploration
[1791340764838][info][runtime][code=0] Level committed: alternate
[1791340771749][info][runtime][code=0] Level committed: exploration
[1791340772017][info][runtime][code=0] Level committed: exploration
[1791340778151][info][runtime][code=0] Level committed: exploration
[1791340779445][info][runtime][code=0] Level committed: alternate
[1791340786351][info][runtime][code=0] Level committed: exploration
[1791340786617][info][runtime][code=0] Level committed: exploration
[1791340792701][info][runtime][code=0] Level committed: exploration
[1791340794018][info][runtime][code=0] Level committed: alternate
[1791340800938][info][runtime][code=0] Level committed: exploration
[1791340801206][info][runtime][code=0] Level committed: exploration
[1791340807355][info][runtime][code=0] Level committed: exploration
[1791340808654][info][runtime][code=0] Level committed: alternate
[1791340815817][info][runtime][code=0] Level committed: exploration
[1791340816085][info][runtime][code=0] Level committed: exploration
[1791340822186][info][runtime][code=0] Level committed: exploration
[1791340823485][info][runtime][code=0] Level committed: alternate
[1791340830368][info][runtime][code=0] Level committed: exploration
[1791340830634][info][runtime][code=0] Level committed: exploration
[1791340836885][info][runtime][code=0] Level committed: exploration
[1791340838191][info][runtime][code=0] Level committed: alternate
[1791340845120][info][runtime][code=0] Level committed: exploration
[1791340845387][info][runtime][code=0] Level committed: exploration
[1791340851487][info][runtime][code=0] Level committed: exploration
[1791340852782][info][runtime][code=0] Level committed: alternate
[1791340859731][info][runtime][code=0] Level committed: exploration
[1791340859998][info][runtime][code=0] Level committed: exploration
[1791340866082][info][runtime][code=0] Level committed: exploration
[1791340867389][info][runtime][code=0] Level committed: alternate
[1791340874325][info][runtime][code=0] Level committed: exploration
[1791340874593][info][runtime][code=0] Level committed: exploration
[1791340880727][info][runtime][code=0] Level committed: exploration
[1791340882027][info][runtime][code=0] Level committed: alternate
[1791340889035][info][runtime][code=0] Level committed: exploration
[1791340889303][info][runtime][code=0] Level committed: exploration
[1791340895404][info][runtime][code=0] Level committed: exploration
[1791340896727][info][runtime][code=0] Level committed: alternate
[1791340903630][info][runtime][code=0] Level committed: exploration
[1791340903914][info][runtime][code=0] Level committed: exploration
[1791340910132][info][runtime][code=0] Level committed: exploration
[1791340911483][info][runtime][code=0] Level committed: alternate
[1791340918481][info][runtime][code=0] Level committed: exploration
[1791340918748][info][runtime][code=0] Level committed: exploration
[1791340924914][info][runtime][code=0] Level committed: exploration
[1791340926273][info][runtime][code=0] Level committed: alternate
[1791340933220][info][runtime][code=0] Level committed: exploration
[1791340933487][info][runtime][code=0] Level committed: exploration
[1791340939653][info][runtime][code=0] Level committed: exploration
[1791340940958][info][runtime][code=0] Level committed: alternate
[1791340947911][info][runtime][code=0] Level committed: exploration
[1791340948193][info][runtime][code=0] Level committed: exploration
[1791340954344][info][runtime][code=0] Level committed: exploration
[1791340955659][info][runtime][code=0] Level committed: alternate
[1791340962622][info][runtime][code=0] Level committed: exploration
[1791340962891][info][runtime][code=0] Level committed: exploration
[1791340969058][info][runtime][code=0] Level committed: exploration
[1791340970360][info][runtime][code=0] Level committed: alternate
[1791340977307][info][runtime][code=0] Level committed: exploration
[1791340977576][info][runtime][code=0] Level committed: exploration
[1791340983908][info][runtime][code=0] Level committed: exploration
[1791340985210][info][runtime][code=0] Level committed: alternate
[1791340992171][info][runtime][code=0] Level committed: exploration
[1791340992440][info][runtime][code=0] Level committed: exploration
[1791340998573][info][runtime][code=0] Level committed: exploration
[1791340999870][info][runtime][code=0] Level committed: alternate
[1791341006960][info][runtime][code=0] Level committed: exploration
[1791341007226][info][runtime][code=0] Level committed: exploration
[1791341013460][info][runtime][code=0] Level committed: exploration
[1791341014761][info][runtime][code=0] Level committed: alternate
[1791341021699][info][runtime][code=0] Level committed: exploration
[1791341021966][info][runtime][code=0] Level committed: exploration
[1791341028099][info][runtime][code=0] Level committed: exploration
[1791341029388][info][runtime][code=0] Level committed: alternate
[1791341036295][info][runtime][code=0] Level committed: exploration
[1791341036561][info][runtime][code=0] Level committed: exploration
[1791341042711][info][runtime][code=0] Level committed: exploration
[1791341044017][info][runtime][code=0] Level committed: alternate
[1791341050972][info][runtime][code=0] Level committed: exploration
[1791341051238][info][runtime][code=0] Level committed: exploration
[1791341057406][info][runtime][code=0] Level committed: exploration
[1791341058753][info][runtime][code=0] Level committed: alternate
[1791341065714][info][runtime][code=0] Level committed: exploration
[1791341065997][info][runtime][code=0] Level committed: exploration
[1791341072115][info][runtime][code=0] Level committed: exploration
[1791341073422][info][runtime][code=0] Level committed: alternate
[1791341080351][info][runtime][code=0] Level committed: exploration
[1791341080618][info][runtime][code=0] Level committed: exploration
[1791341086736][info][runtime][code=0] Level committed: exploration
[1791341088034][info][runtime][code=0] Level committed: alternate
[1791341094925][info][runtime][code=0] Level committed: exploration
[1791341095175][info][runtime][code=0] Level committed: exploration
[1791341101341][info][runtime][code=0] Level committed: exploration
[1791341102644][info][runtime][code=0] Level committed: alternate
[1791341109567][info][runtime][code=0] Level committed: exploration
[1791341109835][info][runtime][code=0] Level committed: exploration
[1791341116186][info][runtime][code=0] Level committed: exploration
[1791341117499][info][runtime][code=0] Level committed: alternate
[1791341124621][info][runtime][code=0] Level committed: exploration
[1791341124888][info][runtime][code=0] Level committed: exploration
[1791341131038][info][runtime][code=0] Level committed: exploration
[1791341132337][info][runtime][code=0] Level committed: alternate
[1791341139376][info][runtime][code=0] Level committed: exploration
[1791341139643][info][runtime][code=0] Level committed: exploration
[1791341145759][info][runtime][code=0] Level committed: exploration
[1791341147085][info][runtime][code=0] Level committed: alternate
[1791341154097][info][runtime][code=0] Level committed: exploration
[1791341154363][info][runtime][code=0] Level committed: exploration
[1791341160480][info][runtime][code=0] Level committed: exploration
[1791341161775][info][runtime][code=0] Level committed: alternate
[1791341168664][info][runtime][code=0] Level committed: exploration
[1791341168931][info][runtime][code=0] Level committed: exploration
[1791341175082][info][runtime][code=0] Level committed: exploration
[1791341176387][info][runtime][code=0] Level committed: alternate
[1791341183311][info][runtime][code=0] Level committed: exploration
[1791341183594][info][runtime][code=0] Level committed: exploration
[1791341189797][info][runtime][code=0] Level committed: exploration
[1791341191180][info][runtime][code=0] Level committed: alternate
[1791341198102][info][runtime][code=0] Level committed: exploration
[1791341198370][info][runtime][code=0] Level committed: exploration
[1791341204520][info][runtime][code=0] Level committed: exploration
[1791341205828][info][runtime][code=0] Level committed: alternate
[1791341212753][info][runtime][code=0] Level committed: exploration
[1791341213021][info][runtime][code=0] Level committed: exploration
[1791341219306][info][runtime][code=0] Level committed: exploration
[1791341220616][info][runtime][code=0] Level committed: alternate
[1791341227577][info][runtime][code=0] Level committed: exploration
[1791341227845][info][runtime][code=0] Level committed: exploration
[1791341233995][info][runtime][code=0] Level committed: exploration
[1791341235293][info][runtime][code=0] Level committed: alternate
[1791341242409][info][runtime][code=0] Level committed: exploration
[1791341242676][info][runtime][code=0] Level committed: exploration
[1791341248793][info][runtime][code=0] Level committed: exploration
[1791341250110][info][runtime][code=0] Level committed: alternate
[1791341257040][info][runtime][code=0] Level committed: exploration
[1791341257308][info][runtime][code=0] Level committed: exploration
[1791341263442][info][runtime][code=0] Level committed: exploration
[1791341264746][info][runtime][code=0] Level committed: alternate
[1791341271719][info][runtime][code=0] Level committed: exploration
[1791341271985][info][runtime][code=0] Level committed: exploration
[1791341278120][info][runtime][code=0] Level committed: exploration
[1791341279417][info][runtime][code=0] Level committed: alternate
[1791341286354][info][runtime][code=0] Level committed: exploration
[1791341286622][info][runtime][code=0] Level committed: exploration
[1791341292906][info][runtime][code=0] Level committed: exploration
[1791341294212][info][runtime][code=0] Level committed: alternate
[1791341301134][info][runtime][code=0] Level committed: exploration
[1791341301419][info][runtime][code=0] Level committed: exploration
[1791341307652][info][runtime][code=0] Level committed: exploration
[1791341308970][info][runtime][code=0] Level committed: alternate
[1791341316020][info][runtime][code=0] Level committed: exploration
[1791341316287][info][runtime][code=0] Level committed: exploration
[1791341322404][info][runtime][code=0] Level committed: exploration
[1791341323731][info][runtime][code=0] Level committed: alternate
[1791341330628][info][runtime][code=0] Level committed: exploration
[1791341330911][info][runtime][code=0] Level committed: exploration
[1791341337045][info][runtime][code=0] Level committed: exploration
[1791341338343][info][runtime][code=0] Level committed: alternate
[1791341345324][info][runtime][code=0] Level committed: exploration
[1791341345591][info][runtime][code=0] Level committed: exploration
[1791341351776][info][runtime][code=0] Level committed: exploration
[1791341353069][info][runtime][code=0] Level committed: alternate
[1791341360081][info][runtime][code=0] Level committed: exploration
[1791341360349][info][runtime][code=0] Level committed: exploration
[1791341366499][info][runtime][code=0] Level committed: exploration
[1791341367810][info][runtime][code=0] Level committed: alternate
[1791341374734][info][runtime][code=0] Level committed: exploration
[1791341375000][info][runtime][code=0] Level committed: exploration
[1791341381118][info][runtime][code=0] Level committed: exploration
[1791341382426][info][runtime][code=0] Level committed: alternate
[1791341389440][info][runtime][code=0] Level committed: exploration
[1791341389707][info][runtime][code=0] Level committed: exploration
[1791341395873][info][runtime][code=0] Level committed: exploration
[1791341397176][info][runtime][code=0] Level committed: alternate
[1791341404086][info][runtime][code=0] Level committed: exploration
[1791341404353][info][runtime][code=0] Level committed: exploration
[1791341410454][info][runtime][code=0] Level committed: exploration
[1791341411761][info][runtime][code=0] Level committed: alternate
[1791341418668][info][runtime][code=0] Level committed: exploration
[1791341418936][info][runtime][code=0] Level committed: exploration
[1791341425070][info][runtime][code=0] Level committed: exploration
[1791341426352][info][runtime][code=0] Level committed: alternate
[1791341433262][info][runtime][code=0] Level committed: exploration
[1791341433529][info][runtime][code=0] Level committed: exploration
[1791341439680][info][runtime][code=0] Level committed: exploration
[1791341440975][info][runtime][code=0] Level committed: alternate
[1791341447956][info][runtime][code=0] Level committed: exploration
[1791341448222][info][runtime][code=0] Level committed: exploration
[1791341454357][info][runtime][code=0] Level committed: exploration
[1791341455659][info][runtime][code=0] Level committed: alternate
[1791341462572][info][runtime][code=0] Level committed: exploration
[1791341462838][info][runtime][code=0] Level committed: exploration
[1791341468988][info][runtime][code=0] Level committed: exploration
[1791341470274][info][runtime][code=0] Level committed: alternate
[1791341477188][info][runtime][code=0] Level committed: exploration
[1791341477455][info][runtime][code=0] Level committed: exploration
[1791341483574][info][runtime][code=0] Level committed: exploration
[1791341484889][info][runtime][code=0] Level committed: alternate
[1791341491822][info][runtime][code=0] Level committed: exploration
[1791341492108][info][runtime][code=0] Level committed: exploration
[1791341498557][info][runtime][code=0] Level committed: exploration
[1791341499859][info][runtime][code=0] Level committed: alternate
[1791341506866][info][runtime][code=0] Level committed: exploration
[1791341507149][info][runtime][code=0] Level committed: exploration
[1791341513282][info][runtime][code=0] Level committed: exploration
[1791341514595][info][runtime][code=0] Level committed: alternate
[1791341521557][info][runtime][code=0] Level committed: exploration
[1791341521824][info][runtime][code=0] Level committed: exploration
[1791341527940][info][runtime][code=0] Level committed: exploration
[1791341529239][info][runtime][code=0] Level committed: alternate
[1791341536149][info][runtime][code=0] Level committed: exploration
[1791341536418][info][runtime][code=0] Level committed: exploration
[1791341542536][info][runtime][code=0] Level committed: exploration
[1791341543833][info][runtime][code=0] Level committed: alternate
[1791341550745][info][runtime][code=0] Level committed: exploration
[1791341551012][info][runtime][code=0] Level committed: exploration
[1791341557129][info][runtime][code=0] Level committed: exploration
[1791341558421][info][runtime][code=0] Level committed: alternate
[1791341565333][info][runtime][code=0] Level committed: exploration
[1791341565600][info][runtime][code=0] Level committed: exploration
[1791341571716][info][runtime][code=0] Level committed: exploration
[1791341573016][info][runtime][code=0] Level committed: alternate
[1791341579945][info][runtime][code=0] Level committed: exploration
[1791341580229][info][runtime][code=0] Level committed: exploration
[1791341586481][info][runtime][code=0] Level committed: exploration
[1791341587780][info][runtime][code=0] Level committed: alternate
[1791341594708][info][runtime][code=0] Level committed: exploration
[1791341594991][info][runtime][code=0] Level committed: exploration
[1791341601209][info][runtime][code=0] Level committed: exploration
[1791341602526][info][runtime][code=0] Level committed: alternate
[1791341609525][info][runtime][code=0] Level committed: exploration
[1791341609793][info][runtime][code=0] Level committed: exploration
[1791341615927][info][runtime][code=0] Level committed: exploration
[1791341617240][info][runtime][code=0] Level committed: alternate
[1791341624160][info][runtime][code=0] Level committed: exploration
[1791341624428][info][runtime][code=0] Level committed: exploration
[1791341630595][info][runtime][code=0] Level committed: exploration
[1791341631903][info][runtime][code=0] Level committed: alternate
[1791341638854][info][runtime][code=0] Level committed: exploration
[1791341639122][info][runtime][code=0] Level committed: exploration
[1791341645256][info][runtime][code=0] Level committed: exploration
[1791341646563][info][runtime][code=0] Level committed: alternate
[1791341653506][info][runtime][code=0] Level committed: exploration
[1791341653774][info][runtime][code=0] Level committed: exploration
[1791341660141][info][runtime][code=0] Level committed: exploration
[1791341661456][info][runtime][code=0] Level committed: alternate
[1791341668581][info][runtime][code=0] Level committed: exploration
[1791341668848][info][runtime][code=0] Level committed: exploration
[1791341675015][info][runtime][code=0] Level committed: exploration
[1791341676333][info][runtime][code=0] Level committed: alternate
[1791341683268][info][runtime][code=0] Level committed: exploration
[1791341683552][info][runtime][code=0] Level committed: exploration
[1791341689636][info][runtime][code=0] Level committed: exploration
[1791341690939][info][runtime][code=0] Level committed: alternate
[1791341697826][info][runtime][code=0] Level committed: exploration
[1791341698110][info][runtime][code=0] Level committed: exploration
[1791341704242][info][runtime][code=0] Level committed: exploration
[1791341705539][info][runtime][code=0] Level committed: alternate
[1791341712610][info][runtime][code=0] Level committed: exploration
[1791341712879][info][runtime][code=0] Level committed: exploration
[1791341719096][info][runtime][code=0] Level committed: exploration
[1791341720402][info][runtime][code=0] Level committed: alternate
[1791341727409][info][runtime][code=0] Level committed: exploration
[1791341727675][info][runtime][code=0] Level committed: exploration
[1791341733810][info][runtime][code=0] Level committed: exploration
[1791341735099][info][runtime][code=0] Level committed: alternate
[1791341742022][info][runtime][code=0] Level committed: exploration
[1791341742290][info][runtime][code=0] Level committed: exploration
[1791341748423][info][runtime][code=0] Level committed: exploration
[1791341749723][info][runtime][code=0] Level committed: alternate
[1791341756635][info][runtime][code=0] Level committed: exploration
[1791341756902][info][runtime][code=0] Level committed: exploration
