-- Installing: D:/Assigment/2609/FYP/Project/AzureRender/build/ninja-msvc-release/release-gate/install/bin/AzureRender.exe
-- Installing: D:/Assigment/2609/FYP/Project/AzureRender/build/ninja-msvc-release/release-gate/install/bin/AzurePlayer.exe
-- Installing: D:/Assigment/2609/FYP/Project/AzureRender/build/ninja-msvc-release/release-gate/install/bin/AzureMetaGen.exe
-- Installing: D:/Assigment/2609/FYP/Project/AzureRender/build/ninja-msvc-release/release-gate/install/share/AzureRender/shaders
-- Installing: D:/Assigment/2609/FYP/Project/AzureRender/build/ninja-msvc-release/release-gate/install/share/AzureRender/shaders/background.frag.spv
-- Installing: D:/Assigment/2609/FYP/Project/AzureRender/build/ninja-msvc-release/release-gate/install/share/AzureRender/shaders/background.vert.spv
-- Installing: D:/Assigment/2609/FYP/Project/AzureRender/build/ninja-msvc-release/release-gate/install/share/AzureRender/shaders/background_bindless.frag.spv
-- Installing: D:/Assigment/2609/FYP/Project/AzureRender/build/ninja-msvc-release/release-gate/install/share/AzureRender/shaders/blackhole.frag.spv
-- Installing: D:/Assigment/2609/FYP/Project/AzureRender/build/ninja-msvc-release/release-gate/install/share/AzureRender/shaders/blackhole.vert.spv
-- Installing: D:/Assigment/2609/FYP/Project/AzureRender/build/ninja-msvc-release/release-gate/install/share/AzureRender/shaders/blackhole_composite.frag.spv
-- Installing: D:/Assigment/2609/FYP/Project/AzureRender/build/ninja-msvc-release/release-gate/install/share/AzureRender/shaders/blackhole_taa.frag.spv
-- Installing: D:/Assigment/2609/FYP/Project/AzureRender/build/ninja-msvc-release/release-gate/install/share/AzureRender/shaders/blackhole_taa_compute.frag.spv
-- Installing: D:/Assigment/2609/FYP/Project/AzureRender/build/ninja-msvc-release/release-gate/install/share/AzureRender/shaders/bloom_composite.comp.spv
-- Installing: D:/Assigment/2609/FYP/Project/AzureRender/build/ninja-msvc-release/release-gate/install/share/AzureRender/shaders/bloom_downsample.comp.spv
-- Installing: D:/Assigment/2609/FYP/Project/AzureRender/build/ninja-msvc-release/release-gate/install/share/AzureRender/shaders/clear.comp.spv
-- Installing: D:/Assigment/2609/FYP/Project/AzureRender/build/ninja-msvc-release/release-gate/install/share/AzureRender/shaders/cull_indirect.comp.spv
-- Installing: D:/Assigment/2609/FYP/Project/AzureRender/build/ninja-msvc-release/release-gate/install/share/AzureRender/shaders/hud.frag.spv
-- Installing: D:/Assigment/2609/FYP/Project/AzureRender/build/ninja-msvc-release/release-gate/install/share/AzureRender/shaders/hud.vert.spv
-- Installing: D:/Assigment/2609/FYP/Project/AzureRender/build/ninja-msvc-release/release-gate/install/share/AzureRender/shaders/ibl_prefilter.comp.spv
-- Installing: D:/Assigment/2609/FYP/Project/AzureRender/build/ninja-msvc-release/release-gate/install/share/AzureRender/shaders/inner_outline.frag.spv
-- Installing: D:/Assigment/2609/FYP/Project/AzureRender/build/ninja-msvc-release/release-gate/install/share/AzureRender/shaders/inner_outline.vert.spv
-- Installing: D:/Assigment/2609/FYP/Project/AzureRender/build/ninja-msvc-release/release-gate/install/share/AzureRender/shaders/mesh.frag.spv
-- Installing: D:/Assigment/2609/FYP/Project/AzureRender/build/ninja-msvc-release/release-gate/install/share/AzureRender/shaders/mesh.vert.spv
-- Installing: D:/Assigment/2609/FYP/Project/AzureRender/build/ninja-msvc-release/release-gate/install/share/AzureRender/shaders/mesh_bindless.frag.spv
-- Installing: D:/Assigment/2609/FYP/Project/AzureRender/build/ninja-msvc-release/release-gate/install/share/AzureRender/shaders/mesh_compute.vert.spv
-- Installing: D:/Assigment/2609/FYP/Project/AzureRender/build/ninja-msvc-release/release-gate/install/share/AzureRender/shaders/outline.frag.spv
-- Installing: D:/Assigment/2609/FYP/Project/AzureRender/build/ninja-msvc-release/release-gate/install/share/AzureRender/shaders/outline.vert.spv
-- Installing: D:/Assigment/2609/FYP/Project/AzureRender/build/ninja-msvc-release/release-gate/install/share/AzureRender/shaders/outline_compute.vert.spv
-- Installing: D:/Assigment/2609/FYP/Project/AzureRender/build/ninja-msvc-release/release-gate/install/share/AzureRender/shaders/shadow.frag.spv
-- Installing: D:/Assigment/2609/FYP/Project/AzureRender/build/ninja-msvc-release/release-gate/install/share/AzureRender/shaders/shadow.vert.spv
-- Installing: D:/Assigment/2609/FYP/Project/AzureRender/build/ninja-msvc-release/release-gate/install/share/AzureRender/shaders/shadow_bindless.frag.spv
-- Installing: D:/Assigment/2609/FYP/Project/AzureRender/build/ninja-msvc-release/release-gate/install/share/AzureRender/shaders/shadow_compute.vert.spv
-- Installing: D:/Assigment/2609/FYP/Project/AzureRender/build/ninja-msvc-release/release-gate/install/share/AzureRender/shaders/skin.comp.spv
-- Installing: D:/Assigment/2609/FYP/Project/AzureRender/build/ninja-msvc-release/release-gate/install/share/AzureRender/assets_public
-- Installing: D:/Assigment/2609/FYP/Project/AzureRender/build/ninja-msvc-release/release-gate/install/share/AzureRender/assets_public/baselines
-- Installing: D:/Assigment/2609/FYP/Project/AzureRender/build/ninja-msvc-release/release-gate/install/share/AzureRender/assets_public/baselines/character
-- Installing: D:/Assigment/2609/FYP/Project/AzureRender/build/ninja-msvc-release/release-gate/install/share/AzureRender/assets_public/baselines/character/character_albedo_fullbody.png
-- Installing: D:/Assigment/2609/FYP/Project/AzureRender/build/ninja-msvc-release/release-gate/install/share/AzureRender/assets_public/baselines/character/character_beauty_fullbody.png
-- Installing: D:/Assigment/2609/FYP/Project/AzureRender/build/ninja-msvc-release/release-gate/install/share/AzureRender/assets_public/baselines/character/character_direct_diffuse_fullbody.png
-- Installing: D:/Assigment/2609/FYP/Project/AzureRender/build/ninja-msvc-release/release-gate/install/share/AzureRender/assets_public/baselines/character/character_face_sdf_closeup.png
-- Installing: D:/Assigment/2609/FYP/Project/AzureRender/build/ninja-msvc-release/release-gate/install/share/AzureRender/assets_public/baselines/character/character_material_id_fullbody.png
-- Installing: D:/Assigment/2609/FYP/Project/AzureRender/build/ninja-msvc-release/release-gate/install/share/AzureRender/assets_public/baselines/character/character_outline_fullbody.png
-- Installing: D:/Assigment/2609/FYP/Project/AzureRender/build/ninja-msvc-release/release-gate/install/share/AzureRender/assets_public/baselines/character/character_world_normal_fullbody.png
-- Installing: D:/Assigment/2609/FYP/Project/AzureRender/build/ninja-msvc-release/release-gate/install/share/AzureRender/assets_public/face_sdf_v1.png
-- Installing: D:/Assigment/2609/FYP/Project/AzureRender/build/ninja-msvc-release/release-gate/install/share/AzureRender/assets_public/gameplay
-- Installing: D:/Assigment/2609/FYP/Project/AzureRender/build/ninja-msvc-release/release-gate/install/share/AzureRender/assets_public/gameplay/assets
-- Installing: D:/Assigment/2609/FYP/Project/AzureRender/build/ninja-msvc-release/release-gate/install/share/AzureRender/assets_public/gameplay/assets/courtyard.azurelevel
-- Installing: D:/Assigment/2609/FYP/Project/AzureRender/build/ninja-msvc-release/release-gate/install/share/AzureRender/assets_public/gameplay/assets/destination.azurelevel
-- Installing: D:/Assigment/2609/FYP/Project/AzureRender/build/ninja-msvc-release/release-gate/install/share/AzureRender/assets_public/gameplay/assets/player.lua
-- Installing: D:/Assigment/2609/FYP/Project/AzureRender/build/ninja-msvc-release/release-gate/install/share/AzureRender/assets_public/gameplay/assets/portal.lua
-- Installing: D:/Assigment/2609/FYP/Project/AzureRender/build/ninja-msvc-release/release-gate/install/share/AzureRender/assets_public/gameplay/project.azureproject
-- Installing: D:/Assigment/2609/FYP/Project/AzureRender/build/ninja-msvc-release/release-gate/install/share/AzureRender/assets_public/level.schema.json
-- Installing: D:/Assigment/2609/FYP/Project/AzureRender/build/ninja-msvc-release/release-gate/install/share/AzureRender/assets_public/project.schema.json
-- Installing: D:/Assigment/2609/FYP/Project/AzureRender/build/ninja-msvc-release/release-gate/install/share/AzureRender/assets_public/README.md
-- Installing: D:/Assigment/2609/FYP/Project/AzureRender/build/ninja-msvc-release/release-gate/install/share/AzureRender/assets_public/scenes
-- Installing: D:/Assigment/2609/FYP/Project/AzureRender/build/ninja-msvc-release/release-gate/install/share/AzureRender/assets_public/scenes/clustered_lights_16.azscene
-- Installing: D:/Assigment/2609/FYP/Project/AzureRender/build/ninja-msvc-release/release-gate/install/share/AzureRender/assets_public/scenes/clustered_lights_empty.azscene
-- Installing: D:/Assigment/2609/FYP/Project/AzureRender/build/ninja-msvc-release/release-gate/install/share/AzureRender/assets_public/scenes/r4_stress.azscene
-- Installing: D:/Assigment/2609/FYP/Project/AzureRender/build/ninja-msvc-release/release-gate/install/share/AzureRender/assets_public/showcase_looks.json
-- Installing: D:/Assigment/2609/FYP/Project/AzureRender/build/ninja-msvc-release/release-gate/install/share/AzureRender/assets_public/test_env.hdr
-- Installing: D:/Assigment/2609/FYP/Project/AzureRender/build/ninja-msvc-release/release-gate/install/share/AzureRender/assets_public/test_env_strong.hdr
-- Installing: D:/Assigment/2609/FYP/Project/AzureRender/build/ninja-msvc-release/release-gate/install/share/AzureRender/assets_public/test_model.gltf
-- Installing: D:/Assigment/2609/FYP/Project/AzureRender/build/ninja-msvc-release/release-gate/install/share/AzureRender/assets_public/toon_ramp_atlas.ppm
-- Installing: D:/Assigment/2609/FYP/Project/AzureRender/build/ninja-msvc-release/release-gate/install/share/AzureRender/assets_public/toon_ramp_profiles.json
-- Installing: D:/Assigment/2609/FYP/Project/AzureRender/build/ninja-msvc-release/release-gate/install/share/AzureRender/README.md
-- Installing: D:/Assigment/2609/FYP/Project/AzureRender/build/ninja-msvc-release/release-gate/install/share/AzureRender/CHANGELOG.md
-- Installing: D:/Assigment/2609/FYP/Project/AzureRender/build/ninja-msvc-release/release-gate/install/share/AzureRender/THIRD_PARTY_NOTICES.md
-- Installing: D:/Assigment/2609/FYP/Project/AzureRender/build/ninja-msvc-release/release-gate/install/share/AzureRender/index.md
-- Installing: D:/Assigment/2609/FYP/Project/AzureRender/build/ninja-msvc-release/release-gate/install/share/AzureRender/getting-started.md
-- Installing: D:/Assigment/2609/FYP/Project/AzureRender/build/ninja-msvc-release/release-gate/install/share/AzureRender/architecture.md
-- Installing: D:/Assigment/2609/FYP/Project/AzureRender/build/ninja-msvc-release/release-gate/install/share/AzureRender/character-rendering.md
-- Installing: D:/Assigment/2609/FYP/Project/AzureRender/build/ninja-msvc-release/release-gate/install/share/AzureRender/blackhole-rendering.md
-- Installing: D:/Assigment/2609/FYP/Project/AzureRender/build/ninja-msvc-release/release-gate/install/share/AzureRender/assets-and-editor.md
-- Installing: D:/Assigment/2609/FYP/Project/AzureRender/build/ninja-msvc-release/release-gate/install/share/AzureRender/development-and-release.md
-- Installing: D:/Assigment/2609/FYP/Project/AzureRender/build/ninja-msvc-release/release-gate/install/share/AzureRender/reference.md
-- Installing: D:/Assigment/2609/FYP/Project/AzureRender/build/ninja-msvc-release/release-gate/install/share/AzureRender/documentation-standard.md
-- Installing: D:/Assigment/2609/FYP/Project/AzureRender/build/ninja-msvc-release/release-gate/install/share/AzureRender/azure-engine-plan.md
-- Installing: D:/Assigment/2609/FYP/Project/AzureRender/build/ninja-msvc-release/release-gate/install/share/AzureRender/render-core-implementation.md
-- Installing: D:/Assigment/2609/FYP/Project/AzureRender/build/ninja-msvc-release/release-gate/install/share/AzureRender/compute-passes.md
-- Installing: D:/Assigment/2609/FYP/Project/AzureRender/build/ninja-msvc-release/release-gate/install/share/AzureRender/environment-assets.md
-- Installing: D:/Assigment/2609/FYP/Project/AzureRender/build/ninja-msvc-release/release-gate/install/share/AzureRender/clustered-lighting.md
-- Installing: D:/Assigment/2609/FYP/Project/AzureRender/build/ninja-msvc-release/release-gate/install/share/AzureRender/render-graph.md
-- Installing: D:/Assigment/2609/FYP/Project/AzureRender/build/ninja-msvc-release/release-gate/install/share/AzureRender/rhi-synchronization.md
-- Installing: D:/Assigment/2609/FYP/Project/AzureRender/build/ninja-msvc-release/release-gate/install/share/AzureRender/scene-data.md
-- Installing: D:/Assigment/2609/FYP/Project/AzureRender/build/ninja-msvc-release/release-gate/install/share/AzureRender/parallel-submission.md
-- Installing: D:/Assigment/2609/FYP/Project/AzureRender/build/ninja-msvc-release/release-gate/install/share/AzureRender/windows-acceptance.md
-- Installing: D:/Assigment/2609/FYP/Project/AzureRender/build/ninja-msvc-release/release-gate/install/share/AzureRender/engine-foundation.md
-- Installing: D:/Assigment/2609/FYP/Project/AzureRender/build/ninja-msvc-release/release-gate/install/share/AzureRender/g0-implementation.md
-- Installing: D:/Assigment/2609/FYP/Project/AzureRender/build/ninja-msvc-release/release-gate/install/share/AzureRender/g1-implementation.md
-- Installing: D:/Assigment/2609/FYP/Project/AzureRender/build/ninja-msvc-release/release-gate/install/share/AzureRender/g2-implementation.md
-- Installing: D:/Assigment/2609/FYP/Project/AzureRender/build/ninja-msvc-release/release-gate/install/share/AzureRender/g3-implementation.md
-- Installing: D:/Assigment/2609/FYP/Project/AzureRender/build/ninja-msvc-release/release-gate/install/share/AzureRender/g4-implementation.md
-- Installing: D:/Assigment/2609/FYP/Project/AzureRender/build/ninja-msvc-release/release-gate/install/share/AzureRender/reflection.md
-- Installing: D:/Assigment/2609/FYP/Project/AzureRender/build/ninja-msvc-release/release-gate/install/share/AzureRender/assets-levels.md
-- Installing: D:/Assigment/2609/FYP/Project/AzureRender/build/ninja-msvc-release/release-gate/install/share/AzureRender/physics-input.md
-- Installing: D:/Assigment/2609/FYP/Project/AzureRender/build/ninja-msvc-release/release-gate/install/share/AzureRender/scripts-gameplay.md
-- Installing: D:/Assigment/2609/FYP/Project/AzureRender/build/ninja-msvc-release/release-gate/install/share/AzureRender/docs/index.md
-- Installing: D:/Assigment/2609/FYP/Project/AzureRender/build/ninja-msvc-release/release-gate/install/share/AzureRender/docs/getting-started.md
-- Installing: D:/Assigment/2609/FYP/Project/AzureRender/build/ninja-msvc-release/release-gate/install/share/AzureRender/docs/architecture.md
-- Installing: D:/Assigment/2609/FYP/Project/AzureRender/build/ninja-msvc-release/release-gate/install/share/AzureRender/docs/character-rendering.md
-- Installing: D:/Assigment/2609/FYP/Project/AzureRender/build/ninja-msvc-release/release-gate/install/share/AzureRender/docs/blackhole-rendering.md
-- Installing: D:/Assigment/2609/FYP/Project/AzureRender/build/ninja-msvc-release/release-gate/install/share/AzureRender/docs/assets-and-editor.md
-- Installing: D:/Assigment/2609/FYP/Project/AzureRender/build/ninja-msvc-release/release-gate/install/share/AzureRender/docs/development-and-release.md
-- Installing: D:/Assigment/2609/FYP/Project/AzureRender/build/ninja-msvc-release/release-gate/install/share/AzureRender/docs/reference.md
-- Installing: D:/Assigment/2609/FYP/Project/AzureRender/build/ninja-msvc-release/release-gate/install/share/AzureRender/docs/documentation-standard.md
-- Installing: D:/Assigment/2609/FYP/Project/AzureRender/build/ninja-msvc-release/release-gate/install/share/AzureRender/docs/plans/azure-engine-plan.md
-- Installing: D:/Assigment/2609/FYP/Project/AzureRender/build/ninja-msvc-release/release-gate/install/share/AzureRender/docs/plans/render-core-implementation.md
-- Installing: D:/Assigment/2609/FYP/Project/AzureRender/build/ninja-msvc-release/release-gate/install/share/AzureRender/docs/runtime/compute-passes.md
-- Installing: D:/Assigment/2609/FYP/Project/AzureRender/build/ninja-msvc-release/release-gate/install/share/AzureRender/docs/runtime/environment-assets.md
-- Installing: D:/Assigment/2609/FYP/Project/AzureRender/build/ninja-msvc-release/release-gate/install/share/AzureRender/docs/runtime/clustered-lighting.md
-- Installing: D:/Assigment/2609/FYP/Project/AzureRender/build/ninja-msvc-release/release-gate/install/share/AzureRender/docs/runtime/render-graph.md
-- Installing: D:/Assigment/2609/FYP/Project/AzureRender/build/ninja-msvc-release/release-gate/install/share/AzureRender/docs/runtime/rhi-synchronization.md
-- Installing: D:/Assigment/2609/FYP/Project/AzureRender/build/ninja-msvc-release/release-gate/install/share/AzureRender/docs/runtime/scene-data.md
-- Installing: D:/Assigment/2609/FYP/Project/AzureRender/build/ninja-msvc-release/release-gate/install/share/AzureRender/docs/runtime/parallel-submission.md
-- Installing: D:/Assigment/2609/FYP/Project/AzureRender/build/ninja-msvc-release/release-gate/install/share/AzureRender/docs/runtime/windows-acceptance.md
-- Installing: D:/Assigment/2609/FYP/Project/AzureRender/build/ninja-msvc-release/release-gate/install/share/AzureRender/docs/runtime/engine-foundation.md
-- Installing: D:/Assigment/2609/FYP/Project/AzureRender/build/ninja-msvc-release/release-gate/install/share/AzureRender/docs/plans/g0-implementation.md
-- Installing: D:/Assigment/2609/FYP/Project/AzureRender/build/ninja-msvc-release/release-gate/install/share/AzureRender/docs/plans/g1-implementation.md
-- Installing: D:/Assigment/2609/FYP/Project/AzureRender/build/ninja-msvc-release/release-gate/install/share/AzureRender/docs/plans/g2-implementation.md
-- Installing: D:/Assigment/2609/FYP/Project/AzureRender/build/ninja-msvc-release/release-gate/install/share/AzureRender/docs/plans/g3-implementation.md
-- Installing: D:/Assigment/2609/FYP/Project/AzureRender/build/ninja-msvc-release/release-gate/install/share/AzureRender/docs/plans/g4-implementation.md
-- Installing: D:/Assigment/2609/FYP/Project/AzureRender/build/ninja-msvc-release/release-gate/install/share/AzureRender/docs/runtime/reflection.md
-- Installing: D:/Assigment/2609/FYP/Project/AzureRender/build/ninja-msvc-release/release-gate/install/share/AzureRender/docs/runtime/assets-levels.md
-- Installing: D:/Assigment/2609/FYP/Project/AzureRender/build/ninja-msvc-release/release-gate/install/share/AzureRender/docs/runtime/physics-input.md
-- Installing: D:/Assigment/2609/FYP/Project/AzureRender/build/ninja-msvc-release/release-gate/install/share/AzureRender/docs/runtime/scripts-gameplay.md
-- Installing: D:/Assigment/2609/FYP/Project/AzureRender/build/ninja-msvc-release/release-gate/install/share/AzureRender/docs/acceptance/r1/2026-09-26.md
-- Installing: D:/Assigment/2609/FYP/Project/AzureRender/build/ninja-msvc-release/release-gate/install/share/AzureRender/docs/acceptance/r2/2026-09-26.md
-- Installing: D:/Assigment/2609/FYP/Project/AzureRender/build/ninja-msvc-release/release-gate/install/share/AzureRender/docs/acceptance/r3/2026-10-03.md
-- Installing: D:/Assigment/2609/FYP/Project/AzureRender/build/ninja-msvc-release/release-gate/install/share/AzureRender/docs/acceptance/r4/2026-10-03.md
-- Installing: D:/Assigment/2609/FYP/Project/AzureRender/build/ninja-msvc-release/release-gate/install/share/AzureRender/docs/runtime/blackhole-performance.md
-- Installing: D:/Assigment/2609/FYP/Project/AzureRender/build/ninja-msvc-release/release-gate/install/share/AzureRender/docs/plans/2026-10-03-blackhole-optimization.md
-- Installing: D:/Assigment/2609/FYP/Project/AzureRender/build/ninja-msvc-release/release-gate/install/share/AzureRender/docs/acceptance/g0/2026-10-03.md
-- Installing: D:/Assigment/2609/FYP/Project/AzureRender/build/ninja-msvc-release/release-gate/install/share/AzureRender/docs/acceptance/blackhole/2026-10-03.md
-- Installing: D:/Assigment/2609/FYP/Project/AzureRender/build/ninja-msvc-release/release-gate/install/share/AzureRender/licenses/imgui-LICENSE.txt
-- Installing: D:/Assigment/2609/FYP/Project/AzureRender/build/ninja-msvc-release/release-gate/install/share/AzureRender/licenses/glfw3-LICENSE.txt
-- Installing: D:/Assigment/2609/FYP/Project/AzureRender/build/ninja-msvc-release/release-gate/install/share/AzureRender/licenses/tinygltf-LICENSE.txt
-- Installing: D:/Assigment/2609/FYP/Project/AzureRender/build/ninja-msvc-release/release-gate/install/share/AzureRender/licenses/stb-LICENSE.txt
-- Installing: D:/Assigment/2609/FYP/Project/AzureRender/build/ninja-msvc-release/release-gate/install/share/AzureRender/licenses/openexr-LICENSE.txt
-- Installing: D:/Assigment/2609/FYP/Project/AzureRender/build/ninja-msvc-release/release-gate/install/share/AzureRender/licenses/imath-LICENSE.txt
-- Installing: D:/Assigment/2609/FYP/Project/AzureRender/build/ninja-msvc-release/release-gate/install/share/AzureRender/licenses/libdeflate-LICENSE.txt
-- Installing: D:/Assigment/2609/FYP/Project/AzureRender/build/ninja-msvc-release/release-gate/install/share/AzureRender/licenses/openjph-LICENSE.txt
-- Installing: D:/Assigment/2609/FYP/Project/AzureRender/build/ninja-msvc-release/release-gate/install/share/AzureRender/licenses/nlohmann-json-LICENSE.txt
-- Installing: D:/Assigment/2609/FYP/Project/AzureRender/build/ninja-msvc-release/release-gate/install/share/AzureRender/licenses/joltphysics-LICENSE.txt
-- Installing: D:/Assigment/2609/FYP/Project/AzureRender/build/ninja-msvc-release/release-gate/install/share/AzureRender/licenses/lua-LICENSE.txt
-- Installing: D:/Assigment/2609/FYP/Project/AzureRender/build/ninja-msvc-release/release-gate/install/share/AzureRender/licenses/sol2-LICENSE.txt
-- Installing: D:/Assigment/2609/FYP/Project/AzureRender/build/ninja-msvc-release/release-gate/install/bin/glfw3.dll
-- Installing: D:/Assigment/2609/FYP/Project/AzureRender/build/ninja-msvc-release/release-gate/install/bin/Iex-3_4.dll
-- Installing: D:/Assigment/2609/FYP/Project/AzureRender/build/ninja-msvc-release/release-gate/install/bin/IlmThread-3_4.dll
-- Installing: D:/Assigment/2609/FYP/Project/AzureRender/build/ninja-msvc-release/release-gate/install/bin/Imath-3_2.dll
-- Installing: D:/Assigment/2609/FYP/Project/AzureRender/build/ninja-msvc-release/release-gate/install/bin/OpenEXR-3_4.dll
-- Installing: D:/Assigment/2609/FYP/Project/AzureRender/build/ninja-msvc-release/release-gate/install/bin/OpenEXRCore-3_4.dll
-- Installing: D:/Assigment/2609/FYP/Project/AzureRender/build/ninja-msvc-release/release-gate/install/bin/OpenEXRUtil-3_4.dll
-- Installing: D:/Assigment/2609/FYP/Project/AzureRender/build/ninja-msvc-release/release-gate/install/bin/deflate.dll
-- Up-to-date: D:/Assigment/2609/FYP/Project/AzureRender/build/ninja-msvc-release/release-gate/install/bin/glfw3.dll
-- Installing: D:/Assigment/2609/FYP/Project/AzureRender/build/ninja-msvc-release/release-gate/install/bin/lua.dll
-- Installing: D:/Assigment/2609/FYP/Project/AzureRender/build/ninja-msvc-release/release-gate/install/bin/openjph.0.31.dll
-- Installing: D:/Assigment/2609/FYP/Project/AzureRender/build/ninja-msvc-release/release-gate/install/share/AzureRender/docs/acceptance/g1/2026-10-03.md
-- Installing: D:/Assigment/2609/FYP/Project/AzureRender/build/ninja-msvc-release/release-gate/install/share/AzureRender/docs/acceptance/g2/2026-10-04.md
-- Installing: D:/Assigment/2609/FYP/Project/AzureRender/build/ninja-msvc-release/release-gate/install/share/AzureRender/docs/acceptance/g3/2026-10-04.md
-- Installing: D:/Assigment/2609/FYP/Project/AzureRender/build/ninja-msvc-release/release-gate/install/share/AzureRender/docs/acceptance/g4/2026-10-04.md
