[0/2] Re-checking globbed directories...
[1/34] cmd.exe /C "cd /D D:\Assigment\2609\FYP\Project\AzureRender\build\ninja-msvc-debug && C:\Users\23587\AppData\Local\Programs\Python\Python311\python.exe D:/Assigment/2609/FYP/Project/AzureRender/tools/generate_script_bindings.py --check"
Script binding artifacts verified
[2/34] cmd.exe /C "cd /D D:\Assigment\2609\FYP\Project\AzureRender\build\ninja-msvc-debug && C:\Users\23587\AppData\Local\Programs\Python\Python311\python.exe D:/Assigment/2609/FYP/Project/AzureRender/tools/generate_shader_types.py --description D:/Assigment/2609/FYP/Project/AzureRender/shaders/modules/shared-layout.json --cpp D:/Assigment/2609/FYP/Project/AzureRender/src/render/ShaderSharedTypes.hpp --slang D:/Assigment/2609/FYP/Project/AzureRender/shaders/modules/SharedTypes.slang --check"
[3/34] Generating verified engine interface snapshots and schemas
{"status": "passed", "coveredItems": 18, "files": 42}
[4/34] Building CXX object CMakeFiles\AzureScriptRuntimeTests.dir\tests\ScriptRuntimeTests.cpp.obj
[5/34] Building CXX object CMakeFiles\AzureLuaScripting.dir\src\scripting\lua\ScriptRuntime.cpp.obj
[6/34] Linking CXX static library AzureLuaScripting.lib
[7/34] Linking CXX executable AzureUiFoundationTests.exe
[8/34] Linking CXX executable AzureEditorWorkspaceTests.exe
[9/34] Linking CXX executable AzureThumbnailTests.exe
[10/34] Linking CXX executable AzureInteractionTests.exe
[11/34] Linking CXX executable AzureScriptBackendContractTests.exe
[12/34] Linking CXX executable AzureManagedScriptRuntimeTests.exe
[13/34] Linking CXX executable AzureScriptInteropTests.exe
[14/34] Linking CXX executable AzureManagedModuleTests.exe
[15/34] Linking CXX executable AzurePhysicsInputTests.exe
[16/34] Linking CXX executable AzureScriptEntityTests.exe
[17/34] Linking CXX executable AzurePlayableQuestTests.exe
[18/34] Linking CXX executable AzureScriptRuntimeTests.exe
[19/34] Linking CXX executable AzureThirdPersonTests.exe
[20/34] Linking CXX executable AzureLocomotionTests.exe
[21/34] Linking CXX executable AzureSystemCompositionTests.exe
[22/34] Linking CXX executable AzureRenderEditorSessionTests.exe
[23/34] Linking CXX executable AzurePanelContextTests.exe
[24/34] Linking CXX executable AzureEditorWorkflowTests.exe
[25/34] Linking CXX executable AzureProposalControllerTests.exe
[26/34] Linking CXX executable AzureEditTransactionTests.exe
[27/34] Linking CXX executable AzureProposalAdapterTests.exe
[28/34] Linking CXX executable AzureRegisteredComponentWorkflowTests.exe
[29/34] Linking CXX executable AzureEditServiceTests.exe
[30/34] Linking CXX executable AzureEditorObservationTests.exe
[31/34] Linking CXX executable AzurePlayer.exe
[32/34] Linking CXX executable AzureRegisteredComponentHost.exe
[33/34] Linking CXX executable AzureRender.exe
{"status": "passed", "manifest": "build\\ninja-msvc-debug\\build-provenance.json"}
