skinning-rtx passed
skinning-intel passed
managed-intel-coreclr passed
managed-intel-nativeaot passed
Traceback (most recent call last):
  File "D:\Assigment\2609\FYP\Project\AzureRender\build\evolution\p3\post_gates.py", line 24, in <module>
    run('performance',['python',str(work/'measure_performance.py')])
  File "D:\Assigment\2609\FYP\Project\AzureRender\build\evolution\p3\post_gates.py", line 12, in run
    if result.returncode:raise RuntimeError(name+': '+(work/(name+'.log')).read_text(encoding='utf-8',errors='replace')[-6500:])
                         ^^^^^^^^^^^^^^^^^^^^^^^^^^^^^^^^^^^^^^^^^^^^^^^^^^^^^^^^^^^^^^^^^^^^^^^^^^^^^^^^^^^^^^^^^^^^^^^^^^^^^^^
RuntimeError: performance: Cooling GPU: 60 C
standard-1 {"gpu": {"mean": 1.7190220266666667, "p95": 2.1172896, "p99": 2.8704508799999995}, "cpu": {"mean": 1.7419321111111117, "p95": 2.1870699999999133, "p99": 2.5984339999999495}, "physics": {"mean": 0.2151063888888889, "p95": 0.30684, "p99": 0.44104}, "passed": true}
Cooling GPU: 85 C
standard-2 {"gpu": {"mean": 1.74802, "p95": 2.2089375999999996, "p99": 3.16212288}, "cpu": {"mean": 1.7375208888888893, "p95": 2.204750000000017, "p99": 2.5874750000000803}, "physics": {"mean": 0.2169041111111111, "p95": 0.30523, "p99": 0.41031999999999996}, "passed": true}
Cooling GPU: 87 C
Cooling GPU: 56 C
standard-3 {"gpu": {"mean": 1.7395051377777777, "p95": 2.3921856, "p99": 3.16705472}, "cpu": {"mean": 1.735307333333334, "p95": 2.230184999999985, "p99": 2.650858000000048}, "physics": {"mean": 0.21020577777777777, "p95": 0.29325999999999997, "p99": 0.385918}, "passed": true}
Cooling GPU: 74 C
editor-1 {"gpu": {"mean": 0.56024976, "p95": 0.5851552, "p99": 0.5989152}, "cpu": {"mean": 2.898785277777778, "p95": 3.7856199999999993, "p99": 5.343713999999999}, "physics": {"mean": 0.21931827777777776, "p95": 0.320955, "p99": 0.4611559999999999}, "passed": true}
Cooling GPU: 64 C
editor-2 {"gpu": {"mean": 0.5594226844444444, "p95": 0.5840352, "p99": 0.59694336}, "cpu": {"mean": 3.163927777777778, "p95": 3.9776399999999925, "p99": 4.9568759999999825}, "physics": {"mean": 0.2374328888888889, "p95": 0.35072, "p99": 0.46483699999999994}, "passed": true}
Cooling GPU: 66 C
editor-3 {"gpu": {"mean": 0.5580487288888889, "p95": 0.581672, "p99": 0.59513888}, "cpu": {"mean": 3.1568245555555556, "p95": 3.8678400000000033, "p99": 5.020951000000003}, "physics": {"mean": 0.2426526111111111, "p95": 0.3441149999999998, "p99": 0.451523}, "passed": true}
Cooling GPU: 69 C
stress-1 {"gpu": {"mean": 2.29785952, "p95": 3.2550095999999997, "p99": 3.8642355200000003}, "cpu": {"mean": 3.1033685555555555, "p95": 3.7558200000000044, "p99": 4.588156000000019}, "physics": {"mean": 0.7440028333333333, "p95": 0.905065, "p99": 1.163169}, "passed": true}
Cooling GPU: 86 C
stress-2 {"gpu": {"mean": 2.345098026666667, "p95": 3.304872, "p99": 3.88245344}, "cpu": {"mean": 3.244267388888889, "p95": 4.45422499999999, "p99": 5.1782610000000036}, "physics": {"mean": 0.7683833333333333, "p95": 1.018835, "p99": 1.254413999999999}, "passed": true}
Cooling GPU: 84 C
Cooling GPU: 57 C
stress-3 {"gpu": {"mean": 2.220040373333333, "p95": 2.9023359999999996, "p99": 3.71666432}, "cpu": {"mean": 3.1294699444444443, "p95": 3.7274500000000046, "p99": 4.571955999999988}, "physics": {"mean": 0.7441566666666667, "p95": 0.8878050000000001, "p99": 1.0786139999999997}, "passed": true}
{"schemaVersion": 1, "passed": false, "gpuLimitMs": 16.6, "playerCpuLimitMs": 8, "editorCpuLimitMs": 10, "memoryObservation": "positive peak growth from the first observation in the latter half of process observations", "checks": [{"load": "standard", "round": 1, "passed": true, "gpuP95": 2.1172896, "cpuP95": 2.1870699999999133, "physicsP95": 0.30684, "workingSetGrowth": 0.003127324362701911}, {"load": "standard", "round": 2, "passed": true, "gpuP95": 2.2089375999999996, "cpuP95": 2.204750000000017, "physicsP95": 0.30523, "workingSetGrowth": 0.004756826299663119}, {"load": "standard", "round": 3, "passed": true, "gpuP95": 2.3921856, "cpuP95": 2.230184999999985, "physicsP95": 0.29325999999999997, "workingSetGrowth": 0.004436467082091555}, {"load": "editor", "round": 1, "passed": true, "gpuP95": 0.5851552, "cpuP95": 3.7856199999999993, "physicsP95": 0.320955, "workingSetGrowth": 0.003925048123195385}, {"load": "editor", "round": 2, "passed": true, "gpuP95": 0.5840352, "cpuP95": 3.9776399999999925, "physicsP95": 0.35072, "workingSetGrowth": 0.00324097802164669}, {"load": "editor", "round": 3, "passed": true, "gpuP95": 0.581672, "cpuP95": 3.8678400000000033, "physicsP95": 0.3441149999999998, "workingSetGrowth": 0.003626935239722462}, {"load": "stress", "round": 1, "passed": false, "gpuP95": 3.2550095999999997, "cpuP95": 3.7558200000000044, "physicsP95": 0.905065, "workingSetGrowth": 0.1324412164627069}, {"load": "stress", "round": 2, "passed": true, "gpuP95": 3.304872, "cpuP95": 4.45422499999999, "physicsP95": 1.018835, "workingSetGrowth": 0.01706614579884791}, {"load": "stress", "round": 3, "passed": true, "gpuP95": 2.9023359999999996, "cpuP95": 3.7274500000000046, "physicsP95": 0.8878050000000001, "workingSetGrowth": 0.007046573707160997}]}
Traceback (most recent call last):
  File "D:\Assigment\2609\FYP\Project\AzureRender\build\evolution\p3\measure_performance.py", line 101, in <module>
    assert report['passed'], 'Evolution performance budgets exceeded'
           ~~~~~~^^^^^^^^^^
AssertionError: Evolution performance budgets exceeded

