{
  "device": "Intel(R) RaptorLake-S Mobile Graphics Controller",
  "runs": [
    {
      "cpuRecordMeanMs": 0.041350000000000005,
      "cpuRecordSamplesMs": [
        0.0333,
        0.0381,
        0.0363,
        0.0498,
        0.0633,
        0.0401,
        0.0457,
        0.042,
        0.0561,
        0.0382,
        0.0381,
        0.0719,
        0.0568,
        0.0579,
        0.05,
        0.0235,
        0.0462,
        0.0578,
        0.0494,
        0.0515,
        0.0263,
        0.0199,
        0.0194,
        0.0428,
        0.0263,
        0.0563,
        0.0316,
        0.0257,
        0.0245,
        0.0217
      ],
      "gpuMeanMs": 0.01240451358604431,
      "gpuSamplesMs": [
        0.020052082843780517,
        0.042864582286834714,
        0.03526041580581665,
        0.020052082843780517,
        0.022864582775115966,
        0.01999999951171875,
        0.00796874980545044,
        0.008333333129882813,
        0.00838541646194458,
        0.008333333129882813,
        0.009374999771118164,
        0.008854166450500488,
        0.008906249782562256,
        0.00838541646194458,
        0.008645833122253418,
        0.008593749790191651,
        0.008124999801635743,
        0.00906249977874756,
        0.009374999771118164,
        0.008489583126068114,
        0.008854166450500488,
        0.008697916454315186,
        0.008802083118438721,
        0.008854166450500488,
        0.009218749774932861,
        0.008958333114624023,
        0.0094791664352417,
        0.008541666458129883,
        0.009374999771118164,
        0.009427083103179931
      ],
      "instances": 100,
      "prototype": false,
      "samples": 30,
      "visible": 75
    },
    {
      "cpuRecordMeanMs": 0.053576666666666675,
      "cpuRecordSamplesMs": [
        0.0564,
        0.0947,
        0.0543,
        0.0603,
        0.0637,
        0.0481,
        0.0806,
        0.0429,
        0.0553,
        0.0723,
        0.0968,
        0.0934,
        0.0579,
        0.0493,
        0.0496,
        0.0501,
        0.0454,
        0.0289,
        0.0715,
        0.0537,
        0.0299,
        0.0744,
        0.0673,
        0.0272,
        0.0417,
        0.0256,
        0.0249,
        0.0273,
        0.024,
        0.0398
      ],
      "gpuMeanMs": 0.02363715220069885,
      "gpuSamplesMs": [
        0.010208333084106446,
        0.009947916423797607,
        0.010364583080291747,
        0.010156249752044677,
        0.010364583080291747,
        0.010052083087921142,
        0.010156249752044677,
        0.009947916423797607,
        0.010052083087921142,
        0.009947916423797607,
        0.010364583080291747,
        0.01010416641998291,
        0.010052083087921142,
        0.009843749759674073,
        0.009947916423797607,
        0.00968749976348877,
        0.009843749759674073,
        0.01010416641998291,
        0.01010416641998291,
        0.009895833091735839,
        0.009374999771118164,
        0.009947916423797607,
        0.009895833091735839,
        0.11031249730682373,
        0.06510416507720947,
        0.06052083185577393,
        0.058229165245056155,
        0.06062499851989746,
        0.059895831871032715,
        0.06406249843597413
      ],
      "instances": 100,
      "prototype": true,
      "samples": 30,
      "visible": 75
    },
    {
      "cpuRecordMeanMs": 0.04224000000000001,
      "cpuRecordSamplesMs": [
        0.0541,
        0.0369,
        0.023,
        0.0522,
        0.048,
        0.0245,
        0.0471,
        0.0379,
        0.0308,
        0.0262,
        0.0968,
        0.0351,
        0.0402,
        0.0221,
        0.0949,
        0.0843,
        0.0636,
        0.0281,
        0.0195,
        0.0243,
        0.0227,
        0.0375,
        0.0335,
        0.0358,
        0.0415,
        0.0372,
        0.0415,
        0.0603,
        0.0338,
        0.0338
      ],
      "gpuMeanMs": 0.008982638669586183,
      "gpuSamplesMs": [
        0.00906249977874756,
        0.009010416446685791,
        0.009114583110809326,
        0.009322916439056396,
        0.008697916454315186,
        0.008958333114624023,
        0.008749999786376953,
        0.00838541646194458,
        0.008645833122253418,
        0.008906249782562256,
        0.0094791664352417,
        0.008749999786376953,
        0.009895833091735839,
        0.009531249767303468,
        0.011249999725341797,
        0.00968749976348877,
        0.009427083103179931,
        0.009218749774932861,
        0.008906249782562256,
        0.009114583110809326,
        0.008437499794006348,
        0.008541666458129883,
        0.007812499809265136,
        0.00906249977874756,
        0.008854166450500488,
        0.00817708313369751,
        0.008489583126068114,
        0.008802083118438721,
        0.008697916454315186,
        0.008489583126068114
      ],
      "instances": 500,
      "prototype": false,
      "samples": 30,
      "visible": 375
    },
    {
      "cpuRecordMeanMs": 0.04566333333333335,
      "cpuRecordSamplesMs": [
        0.0274,
        0.0498,
        0.0876,
        0.0287,
        0.033,
        0.0281,
        0.0407,
        0.0245,
        0.0783,
        0.028,
        0.029,
        0.0706,
        0.0428,
        0.0322,
        0.0614,
        0.0311,
        0.0508,
        0.0574,
        0.0283,
        0.0893,
        0.0416,
        0.0631,
        0.0596,
        0.028,
        0.0277,
        0.072,
        0.0304,
        0.0357,
        0.0292,
        0.0636
      ],
      "gpuMeanMs": 0.020927082822418216,
      "gpuSamplesMs": [
        0.09510416434478759,
        0.09276041440200805,
        0.09281249773406983,
        0.08999999780273438,
        0.00968749976348877,
        0.009843749759674073,
        0.009947916423797607,
        0.009843749759674073,
        0.009947916423797607,
        0.009999999755859376,
        0.009947916423797607,
        0.009895833091735839,
        0.009895833091735839,
        0.009374999771118164,
        0.009791666427612304,
        0.009947916423797607,
        0.010416666412353516,
        0.009999999755859376,
        0.01010416641998291,
        0.009999999755859376,
        0.009739583095550538,
        0.00968749976348877,
        0.00968749976348877,
        0.009947916423797607,
        0.009999999755859376,
        0.01010416641998291,
        0.009843749759674073,
        0.009791666427612304,
        0.010052083087921142,
        0.009635416431427003
      ],
      "instances": 500,
      "prototype": true,
      "samples": 30,
      "visible": 375
    },
    {
      "cpuRecordMeanMs": 0.04986,
      "cpuRecordSamplesMs": [
        0.0436,
        0.0614,
        0.0486,
        0.0624,
        0.0463,
        0.1037,
        0.0563,
        0.0637,
        0.0226,
        0.0236,
        0.0277,
        0.0541,
        0.0612,
        0.0506,
        0.0236,
        0.0211,
        0.0273,
        0.0434,
        0.0326,
        0.061,
        0.0556,
        0.0516,
        0.0376,
        0.0315,
        0.0565,
        0.0284,
        0.0824,
        0.06,
        0.0741,
        0.0833
      ],
      "gpuMeanMs": 0.152135412952423,
      "gpuSamplesMs": [
        0.019739582851409913,
        0.01937499952697754,
        0.019427082859039307,
        0.019427082859039307,
        0.021770832801818848,
        0.13244791343307494,
        3.8278124065475465,
        0.02145833280944824,
        0.02364583275604248,
        0.021145832817077638,
        0.021145832817077638,
        0.021406249477386476,
        0.023333332763671874,
        0.0228124994430542,
        0.02369791608810425,
        0.02124999948120117,
        0.02302083277130127,
        0.02130208281326294,
        0.022552082782745363,
        0.02192708279800415,
        0.02145833280944824,
        0.021770832801818848,
        0.020781249492645263,
        0.02062499949645996,
        0.02166666613769531,
        0.02109374948501587,
        0.02151041614151001,
        0.020729166160583495,
        0.021562499473571778,
        0.024166666076660157
      ],
      "instances": 10000,
      "prototype": false,
      "samples": 30,
      "visible": 7500
    },
    {
      "cpuRecordMeanMs": 0.07381333333333333,
      "cpuRecordSamplesMs": [
        0.0472,
        0.1124,
        0.075,
        0.0739,
        0.0795,
        0.0731,
        0.0498,
        0.0709,
        0.0775,
        0.0589,
        0.0426,
        0.0663,
        0.0442,
        0.0978,
        0.0504,
        0.0782,
        0.0723,
        0.1616,
        0.0527,
        0.0868,
        0.066,
        0.083,
        0.0962,
        0.0577,
        0.1086,
        0.0735,
        0.0768,
        0.0696,
        0.0768,
        0.0351
      ],
      "gpuMeanMs": 0.029423610392761236,
      "gpuSamplesMs": [
        0.09281249773406983,
        0.02968749927520752,
        0.03812499906921387,
        0.030416665924072266,
        0.024583332733154297,
        0.024218749408721922,
        0.02494791605758667,
        0.025052082721710205,
        0.02494791605758667,
        0.02328124943161011,
        0.023958332748413087,
        0.02447916606903076,
        0.024427082736968996,
        0.037291665756225584,
        0.024166666076660157,
        0.024010416080474852,
        0.02453124940109253,
        0.02468749939727783,
        0.02348958275985718,
        0.07338541487503052,
        0.025781249370574952,
        0.024166666076660157,
        0.024166666076660157,
        0.024166666076660157,
        0.024166666076660157,
        0.023541666091918944,
        0.023541666091918944,
        0.02390624941635132,
        0.02343749942779541,
        0.023333332763671874
      ],
      "instances": 10000,
      "prototype": true,
      "samples": 30,
      "visible": 7500
    }
  ],
  "schemaVersion": 1,
  "status": "passed",
  "validationErrors": 0
}
[Vulkan Loader] LAYER:          Checking for Layer Manifest files in Registry at HKEY_LOCAL_MACHINE\SOFTWARE\Khronos\Vulkan\ImplicitLayers
[Vulkan Loader] INFO | LAYER:   Located json file "C:\Program Files (x86)\Epic Games\Epic Online Services\managedArtifacts\98bc04bc842e4906993fd6d6644ffb8d\EOSOverlayVkLayer-Win64.json" from registry "HKEY_LOCAL_MACHINE\SOFTWARE\Khronos\Vulkan\ImplicitLayers"
[Vulkan Loader] INFO | LAYER:   Located json file "C:\Program Files\RenderDoc\renderdoc.json" from registry "HKEY_LOCAL_MACHINE\SOFTWARE\Khronos\Vulkan\ImplicitLayers"
[Vulkan Loader] INFO | LAYER:   Located json file "D:\Steam\SteamOverlayVulkanLayer64.json" from registry "HKEY_LOCAL_MACHINE\SOFTWARE\Khronos\Vulkan\ImplicitLayers"
[Vulkan Loader] INFO | LAYER:   Located json file "D:\Steam\SteamFossilizeVulkanLayer64.json" from registry "HKEY_LOCAL_MACHINE\SOFTWARE\Khronos\Vulkan\ImplicitLayers"
[Vulkan Loader] INFO | LAYER:   Located json file "C:\ProgramData\obs-studio-hook\obs-vulkan64.json" from registry "HKEY_CURRENT_USER\SOFTWARE\Khronos\Vulkan\ImplicitLayers"
[Vulkan Loader] INFO | LAYER:   Located json file "C:\ProgramData\obs-studio-hook\obs-vulkan32.json" from registry "HKEY_CURRENT_USER\SOFTWARE\Khronos\Vulkan\ImplicitLayers"
[Vulkan Loader] LAYER:          Checking for Layer Manifest files in Registry at HKEY_LOCAL_MACHINE\SOFTWARE\Khronos\Vulkan\ExplicitLayers
[Vulkan Loader] INFO | LAYER:   windows_get_device_registry_files: opening device ROOT\DISPLAY\0000
[Vulkan Loader] INFO | LAYER:   windows_get_device_registry_files: unable to open child-device error:13
[Vulkan Loader] INFO | LAYER:   windows_get_device_registry_files: opening device PCI\VEN_8086&DEV_A788&SUBSYS_8BAB103C&REV_04\3&11583659&0&10
[Vulkan Loader] INFO | LAYER:   windows_get_device_registry_files: Opening child device 3 - SWD\DRIVERENUM\IGCC&4&38D58666&0
[Vulkan Loader] INFO | LAYER:   windows_get_device_registry_files: Opening child device 4 - DISPLAY\BOE0B7D\4&38D58666&0&UID8388688
[Vulkan Loader] DEBUG | LAYER:  windows_get_device_registry_files: GUID for 4 is not SoftwareComponent skipping
[Vulkan Loader] INFO | LAYER:   windows_get_device_registry_files: opening device PCI\VEN_10DE&DEV_28E0&SUBSYS_8BAB103C&REV_A1\4&34cfc80f&0&0008
[Vulkan Loader] INFO | LAYER:   windows_get_device_registry_files: unable to open child-device error:13
[Vulkan Loader] LAYER:          windows_get_device_registry_files: found no registry files
[Vulkan Loader] INFO | LAYER:   Located json file "C:\VulkanSDK\1.4.350.0\Bin\VkLayer_api_dump.json" from registry "HKEY_LOCAL_MACHINE\SOFTWARE\Khronos\Vulkan\ExplicitLayers"
[Vulkan Loader] INFO | LAYER:   Located json file "C:\VulkanSDK\1.4.350.0\Bin\VkLayer_gfxreconstruct.json" from registry "HKEY_LOCAL_MACHINE\SOFTWARE\Khronos\Vulkan\ExplicitLayers"
[Vulkan Loader] INFO | LAYER:   Located json file "C:\VulkanSDK\1.4.350.0\Bin\VkLayer_khronos_synchronization2.json" from registry "HKEY_LOCAL_MACHINE\SOFTWARE\Khronos\Vulkan\ExplicitLayers"
[Vulkan Loader] INFO | LAYER:   Located json file "C:\VulkanSDK\1.4.350.0\Bin\VkLayer_khronos_validation.json" from registry "HKEY_LOCAL_MACHINE\SOFTWARE\Khronos\Vulkan\ExplicitLayers"
[Vulkan Loader] INFO | LAYER:   Located json file "C:\VulkanSDK\1.4.350.0\Bin\VkLayer_monitor.json" from registry "HKEY_LOCAL_MACHINE\SOFTWARE\Khronos\Vulkan\ExplicitLayers"
[Vulkan Loader] INFO | LAYER:   Located json file "C:\VulkanSDK\1.4.350.0\Bin\VkLayer_screenshot.json" from registry "HKEY_LOCAL_MACHINE\SOFTWARE\Khronos\Vulkan\ExplicitLayers"
[Vulkan Loader] INFO | LAYER:   Located json file "C:\VulkanSDK\1.4.350.0\Bin\VkLayer_khronos_profiles.json" from registry "HKEY_LOCAL_MACHINE\SOFTWARE\Khronos\Vulkan\ExplicitLayers"
[Vulkan Loader] INFO | LAYER:   Located json file "C:\VulkanSDK\1.4.350.0\Bin\VkLayer_khronos_shader_object.json" from registry "HKEY_LOCAL_MACHINE\SOFTWARE\Khronos\Vulkan\ExplicitLayers"
[Vulkan Loader] INFO | LAYER:   Located json file "C:\VulkanSDK\1.4.350.0\Bin\VkLayer_crash_diagnostic.json" from registry "HKEY_LOCAL_MACHINE\SOFTWARE\Khronos\Vulkan\ExplicitLayers"
[Vulkan Loader] WARNING | LAYER: env var 'VK_INSTANCE_LAYERS' defined and adding layers "VK_LAYER_KHRONOS_validation"
[Vulkan Loader] WARNING | LAYER: env var 'VK_INSTANCE_LAYERS' defined and adding layers "VK_LAYER_KHRONOS_validation"
[Vulkan Loader] DEBUG | LAYER:  Loading layer library C:\VulkanSDK\1.4.350.0\Bin\.\VkLayer_khronos_validation.dll
[Vulkan Loader] INFO | LAYER:   Insert instance layer "VK_LAYER_KHRONOS_validation" (C:\VulkanSDK\1.4.350.0\Bin\VkLayer_khronos_validation.dll)
[Vulkan Loader] DEBUG | LAYER:  Loading layer library C:\ProgramData\obs-studio-hook\.\graphics-hook64.dll
[Vulkan Loader] INFO | LAYER:   Insert instance layer "VK_LAYER_OBS_HOOK" (C:\ProgramData\obs-studio-hook\graphics-hook64.dll)
[Vulkan Loader] DEBUG | LAYER:  Loading layer library C:\WINDOWS\System32\DriverStore\FileRepository\nvhmsi.inf_amd64_5ec4b201b8059b6f\.\nvoglv64.dll
[Vulkan Loader] INFO | LAYER:   Insert instance layer "VK_LAYER_NV_present" (C:\WINDOWS\System32\DriverStore\FileRepository\nvhmsi.inf_amd64_5ec4b201b8059b6f\nvoglv64.dll)
[Vulkan Loader] DEBUG | LAYER:  Loading layer library C:\WINDOWS\System32\DriverStore\FileRepository\nvhmsi.inf_amd64_5ec4b201b8059b6f\.\nvoglv64.dll
[Vulkan Loader] INFO | LAYER:   Insert instance layer "VK_LAYER_NV_optimus" (C:\WINDOWS\System32\DriverStore\FileRepository\nvhmsi.inf_amd64_5ec4b201b8059b6f\nvoglv64.dll)
[Vulkan Loader] LAYER:          vkCreateInstance layer callstack setup to:
[Vulkan Loader] LAYER:             <Application>
[Vulkan Loader] LAYER:               ||
[Vulkan Loader] LAYER:             <Loader>
[Vulkan Loader] LAYER:               ||
[Vulkan Loader] LAYER:             VK_LAYER_NV_optimus
[Vulkan Loader] LAYER:                     Type: Implicit
[Vulkan Loader] LAYER:                     Enabled By: Implicit Layer
[Vulkan Loader] LAYER:                         Disable Env Var:  DISABLE_LAYER_NV_OPTIMUS_1
[Vulkan Loader] LAYER:                     Manifest: C:\WINDOWS\System32\DriverStore\FileRepository\nvhmsi.inf_amd64_5ec4b201b8059b6f\nv-vk64.json
[Vulkan Loader] LAYER:                     Library:  C:\WINDOWS\System32\DriverStore\FileRepository\nvhmsi.inf_amd64_5ec4b201b8059b6f\nvoglv64.dll
[Vulkan Loader] LAYER:               ||
[Vulkan Loader] LAYER:             VK_LAYER_NV_present
[Vulkan Loader] LAYER:                     Type: Implicit
[Vulkan Loader] LAYER:                     Enabled By: Implicit Layer
[Vulkan Loader] LAYER:                         Disable Env Var:  DISABLE_LAYER_NV_PRESENT_1
[Vulkan Loader] LAYER:                     Manifest: C:\WINDOWS\System32\DriverStore\FileRepository\nvhmsi.inf_amd64_5ec4b201b8059b6f\nv-vk64.json
[Vulkan Loader] LAYER:                     Library:  C:\WINDOWS\System32\DriverStore\FileRepository\nvhmsi.inf_amd64_5ec4b201b8059b6f\nvoglv64.dll
[Vulkan Loader] LAYER:               ||
[Vulkan Loader] LAYER:             VK_LAYER_OBS_HOOK
[Vulkan Loader] LAYER:                     Type: Implicit
[Vulkan Loader] LAYER:                     Enabled By: Implicit Layer
[Vulkan Loader] LAYER:                         Disable Env Var:  DISABLE_VULKAN_OBS_CAPTURE
[Vulkan Loader] LAYER:                     Manifest: C:\ProgramData\obs-studio-hook\obs-vulkan64.json
[Vulkan Loader] LAYER:                     Library:  C:\ProgramData\obs-studio-hook\graphics-hook64.dll
[Vulkan Loader] LAYER:               ||
[Vulkan Loader] LAYER:             VK_LAYER_KHRONOS_validation
[Vulkan Loader] LAYER:                     Type: Explicit
[Vulkan Loader] LAYER:                     Enabled By: Environment Variable VK_INSTANCE_LAYERS
[Vulkan Loader] LAYER:                     Manifest: C:\VulkanSDK\1.4.350.0\Bin\VkLayer_khronos_validation.json
[Vulkan Loader] LAYER:                     Library:  C:\VulkanSDK\1.4.350.0\Bin\VkLayer_khronos_validation.dll
[Vulkan Loader] LAYER:               ||
[Vulkan Loader] LAYER:             <Drivers>
[Vulkan Loader] INFO | LAYER:   Inserted device layer "VK_LAYER_KHRONOS_validation" (C:\VulkanSDK\1.4.350.0\Bin\VkLayer_khronos_validation.dll)
[Vulkan Loader] INFO | LAYER:   Inserted device layer "VK_LAYER_OBS_HOOK" (C:\ProgramData\obs-studio-hook\graphics-hook64.dll)
[Vulkan Loader] INFO | LAYER:   Inserted device layer "VK_LAYER_NV_present" (C:\WINDOWS\System32\DriverStore\FileRepository\nvhmsi.inf_amd64_5ec4b201b8059b6f\nvoglv64.dll)
[Vulkan Loader] INFO | LAYER:   Inserted device layer "VK_LAYER_NV_optimus" (C:\WINDOWS\System32\DriverStore\FileRepository\nvhmsi.inf_amd64_5ec4b201b8059b6f\nvoglv64.dll)
[Vulkan Loader] DRIVER:         vkCreateDevice layer callstack setup to:
[Vulkan Loader] DRIVER:            <Application>
[Vulkan Loader] DRIVER:              ||
[Vulkan Loader] DRIVER:            <Loader>
[Vulkan Loader] DRIVER:              ||
[Vulkan Loader] LAYER:             VK_LAYER_NV_optimus
[Vulkan Loader] LAYER:                     Type: Implicit
[Vulkan Loader] LAYER:                     Enabled By: Implicit Layer
[Vulkan Loader] LAYER:                         Disable Env Var:  DISABLE_LAYER_NV_OPTIMUS_1
[Vulkan Loader] LAYER:                     Manifest: C:\WINDOWS\System32\DriverStore\FileRepository\nvhmsi.inf_amd64_5ec4b201b8059b6f\nv-vk64.json
[Vulkan Loader] LAYER:                     Library:  C:\WINDOWS\System32\DriverStore\FileRepository\nvhmsi.inf_amd64_5ec4b201b8059b6f\nvoglv64.dll
[Vulkan Loader] LAYER:               ||
[Vulkan Loader] LAYER:             VK_LAYER_NV_present
[Vulkan Loader] LAYER:                     Type: Implicit
[Vulkan Loader] LAYER:                     Enabled By: Implicit Layer
[Vulkan Loader] LAYER:                         Disable Env Var:  DISABLE_LAYER_NV_PRESENT_1
[Vulkan Loader] LAYER:                     Manifest: C:\WINDOWS\System32\DriverStore\FileRepository\nvhmsi.inf_amd64_5ec4b201b8059b6f\nv-vk64.json
[Vulkan Loader] LAYER:                     Library:  C:\WINDOWS\System32\DriverStore\FileRepository\nvhmsi.inf_amd64_5ec4b201b8059b6f\nvoglv64.dll
[Vulkan Loader] LAYER:               ||
[Vulkan Loader] LAYER:             VK_LAYER_OBS_HOOK
[Vulkan Loader] LAYER:                     Type: Implicit
[Vulkan Loader] LAYER:                     Enabled By: Implicit Layer
[Vulkan Loader] LAYER:                         Disable Env Var:  DISABLE_VULKAN_OBS_CAPTURE
[Vulkan Loader] LAYER:                     Manifest: C:\ProgramData\obs-studio-hook\obs-vulkan64.json
[Vulkan Loader] LAYER:                     Library:  C:\ProgramData\obs-studio-hook\graphics-hook64.dll
[Vulkan Loader] LAYER:               ||
[Vulkan Loader] LAYER:             VK_LAYER_KHRONOS_validation
[Vulkan Loader] LAYER:                     Type: Explicit
[Vulkan Loader] LAYER:                     Enabled By: Environment Variable VK_INSTANCE_LAYERS
[Vulkan Loader] LAYER:                     Manifest: C:\VulkanSDK\1.4.350.0\Bin\VkLayer_khronos_validation.json
[Vulkan Loader] LAYER:                     Library:  C:\VulkanSDK\1.4.350.0\Bin\VkLayer_khronos_validation.dll
[Vulkan Loader] LAYER:               ||
[Vulkan Loader] DRIVER:            <Device>
[Vulkan Loader] DRIVER:                Using "Intel(R) RaptorLake-S Mobile Graphics Controller" with driver: "C:\Windows\System32\DriverStore\FileRepository\iigd_dch.inf_amd64_1ed7c95e585e0202\igvk64.dll"
[Vulkan Loader] DEBUG | LAYER:  Unloading layer library C:\WINDOWS\System32\DriverStore\FileRepository\nvhmsi.inf_amd64_5ec4b201b8059b6f\nvoglv64.dll
[Vulkan Loader] DEBUG | LAYER:  Unloading layer library C:\WINDOWS\System32\DriverStore\FileRepository\nvhmsi.inf_amd64_5ec4b201b8059b6f\nvoglv64.dll
[Vulkan Loader] DEBUG | LAYER:  Unloading layer library C:\ProgramData\obs-studio-hook\graphics-hook64.dll
[Vulkan Loader] DEBUG | LAYER:  Unloading layer library C:\VulkanSDK\1.4.350.0\Bin\VkLayer_khronos_validation.dll
