Controls: Space pause/resume, R auto rotate, 1/2/3/4 full-body angles, 5 face close-up, 6 portfolio orbit, Left/Right fine rotate, F1/F2/F3 showcase presets, F4 animation pause/resume, F11 animation restart, 7/8 previous/next animation, 9 timeline status, 0 diagnostic view, H HUD, F10 inner outlines, F9 style toggle, F7/F8 mask strength, F5/F6 band threshold, F12 screenshot
Validation layer: disabled
Selected GPU: NVIDIA GeForce RTX 4060 Laptop GPU
HDR scene color candidate: VK_FORMAT_R16G16B16A16_SFLOAT (supported)
Editor viewport render extent: 1280x720
Turntable foot pivot: [1.000000, -1.000000, 1.000000]
Asset path: C:\Users\23587\AppData\Local\Temp\azure_game_publish_t_5kuo6f\New game\assets\hero.gltf
Loaded asset: 337 vertices, 900 indices, 3 primitives, 4 materials
Material Class v1 inventory:
  [0] PublicTestMaterial -> generic, flags=0x20, source=asset-extras
  [1] PublicTestMaterialB -> generic, flags=0x20, source=asset-extras
  [2] FallbackMaterial -> generic, flags=0x20, source=fallback/inferred
  [3] AzureRender_ShowcasePlatform -> showcase, flags=0x0, source=asset-extras
Skinning: enabled, 1 joint matrices, 1 Morph targets
Morph weights: 0.000000, 0.000000
Animations: 2 (playing "MorphJointPulse", 0.250000 s loop)
Additional scene resources: 1, total joints 2
Scene renderer: character (sceneType=character)
Diagnostic view: Beauty, stylized lighting: on, internal outline: on, HUD: off
Turntable foot pivot: [1.000000, -1.000000, 1.000000]
Asset path: C:\Users\23587\AppData\Local\Temp\azure_game_publish_t_5kuo6f\New game\assets\hero.gltf
Loaded asset: 337 vertices, 900 indices, 3 primitives, 4 materials
Material Class v1 inventory:
  [0] PublicTestMaterial -> generic, flags=0x20, source=asset-extras
  [1] PublicTestMaterialB -> generic, flags=0x20, source=asset-extras
  [2] FallbackMaterial -> generic, flags=0x20, source=fallback/inferred
  [3] AzureRender_ShowcasePlatform -> showcase, flags=0x0, source=asset-extras
Skinning: enabled, 1 joint matrices, 1 Morph targets
Morph weights: 0.000000, 0.000000
Animations: 2 (playing "MorphJointPulse", 0.250000 s loop)
Additional scene resources: 1, total joints 2
Scene renderer: character (sceneType=character)
Clustered lighting: 0 lights, 0 cluster references
ECS visible renderables: 2
Editor viewport resources rebuilt: 759x462
Rendered frames: 1305
Allocator after unload: buffers=0 images=0
[1791055728022][info][editor][code=0] Opened scene: courtyard
[1791055728280][info][gpu][code=0] GPU capability report: captures\gpu_capabilities.json
[1791055728599][info][render][code=0] Character IBL: GPU-prefiltered environment mip chain
[1791055728610][info][render][code=0] Character skinning and morph: Vulkan compute path
[1791055728628][info][editor][code=0] Saved scene: C:\Users\23587\AppData\Local\Temp\azure_game_publish_t_5kuo6f\New game\assets\courtyard.azurelevel
[1791055728629][info][editor][code=0] Game build started
[1791055728629][info][editor][code=0] Asset reload requested; changed files: 0
[1791055728652][info][render][code=0] Character IBL: GPU-prefiltered environment mip chain
[1791055728664][info][render][code=0] Character skinning and morph: Vulkan compute path
[1791055728665][info][editor][code=0] Renderer resources reloaded
[1791055731404][info][editor][code=0] Game build completed: {"status": "passed", "name": "New game", "files": 143}
