-- Running vcpkg install
Detecting compiler hash for triplet x64-windows...
-- Automatically setting %HTTP(S)_PROXY% environment variables to "127.0.0.1:7897".
Compiler found: D:/Visual Studio/2022/VC/Tools/MSVC/14.44.35207/bin/Hostx64/x64/cl.exe
The following packages are already installed:
    glfw3:x64-windows@3.5.1 -- git+https://github.com/microsoft/vcpkg@983a9c6ea042da294d61cb405600725dd7c22bbd
  * imath:x64-windows@3.2.2 -- git+https://github.com/microsoft/vcpkg@b167f9479ce8752a2839c39ee8f52c11af4c0266
    joltphysics:x64-windows@5.6.0 -- git+https://github.com/microsoft/vcpkg@2eab0b6e73bfbe491fa0ffb297fd3ffdb6bf4ecf
  * libdeflate[compression,core,decompression,gzip,zlib]:x64-windows@1.25 -- git+https://github.com/microsoft/vcpkg@ceffc2e1864a1a1da49e655da03c323723a9816d
  * nlohmann-json:x64-windows@3.12.0#2 -- git+https://github.com/microsoft/vcpkg@ac3b8821cf486e45dd543bef2a4ba1d1ba230258
    openexr:x64-windows@3.4.13 -- git+https://github.com/microsoft/vcpkg@48521629e41c4a321b28dc3db54695be41c66e2f
  * openjph:x64-windows@0.31.0 -- git+https://github.com/microsoft/vcpkg@ad25bd553f9d4644ed6a978f8a6fc5d6387a923b
    stb:x64-windows@2024-07-29#1 -- git+https://github.com/microsoft/vcpkg@c362152d1d02973e7b1ce777960f8a6876656560
    tinygltf:x64-windows@3.0.0#1 -- git+https://github.com/microsoft/vcpkg@9c983959bc083131a4f5ca06ea51178a3e5a04b1
  * vcpkg-cmake:x64-windows@2024-04-23 -- git+https://github.com/microsoft/vcpkg@e74aa1e8f93278a8e71372f1fa08c3df420eb840
  * vcpkg-cmake-config:x64-windows@2026-07-21 -- git+https://github.com/microsoft/vcpkg@51befcb03097f8d19c1c59f9ec3625e69d85322a
    vulkan-memory-allocator:x64-windows@3.4.0 -- git+https://github.com/microsoft/vcpkg@a5328a01836eccf4c520e20e58f4d45d36cd1035
The following packages will be built and installed:
    lua:x64-windows@5.4.8 -- git+https://github.com/microsoft/vcpkg@062ae235ae46d4bce8b00be2c74667e0763cc2c1
    sol2:x64-windows@3.5.0#1 -- git+https://github.com/microsoft/vcpkg@b3089bcbf6e652b82348192c6289d0ba2d0d9fe7
Restored 0 package(s) from C:\Users\23587\AppData\Local\vcpkg\archives in 178 us. Use --debug to see more details.
Installing 1/2 lua:x64-windows@5.4.8...
Building lua:x64-windows@5.4.8...
C:\Users\23587\AppData\Local\vcpkg\registries\git-trees\062ae235ae46d4bce8b00be2c74667e0763cc2c1: info: installing from git registry git+https://github.com/microsoft/vcpkg@062ae235ae46d4bce8b00be2c74667e0763cc2c1
Downloading https://www.lua.org/ftp/lua-5.4.8.tar.gz -> lua-5.4.8.tar.gz
Successfully downloaded lua-5.4.8.tar.gz
-- Extracting source C:/Users/23587/AppData/Local/vcpkg/downloads/lua-5.4.8.tar.gz
-- Applying patch vs2015-impl-c99.patch
-- Applying patch fix-ios-system.patch
-- Using source at D:/Assigment/2609/FYP/Project/AzureRender/build/ninja-msvc-release/vcpkg_installed/vcpkg/blds/lua/src/lua-5-c26d6d7c04.clean
-- Installing: D:/Assigment/2609/FYP/Project/AzureRender/build/ninja-msvc-release/vcpkg_installed/vcpkg/blds/lua/src/lua-5-c26d6d7c04.clean/cpp/CMakeLists.txt
-- Configuring x64-windows
-- Building x64-windows-dbg
-- Building x64-windows-rel
-- Installing: D:/Assigment/2609/FYP/Project/AzureRender/build/ninja-msvc-release/vcpkg_installed/vcpkg/pkgs/lua_x64-windows/share/lua/usage
-- Installing: D:/Assigment/2609/FYP/Project/AzureRender/build/ninja-msvc-release/vcpkg_installed/vcpkg/pkgs/lua_x64-windows/share/lua/copyright
-- Performing post-build validation
Starting submission of lua:x64-windows@5.4.8 to 1 binary cache(s) in the background
Elapsed time to handle lua:x64-windows: 11 s
lua:x64-windows package ABI: 13d5ad2ad3e18a5b7fe21fd848d778034dd8212912507fa20b531dd4c7700bd4
Installing 2/2 sol2:x64-windows@3.5.0#1...
Building sol2:x64-windows@3.5.0#1...
C:\Users\23587\AppData\Local\vcpkg\registries\git-trees\b3089bcbf6e652b82348192c6289d0ba2d0d9fe7: info: installing from git registry git+https://github.com/microsoft/vcpkg@b3089bcbf6e652b82348192c6289d0ba2d0d9fe7
Downloading https://github.com/ThePhD/sol2/archive/v3.5.0.tar.gz -> ThePhD-sol2-v3.5.0.tar.gz
Successfully downloaded ThePhD-sol2-v3.5.0.tar.gz
-- Extracting source C:/Users/23587/AppData/Local/vcpkg/downloads/ThePhD-sol2-v3.5.0.tar.gz
-- Applying patch header-only.patch
-- Applying patch lua-5.5.diff
-- Applying patch pkgconfig.diff
-- Using source at D:/Assigment/2609/FYP/Project/AzureRender/build/ninja-msvc-release/vcpkg_installed/vcpkg/blds/sol2/src/v3.5.0-f13bb4a017.clean
-- Configuring x64-windows
-- Building x64-windows-rel
-- Fixing pkgconfig file: D:/Assigment/2609/FYP/Project/AzureRender/build/ninja-msvc-release/vcpkg_installed/vcpkg/pkgs/sol2_x64-windows/share/pkgconfig/sol2.pc
-- Using cached msys2-mingw-w64-x86_64-pkgconf-1~2.4.3-1-any.pkg.tar.zst
-- Using cached msys2-msys2-runtime-3.6.2-2-x86_64.pkg.tar.zst
-- Using msys root at C:/Users/23587/AppData/Local/vcpkg/downloads/tools/msys2/9272adbcaf19caef
-- Installing: D:/Assigment/2609/FYP/Project/AzureRender/build/ninja-msvc-release/vcpkg_installed/vcpkg/pkgs/sol2_x64-windows/share/sol2/copyright
-- Performing post-build validation
Starting submission of sol2:x64-windows@3.5.0#1 to 1 binary cache(s) in the background
Elapsed time to handle sol2:x64-windows: 12 s
sol2:x64-windows package ABI: 15eb248f2b9bee2d3eb7e17aca0d9728d2a54ab54e5100b254f6652a76c75aaf
Installed contents are licensed to you by owners. Microsoft is not responsible for, nor does it grant any licenses to, third-party packages.
Some packages did not declare an SPDX license. Check the `copyright` file for each package for more information about their licensing.
Packages installed in this vcpkg installation declare the following licenses:
MIT
glfw3 provides CMake targets:

  # this is heuristically generated, and may not be correct
  find_package(glfw3 CONFIG REQUIRED)
  target_link_libraries(main PRIVATE glfw)

glfw3 provides pkg-config modules:

  # A multi-platform library for OpenGL, window and input
  glfw3

joltphysics provides CMake targets:

  # this is heuristically generated, and may not be correct
  find_package(Jolt CONFIG REQUIRED)
  target_link_libraries(main PRIVATE Jolt::Jolt)

Use this package via the module FindLua that comes with CMake. To use in your CMakeLists.txt:

    find_package(Lua REQUIRED)
    target_include_directories(main PRIVATE ${LUA_INCLUDE_DIR})
    target_link_libraries(main PRIVATE ${LUA_LIBRARIES})

openexr provides CMake targets:

    find_package(OpenEXR CONFIG REQUIRED)
    target_link_libraries(main PRIVATE OpenEXR::OpenEXR)

sol2 provides CMake targets:

  # this is heuristically generated, and may not be correct
  find_package(sol2 CONFIG REQUIRED)
  target_link_libraries(main PRIVATE sol2::sol2)

sol2 provides pkg-config modules:

  # C++ <-> Lua Wrapper Library
  sol2

The package stb provides CMake targets:

    find_package(Stb REQUIRED)
    target_include_directories(main PRIVATE ${Stb_INCLUDE_DIR})
tinygltf is header-only and can be used from CMake via:

  find_path(TINYGLTF_INCLUDE_DIRS "tiny_gltf.h")
  target_include_directories(main PRIVATE ${TINYGLTF_INCLUDE_DIRS})

VulkanMemoryAllocator provides official find_package support. However, it requires the user to provide the include directory containing `vulkan/vulkan.h`. There are multiple ways to achieve this and VulkanMemoryAllocator is compatible with all of them.

    find_package(Vulkan) # https://cmake.org/cmake/help/latest/module/FindVulkan.html, CMake 3.21+
    find_package(VulkanMemoryAllocator CONFIG REQUIRED)
    target_link_libraries(main PRIVATE Vulkan::Vulkan GPUOpen::VulkanMemoryAllocator)

or

    find_package(Vulkan) # CMake 3.21+
    find_package(VulkanMemoryAllocator CONFIG REQUIRED)
    target_link_libraries(main PRIVATE Vulkan::Headers GPUOpen::VulkanMemoryAllocator)

or

    find_package(VulkanHeaders CONFIG) # From the vulkan-headers port
    find_package(VulkanMemoryAllocator CONFIG REQUIRED)
    target_link_libraries(main PRIVATE Vulkan::Headers GPUOpen::VulkanMemoryAllocator)

See the documentation for more information on setting up your project: https://gpuopen-librariesandsdks.github.io/VulkanMemoryAllocator/html/index.html

Completed submission of lua:x64-windows@5.4.8 to 1 binary cache(s) in 260 ms
Waiting for 1 remaining binary cache submissions...
Completed submission of sol2:x64-windows@3.5.0#1 to 1 binary cache(s) in 111 ms (1/1)
All requested installations completed successfully in: 22 s
-- Running vcpkg install - done
-- Configuring done
-- Generating done
-- Build files have been written to: D:/Assigment/2609/FYP/Project/AzureRender/build/ninja-msvc-release
