[1/40] Building CXX object CMakeFiles\AzureRuntime.dir\src\app\CommandLine.cpp.obj
[2/40] Building CXX object CMakeFiles\AzureRuntime.dir\src\runtime\SceneRenderSnapshot.cpp.obj
[3/40] Building CXX object CMakeFiles\AzureRuntime.dir\src\runtime\GameRuntime.cpp.obj
[4/40] Building CXX object CMakeFiles\AzureRuntime.dir\src\runtime\SceneDocument.cpp.obj
[5/40] Building CXX object CMakeFiles\AzurePlayerHost.dir\src\app\AzureRenderResources.cpp.obj
[6/40] Building CXX object CMakeFiles\AzurePhysicsInputTests.dir\tests\PhysicsInputTests.cpp.obj
[7/40] Building CXX object CMakeFiles\AzurePlayerHost.dir\src\app\AzureRenderDescriptors.cpp.obj
[8/40] Building CXX object CMakeFiles\AzureRenderHost.dir\src\app\AzureRenderResources.cpp.obj
[9/40] Building CXX object CMakeFiles\AzureRenderHost.dir\src\app\AzureRenderDescriptors.cpp.obj
[10/40] Building CXX object CMakeFiles\AzureRuntime.dir\src\runtime\PhysicsWorld.cpp.obj
[11/40] Building CXX object CMakeFiles\AzureRenderHost.dir\src\app\AzureRenderPipeline.cpp.obj
[12/40] Building CXX object CMakeFiles\AzurePlayerHost.dir\src\app\AzureRenderPipeline.cpp.obj
[13/40] Building CXX object CMakeFiles\AzureRuntime.dir\src\runtime\LevelSession.cpp.obj
[14/40] Building CXX object CMakeFiles\AzureRenderHost.dir\src\app\AzureRenderSupport.cpp.obj
[15/40] Building CXX object CMakeFiles\AzurePlayerHost.dir\src\app\AzureRenderSupport.cpp.obj
[16/40] Building CXX object CMakeFiles\AzureRender.dir\src\main.cpp.obj
[17/40] Building CXX object CMakeFiles\AzureRuntime.dir\src\runtime\Prefab.cpp.obj
[18/40] Building CXX object CMakeFiles\AzurePlayerHost.dir\src\app\AzureRenderCapture.cpp.obj
[19/40] Building CXX object CMakeFiles\AzureRenderHost.dir\src\app\AzureRenderCapture.cpp.obj
[20/40] Building CXX object CMakeFiles\AzurePlayer.dir\src\player\main.cpp.obj
[21/40] Building CXX object CMakeFiles\AzureRenderHost.dir\src\app\AzureRenderFrame.cpp.obj
[22/40] Building CXX object CMakeFiles\AzurePlayerHost.dir\src\app\AzureRenderFrame.cpp.obj
[23/40] Building CXX object CMakeFiles\AzureScriptRuntimeTests.dir\tests\ScriptRuntimeTests.cpp.obj
[24/40] Building CXX object CMakeFiles\AzureAssetLevelTests.dir\tests\AssetLevelTests.cpp.obj
[25/40] Building CXX object CMakeFiles\AzureRuntime.dir\src\runtime\Project.cpp.obj
[26/40] Building CXX object CMakeFiles\AzureRenderHost.dir\src\app\AzureRenderApp.cpp.obj
[27/40] Building CXX object CMakeFiles\AzureRuntime.dir\src\runtime\Level.cpp.obj
[28/40] Building CXX object CMakeFiles\AzureRuntime.dir\src\runtime\AssetDatabase.cpp.obj
[29/40] Building CXX object CMakeFiles\AzurePlayerHost.dir\src\app\AzureRenderApp.cpp.obj
[30/40] Building CXX object CMakeFiles\AzureRuntime.dir\src\runtime\ScriptRuntime.cpp.obj
[31/40] Linking CXX static library AzureRuntime.lib
[32/40] Linking CXX static library AzureRenderHost.lib
[33/40] Linking CXX static library AzurePlayerHost.lib
[34/40] Linking CXX executable AzureAssetLevelTests.exe
[35/40] Linking CXX executable AzureProjectTests.exe
[36/40] Linking CXX executable AzureScriptRuntimeTests.exe
[37/40] Linking CXX executable AzurePhysicsInputTests.exe
[38/40] Linking CXX executable AzureRuntimeLifecycleTests.exe
[39/40] Linking CXX executable AzureRender.exe
[40/40] Linking CXX executable AzurePlayer.exe
