-- Up-to-date: D:\Assigment\2609\FYP\Project\AzureRender\build\ninja-msvc-release\release-gate\install-moved/bin/AzureRender.exe
-- Up-to-date: D:\Assigment\2609\FYP\Project\AzureRender\build\ninja-msvc-release\release-gate\install-moved/share/AzureRender/shaders
-- Up-to-date: D:\Assigment\2609\FYP\Project\AzureRender\build\ninja-msvc-release\release-gate\install-moved/share/AzureRender/shaders/background.frag.spv
-- Up-to-date: D:\Assigment\2609\FYP\Project\AzureRender\build\ninja-msvc-release\release-gate\install-moved/share/AzureRender/shaders/background.vert.spv
-- Up-to-date: D:\Assigment\2609\FYP\Project\AzureRender\build\ninja-msvc-release\release-gate\install-moved/share/AzureRender/shaders/background_bindless.frag.spv
-- Up-to-date: D:\Assigment\2609\FYP\Project\AzureRender\build\ninja-msvc-release\release-gate\install-moved/share/AzureRender/shaders/blackhole.frag.spv
-- Up-to-date: D:\Assigment\2609\FYP\Project\AzureRender\build\ninja-msvc-release\release-gate\install-moved/share/AzureRender/shaders/blackhole.vert.spv
-- Up-to-date: D:\Assigment\2609\FYP\Project\AzureRender\build\ninja-msvc-release\release-gate\install-moved/share/AzureRender/shaders/blackhole_composite.frag.spv
-- Up-to-date: D:\Assigment\2609\FYP\Project\AzureRender\build\ninja-msvc-release\release-gate\install-moved/share/AzureRender/shaders/blackhole_taa.frag.spv
-- Up-to-date: D:\Assigment\2609\FYP\Project\AzureRender\build\ninja-msvc-release\release-gate\install-moved/share/AzureRender/shaders/blackhole_taa_compute.frag.spv
-- Up-to-date: D:\Assigment\2609\FYP\Project\AzureRender\build\ninja-msvc-release\release-gate\install-moved/share/AzureRender/shaders/bloom_composite.comp.spv
-- Up-to-date: D:\Assigment\2609\FYP\Project\AzureRender\build\ninja-msvc-release\release-gate\install-moved/share/AzureRender/shaders/bloom_downsample.comp.spv
-- Up-to-date: D:\Assigment\2609\FYP\Project\AzureRender\build\ninja-msvc-release\release-gate\install-moved/share/AzureRender/shaders/clear.comp.spv
-- Up-to-date: D:\Assigment\2609\FYP\Project\AzureRender\build\ninja-msvc-release\release-gate\install-moved/share/AzureRender/shaders/cull_indirect.comp.spv
-- Up-to-date: D:\Assigment\2609\FYP\Project\AzureRender\build\ninja-msvc-release\release-gate\install-moved/share/AzureRender/shaders/hud.frag.spv
-- Up-to-date: D:\Assigment\2609\FYP\Project\AzureRender\build\ninja-msvc-release\release-gate\install-moved/share/AzureRender/shaders/hud.vert.spv
-- Up-to-date: D:\Assigment\2609\FYP\Project\AzureRender\build\ninja-msvc-release\release-gate\install-moved/share/AzureRender/shaders/ibl_prefilter.comp.spv
-- Up-to-date: D:\Assigment\2609\FYP\Project\AzureRender\build\ninja-msvc-release\release-gate\install-moved/share/AzureRender/shaders/inner_outline.frag.spv
-- Up-to-date: D:\Assigment\2609\FYP\Project\AzureRender\build\ninja-msvc-release\release-gate\install-moved/share/AzureRender/shaders/inner_outline.vert.spv
-- Up-to-date: D:\Assigment\2609\FYP\Project\AzureRender\build\ninja-msvc-release\release-gate\install-moved/share/AzureRender/shaders/mesh.frag.spv
-- Up-to-date: D:\Assigment\2609\FYP\Project\AzureRender\build\ninja-msvc-release\release-gate\install-moved/share/AzureRender/shaders/mesh.vert.spv
-- Up-to-date: D:\Assigment\2609\FYP\Project\AzureRender\build\ninja-msvc-release\release-gate\install-moved/share/AzureRender/shaders/mesh_bindless.frag.spv
-- Up-to-date: D:\Assigment\2609\FYP\Project\AzureRender\build\ninja-msvc-release\release-gate\install-moved/share/AzureRender/shaders/mesh_compute.vert.spv
-- Up-to-date: D:\Assigment\2609\FYP\Project\AzureRender\build\ninja-msvc-release\release-gate\install-moved/share/AzureRender/shaders/outline.frag.spv
-- Up-to-date: D:\Assigment\2609\FYP\Project\AzureRender\build\ninja-msvc-release\release-gate\install-moved/share/AzureRender/shaders/outline.vert.spv
-- Up-to-date: D:\Assigment\2609\FYP\Project\AzureRender\build\ninja-msvc-release\release-gate\install-moved/share/AzureRender/shaders/outline_compute.vert.spv
-- Up-to-date: D:\Assigment\2609\FYP\Project\AzureRender\build\ninja-msvc-release\release-gate\install-moved/share/AzureRender/shaders/shadow.frag.spv
-- Up-to-date: D:\Assigment\2609\FYP\Project\AzureRender\build\ninja-msvc-release\release-gate\install-moved/share/AzureRender/shaders/shadow.vert.spv
-- Up-to-date: D:\Assigment\2609\FYP\Project\AzureRender\build\ninja-msvc-release\release-gate\install-moved/share/AzureRender/shaders/shadow_bindless.frag.spv
-- Up-to-date: D:\Assigment\2609\FYP\Project\AzureRender\build\ninja-msvc-release\release-gate\install-moved/share/AzureRender/shaders/shadow_compute.vert.spv
-- Up-to-date: D:\Assigment\2609\FYP\Project\AzureRender\build\ninja-msvc-release\release-gate\install-moved/share/AzureRender/shaders/skin.comp.spv
-- Up-to-date: D:\Assigment\2609\FYP\Project\AzureRender\build\ninja-msvc-release\release-gate\install-moved/share/AzureRender/assets_public
-- Up-to-date: D:\Assigment\2609\FYP\Project\AzureRender\build\ninja-msvc-release\release-gate\install-moved/share/AzureRender/assets_public/baselines
-- Up-to-date: D:\Assigment\2609\FYP\Project\AzureRender\build\ninja-msvc-release\release-gate\install-moved/share/AzureRender/assets_public/baselines/character
-- Up-to-date: D:\Assigment\2609\FYP\Project\AzureRender\build\ninja-msvc-release\release-gate\install-moved/share/AzureRender/assets_public/baselines/character/character_albedo_fullbody.png
-- Up-to-date: D:\Assigment\2609\FYP\Project\AzureRender\build\ninja-msvc-release\release-gate\install-moved/share/AzureRender/assets_public/baselines/character/character_beauty_fullbody.png
-- Up-to-date: D:\Assigment\2609\FYP\Project\AzureRender\build\ninja-msvc-release\release-gate\install-moved/share/AzureRender/assets_public/baselines/character/character_direct_diffuse_fullbody.png
-- Up-to-date: D:\Assigment\2609\FYP\Project\AzureRender\build\ninja-msvc-release\release-gate\install-moved/share/AzureRender/assets_public/baselines/character/character_face_sdf_closeup.png
-- Up-to-date: D:\Assigment\2609\FYP\Project\AzureRender\build\ninja-msvc-release\release-gate\install-moved/share/AzureRender/assets_public/baselines/character/character_material_id_fullbody.png
-- Up-to-date: D:\Assigment\2609\FYP\Project\AzureRender\build\ninja-msvc-release\release-gate\install-moved/share/AzureRender/assets_public/baselines/character/character_outline_fullbody.png
-- Up-to-date: D:\Assigment\2609\FYP\Project\AzureRender\build\ninja-msvc-release\release-gate\install-moved/share/AzureRender/assets_public/baselines/character/character_world_normal_fullbody.png
-- Up-to-date: D:\Assigment\2609\FYP\Project\AzureRender\build\ninja-msvc-release\release-gate\install-moved/share/AzureRender/assets_public/face_sdf_v1.png
-- Up-to-date: D:\Assigment\2609\FYP\Project\AzureRender\build\ninja-msvc-release\release-gate\install-moved/share/AzureRender/assets_public/README.md
-- Up-to-date: D:\Assigment\2609\FYP\Project\AzureRender\build\ninja-msvc-release\release-gate\install-moved/share/AzureRender/assets_public/scenes
-- Up-to-date: D:\Assigment\2609\FYP\Project\AzureRender\build\ninja-msvc-release\release-gate\install-moved/share/AzureRender/assets_public/scenes/clustered_lights_16.azscene
-- Up-to-date: D:\Assigment\2609\FYP\Project\AzureRender\build\ninja-msvc-release\release-gate\install-moved/share/AzureRender/assets_public/scenes/clustered_lights_empty.azscene
-- Up-to-date: D:\Assigment\2609\FYP\Project\AzureRender\build\ninja-msvc-release\release-gate\install-moved/share/AzureRender/assets_public/scenes/r4_stress.azscene
-- Up-to-date: D:\Assigment\2609\FYP\Project\AzureRender\build\ninja-msvc-release\release-gate\install-moved/share/AzureRender/assets_public/showcase_looks.json
-- Up-to-date: D:\Assigment\2609\FYP\Project\AzureRender\build\ninja-msvc-release\release-gate\install-moved/share/AzureRender/assets_public/test_env.hdr
-- Up-to-date: D:\Assigment\2609\FYP\Project\AzureRender\build\ninja-msvc-release\release-gate\install-moved/share/AzureRender/assets_public/test_env_strong.hdr
-- Up-to-date: D:\Assigment\2609\FYP\Project\AzureRender\build\ninja-msvc-release\release-gate\install-moved/share/AzureRender/assets_public/test_model.gltf
-- Up-to-date: D:\Assigment\2609\FYP\Project\AzureRender\build\ninja-msvc-release\release-gate\install-moved/share/AzureRender/assets_public/toon_ramp_atlas.ppm
-- Up-to-date: D:\Assigment\2609\FYP\Project\AzureRender\build\ninja-msvc-release\release-gate\install-moved/share/AzureRender/assets_public/toon_ramp_profiles.json
-- Up-to-date: D:\Assigment\2609\FYP\Project\AzureRender\build\ninja-msvc-release\release-gate\install-moved/share/AzureRender/README.md
-- Up-to-date: D:\Assigment\2609\FYP\Project\AzureRender\build\ninja-msvc-release\release-gate\install-moved/share/AzureRender/CHANGELOG.md
-- Up-to-date: D:\Assigment\2609\FYP\Project\AzureRender\build\ninja-msvc-release\release-gate\install-moved/share/AzureRender/THIRD_PARTY_NOTICES.md
-- Up-to-date: D:\Assigment\2609\FYP\Project\AzureRender\build\ninja-msvc-release\release-gate\install-moved/share/AzureRender/index.md
-- Up-to-date: D:\Assigment\2609\FYP\Project\AzureRender\build\ninja-msvc-release\release-gate\install-moved/share/AzureRender/getting-started.md
-- Up-to-date: D:\Assigment\2609\FYP\Project\AzureRender\build\ninja-msvc-release\release-gate\install-moved/share/AzureRender/architecture.md
-- Up-to-date: D:\Assigment\2609\FYP\Project\AzureRender\build\ninja-msvc-release\release-gate\install-moved/share/AzureRender/character-rendering.md
-- Up-to-date: D:\Assigment\2609\FYP\Project\AzureRender\build\ninja-msvc-release\release-gate\install-moved/share/AzureRender/blackhole-rendering.md
-- Up-to-date: D:\Assigment\2609\FYP\Project\AzureRender\build\ninja-msvc-release\release-gate\install-moved/share/AzureRender/assets-and-editor.md
-- Up-to-date: D:\Assigment\2609\FYP\Project\AzureRender\build\ninja-msvc-release\release-gate\install-moved/share/AzureRender/development-and-release.md
-- Up-to-date: D:\Assigment\2609\FYP\Project\AzureRender\build\ninja-msvc-release\release-gate\install-moved/share/AzureRender/reference.md
-- Up-to-date: D:\Assigment\2609\FYP\Project\AzureRender\build\ninja-msvc-release\release-gate\install-moved/share/AzureRender/documentation-standard.md
-- Installing: D:\Assigment\2609\FYP\Project\AzureRender\build\ninja-msvc-release\release-gate\install-moved/share/AzureRender/azure-engine-plan.md
-- Installing: D:\Assigment\2609\FYP\Project\AzureRender\build\ninja-msvc-release\release-gate\install-moved/share/AzureRender/render-core-implementation.md
-- Up-to-date: D:\Assigment\2609\FYP\Project\AzureRender\build\ninja-msvc-release\release-gate\install-moved/share/AzureRender/compute-passes.md
-- Up-to-date: D:\Assigment\2609\FYP\Project\AzureRender\build\ninja-msvc-release\release-gate\install-moved/share/AzureRender/environment-assets.md
-- Up-to-date: D:\Assigment\2609\FYP\Project\AzureRender\build\ninja-msvc-release\release-gate\install-moved/share/AzureRender/clustered-lighting.md
-- Up-to-date: D:\Assigment\2609\FYP\Project\AzureRender\build\ninja-msvc-release\release-gate\install-moved/share/AzureRender/render-graph.md
-- Up-to-date: D:\Assigment\2609\FYP\Project\AzureRender\build\ninja-msvc-release\release-gate\install-moved/share/AzureRender/rhi-synchronization.md
-- Up-to-date: D:\Assigment\2609\FYP\Project\AzureRender\build\ninja-msvc-release\release-gate\install-moved/share/AzureRender/scene-data.md
-- Up-to-date: D:\Assigment\2609\FYP\Project\AzureRender\build\ninja-msvc-release\release-gate\install-moved/share/AzureRender/parallel-submission.md
-- Up-to-date: D:\Assigment\2609\FYP\Project\AzureRender\build\ninja-msvc-release\release-gate\install-moved/share/AzureRender/windows-acceptance.md
-- Installing: D:\Assigment\2609\FYP\Project\AzureRender\build\ninja-msvc-release\release-gate\install-moved/share/AzureRender/2026-09-26.md
-- Up-to-date: D:\Assigment\2609\FYP\Project\AzureRender\build\ninja-msvc-release\release-gate\install-moved/share/AzureRender/2026-09-26.md
-- Installing: D:\Assigment\2609\FYP\Project\AzureRender\build\ninja-msvc-release\release-gate\install-moved/share/AzureRender/2026-10-03.md
-- Installing: D:\Assigment\2609\FYP\Project\AzureRender\build\ninja-msvc-release\release-gate\install-moved/share/AzureRender/2026-10-03.md
-- Up-to-date: D:\Assigment\2609\FYP\Project\AzureRender\build\ninja-msvc-release\release-gate\install-moved/share/AzureRender/licenses/imgui-LICENSE.txt
-- Up-to-date: D:\Assigment\2609\FYP\Project\AzureRender\build\ninja-msvc-release\release-gate\install-moved/share/AzureRender/licenses/glfw3-LICENSE.txt
-- Up-to-date: D:\Assigment\2609\FYP\Project\AzureRender\build\ninja-msvc-release\release-gate\install-moved/share/AzureRender/licenses/tinygltf-LICENSE.txt
-- Up-to-date: D:\Assigment\2609\FYP\Project\AzureRender\build\ninja-msvc-release\release-gate\install-moved/share/AzureRender/licenses/stb-LICENSE.txt
-- Up-to-date: D:\Assigment\2609\FYP\Project\AzureRender\build\ninja-msvc-release\release-gate\install-moved/share/AzureRender/licenses/openexr-LICENSE.txt
-- Up-to-date: D:\Assigment\2609\FYP\Project\AzureRender\build\ninja-msvc-release\release-gate\install-moved/share/AzureRender/licenses/imath-LICENSE.txt
-- Up-to-date: D:\Assigment\2609\FYP\Project\AzureRender\build\ninja-msvc-release\release-gate\install-moved/share/AzureRender/licenses/libdeflate-LICENSE.txt
-- Up-to-date: D:\Assigment\2609\FYP\Project\AzureRender\build\ninja-msvc-release\release-gate\install-moved/share/AzureRender/licenses/openjph-LICENSE.txt
-- Up-to-date: D:\Assigment\2609\FYP\Project\AzureRender\build\ninja-msvc-release\release-gate\install-moved/share/AzureRender/licenses/nlohmann-json-LICENSE.txt
-- Up-to-date: D:\Assigment\2609\FYP\Project\AzureRender\build\ninja-msvc-release\release-gate\install-moved/bin/glfw3.dll
-- Up-to-date: D:\Assigment\2609\FYP\Project\AzureRender\build\ninja-msvc-release\release-gate\install-moved/bin/Iex-3_4.dll
-- Up-to-date: D:\Assigment\2609\FYP\Project\AzureRender\build\ninja-msvc-release\release-gate\install-moved/bin/IlmThread-3_4.dll
-- Up-to-date: D:\Assigment\2609\FYP\Project\AzureRender\build\ninja-msvc-release\release-gate\install-moved/bin/Imath-3_2.dll
-- Up-to-date: D:\Assigment\2609\FYP\Project\AzureRender\build\ninja-msvc-release\release-gate\install-moved/bin/OpenEXR-3_4.dll
-- Up-to-date: D:\Assigment\2609\FYP\Project\AzureRender\build\ninja-msvc-release\release-gate\install-moved/bin/OpenEXRCore-3_4.dll
-- Up-to-date: D:\Assigment\2609\FYP\Project\AzureRender\build\ninja-msvc-release\release-gate\install-moved/bin/OpenEXRUtil-3_4.dll
-- Up-to-date: D:\Assigment\2609\FYP\Project\AzureRender\build\ninja-msvc-release\release-gate\install-moved/bin/deflate.dll
-- Up-to-date: D:\Assigment\2609\FYP\Project\AzureRender\build\ninja-msvc-release\release-gate\install-moved/bin/glfw3.dll
-- Up-to-date: D:\Assigment\2609\FYP\Project\AzureRender\build\ninja-msvc-release\release-gate\install-moved/bin/openjph.0.31.dll
