[0/1] Re-running CMake...
-- Running vcpkg install
Detecting compiler hash for triplet x64-windows...
Compiler found: D:/Visual Studio/2022/VC/Tools/MSVC/14.44.35207/bin/Hostx64/x64/cl.exe
The following packages are already installed:
    glfw3:x64-windows@3.5.1 -- git+https://github.com/microsoft/vcpkg@983a9c6ea042da294d61cb405600725dd7c22bbd
  * imath:x64-windows@3.2.2 -- git+https://github.com/microsoft/vcpkg@b167f9479ce8752a2839c39ee8f52c11af4c0266
  * libdeflate[compression,core,decompression,gzip,zlib]:x64-windows@1.25 -- git+https://github.com/microsoft/vcpkg@ceffc2e1864a1a1da49e655da03c323723a9816d
  * nlohmann-json:x64-windows@3.12.0#2 -- git+https://github.com/microsoft/vcpkg@ac3b8821cf486e45dd543bef2a4ba1d1ba230258
    openexr:x64-windows@3.4.13 -- git+https://github.com/microsoft/vcpkg@48521629e41c4a321b28dc3db54695be41c66e2f
  * openjph:x64-windows@0.31.0 -- git+https://github.com/microsoft/vcpkg@ad25bd553f9d4644ed6a978f8a6fc5d6387a923b
    stb:x64-windows@2024-07-29#1 -- git+https://github.com/microsoft/vcpkg@c362152d1d02973e7b1ce777960f8a6876656560
    tinygltf:x64-windows@3.0.0#1 -- git+https://github.com/microsoft/vcpkg@9c983959bc083131a4f5ca06ea51178a3e5a04b1
  * vcpkg-cmake:x64-windows@2024-04-23 -- git+https://github.com/microsoft/vcpkg@e74aa1e8f93278a8e71372f1fa08c3df420eb840
  * vcpkg-cmake-config:x64-windows@2026-07-21 -- git+https://github.com/microsoft/vcpkg@51befcb03097f8d19c1c59f9ec3625e69d85322a
    vulkan-memory-allocator:x64-windows@3.4.0 -- git+https://github.com/microsoft/vcpkg@a5328a01836eccf4c520e20e58f4d45d36cd1035
glfw3 provides CMake targets:

  # this is heuristically generated, and may not be correct
  find_package(glfw3 CONFIG REQUIRED)
  target_link_libraries(main PRIVATE glfw)

glfw3 provides pkg-config modules:

  # A multi-platform library for OpenGL, window and input
  glfw3

openexr provides CMake targets:

    find_package(OpenEXR CONFIG REQUIRED)
    target_link_libraries(main PRIVATE OpenEXR::OpenEXR)

The package stb provides CMake targets:

    find_package(Stb REQUIRED)
    target_include_directories(main PRIVATE ${Stb_INCLUDE_DIR})
tinygltf is header-only and can be used from CMake via:

  find_path(TINYGLTF_INCLUDE_DIRS "tiny_gltf.h")
  target_include_directories(main PRIVATE ${TINYGLTF_INCLUDE_DIRS})

VulkanMemoryAllocator provides official find_package support. However, it requires the user to provide the include directory containing `vulkan/vulkan.h`. There are multiple ways to achieve this and VulkanMemoryAllocator is compatible with all of them.

    find_package(Vulkan) # https://cmake.org/cmake/help/latest/module/FindVulkan.html, CMake 3.21+
    find_package(VulkanMemoryAllocator CONFIG REQUIRED)
    target_link_libraries(main PRIVATE Vulkan::Vulkan GPUOpen::VulkanMemoryAllocator)

or

    find_package(Vulkan) # CMake 3.21+
    find_package(VulkanMemoryAllocator CONFIG REQUIRED)
    target_link_libraries(main PRIVATE Vulkan::Headers GPUOpen::VulkanMemoryAllocator)

or

    find_package(VulkanHeaders CONFIG) # From the vulkan-headers port
    find_package(VulkanMemoryAllocator CONFIG REQUIRED)
    target_link_libraries(main PRIVATE Vulkan::Headers GPUOpen::VulkanMemoryAllocator)

See the documentation for more information on setting up your project: https://gpuopen-librariesandsdks.github.io/VulkanMemoryAllocator/html/index.html

All requested installations completed successfully in: 596 us
-- Running vcpkg install - done
-- Configuring done
-- Generating done
-- Build files have been written to: D:/Assigment/2609/FYP/Project/AzureRender/build/ninja-msvc-release
[1/7] Building CXX object CMakeFiles\AzureRenderNullRhiPassTests.dir\src\scenes\BlackholeSceneRenderer.cpp.obj
[2/7] Building CXX object CMakeFiles\AzureRender.dir\src\scenes\BlackholeSceneRenderer.cpp.obj
[3/7] Building CXX object CMakeFiles\AzureRender.dir\src\app\AzureRenderSupport.cpp.obj
[4/7] Building CXX object CMakeFiles\AzureRender.dir\src\app\AzureRenderApp.cpp.obj
[5/7] Linking CXX executable AzureRenderNullRhiPassTests.exe
[6/7] Linking CXX executable AzureRender.exe
