[1791344138697][info][gpu][code=0] GPU capability report: captures\gpu_capabilities.json
[1791344138966][info][render][code=0] Character texture access: indexed, requested slots=59, stage sampler limit=1048576
[1791344138982][info][render][code=0] Character IBL: GPU-prefiltered environment mip chain
[1791344138995][info][render][code=0] Character skinning and morph: Vulkan compute path
[1791344139105][info][runtime][code=0] Level committed: exploration
[1791344146931][info][runtime][code=0] Level committed: exploration
[1791344147705][info][runtime][code=0] Level committed: alternate
[1791344153952][info][runtime][code=0] Level committed: exploration
[1791344154202][info][runtime][code=0] Level committed: exploration
[1791344159836][info][runtime][code=0] Level committed: exploration
[1791344160994][info][runtime][code=0] Level committed: alternate
[1791344167350][info][runtime][code=0] Level committed: exploration
[1791344167601][info][runtime][code=0] Level committed: exploration
[1791344173317][info][runtime][code=0] Level committed: exploration
[1791344174528][info][runtime][code=0] Level committed: alternate
[1791344181030][info][runtime][code=0] Level committed: exploration
[1791344181280][info][runtime][code=0] Level committed: exploration
[1791344187080][info][runtime][code=0] Level committed: exploration
[1791344188330][info][runtime][code=0] Level committed: alternate
[1791344194868][info][runtime][code=0] Level committed: exploration
[1791344195118][info][runtime][code=0] Level committed: exploration
[1791344200886][info][runtime][code=0] Level committed: exploration
[1791344202087][info][runtime][code=0] Level committed: alternate
[1791344208616][info][runtime][code=0] Level committed: exploration
[1791344208865][info][runtime][code=0] Level committed: exploration
[1791344214615][info][runtime][code=0] Level committed: exploration
[1791344215828][info][runtime][code=0] Level committed: alternate
[1791344222339][info][runtime][code=0] Level committed: exploration
[1791344222588][info][runtime][code=0] Level committed: exploration
[1791344228373][info][runtime][code=0] Level committed: exploration
[1791344229575][info][runtime][code=0] Level committed: alternate
[1791344236119][info][runtime][code=0] Level committed: exploration
[1791344236370][info][runtime][code=0] Level committed: exploration
[1791344242169][info][runtime][code=0] Level committed: exploration
[1791344243403][info][runtime][code=0] Level committed: alternate
[1791344249980][info][runtime][code=0] Level committed: exploration
[1791344250231][info][runtime][code=0] Level committed: exploration
[1791344256081][info][runtime][code=0] Level committed: exploration
[1791344257320][info][runtime][code=0] Level committed: alternate
[1791344263932][info][runtime][code=0] Level committed: exploration
[1791344264183][info][runtime][code=0] Level committed: exploration
[1791344270099][info][runtime][code=0] Level committed: exploration
[1791344271354][info][runtime][code=0] Level committed: alternate
[1791344278041][info][runtime][code=0] Level committed: exploration
[1791344278309][info][runtime][code=0] Level committed: exploration
[1791344284210][info][runtime][code=0] Level committed: exploration
[1791344285449][info][runtime][code=0] Level committed: alternate
[1791344292106][info][runtime][code=0] Level committed: exploration
[1791344292357][info][runtime][code=0] Level committed: exploration
[1791344298275][info][runtime][code=0] Level committed: exploration
[1791344299545][info][runtime][code=0] Level committed: alternate
[1791344306261][info][runtime][code=0] Level committed: exploration
[1791344306528][info][runtime][code=0] Level committed: exploration
[1791344312563][info][runtime][code=0] Level committed: exploration
[1791344313823][info][runtime][code=0] Level committed: alternate
[1791344320529][info][runtime][code=0] Level committed: exploration
[1791344320796][info][runtime][code=0] Level committed: exploration
[1791344326731][info][runtime][code=0] Level committed: exploration
[1791344328033][info][runtime][code=0] Level committed: alternate
[1791344334777][info][runtime][code=0] Level committed: exploration
[1791344335049][info][runtime][code=0] Level committed: exploration
[1791344340994][info][runtime][code=0] Level committed: exploration
[1791344342251][info][runtime][code=0] Level committed: alternate
[1791344348984][info][runtime][code=0] Level committed: exploration
[1791344349251][info][runtime][code=0] Level committed: exploration
[1791344355219][info][runtime][code=0] Level committed: exploration
[1791344356488][info][runtime][code=0] Level committed: alternate
[1791344363240][info][runtime][code=0] Level committed: exploration
[1791344363506][info][runtime][code=0] Level committed: exploration
[1791344369507][info][runtime][code=0] Level committed: exploration
[1791344370787][info][runtime][code=0] Level committed: alternate
[1791344377548][info][runtime][code=0] Level committed: exploration
[1791344377815][info][runtime][code=0] Level committed: exploration
[1791344383798][info][runtime][code=0] Level committed: exploration
[1791344385057][info][runtime][code=0] Level committed: alternate
[1791344391815][info][runtime][code=0] Level committed: exploration
[1791344392083][info][runtime][code=0] Level committed: exploration
[1791344398065][info][runtime][code=0] Level committed: exploration
[1791344399350][info][runtime][code=0] Level committed: alternate
[1791344406143][info][runtime][code=0] Level committed: exploration
[1791344406410][info][runtime][code=0] Level committed: exploration
[1791344412410][info][runtime][code=0] Level committed: exploration
[1791344413686][info][runtime][code=0] Level committed: alternate
[1791344420484][info][runtime][code=0] Level committed: exploration
[1791344420752][info][runtime][code=0] Level committed: exploration
[1791344426771][info][runtime][code=0] Level committed: exploration
[1791344428053][info][runtime][code=0] Level committed: alternate
[1791344434834][info][runtime][code=0] Level committed: exploration
[1791344435100][info][runtime][code=0] Level committed: exploration
[1791344441101][info][runtime][code=0] Level committed: exploration
[1791344442366][info][runtime][code=0] Level committed: alternate
[1791344449148][info][runtime][code=0] Level committed: exploration
[1791344449415][info][runtime][code=0] Level committed: exploration
[1791344455431][info][runtime][code=0] Level committed: exploration
[1791344456700][info][runtime][code=0] Level committed: alternate
[1791344463488][info][runtime][code=0] Level committed: exploration
[1791344463756][info][runtime][code=0] Level committed: exploration
[1791344469772][info][runtime][code=0] Level committed: exploration
[1791344471042][info][runtime][code=0] Level committed: alternate
[1791344477875][info][runtime][code=0] Level committed: exploration
[1791344478142][info][runtime][code=0] Level committed: exploration
[1791344484175][info][runtime][code=0] Level committed: exploration
[1791344485446][info][runtime][code=0] Level committed: alternate
[1791344492280][info][runtime][code=0] Level committed: exploration
[1791344492548][info][runtime][code=0] Level committed: exploration
[1791344498582][info][runtime][code=0] Level committed: exploration
[1791344499869][info][runtime][code=0] Level committed: alternate
[1791344506702][info][runtime][code=0] Level committed: exploration
[1791344506969][info][runtime][code=0] Level committed: exploration
[1791344513002][info][runtime][code=0] Level committed: exploration
[1791344514285][info][runtime][code=0] Level committed: alternate
[1791344521073][info][runtime][code=0] Level committed: exploration
[1791344521340][info][runtime][code=0] Level committed: exploration
[1791344527341][info][runtime][code=0] Level committed: exploration
[1791344528716][info][runtime][code=0] Level committed: alternate
[1791344535545][info][runtime][code=0] Level committed: exploration
[1791344535813][info][runtime][code=0] Level committed: exploration
[1791344541846][info][runtime][code=0] Level committed: exploration
[1791344543127][info][runtime][code=0] Level committed: alternate
[1791344549956][info][runtime][code=0] Level committed: exploration
[1791344550222][info][runtime][code=0] Level committed: exploration
[1791344556255][info][runtime][code=0] Level committed: exploration
[1791344557536][info][runtime][code=0] Level committed: alternate
[1791344564377][info][runtime][code=0] Level committed: exploration
[1791344564644][info][runtime][code=0] Level committed: exploration
[1791344570677][info][runtime][code=0] Level committed: exploration
[1791344571964][info][runtime][code=0] Level committed: alternate
[1791344578802][info][runtime][code=0] Level committed: exploration
[1791344579070][info][runtime][code=0] Level committed: exploration
[1791344585119][info][runtime][code=0] Level committed: exploration
[1791344586388][info][runtime][code=0] Level committed: alternate
[1791344593234][info][runtime][code=0] Level committed: exploration
[1791344593500][info][runtime][code=0] Level committed: exploration
[1791344599550][info][runtime][code=0] Level committed: exploration
[1791344600827][info][runtime][code=0] Level committed: alternate
[1791344607679][info][runtime][code=0] Level committed: exploration
[1791344607946][info][runtime][code=0] Level committed: exploration
[1791344613998][info][runtime][code=0] Level committed: exploration
[1791344615281][info][runtime][code=0] Level committed: alternate
[1791344622107][info][runtime][code=0] Level committed: exploration
[1791344622376][info][runtime][code=0] Level committed: exploration
[1791344628393][info][runtime][code=0] Level committed: exploration
[1791344629679][info][runtime][code=0] Level committed: alternate
[1791344636492][info][runtime][code=0] Level committed: exploration
[1791344636761][info][runtime][code=0] Level committed: exploration
[1791344642778][info][runtime][code=0] Level committed: exploration
[1791344644053][info][runtime][code=0] Level committed: alternate
[1791344650862][info][runtime][code=0] Level committed: exploration
[1791344651129][info][runtime][code=0] Level committed: exploration
[1791344657146][info][runtime][code=0] Level committed: exploration
[1791344658436][info][runtime][code=0] Level committed: alternate
[1791344665256][info][runtime][code=0] Level committed: exploration
[1791344665523][info][runtime][code=0] Level committed: exploration
[1791344671555][info][runtime][code=0] Level committed: exploration
[1791344672846][info][runtime][code=0] Level committed: alternate
[1791344679656][info][runtime][code=0] Level committed: exploration
[1791344679922][info][runtime][code=0] Level committed: exploration
[1791344685938][info][runtime][code=0] Level committed: exploration
[1791344687225][info][runtime][code=0] Level committed: alternate
[1791344694046][info][runtime][code=0] Level committed: exploration
[1791344694313][info][runtime][code=0] Level committed: exploration
[1791344700329][info][runtime][code=0] Level committed: exploration
[1791344701612][info][runtime][code=0] Level committed: alternate
[1791344708409][info][runtime][code=0] Level committed: exploration
[1791344708676][info][runtime][code=0] Level committed: exploration
[1791344714710][info][runtime][code=0] Level committed: exploration
[1791344716001][info][runtime][code=0] Level committed: alternate
[1791344722839][info][runtime][code=0] Level committed: exploration
[1791344723107][info][runtime][code=0] Level committed: exploration
[1791344729241][info][runtime][code=0] Level committed: exploration
[1791344730545][info][runtime][code=0] Level committed: alternate
[1791344737388][info][runtime][code=0] Level committed: exploration
[1791344737656][info][runtime][code=0] Level committed: exploration
[1791344743807][info][runtime][code=0] Level committed: exploration
[1791344745089][info][runtime][code=0] Level committed: alternate
[1791344751948][info][runtime][code=0] Level committed: exploration
[1791344752216][info][runtime][code=0] Level committed: exploration
[1791344758315][info][runtime][code=0] Level committed: exploration
[1791344759598][info][runtime][code=0] Level committed: alternate
[1791344766462][info][runtime][code=0] Level committed: exploration
[1791344766730][info][runtime][code=0] Level committed: exploration
[1791344772798][info][runtime][code=0] Level committed: exploration
[1791344774082][info][runtime][code=0] Level committed: alternate
[1791344780937][info][runtime][code=0] Level committed: exploration
[1791344781205][info][runtime][code=0] Level committed: exploration
[1791344787287][info][runtime][code=0] Level committed: exploration
[1791344788564][info][runtime][code=0] Level committed: alternate
[1791344795441][info][runtime][code=0] Level committed: exploration
[1791344795710][info][runtime][code=0] Level committed: exploration
[1791344801777][info][runtime][code=0] Level committed: exploration
[1791344803074][info][runtime][code=0] Level committed: alternate
[1791344809939][info][runtime][code=0] Level committed: exploration
[1791344810206][info][runtime][code=0] Level committed: exploration
[1791344816272][info][runtime][code=0] Level committed: exploration
[1791344817561][info][runtime][code=0] Level committed: alternate
[1791344824466][info][runtime][code=0] Level committed: exploration
[1791344824732][info][runtime][code=0] Level committed: exploration
[1791344830833][info][runtime][code=0] Level committed: exploration
[1791344832114][info][runtime][code=0] Level committed: alternate
[1791344838975][info][runtime][code=0] Level committed: exploration
[1791344839244][info][runtime][code=0] Level committed: exploration
[1791344845311][info][runtime][code=0] Level committed: exploration
[1791344846605][info][runtime][code=0] Level committed: alternate
[1791344853496][info][runtime][code=0] Level committed: exploration
[1791344853764][info][runtime][code=0] Level committed: exploration
[1791344859865][info][runtime][code=0] Level committed: exploration
[1791344861168][info][runtime][code=0] Level committed: alternate
[1791344868059][info][runtime][code=0] Level committed: exploration
[1791344868326][info][runtime][code=0] Level committed: exploration
[1791344874444][info][runtime][code=0] Level committed: exploration
[1791344875738][info][runtime][code=0] Level committed: alternate
[1791344882603][info][runtime][code=0] Level committed: exploration
[1791344882869][info][runtime][code=0] Level committed: exploration
[1791344889036][info][runtime][code=0] Level committed: exploration
[1791344890326][info][runtime][code=0] Level committed: alternate
[1791344897207][info][runtime][code=0] Level committed: exploration
[1791344897474][info][runtime][code=0] Level committed: exploration
[1791344903508][info][runtime][code=0] Level committed: exploration
[1791344904809][info][runtime][code=0] Level committed: alternate
[1791344911639][info][runtime][code=0] Level committed: exploration
[1791344911907][info][runtime][code=0] Level committed: exploration
[1791344917974][info][runtime][code=0] Level committed: exploration
[1791344919262][info][runtime][code=0] Level committed: alternate
[1791344926113][info][runtime][code=0] Level committed: exploration
[1791344926380][info][runtime][code=0] Level committed: exploration
[1791344932446][info][runtime][code=0] Level committed: exploration
[1791344933739][info][runtime][code=0] Level committed: alternate
[1791344940605][info][runtime][code=0] Level committed: exploration
[1791344940872][info][runtime][code=0] Level committed: exploration
[1791344947155][info][runtime][code=0] Level committed: exploration
[1791344948456][info][runtime][code=0] Level committed: alternate
[1791344955293][info][runtime][code=0] Level committed: exploration
[1791344955560][info][runtime][code=0] Level committed: exploration
[1791344961643][info][runtime][code=0] Level committed: exploration
[1791344962923][info][runtime][code=0] Level committed: alternate
[1791344969768][info][runtime][code=0] Level committed: exploration
[1791344970051][info][runtime][code=0] Level committed: exploration
[1791344976101][info][runtime][code=0] Level committed: exploration
[1791344977399][info][runtime][code=0] Level committed: alternate
[1791344984284][info][runtime][code=0] Level committed: exploration
[1791344984551][info][runtime][code=0] Level committed: exploration
[1791344990618][info][runtime][code=0] Level committed: exploration
[1791344991900][info][runtime][code=0] Level committed: alternate
[1791344998762][info][runtime][code=0] Level committed: exploration
[1791344999031][info][runtime][code=0] Level committed: exploration
[1791345005100][info][runtime][code=0] Level committed: exploration
[1791345006462][info][runtime][code=0] Level committed: alternate
[1791345013319][info][runtime][code=0] Level committed: exploration
[1791345013586][info][runtime][code=0] Level committed: exploration
[1791345019654][info][runtime][code=0] Level committed: exploration
[1791345020940][info][runtime][code=0] Level committed: alternate
[1791345027778][info][runtime][code=0] Level committed: exploration
[1791345028046][info][runtime][code=0] Level committed: exploration
[1791345034114][info][runtime][code=0] Level committed: exploration
[1791345035401][info][runtime][code=0] Level committed: alternate
[1791345042249][info][runtime][code=0] Level committed: exploration
[1791345042517][info][runtime][code=0] Level committed: exploration
[1791345048584][info][runtime][code=0] Level committed: exploration
[1791345049879][info][runtime][code=0] Level committed: alternate
[1791345056749][info][runtime][code=0] Level committed: exploration
[1791345057017][info][runtime][code=0] Level committed: exploration
[1791345063083][info][runtime][code=0] Level committed: exploration
[1791345064373][info][runtime][code=0] Level committed: alternate
[1791345071227][info][runtime][code=0] Level committed: exploration
[1791345071495][info][runtime][code=0] Level committed: exploration
[1791345077529][info][runtime][code=0] Level committed: exploration
[1791345078825][info][runtime][code=0] Level committed: alternate
[1791345085654][info][runtime][code=0] Level committed: exploration
[1791345085922][info][runtime][code=0] Level committed: exploration
[1791345091987][info][runtime][code=0] Level committed: exploration
[1791345093270][info][runtime][code=0] Level committed: alternate
[1791345100157][info][runtime][code=0] Level committed: exploration
[1791345100423][info][runtime][code=0] Level committed: exploration
[1791345106523][info][runtime][code=0] Level committed: exploration
[1791345107812][info][runtime][code=0] Level committed: alternate
[1791345114709][info][runtime][code=0] Level committed: exploration
[1791345114975][info][runtime][code=0] Level committed: exploration
[1791345121093][info][runtime][code=0] Level committed: exploration
[1791345122388][info][runtime][code=0] Level committed: alternate
[1791345129241][info][runtime][code=0] Level committed: exploration
[1791345129507][info][runtime][code=0] Level committed: exploration
[1791345135557][info][runtime][code=0] Level committed: exploration
[1791345136855][info][runtime][code=0] Level committed: alternate
[1791345143705][info][runtime][code=0] Level committed: exploration
[1791345143972][info][runtime][code=0] Level committed: exploration
[1791345150040][info][runtime][code=0] Level committed: exploration
[1791345151333][info][runtime][code=0] Level committed: alternate
[1791345158219][info][runtime][code=0] Level committed: exploration
[1791345158486][info][runtime][code=0] Level committed: exploration
[1791345164553][info][runtime][code=0] Level committed: exploration
[1791345165858][info][runtime][code=0] Level committed: alternate
[1791345172739][info][runtime][code=0] Level committed: exploration
[1791345173006][info][runtime][code=0] Level committed: exploration
[1791345179056][info][runtime][code=0] Level committed: exploration
[1791345180326][info][runtime][code=0] Level committed: alternate
[1791345187263][info][runtime][code=0] Level committed: exploration
[1791345187530][info][runtime][code=0] Level committed: exploration
[1791345193630][info][runtime][code=0] Level committed: exploration
[1791345194939][info][runtime][code=0] Level committed: alternate
[1791345201866][info][runtime][code=0] Level committed: exploration
[1791345202135][info][runtime][code=0] Level committed: exploration
[1791345208235][info][runtime][code=0] Level committed: exploration
[1791345209525][info][runtime][code=0] Level committed: alternate
[1791345216424][info][runtime][code=0] Level committed: exploration
[1791345216693][info][runtime][code=0] Level committed: exploration
[1791345222760][info][runtime][code=0] Level committed: exploration
[1791345224034][info][runtime][code=0] Level committed: alternate
[1791345230873][info][runtime][code=0] Level committed: exploration
[1791345231139][info][runtime][code=0] Level committed: exploration
[1791345237324][info][runtime][code=0] Level committed: exploration
[1791345238616][info][runtime][code=0] Level committed: alternate
[1791345245486][info][runtime][code=0] Level committed: exploration
[1791345245754][info][runtime][code=0] Level committed: exploration
[1791345251820][info][runtime][code=0] Level committed: exploration
[1791345253126][info][runtime][code=0] Level committed: alternate
[1791345260002][info][runtime][code=0] Level committed: exploration
[1791345260286][info][runtime][code=0] Level committed: exploration
[1791345266353][info][runtime][code=0] Level committed: exploration
[1791345267656][info][runtime][code=0] Level committed: alternate
[1791345274519][info][runtime][code=0] Level committed: exploration
[1791345274786][info][runtime][code=0] Level committed: exploration
[1791345280837][info][runtime][code=0] Level committed: exploration
[1791345282125][info][runtime][code=0] Level committed: alternate
[1791345288999][info][runtime][code=0] Level committed: exploration
[1791345289267][info][runtime][code=0] Level committed: exploration
[1791345295367][info][runtime][code=0] Level committed: exploration
[1791345296674][info][runtime][code=0] Level committed: alternate
[1791345303534][info][runtime][code=0] Level committed: exploration
[1791345303801][info][runtime][code=0] Level committed: exploration
[1791345309887][info][runtime][code=0] Level committed: exploration
[1791345311257][info][runtime][code=0] Level committed: alternate
[1791345318124][info][runtime][code=0] Level committed: exploration
[1791345318390][info][runtime][code=0] Level committed: exploration
[1791345324458][info][runtime][code=0] Level committed: exploration
[1791345325744][info][runtime][code=0] Level committed: alternate
[1791345332605][info][runtime][code=0] Level committed: exploration
[1791345332871][info][runtime][code=0] Level committed: exploration
[1791345338939][info][runtime][code=0] Level committed: exploration
[1791345340215][info][runtime][code=0] Level committed: alternate
[1791345347077][info][runtime][code=0] Level committed: exploration
[1791345347344][info][runtime][code=0] Level committed: exploration
[1791345353411][info][runtime][code=0] Level committed: exploration
[1791345354694][info][runtime][code=0] Level committed: alternate
[1791345361548][info][runtime][code=0] Level committed: exploration
[1791345361815][info][runtime][code=0] Level committed: exploration
[1791345367916][info][runtime][code=0] Level committed: exploration
[1791345369200][info][runtime][code=0] Level committed: alternate
[1791345376057][info][runtime][code=0] Level committed: exploration
[1791345376341][info][runtime][code=0] Level committed: exploration
[1791345382489][info][runtime][code=0] Level committed: exploration
[1791345383783][info][runtime][code=0] Level committed: alternate
[1791345390620][info][runtime][code=0] Level committed: exploration
[1791345390887][info][runtime][code=0] Level committed: exploration
[1791345396954][info][runtime][code=0] Level committed: exploration
[1791345398226][info][runtime][code=0] Level committed: alternate
[1791345405090][info][runtime][code=0] Level committed: exploration
[1791345405357][info][runtime][code=0] Level committed: exploration
[1791345411407][info][runtime][code=0] Level committed: exploration
[1791345412700][info][runtime][code=0] Level committed: alternate
[1791345419550][info][runtime][code=0] Level committed: exploration
[1791345419818][info][runtime][code=0] Level committed: exploration
[1791345425869][info][runtime][code=0] Level committed: exploration
[1791345427159][info][runtime][code=0] Level committed: alternate
[1791345434035][info][runtime][code=0] Level committed: exploration
[1791345434301][info][runtime][code=0] Level committed: exploration
[1791345440552][info][runtime][code=0] Level committed: exploration
[1791345441855][info][runtime][code=0] Level committed: alternate
[1791345448763][info][runtime][code=0] Level committed: exploration
[1791345449030][info][runtime][code=0] Level committed: exploration
[1791345455215][info][runtime][code=0] Level committed: exploration
[1791345456506][info][runtime][code=0] Level committed: alternate
[1791345463387][info][runtime][code=0] Level committed: exploration
[1791345463654][info][runtime][code=0] Level committed: exploration
[1791345469705][info][runtime][code=0] Level committed: exploration
[1791345471012][info][runtime][code=0] Level committed: alternate
[1791345477884][info][runtime][code=0] Level committed: exploration
[1791345478151][info][runtime][code=0] Level committed: exploration
[1791345484202][info][runtime][code=0] Level committed: exploration
[1791345485482][info][runtime][code=0] Level committed: alternate
[1791345492429][info][runtime][code=0] Level committed: exploration
[1791345492696][info][runtime][code=0] Level committed: exploration
[1791345498779][info][runtime][code=0] Level committed: exploration
[1791345500081][info][runtime][code=0] Level committed: alternate
[1791345506959][info][runtime][code=0] Level committed: exploration
[1791345507228][info][runtime][code=0] Level committed: exploration
[1791345513295][info][runtime][code=0] Level committed: exploration
[1791345514600][info][runtime][code=0] Level committed: alternate
[1791345521461][info][runtime][code=0] Level committed: exploration
[1791345521729][info][runtime][code=0] Level committed: exploration
[1791345527779][info][runtime][code=0] Level committed: exploration
[1791345529069][info][runtime][code=0] Level committed: alternate
[1791345535946][info][runtime][code=0] Level committed: exploration
[1791345536229][info][runtime][code=0] Level committed: exploration
[1791345542428][info][runtime][code=0] Level committed: exploration
[1791345543702][info][runtime][code=0] Level committed: alternate
[1791345550578][info][runtime][code=0] Level committed: exploration
[1791345550844][info][runtime][code=0] Level committed: exploration
[1791345556945][info][runtime][code=0] Level committed: exploration
[1791345558255][info][runtime][code=0] Level committed: alternate
[1791345565144][info][runtime][code=0] Level committed: exploration
[1791345565411][info][runtime][code=0] Level committed: exploration
[1791345571478][info][runtime][code=0] Level committed: exploration
[1791345572764][info][runtime][code=0] Level committed: alternate
[1791345579643][info][runtime][code=0] Level committed: exploration
[1791345579910][info][runtime][code=0] Level committed: exploration
[1791345586012][info][runtime][code=0] Level committed: exploration
[1791345587301][info][runtime][code=0] Level committed: alternate
[1791345594331][info][runtime][code=0] Level committed: exploration
[1791345594597][info][runtime][code=0] Level committed: exploration
[1791345600714][info][runtime][code=0] Level committed: exploration
[1791345602006][info][runtime][code=0] Level committed: alternate
[1791345608877][info][runtime][code=0] Level committed: exploration
[1791345609145][info][runtime][code=0] Level committed: exploration
[1791345615229][info][runtime][code=0] Level committed: exploration
[1791345616526][info][runtime][code=0] Level committed: alternate
[1791345623668][info][runtime][code=0] Level committed: exploration
[1791345623934][info][runtime][code=0] Level committed: exploration
[1791345630018][info][runtime][code=0] Level committed: exploration
[1791345631301][info][runtime][code=0] Level committed: alternate
[1791345638164][info][runtime][code=0] Level committed: exploration
[1791345638430][info][runtime][code=0] Level committed: exploration
[1791345644498][info][runtime][code=0] Level committed: exploration
[1791345645781][info][runtime][code=0] Level committed: alternate
[1791345652619][info][runtime][code=0] Level committed: exploration
[1791345652886][info][runtime][code=0] Level committed: exploration
[1791345658985][info][runtime][code=0] Level committed: exploration
[1791345660281][info][runtime][code=0] Level committed: alternate
[1791345667117][info][runtime][code=0] Level committed: exploration
[1791345667386][info][runtime][code=0] Level committed: exploration
[1791345673836][info][runtime][code=0] Level committed: exploration
[1791345675126][info][runtime][code=0] Level committed: alternate
[1791345681994][info][runtime][code=0] Level committed: exploration
[1791345682260][info][runtime][code=0] Level committed: exploration
[1791345688460][info][runtime][code=0] Level committed: exploration
[1791345689757][info][runtime][code=0] Level committed: alternate
[1791345696742][info][runtime][code=0] Level committed: exploration
[1791345697009][info][runtime][code=0] Level committed: exploration
[1791345703176][info][runtime][code=0] Level committed: exploration
[1791345704484][info][runtime][code=0] Level committed: alternate
[1791345711307][info][runtime][code=0] Level committed: exploration
[1791345711574][info][runtime][code=0] Level committed: exploration
[1791345717607][info][runtime][code=0] Level committed: exploration
[1791345718902][info][runtime][code=0] Level committed: alternate
[1791345725730][info][runtime][code=0] Level committed: exploration
[1791345725997][info][runtime][code=0] Level committed: exploration
[1791345732047][info][runtime][code=0] Level committed: exploration
[1791345733345][info][runtime][code=0] Level committed: alternate
[1791345740420][info][runtime][code=0] Level committed: exploration
[1791345740687][info][runtime][code=0] Level committed: exploration
[1791345746771][info][runtime][code=0] Level committed: exploration
[1791345748061][info][runtime][code=0] Level committed: alternate
[1791345754938][info][runtime][code=0] Level committed: exploration
[1791345755205][info][runtime][code=0] Level committed: exploration
[1791345761272][info][runtime][code=0] Level committed: exploration
[1791345762556][info][runtime][code=0] Level committed: alternate
[1791345769396][info][runtime][code=0] Level committed: exploration
[1791345769664][info][runtime][code=0] Level committed: exploration
[1791345775698][info][runtime][code=0] Level committed: exploration
[1791345776966][info][runtime][code=0] Level committed: alternate
[1791345783789][info][runtime][code=0] Level committed: exploration
[1791345784056][info][runtime][code=0] Level committed: exploration
[1791345790127][info][runtime][code=0] Level committed: exploration
[1791345791460][info][runtime][code=0] Level committed: alternate
[1791345798281][info][runtime][code=0] Level committed: exploration
[1791345798548][info][runtime][code=0] Level committed: exploration
[1791345804615][info][runtime][code=0] Level committed: exploration
[1791345805912][info][runtime][code=0] Level committed: alternate
[1791345812762][info][runtime][code=0] Level committed: exploration
[1791345813030][info][runtime][code=0] Level committed: exploration
[1791345819081][info][runtime][code=0] Level committed: exploration
[1791345820366][info][runtime][code=0] Level committed: alternate
[1791345827202][info][runtime][code=0] Level committed: exploration
[1791345827470][info][runtime][code=0] Level committed: exploration
[1791345833537][info][runtime][code=0] Level committed: exploration
[1791345834841][info][runtime][code=0] Level committed: alternate
[1791345841707][info][runtime][code=0] Level committed: exploration
[1791345841974][info][runtime][code=0] Level committed: exploration
[1791345848042][info][runtime][code=0] Level committed: exploration
[1791345849580][info][runtime][code=0] Level committed: alternate
[1791345856434][info][runtime][code=0] Level committed: exploration
[1791345856702][info][runtime][code=0] Level committed: exploration
[1791345862770][info][runtime][code=0] Level committed: exploration
[1791345864100][info][runtime][code=0] Level committed: alternate
[1791345870962][info][runtime][code=0] Level committed: exploration
[1791345871230][info][runtime][code=0] Level committed: exploration
[1791345877380][info][runtime][code=0] Level committed: exploration
[1791345878661][info][runtime][code=0] Level committed: alternate
[1791345885519][info][runtime][code=0] Level committed: exploration
[1791345885786][info][runtime][code=0] Level committed: exploration
[1791345891903][info][runtime][code=0] Level committed: exploration
[1791345893205][info][runtime][code=0] Level committed: alternate
[1791345900045][info][runtime][code=0] Level committed: exploration
[1791345900313][info][runtime][code=0] Level committed: exploration
[1791345906380][info][runtime][code=0] Level committed: exploration
[1791345907661][info][runtime][code=0] Level committed: alternate
[1791345914513][info][runtime][code=0] Level committed: exploration
[1791345914779][info][runtime][code=0] Level committed: exploration
[1791345920829][info][runtime][code=0] Level committed: exploration
[1791345922105][info][runtime][code=0] Level committed: alternate
[1791345928984][info][runtime][code=0] Level committed: exploration
[1791345929252][info][runtime][code=0] Level committed: exploration
[1791345935320][info][runtime][code=0] Level committed: exploration
[1791345936761][info][runtime][code=0] Level committed: alternate
