{
  "device": "NVIDIA GeForce RTX 4060 Laptop GPU",
  "runs": [
    {
      "cpuRecordMeanMs": 0.031053333333333332,
      "cpuRecordSamplesMs": [
        0.0573,
        0.0517,
        0.0405,
        0.033,
        0.0498,
        0.0541,
        0.0472,
        0.0537,
        0.0338,
        0.0276,
        0.0259,
        0.024,
        0.0252,
        0.0249,
        0.0266,
        0.0242,
        0.0233,
        0.0285,
        0.0259,
        0.0232,
        0.0257,
        0.0231,
        0.0233,
        0.0229,
        0.0227,
        0.023,
        0.0225,
        0.0221,
        0.0224,
        0.0235
      ],
      "gpuMeanMs": 0.004069333333333333,
      "gpuSamplesMs": [
        0.003872,
        0.004352,
        0.003808,
        0.00384,
        0.004032,
        0.004288,
        0.004192,
        0.004,
        0.004064,
        0.004704,
        0.003936,
        0.003616,
        0.004352,
        0.004224,
        0.004576,
        0.003744,
        0.003648,
        0.004736,
        0.004352,
        0.00464,
        0.00368,
        0.003872,
        0.004384,
        0.004096,
        0.003616,
        0.003616,
        0.003968,
        0.004128,
        0.003904,
        0.00384
      ],
      "instances": 100,
      "prototype": false,
      "samples": 30,
      "visible": 75
    },
    {
      "cpuRecordMeanMs": 0.038033333333333336,
      "cpuRecordSamplesMs": [
        0.0322,
        0.0292,
        0.0322,
        0.0294,
        0.0293,
        0.0277,
        0.0333,
        0.0305,
        0.0304,
        0.0299,
        0.0288,
        0.0298,
        0.0691,
        0.0447,
        0.033,
        0.035,
        0.029,
        0.0291,
        0.03,
        0.1638,
        0.0358,
        0.0306,
        0.0307,
        0.0329,
        0.0608,
        0.0357,
        0.0314,
        0.0292,
        0.0275,
        0.03
      ],
      "gpuMeanMs": 0.005011199999999999,
      "gpuSamplesMs": [
        0.005152,
        0.004576,
        0.00464,
        0.004864,
        0.005088,
        0.005248,
        0.004512,
        0.00464,
        0.005216,
        0.005088,
        0.005152,
        0.004832,
        0.004416,
        0.004992,
        0.00512,
        0.00528,
        0.005312,
        0.00496,
        0.00512,
        0.004576,
        0.005152,
        0.005568,
        0.005344,
        0.00528,
        0.005248,
        0.004576,
        0.005344,
        0.005152,
        0.005344,
        0.004544
      ],
      "instances": 100,
      "prototype": true,
      "samples": 30,
      "visible": 75
    },
    {
      "cpuRecordMeanMs": 0.03059333333333333,
      "cpuRecordSamplesMs": [
        0.0501,
        0.0519,
        0.0335,
        0.0268,
        0.0247,
        0.0244,
        0.0241,
        0.0224,
        0.0226,
        0.022,
        0.0243,
        0.0229,
        0.0242,
        0.0247,
        0.0226,
        0.0223,
        0.0228,
        0.0239,
        0.0231,
        0.0539,
        0.04,
        0.0278,
        0.0349,
        0.0516,
        0.0418,
        0.0487,
        0.0325,
        0.0248,
        0.0249,
        0.0236
      ],
      "gpuMeanMs": 0.0057184,
      "gpuSamplesMs": [
        0.0056,
        0.005184,
        0.005664,
        0.005632,
        0.005536,
        0.005312,
        0.0056,
        0.005568,
        0.005728,
        0.00496,
        0.005696,
        0.004928,
        0.00512,
        0.005312,
        0.005024,
        0.005632,
        0.005472,
        0.004992,
        0.005152,
        0.0048,
        0.005856,
        0.004704,
        0.00544,
        0.005536,
        0.016768,
        0.005376,
        0.00464,
        0.005184,
        0.00544,
        0.005696
      ],
      "instances": 500,
      "prototype": false,
      "samples": 30,
      "visible": 375
    },
    {
      "cpuRecordMeanMs": 0.031163333333333338,
      "cpuRecordSamplesMs": [
        0.0316,
        0.0287,
        0.0284,
        0.0284,
        0.0408,
        0.0367,
        0.0357,
        0.0293,
        0.029,
        0.0542,
        0.0349,
        0.0303,
        0.0285,
        0.0282,
        0.0292,
        0.0288,
        0.029,
        0.0288,
        0.0299,
        0.0311,
        0.0287,
        0.0271,
        0.0275,
        0.0272,
        0.0259,
        0.0339,
        0.0296,
        0.0342,
        0.0317,
        0.0276
      ],
      "gpuMeanMs": 0.006167466666666665,
      "gpuSamplesMs": [
        0.00608,
        0.00656,
        0.00656,
        0.006496,
        0.006272,
        0.005984,
        0.005888,
        0.006496,
        0.005728,
        0.005856,
        0.005856,
        0.005824,
        0.006496,
        0.006592,
        0.00624,
        0.00592,
        0.006144,
        0.006176,
        0.005888,
        0.00624,
        0.005856,
        0.0064,
        0.0064,
        0.006112,
        0.006272,
        0.006112,
        0.005792,
        0.00624,
        0.005856,
        0.006688
      ],
      "instances": 500,
      "prototype": true,
      "samples": 30,
      "visible": 375
    },
    {
      "cpuRecordMeanMs": 0.03055333333333333,
      "cpuRecordSamplesMs": [
        0.0292,
        0.0251,
        0.0235,
        0.0238,
        0.0659,
        0.0533,
        0.0368,
        0.027,
        0.0254,
        0.037,
        0.0605,
        0.038,
        0.0261,
        0.0512,
        0.0356,
        0.0285,
        0.0247,
        0.0239,
        0.0227,
        0.0221,
        0.0266,
        0.0234,
        0.0228,
        0.0215,
        0.0211,
        0.0211,
        0.021,
        0.0208,
        0.0307,
        0.0273
      ],
      "gpuMeanMs": 0.08346880000000002,
      "gpuSamplesMs": [
        0.081536,
        0.083264,
        0.084512,
        0.10512,
        0.081632,
        0.083616,
        0.08096,
        0.080832,
        0.082688,
        0.082048,
        0.081248,
        0.081056,
        0.092992,
        0.082048,
        0.081376,
        0.087712,
        0.0816,
        0.081088,
        0.080992,
        0.080128,
        0.080896,
        0.08176,
        0.081088,
        0.081888,
        0.081344,
        0.080896,
        0.081952,
        0.081856,
        0.083424,
        0.092512
      ],
      "instances": 10000,
      "prototype": false,
      "samples": 30,
      "visible": 7500
    },
    {
      "cpuRecordMeanMs": 0.02927666666666666,
      "cpuRecordSamplesMs": [
        0.033,
        0.0293,
        0.0288,
        0.0294,
        0.0278,
        0.0264,
        0.026,
        0.0261,
        0.0272,
        0.027,
        0.0273,
        0.0261,
        0.0267,
        0.0269,
        0.0509,
        0.0441,
        0.0287,
        0.0282,
        0.0263,
        0.0264,
        0.0262,
        0.0277,
        0.0272,
        0.0259,
        0.0262,
        0.0261,
        0.0448,
        0.0287,
        0.0265,
        0.0264
      ],
      "gpuMeanMs": 0.09507413333333332,
      "gpuSamplesMs": [
        0.094176,
        0.094208,
        0.094432,
        0.09456,
        0.094368,
        0.095104,
        0.093664,
        0.094272,
        0.094368,
        0.094112,
        0.095264,
        0.11392,
        0.094272,
        0.093696,
        0.093984,
        0.095104,
        0.09472,
        0.09408,
        0.09376,
        0.094272,
        0.09568,
        0.09456,
        0.095104,
        0.094144,
        0.094816,
        0.094848,
        0.093664,
        0.093824,
        0.093888,
        0.09536
      ],
      "instances": 10000,
      "prototype": true,
      "samples": 30,
      "visible": 7500
    }
  ],
  "schemaVersion": 1,
  "status": "passed",
  "validationErrors": 0
}
[Vulkan Loader] LAYER:          Checking for Layer Manifest files in Registry at HKEY_LOCAL_MACHINE\SOFTWARE\Khronos\Vulkan\ImplicitLayers
[Vulkan Loader] INFO | LAYER:   Located json file "C:\Program Files (x86)\Epic Games\Epic Online Services\managedArtifacts\98bc04bc842e4906993fd6d6644ffb8d\EOSOverlayVkLayer-Win64.json" from registry "HKEY_LOCAL_MACHINE\SOFTWARE\Khronos\Vulkan\ImplicitLayers"
[Vulkan Loader] INFO | LAYER:   Located json file "C:\Program Files\RenderDoc\renderdoc.json" from registry "HKEY_LOCAL_MACHINE\SOFTWARE\Khronos\Vulkan\ImplicitLayers"
[Vulkan Loader] INFO | LAYER:   Located json file "D:\Steam\SteamOverlayVulkanLayer64.json" from registry "HKEY_LOCAL_MACHINE\SOFTWARE\Khronos\Vulkan\ImplicitLayers"
[Vulkan Loader] INFO | LAYER:   Located json file "D:\Steam\SteamFossilizeVulkanLayer64.json" from registry "HKEY_LOCAL_MACHINE\SOFTWARE\Khronos\Vulkan\ImplicitLayers"
[Vulkan Loader] INFO | LAYER:   Located json file "C:\ProgramData\obs-studio-hook\obs-vulkan64.json" from registry "HKEY_CURRENT_USER\SOFTWARE\Khronos\Vulkan\ImplicitLayers"
[Vulkan Loader] INFO | LAYER:   Located json file "C:\ProgramData\obs-studio-hook\obs-vulkan32.json" from registry "HKEY_CURRENT_USER\SOFTWARE\Khronos\Vulkan\ImplicitLayers"
[Vulkan Loader] LAYER:          Checking for Layer Manifest files in Registry at HKEY_LOCAL_MACHINE\SOFTWARE\Khronos\Vulkan\ExplicitLayers
[Vulkan Loader] INFO | LAYER:   windows_get_device_registry_files: opening device ROOT\DISPLAY\0000
[Vulkan Loader] INFO | LAYER:   windows_get_device_registry_files: unable to open child-device error:13
[Vulkan Loader] INFO | LAYER:   windows_get_device_registry_files: opening device PCI\VEN_8086&DEV_A788&SUBSYS_8BAB103C&REV_04\3&11583659&0&10
[Vulkan Loader] INFO | LAYER:   windows_get_device_registry_files: Opening child device 3 - SWD\DRIVERENUM\IGCC&4&38D58666&0
[Vulkan Loader] INFO | LAYER:   windows_get_device_registry_files: Opening child device 4 - DISPLAY\BOE0B7D\4&38D58666&0&UID8388688
[Vulkan Loader] DEBUG | LAYER:  windows_get_device_registry_files: GUID for 4 is not SoftwareComponent skipping
[Vulkan Loader] INFO | LAYER:   windows_get_device_registry_files: opening device PCI\VEN_10DE&DEV_28E0&SUBSYS_8BAB103C&REV_A1\4&34cfc80f&0&0008
[Vulkan Loader] INFO | LAYER:   windows_get_device_registry_files: unable to open child-device error:13
[Vulkan Loader] LAYER:          windows_get_device_registry_files: found no registry files
[Vulkan Loader] INFO | LAYER:   Located json file "C:\VulkanSDK\1.4.350.0\Bin\VkLayer_api_dump.json" from registry "HKEY_LOCAL_MACHINE\SOFTWARE\Khronos\Vulkan\ExplicitLayers"
[Vulkan Loader] INFO | LAYER:   Located json file "C:\VulkanSDK\1.4.350.0\Bin\VkLayer_gfxreconstruct.json" from registry "HKEY_LOCAL_MACHINE\SOFTWARE\Khronos\Vulkan\ExplicitLayers"
[Vulkan Loader] INFO | LAYER:   Located json file "C:\VulkanSDK\1.4.350.0\Bin\VkLayer_khronos_synchronization2.json" from registry "HKEY_LOCAL_MACHINE\SOFTWARE\Khronos\Vulkan\ExplicitLayers"
[Vulkan Loader] INFO | LAYER:   Located json file "C:\VulkanSDK\1.4.350.0\Bin\VkLayer_khronos_validation.json" from registry "HKEY_LOCAL_MACHINE\SOFTWARE\Khronos\Vulkan\ExplicitLayers"
[Vulkan Loader] INFO | LAYER:   Located json file "C:\VulkanSDK\1.4.350.0\Bin\VkLayer_monitor.json" from registry "HKEY_LOCAL_MACHINE\SOFTWARE\Khronos\Vulkan\ExplicitLayers"
[Vulkan Loader] INFO | LAYER:   Located json file "C:\VulkanSDK\1.4.350.0\Bin\VkLayer_screenshot.json" from registry "HKEY_LOCAL_MACHINE\SOFTWARE\Khronos\Vulkan\ExplicitLayers"
[Vulkan Loader] INFO | LAYER:   Located json file "C:\VulkanSDK\1.4.350.0\Bin\VkLayer_khronos_profiles.json" from registry "HKEY_LOCAL_MACHINE\SOFTWARE\Khronos\Vulkan\ExplicitLayers"
[Vulkan Loader] INFO | LAYER:   Located json file "C:\VulkanSDK\1.4.350.0\Bin\VkLayer_khronos_shader_object.json" from registry "HKEY_LOCAL_MACHINE\SOFTWARE\Khronos\Vulkan\ExplicitLayers"
[Vulkan Loader] INFO | LAYER:   Located json file "C:\VulkanSDK\1.4.350.0\Bin\VkLayer_crash_diagnostic.json" from registry "HKEY_LOCAL_MACHINE\SOFTWARE\Khronos\Vulkan\ExplicitLayers"
[Vulkan Loader] WARNING | LAYER: env var 'VK_INSTANCE_LAYERS' defined and adding layers "VK_LAYER_KHRONOS_validation"
[Vulkan Loader] WARNING | LAYER: env var 'VK_INSTANCE_LAYERS' defined and adding layers "VK_LAYER_KHRONOS_validation"
[Vulkan Loader] DEBUG | LAYER:  Loading layer library C:\VulkanSDK\1.4.350.0\Bin\.\VkLayer_khronos_validation.dll
[Vulkan Loader] INFO | LAYER:   Insert instance layer "VK_LAYER_KHRONOS_validation" (C:\VulkanSDK\1.4.350.0\Bin\VkLayer_khronos_validation.dll)
[Vulkan Loader] DEBUG | LAYER:  Loading layer library C:\ProgramData\obs-studio-hook\.\graphics-hook64.dll
[Vulkan Loader] INFO | LAYER:   Insert instance layer "VK_LAYER_OBS_HOOK" (C:\ProgramData\obs-studio-hook\graphics-hook64.dll)
[Vulkan Loader] DEBUG | LAYER:  Loading layer library C:\WINDOWS\System32\DriverStore\FileRepository\nvhmsi.inf_amd64_5ec4b201b8059b6f\.\nvoglv64.dll
[Vulkan Loader] INFO | LAYER:   Insert instance layer "VK_LAYER_NV_present" (C:\WINDOWS\System32\DriverStore\FileRepository\nvhmsi.inf_amd64_5ec4b201b8059b6f\nvoglv64.dll)
[Vulkan Loader] DEBUG | LAYER:  Loading layer library C:\WINDOWS\System32\DriverStore\FileRepository\nvhmsi.inf_amd64_5ec4b201b8059b6f\.\nvoglv64.dll
[Vulkan Loader] INFO | LAYER:   Insert instance layer "VK_LAYER_NV_optimus" (C:\WINDOWS\System32\DriverStore\FileRepository\nvhmsi.inf_amd64_5ec4b201b8059b6f\nvoglv64.dll)
[Vulkan Loader] LAYER:          vkCreateInstance layer callstack setup to:
[Vulkan Loader] LAYER:             <Application>
[Vulkan Loader] LAYER:               ||
[Vulkan Loader] LAYER:             <Loader>
[Vulkan Loader] LAYER:               ||
[Vulkan Loader] LAYER:             VK_LAYER_NV_optimus
[Vulkan Loader] LAYER:                     Type: Implicit
[Vulkan Loader] LAYER:                     Enabled By: Implicit Layer
[Vulkan Loader] LAYER:                         Disable Env Var:  DISABLE_LAYER_NV_OPTIMUS_1
[Vulkan Loader] LAYER:                     Manifest: C:\WINDOWS\System32\DriverStore\FileRepository\nvhmsi.inf_amd64_5ec4b201b8059b6f\nv-vk64.json
[Vulkan Loader] LAYER:                     Library:  C:\WINDOWS\System32\DriverStore\FileRepository\nvhmsi.inf_amd64_5ec4b201b8059b6f\nvoglv64.dll
[Vulkan Loader] LAYER:               ||
[Vulkan Loader] LAYER:             VK_LAYER_NV_present
[Vulkan Loader] LAYER:                     Type: Implicit
[Vulkan Loader] LAYER:                     Enabled By: Implicit Layer
[Vulkan Loader] LAYER:                         Disable Env Var:  DISABLE_LAYER_NV_PRESENT_1
[Vulkan Loader] LAYER:                     Manifest: C:\WINDOWS\System32\DriverStore\FileRepository\nvhmsi.inf_amd64_5ec4b201b8059b6f\nv-vk64.json
[Vulkan Loader] LAYER:                     Library:  C:\WINDOWS\System32\DriverStore\FileRepository\nvhmsi.inf_amd64_5ec4b201b8059b6f\nvoglv64.dll
[Vulkan Loader] LAYER:               ||
[Vulkan Loader] LAYER:             VK_LAYER_OBS_HOOK
[Vulkan Loader] LAYER:                     Type: Implicit
[Vulkan Loader] LAYER:                     Enabled By: Implicit Layer
[Vulkan Loader] LAYER:                         Disable Env Var:  DISABLE_VULKAN_OBS_CAPTURE
[Vulkan Loader] LAYER:                     Manifest: C:\ProgramData\obs-studio-hook\obs-vulkan64.json
[Vulkan Loader] LAYER:                     Library:  C:\ProgramData\obs-studio-hook\graphics-hook64.dll
[Vulkan Loader] LAYER:               ||
[Vulkan Loader] LAYER:             VK_LAYER_KHRONOS_validation
[Vulkan Loader] LAYER:                     Type: Explicit
[Vulkan Loader] LAYER:                     Enabled By: Environment Variable VK_INSTANCE_LAYERS
[Vulkan Loader] LAYER:                     Manifest: C:\VulkanSDK\1.4.350.0\Bin\VkLayer_khronos_validation.json
[Vulkan Loader] LAYER:                     Library:  C:\VulkanSDK\1.4.350.0\Bin\VkLayer_khronos_validation.dll
[Vulkan Loader] LAYER:               ||
[Vulkan Loader] LAYER:             <Drivers>
[Vulkan Loader] INFO | LAYER:   Inserted device layer "VK_LAYER_KHRONOS_validation" (C:\VulkanSDK\1.4.350.0\Bin\VkLayer_khronos_validation.dll)
[Vulkan Loader] INFO | LAYER:   Inserted device layer "VK_LAYER_OBS_HOOK" (C:\ProgramData\obs-studio-hook\graphics-hook64.dll)
[Vulkan Loader] INFO | LAYER:   Inserted device layer "VK_LAYER_NV_present" (C:\WINDOWS\System32\DriverStore\FileRepository\nvhmsi.inf_amd64_5ec4b201b8059b6f\nvoglv64.dll)
[Vulkan Loader] INFO | LAYER:   Inserted device layer "VK_LAYER_NV_optimus" (C:\WINDOWS\System32\DriverStore\FileRepository\nvhmsi.inf_amd64_5ec4b201b8059b6f\nvoglv64.dll)
[Vulkan Loader] DRIVER:         vkCreateDevice layer callstack setup to:
[Vulkan Loader] DRIVER:            <Application>
[Vulkan Loader] DRIVER:              ||
[Vulkan Loader] DRIVER:            <Loader>
[Vulkan Loader] DRIVER:              ||
[Vulkan Loader] LAYER:             VK_LAYER_NV_optimus
[Vulkan Loader] LAYER:                     Type: Implicit
[Vulkan Loader] LAYER:                     Enabled By: Implicit Layer
[Vulkan Loader] LAYER:                         Disable Env Var:  DISABLE_LAYER_NV_OPTIMUS_1
[Vulkan Loader] LAYER:                     Manifest: C:\WINDOWS\System32\DriverStore\FileRepository\nvhmsi.inf_amd64_5ec4b201b8059b6f\nv-vk64.json
[Vulkan Loader] LAYER:                     Library:  C:\WINDOWS\System32\DriverStore\FileRepository\nvhmsi.inf_amd64_5ec4b201b8059b6f\nvoglv64.dll
[Vulkan Loader] LAYER:               ||
[Vulkan Loader] LAYER:             VK_LAYER_NV_present
[Vulkan Loader] LAYER:                     Type: Implicit
[Vulkan Loader] LAYER:                     Enabled By: Implicit Layer
[Vulkan Loader] LAYER:                         Disable Env Var:  DISABLE_LAYER_NV_PRESENT_1
[Vulkan Loader] LAYER:                     Manifest: C:\WINDOWS\System32\DriverStore\FileRepository\nvhmsi.inf_amd64_5ec4b201b8059b6f\nv-vk64.json
[Vulkan Loader] LAYER:                     Library:  C:\WINDOWS\System32\DriverStore\FileRepository\nvhmsi.inf_amd64_5ec4b201b8059b6f\nvoglv64.dll
[Vulkan Loader] LAYER:               ||
[Vulkan Loader] LAYER:             VK_LAYER_OBS_HOOK
[Vulkan Loader] LAYER:                     Type: Implicit
[Vulkan Loader] LAYER:                     Enabled By: Implicit Layer
[Vulkan Loader] LAYER:                         Disable Env Var:  DISABLE_VULKAN_OBS_CAPTURE
[Vulkan Loader] LAYER:                     Manifest: C:\ProgramData\obs-studio-hook\obs-vulkan64.json
[Vulkan Loader] LAYER:                     Library:  C:\ProgramData\obs-studio-hook\graphics-hook64.dll
[Vulkan Loader] LAYER:               ||
[Vulkan Loader] LAYER:             VK_LAYER_KHRONOS_validation
[Vulkan Loader] LAYER:                     Type: Explicit
[Vulkan Loader] LAYER:                     Enabled By: Environment Variable VK_INSTANCE_LAYERS
[Vulkan Loader] LAYER:                     Manifest: C:\VulkanSDK\1.4.350.0\Bin\VkLayer_khronos_validation.json
[Vulkan Loader] LAYER:                     Library:  C:\VulkanSDK\1.4.350.0\Bin\VkLayer_khronos_validation.dll
[Vulkan Loader] LAYER:               ||
[Vulkan Loader] DRIVER:            <Device>
[Vulkan Loader] DRIVER:                Using "NVIDIA GeForce RTX 4060 Laptop GPU" with driver: "C:\WINDOWS\System32\DriverStore\FileRepository\nvhmsi.inf_amd64_5ec4b201b8059b6f\nvoglv64.dll"
[Vulkan Loader] DEBUG | LAYER:  Unloading layer library C:\WINDOWS\System32\DriverStore\FileRepository\nvhmsi.inf_amd64_5ec4b201b8059b6f\nvoglv64.dll
[Vulkan Loader] DEBUG | LAYER:  Unloading layer library C:\WINDOWS\System32\DriverStore\FileRepository\nvhmsi.inf_amd64_5ec4b201b8059b6f\nvoglv64.dll
[Vulkan Loader] DEBUG | LAYER:  Unloading layer library C:\ProgramData\obs-studio-hook\graphics-hook64.dll
[Vulkan Loader] DEBUG | LAYER:  Unloading layer library C:\VulkanSDK\1.4.350.0\Bin\VkLayer_khronos_validation.dll
