[1791334260748][info][editor][code=0] Opened scene: editor-exploration
[1791334261034][info][gpu][code=0] GPU capability report: captures\gpu_capabilities.json
[1791334261493][info][editor][code=0] Imported asset: cube.gltf (48 vertices)
[1791334261496][info][editor][code=0] Asset reload requested; changed files: 1
[1791334261498][info][render][code=0] Character texture access: indexed, requested slots=27, stage sampler limit=1048576
[1791334261512][info][render][code=0] Character IBL: GPU-prefiltered environment mip chain
[1791334261514][info][render][code=0] Character skinning and morph: Vulkan compute path
[1791334261517][info][editor][code=0] Renderer resources reloaded
[1791334261570][info][editor][code=0] Imported asset: guide.gltf (384 vertices)
[1791334261573][info][editor][code=0] Asset reload requested; changed files: 1
[1791334261576][info][render][code=0] Character texture access: indexed, requested slots=43, stage sampler limit=1048576
[1791334261591][info][render][code=0] Character IBL: GPU-prefiltered environment mip chain
[1791334261597][info][render][code=0] Character skinning and morph: Vulkan compute path
[1791334261599][info][editor][code=0] Renderer resources reloaded
[1791334261645][info][editor][code=0] Imported asset: hero.gltf (360 vertices)
[1791334261649][info][editor][code=0] Asset reload requested; changed files: 1
[1791334261654][info][render][code=0] Character texture access: indexed, requested slots=59, stage sampler limit=1048576
[1791334261669][info][render][code=0] Character IBL: GPU-prefiltered environment mip chain
[1791334261681][info][render][code=0] Character skinning and morph: Vulkan compute path
[1791334261683][info][editor][code=0] Renderer resources reloaded
[1791334261685][info][editor][code=0] Opened scene: editor-exploration
[1791334261685][info][editor][code=0] Selected node: Placed Object
[1791334261686][info][editor][code=0] Opened scene: editor-exploration
[1791334261687][info][editor][code=0] Selected node: Placed Object
[1791334261688][info][editor][code=0] Opened scene: editor-exploration
[1791334261688][info][editor][code=0] Selected node: Placed Object
[1791334261689][info][editor][code=0] Opened scene: editor-exploration
[1791334261689][info][editor][code=0] Selected node: Placed Object
[1791334261691][info][editor][code=0] Opened scene: editor-exploration
[1791334261691][info][editor][code=0] Selected node: Placed Object
[1791334261692][info][editor][code=0] Opened scene: editor-exploration
[1791334261693][info][editor][code=0] Selected node: Placed Object
[1791334261694][info][editor][code=0] Opened scene: editor-exploration
[1791334261694][info][editor][code=0] Selected node: Placed Object
[1791334261696][info][editor][code=0] Opened scene: editor-exploration
[1791334261696][info][editor][code=0] Selected node: Placed Object
[1791334261697][info][editor][code=0] Opened scene: editor-exploration
[1791334261698][info][editor][code=0] Selected node: Placed Object
[1791334261699][info][editor][code=0] Opened scene: editor-exploration
[1791334261700][info][editor][code=0] Selected node: camera
[1791334261701][info][editor][code=0] Opened scene: editor-exploration
[1791334261702][info][editor][code=0] Selected node: hud
[1791334261703][info][editor][code=0] Opened scene: editor-exploration
[1791334261704][info][editor][code=0] Selected node: goal
[1791334261706][info][editor][code=0] Opened scene: editor-exploration
[1791334261706][info][editor][code=0] Selected node: Placed Object
[1791334261708][info][editor][code=0] Opened scene: editor-exploration
[1791334261708][info][editor][code=0] Selected node: Placed Object
[1791334261710][info][editor][code=0] Opened scene: editor-exploration
[1791334261711][info][editor][code=0] Selected node: Placed Object
[1791334261713][info][editor][code=0] Opened scene: editor-exploration
[1791334261713][info][editor][code=0] Selected node: Placed Object
[1791334261715][info][editor][code=0] Opened scene: editor-exploration
[1791334261716][info][editor][code=0] Selected node: Placed Object
[1791334261718][info][editor][code=0] Opened scene: editor-exploration
[1791334261718][info][editor][code=0] Selected node: Placed Object
[1791334261721][info][editor][code=0] Opened scene: editor-exploration
[1791334261721][info][editor][code=0] Selected node: Placed Object
[1791334261725][info][editor][code=0] Opened scene: editor-exploration
[1791334261726][info][editor][code=0] Selected node: Placed Object
[1791334261730][info][editor][code=0] Opened scene: editor-exploration
[1791334261731][info][editor][code=0] Selected node: Placed Object
[1791334261734][info][editor][code=0] Asset reload requested; changed files: 0
[1791334261739][info][render][code=0] Character texture access: indexed, requested slots=59, stage sampler limit=1048576
[1791334261754][info][render][code=0] Character IBL: GPU-prefiltered environment mip chain
[1791334261766][info][render][code=0] Character skinning and morph: Vulkan compute path
[1791334261767][info][editor][code=0] Renderer resources reloaded
[1791334261772][info][editor][code=0] Opened scene: editor-exploration
[1791334261773][info][editor][code=0] Selected node: Placed Object
[1791334261775][info][editor][code=0] Opened scene: editor-exploration
[1791334261779][info][editor][code=0] Opened scene: editor-exploration
[1791334261782][info][editor][code=0] Opened scene: editor-exploration
[1791334261785][info][editor][code=0] Opened scene: editor-exploration
[1791334261790][info][editor][code=0] Opened scene: editor-exploration
[1791334261791][info][editor][code=0] Selected node: Placed Object
[1791334261793][info][editor][code=0] Opened scene: editor-exploration
[1791334261797][info][editor][code=0] Opened scene: editor-exploration
[1791334261800][info][editor][code=0] Opened scene: editor-exploration
[1791334261803][info][editor][code=0] Opened scene: editor-exploration
[1791334261812][info][editor][code=0] Opened scene: editor-exploration
[1791334261813][info][editor][code=0] Selected node: Placed Object
[1791334261816][info][editor][code=0] Opened scene: editor-exploration
[1791334261819][info][editor][code=0] Opened scene: editor-exploration
[1791334261822][info][editor][code=0] Opened scene: editor-exploration
[1791334261825][info][editor][code=0] Opened scene: editor-exploration
[1791334261831][info][editor][code=0] Opened scene: editor-exploration
[1791334261832][info][editor][code=0] Selected node: Placed Object
[1791334261835][info][editor][code=0] Opened scene: editor-exploration
[1791334261838][info][editor][code=0] Opened scene: editor-exploration
[1791334261842][info][editor][code=0] Opened scene: editor-exploration
[1791334261846][info][editor][code=0] Opened scene: editor-exploration
[1791334261850][info][editor][code=0] Opened scene: editor-exploration
[1791334261854][info][editor][code=0] Opened scene: editor-exploration
[1791334261855][info][editor][code=0] Selected node: Placed Object
[1791334261858][info][editor][code=0] Opened scene: editor-exploration
[1791334261862][info][editor][code=0] Opened scene: editor-exploration
[1791334261866][info][editor][code=0] Opened scene: editor-exploration
[1791334261869][info][editor][code=0] Opened scene: editor-exploration
[1791334261874][info][editor][code=0] Opened scene: editor-exploration
[1791334261875][info][editor][code=0] Selected node: Placed Object
[1791334261878][info][editor][code=0] Opened scene: editor-exploration
[1791334261882][info][editor][code=0] Opened scene: editor-exploration
[1791334261885][info][editor][code=0] Opened scene: editor-exploration
[1791334261888][info][editor][code=0] Opened scene: editor-exploration
[1791334261893][info][editor][code=0] Opened scene: editor-exploration
[1791334261894][info][editor][code=0] Selected node: Placed Object
[1791334261897][info][editor][code=0] Opened scene: editor-exploration
[1791334261900][info][editor][code=0] Opened scene: editor-exploration
[1791334261904][info][editor][code=0] Opened scene: editor-exploration
[1791334261907][info][editor][code=0] Opened scene: editor-exploration
[1791334261913][info][editor][code=0] Opened scene: editor-exploration
[1791334261913][info][editor][code=0] Selected node: Placed Object
[1791334261916][info][editor][code=0] Opened scene: editor-exploration
[1791334261920][info][editor][code=0] Opened scene: editor-exploration
[1791334261923][info][editor][code=0] Opened scene: editor-exploration
[1791334261926][info][editor][code=0] Opened scene: editor-exploration
[1791334261931][info][editor][code=0] Opened scene: editor-exploration
[1791334261931][info][editor][code=0] Selected node: Placed Object
[1791334261934][info][editor][code=0] Opened scene: editor-exploration
[1791334261937][info][editor][code=0] Opened scene: editor-exploration
[1791334261941][info][editor][code=0] Opened scene: editor-exploration
[1791334261947][info][editor][code=0] Opened scene: editor-exploration
[1791334261952][info][editor][code=0] Opened scene: editor-exploration
[1791334261953][info][editor][code=0] Selected node: camera
[1791334261957][info][editor][code=0] Opened scene: editor-exploration
[1791334261961][info][editor][code=0] Opened scene: editor-exploration
[1791334261964][info][editor][code=0] Opened scene: editor-exploration
[1791334261968][info][editor][code=0] Opened scene: editor-exploration
[1791334261972][info][editor][code=0] Opened scene: editor-exploration
[1791334261977][info][editor][code=0] Opened scene: editor-exploration
[1791334261980][info][editor][code=0] Opened scene: editor-exploration
[1791334261987][info][editor][code=0] Opened scene: editor-exploration
[1791334261987][info][editor][code=0] Selected node: hud
[1791334261991][info][editor][code=0] Opened scene: editor-exploration
[1791334261994][info][editor][code=0] Opened scene: editor-exploration
[1791334261998][info][editor][code=0] Opened scene: editor-exploration
[1791334262002][info][editor][code=0] Opened scene: editor-exploration
[1791334262009][info][editor][code=0] Opened scene: editor-exploration
[1791334262010][info][editor][code=0] Selected node: goal
[1791334262013][info][editor][code=0] Opened scene: editor-exploration
[1791334262017][info][editor][code=0] Opened scene: editor-exploration
[1791334262022][info][editor][code=0] Opened scene: editor-exploration
[1791334262026][info][editor][code=0] Opened scene: editor-exploration
[1791334262029][info][editor][code=0] Opened scene: editor-exploration
[1791334262033][info][editor][code=0] Opened scene: editor-exploration
[1791334262038][info][editor][code=0] Opened scene: editor-exploration
[1791334262044][info][editor][code=0] Opened scene: editor-exploration
[1791334262045][info][editor][code=0] Selected node: Placed Object
[1791334262048][info][editor][code=0] Opened scene: editor-exploration
[1791334262053][info][editor][code=0] Opened scene: editor-exploration
[1791334262057][info][editor][code=0] Opened scene: editor-exploration
[1791334262060][info][editor][code=0] Opened scene: editor-exploration
[1791334262067][info][editor][code=0] Opened scene: editor-exploration
[1791334262075][info][editor][code=0] Opened scene: editor-exploration
[1791334262076][info][editor][code=0] Selected node: Placed Object
[1791334262079][info][editor][code=0] Opened scene: editor-exploration
[1791334262083][info][editor][code=0] Opened scene: editor-exploration
[1791334262087][info][editor][code=0] Opened scene: editor-exploration
[1791334262091][info][editor][code=0] Opened scene: editor-exploration
[1791334262098][info][editor][code=0] Opened scene: editor-exploration
[1791334262107][info][editor][code=0] Opened scene: editor-exploration
[1791334262108][info][editor][code=0] Selected node: Placed Object
[1791334262111][info][editor][code=0] Opened scene: editor-exploration
[1791334262114][info][editor][code=0] Opened scene: editor-exploration
[1791334262118][info][editor][code=0] Opened scene: editor-exploration
[1791334262122][info][editor][code=0] Opened scene: editor-exploration
[1791334262126][info][editor][code=0] Opened scene: editor-exploration
[1791334262129][info][editor][code=0] Opened scene: editor-exploration
[1791334262133][info][editor][code=0] Opened scene: editor-exploration
[1791334262137][info][editor][code=0] Opened scene: editor-exploration
[1791334262143][info][editor][code=0] Opened scene: editor-exploration
[1791334262150][info][editor][code=0] Opened scene: editor-exploration
[1791334262155][info][editor][code=0] Opened scene: editor-exploration
[1791334262161][info][editor][code=0] Opened scene: editor-exploration
[1791334262168][info][editor][code=0] Opened scene: editor-exploration
[1791334262176][info][editor][code=0] Opened scene: editor-exploration
[1791334262177][info][editor][code=0] Selected node: Placed Object
[1791334262180][info][editor][code=0] Opened scene: editor-exploration
[1791334262184][info][editor][code=0] Opened scene: editor-exploration
[1791334262188][info][editor][code=0] Opened scene: editor-exploration
[1791334262192][info][editor][code=0] Opened scene: editor-exploration
[1791334262201][info][editor][code=0] Opened scene: editor-exploration
[1791334262209][info][editor][code=0] Opened scene: editor-exploration
[1791334262215][info][editor][code=0] Opened scene: editor-exploration
[1791334262221][info][editor][code=0] Opened scene: editor-exploration
[1791334262228][info][editor][code=0] Opened scene: editor-exploration
[1791334262235][info][editor][code=0] Opened scene: editor-exploration
[1791334262243][info][editor][code=0] Opened scene: editor-exploration
[1791334262244][info][editor][code=0] Selected node: Placed Object
[1791334262249][info][editor][code=0] Opened scene: editor-exploration
[1791334262255][info][editor][code=0] Opened scene: editor-exploration
[1791334262260][info][editor][code=0] Opened scene: editor-exploration
[1791334262265][info][editor][code=0] Opened scene: editor-exploration
[1791334262270][info][editor][code=0] Opened scene: editor-exploration
[1791334262274][info][editor][code=0] Opened scene: editor-exploration
[1791334262279][info][editor][code=0] Opened scene: editor-exploration
[1791334262284][info][editor][code=0] Opened scene: editor-exploration
[1791334262288][info][editor][code=0] Opened scene: editor-exploration
[1791334262293][info][editor][code=0] Opened scene: editor-exploration
[1791334262297][info][editor][code=0] Opened scene: editor-exploration
[1791334262304][info][editor][code=0] Opened scene: editor-exploration
[1791334262304][info][editor][code=0] Selected node: Placed Object
[1791334262308][info][editor][code=0] Opened scene: editor-exploration
[1791334262312][info][editor][code=0] Opened scene: editor-exploration
[1791334262317][info][editor][code=0] Opened scene: editor-exploration
[1791334262321][info][editor][code=0] Opened scene: editor-exploration
[1791334262325][info][editor][code=0] Opened scene: editor-exploration
[1791334262329][info][editor][code=0] Opened scene: editor-exploration
[1791334262333][info][editor][code=0] Opened scene: editor-exploration
[1791334262337][info][editor][code=0] Opened scene: editor-exploration
[1791334262342][info][editor][code=0] Opened scene: editor-exploration
[1791334262346][info][editor][code=0] Opened scene: editor-exploration
[1791334262352][info][editor][code=0] Opened scene: editor-exploration
[1791334262353][info][editor][code=0] Selected node: Placed Object
[1791334262357][info][editor][code=0] Opened scene: editor-exploration
[1791334262361][info][editor][code=0] Opened scene: editor-exploration
[1791334262366][info][editor][code=0] Opened scene: editor-exploration
[1791334262370][info][editor][code=0] Opened scene: editor-exploration
[1791334262374][info][editor][code=0] Opened scene: editor-exploration
[1791334262379][info][editor][code=0] Opened scene: editor-exploration
[1791334262383][info][editor][code=0] Opened scene: editor-exploration
[1791334262387][info][editor][code=0] Opened scene: editor-exploration
[1791334262391][info][editor][code=0] Opened scene: editor-exploration
[1791334262398][info][editor][code=0] Opened scene: editor-exploration
[1791334262399][info][editor][code=0] Selected node: Placed Object
[1791334262402][info][editor][code=0] Opened scene: editor-exploration
[1791334262406][info][editor][code=0] Opened scene: editor-exploration
[1791334262411][info][editor][code=0] Opened scene: editor-exploration
[1791334262415][info][editor][code=0] Opened scene: editor-exploration
[1791334262418][info][editor][code=0] Opened scene: editor-exploration
[1791334262424][info][editor][code=0] Opened scene: editor-exploration
[1791334262430][info][editor][code=0] Opened scene: editor-exploration
[1791334262434][info][editor][code=0] Opened scene: editor-exploration
[1791334262439][info][editor][code=0] Opened scene: editor-exploration
[1791334262446][info][editor][code=0] Opened scene: editor-exploration
[1791334262446][info][editor][code=0] Selected node: Placed Object
[1791334262450][info][editor][code=0] Opened scene: editor-exploration
[1791334262454][info][editor][code=0] Opened scene: editor-exploration
[1791334262459][info][editor][code=0] Opened scene: editor-exploration
[1791334262463][info][editor][code=0] Opened scene: editor-exploration
[1791334262468][info][editor][code=0] Opened scene: editor-exploration
[1791334262473][info][editor][code=0] Opened scene: editor-exploration
[1791334262477][info][editor][code=0] Opened scene: editor-exploration
[1791334262482][info][editor][code=0] Opened scene: editor-exploration
[1791334262487][info][editor][code=0] Opened scene: editor-exploration
[1791334262494][info][editor][code=0] Opened scene: editor-exploration
[1791334262494][info][editor][code=0] Selected node: Placed Object
[1791334262509][info][editor][code=0] Opened scene: editor-exploration
[1791334262510][info][editor][code=0] ERROR: Asset reference missing: assets:/absent.lua
[1791334262539][info][editor][code=0] Opened scene: editor-exploration
[1791334262542][info][editor][code=0] Selected node: author-probe:body
[1791334262542][info][editor][code=0] Placed prefab: author-probe
[1791334262553][info][editor][code=0] Undo
[1791334262563][info][editor][code=0] Redo
[1791334262569][info][editor][code=0] Opened scene: editor-exploration
[1791334262599][info][editor][code=0] Saved scene: D:\Assigment\2609\FYP\Project\AzureRender\build\evolution\p3\authoring\game\assets\exploration.azurelevel
[1791334262617][info][editor][code=0] Reloaded scene: editor-exploration
[1791334262626][info][editor][code=0] Opened scene: editor-exploration
[1791334262627][info][editor][code=0] Selected node: Placed Object
[1791334262632][info][editor][code=0] Opened scene: editor-exploration
[1791334262639][info][editor][code=0] Undo
[1791334263389][info][editor][code=0] Play started
[1791334263395][info][render][code=0] Character texture access: indexed, requested slots=59, stage sampler limit=1048576
[1791334263411][info][render][code=0] Character IBL: GPU-prefiltered environment mip chain
[1791334263424][info][render][code=0] Character skinning and morph: Vulkan compute path
[1791334263461][warning][script][code=0] assets:/hero.lua: ...Render/build/evolution/p3/authoring/game/assets/hero.lua:1: authoring fault
stack traceback:
	[C]: in function 'base.error'
	...Render/build/evolution/p3/authoring/game/assets/hero.lua:1: in function <...Render/build/evolution/p3/authoring/game/assets/hero.lua:1>
[1791334263546][info][editor][code=0] Play stopped; edit state restored
[1791334263569][info][editor][code=0] Saved scene: D:\Assigment\2609\FYP\Project\AzureRender\build\evolution\p3\authoring\game\assets\exploration.azurelevel
[1791334263587][info][editor][code=0] Saved scene: D:\Assigment\2609\FYP\Project\AzureRender\build\evolution\p3\authoring\game\assets\exploration.azurelevel
[1791334263589][info][editor][code=0] Game build started
[1791334263596][info][render][code=0] Character texture access: indexed, requested slots=59, stage sampler limit=1048576
[1791334263616][info][render][code=0] Character IBL: GPU-prefiltered environment mip chain
[1791334263627][info][render][code=0] Character skinning and morph: Vulkan compute path
[1791334267420][info][editor][code=0] Game build completed: {"status": "passed", "name": "Editor Authored Exploration", "files": 237}

