Internal ctest changing into directory: D:/Assigment/2609/FYP/Project/AzureRender/build/ninja-msvc-release
Test project D:/Assigment/2609/FYP/Project/AzureRender/build/ninja-msvc-release
      Start   8: AzureRender.VisibilityGpu
 1/43 Test   #8: AzureRender.VisibilityGpu .......................   Passed    0.47 sec
      Start  12: AzureRender.SkinningGpu
 2/43 Test  #12: AzureRender.SkinningGpu .........................   Passed    0.38 sec
      Start  14: AzureRender.ShaderComposition
 3/43 Test  #14: AzureRender.ShaderComposition ...................   Passed    0.66 sec
      Start  29: AzureRender.PreviewHost
 4/43 Test  #29: AzureRender.PreviewHost .........................   Passed    3.39 sec
      Start  30: AzureEditor.SelectionGpu
 5/43 Test  #30: AzureEditor.SelectionGpu ........................   Passed    9.66 sec
      Start  31: AzureEditor.GizmoGpu
 6/43 Test  #31: AzureEditor.GizmoGpu ............................   Passed   18.35 sec
      Start  32: AzureEditor.DevtoolsHost
 7/43 Test  #32: AzureEditor.DevtoolsHost ........................   Passed   35.27 sec
      Start  35: AzureEditor.ProposalHost
 8/43 Test  #35: AzureEditor.ProposalHost ........................   Passed   16.65 sec
      Start  40: AzureAssets.ProceduralHost
 9/43 Test  #40: AzureAssets.ProceduralHost ......................   Passed   14.30 sec
      Start  41: AzureEditor.SettingsHost
10/43 Test  #41: AzureEditor.SettingsHost ........................   Passed    8.27 sec
      Start  42: AzureEditor.ObservationHost
11/43 Test  #42: AzureEditor.ObservationHost .....................   Passed    9.18 sec
      Start  49: AzureEngine.SceneInspectorHost
12/43 Test  #49: AzureEngine.SceneInspectorHost ..................   Passed    3.03 sec
      Start  54: AzureEngine.RegisteredComponentHost
13/43 Test  #54: AzureEngine.RegisteredComponentHost .............   Passed    2.15 sec
      Start  71: AzureEngine.ManagedWorkflows.coreclr
14/43 Test  #71: AzureEngine.ManagedWorkflows.coreclr ............   Passed   16.72 sec
      Start  72: AzureEngine.ManagedWorkflows.nativeaot
15/43 Test  #72: AzureEngine.ManagedWorkflows.nativeaot ..........   Passed   14.04 sec
      Start  86: AzureRender.SceneVisibilityGpu
16/43 Test  #86: AzureRender.SceneVisibilityGpu ..................   Passed   35.23 sec
      Start  88: AzureEngine.LocomotionPlayer
17/43 Test  #88: AzureEngine.LocomotionPlayer ....................   Passed   22.42 sec
      Start  98: AzureEditor.WorkspaceGpu
18/43 Test  #98: AzureEditor.WorkspaceGpu ........................   Passed   55.39 sec
      Start  99: AzureEngine.MaterialFixtureGpu
19/43 Test  #99: AzureEngine.MaterialFixtureGpu ..................   Passed    9.48 sec
      Start 100: AzureEngine.IndependentAnimationGpu
20/43 Test #100: AzureEngine.IndependentAnimationGpu .............   Passed    7.31 sec
      Start 101: AzureEngine.ThirdPersonPlayer
21/43 Test #101: AzureEngine.ThirdPersonPlayer ...................   Passed    2.31 sec
      Start 102: AzureEngine.PlayablePlayer
22/43 Test #102: AzureEngine.PlayablePlayer ......................   Passed    4.32 sec
      Start 103: AzureEngine.OptionalRuntimeTrace
23/43 Test #103: AzureEngine.OptionalRuntimeTrace ................   Passed    4.48 sec
      Start 104: AzureEngine.RuntimeSpawnGpu
24/43 Test #104: AzureEngine.RuntimeSpawnGpu .....................   Passed    3.37 sec
      Start 105: AzureEngine.PresentationGpu
25/43 Test #105: AzureEngine.PresentationGpu .....................   Passed    5.09 sec
      Start 106: AzureEngine.EditorHost
26/43 Test #106: AzureEngine.EditorHost ..........................   Passed    3.72 sec
      Start 107: AzureEngine.EditorPlayable
27/43 Test #107: AzureEngine.EditorPlayable ......................   Passed    3.55 sec
      Start 109: AzureEngine.LevelPlayer
28/43 Test #109: AzureEngine.LevelPlayer .........................   Passed    5.04 sec
      Start 110: AzureEngine.PhysicsPlayer
29/43 Test #110: AzureEngine.PhysicsPlayer .......................   Passed    1.86 sec
      Start 111: AzureEngine.ScriptPlayer
30/43 Test #111: AzureEngine.ScriptPlayer ........................   Passed    1.99 sec
      Start 134: AzureEditor.UsabilityGpu
31/43 Test #134: AzureEditor.UsabilityGpu ........................   Passed   19.88 sec
      Start 135: AzureEditor.DocumentGuardGpu
32/43 Test #135: AzureEditor.DocumentGuardGpu ....................   Passed   10.54 sec
      Start 148: AzureRender.VisualRegression
33/43 Test #148: AzureRender.VisualRegression ....................   Passed    9.50 sec
      Start 149: AzureRender.VisualRegressionLegacyDescriptors
34/43 Test #149: AzureRender.VisualRegressionLegacyDescriptors ...   Passed    9.39 sec
      Start 150: AzureRender.BlackholeComputeGpu
35/43 Test #150: AzureRender.BlackholeComputeGpu .................   Passed    2.30 sec
      Start 151: AzureRender.CharacterIblComputeGpu
36/43 Test #151: AzureRender.CharacterIblComputeGpu ..............   Passed    1.27 sec
      Start 152: AzureRender.CharacterSkinningComputeGpu
37/43 Test #152: AzureRender.CharacterSkinningComputeGpu .........   Passed    1.27 sec
      Start 156: AzureRender.R3Comparison
38/43 Test #156: AzureRender.R3Comparison ........................   Passed    7.68 sec
      Start 157: AzureRender.R3TransparentComparison
39/43 Test #157: AzureRender.R3TransparentComparison .............   Passed    9.98 sec
      Start 158: AzureRender.AuditRegressions
40/43 Test #158: AzureRender.AuditRegressions ....................   Passed    1.67 sec
      Start 159: AzureRender.VisualRegressionLegacySkinning
41/43 Test #159: AzureRender.VisualRegressionLegacySkinning ......   Passed    9.39 sec
      Start 160: AzureRender.CharacterMorphComputeGpu
42/43 Test #160: AzureRender.CharacterMorphComputeGpu ............   Passed   10.37 sec
      Start 161: AzureRender.ClusteredLightingGpu
43/43 Test #161: AzureRender.ClusteredLightingGpu ................   Passed    3.04 sec

100% tests passed, 0 tests failed out of 43

Label Time Summary:
gpu       = 414.33 sec*proc (43 tests)
script    =  30.76 sec*proc (2 tests)

Total Test time (real) = 414.37 sec
