[0/2] Re-checking globbed directories...
[1/28] cmd.exe /C "cd /D D:\Assigment\2609\FYP\Project\AzureRender\build\ninja-msvc-release && C:\Users\23587\AppData\Local\Programs\Python\Python311\python.exe D:/Assigment/2609/FYP/Project/AzureRender/tools/generate_script_bindings.py --check"
Script binding artifacts verified
[2/28] cmd.exe /C "cd /D D:\Assigment\2609\FYP\Project\AzureRender\build\ninja-msvc-release && C:\Users\23587\AppData\Local\Programs\Python\Python311\python.exe D:/Assigment/2609/FYP/Project/AzureRender/tools/generate_shader_types.py --description D:/Assigment/2609/FYP/Project/AzureRender/shaders/modules/shared-layout.json --cpp D:/Assigment/2609/FYP/Project/AzureRender/src/render/ShaderSharedTypes.hpp --slang D:/Assigment/2609/FYP/Project/AzureRender/shaders/modules/SharedTypes.slang --check"
[3/28] Generating verified engine interface snapshots and schemas
{"status": "passed", "coveredItems": 18, "files": 42}
[4/28] Building CXX object CMakeFiles\AzureEditor.dir\src\editor\viewport\ViewportGizmo.cpp.obj
[5/28] Building CXX object CMakeFiles\AzureEditor.dir\src\editor\EditorSession.cpp.obj
[6/28] Linking CXX static library AzureEditor.lib
[7/28] Linking CXX executable AzureSelectionServiceTests.exe
[8/28] Linking CXX executable AzurePanelContextTests.exe
[9/28] Linking CXX executable AzureRegisteredComponentHost.exe
[10/28] Linking CXX executable AzureUiFoundationTests.exe
[11/28] Linking CXX executable AzureRender.exe
[12/28] Linking CXX executable AzureDocumentBackupTests.exe
[13/28] Linking CXX executable AzureThumbnailTests.exe
[14/28] Linking CXX executable AzureProposalControllerTests.exe
[15/28] Linking CXX executable AzureProposalAdapterTests.exe
[16/28] Linking CXX executable AzureEditorObservationTests.exe
[17/28] Linking CXX executable AzureEditServiceTests.exe
[18/28] Linking CXX executable AzureEditorWorkspaceTests.exe
[19/28] Linking CXX executable AzureEditTransactionTests.exe
[20/28] Linking CXX executable AzureSelectionBoundsTests.exe
[21/28] Linking CXX executable AzureRegisteredComponentWorkflowTests.exe
[22/28] Linking CXX executable AzureEditorWorkflowTests.exe
[23/28] Linking CXX executable AzureTransformEditingTests.exe
[24/28] Linking CXX executable AzureEditorCameraServiceTests.exe
[25/28] Linking CXX executable AzureDocumentActionGuardTests.exe
[26/28] Linking CXX executable AzureGizmoControllerTests.exe
[27/28] Linking CXX executable AzureRenderEditorSessionTests.exe
