[0/1] Re-running CMake...
-- Running vcpkg install
Detecting compiler hash for triplet x64-windows...
Compiler found: D:/Visual Studio/2022/VC/Tools/MSVC/14.44.35207/bin/Hostx64/x64/cl.exe
The following packages are already installed:
    glfw3:x64-windows@3.5.1 -- git+https://github.com/microsoft/vcpkg@983a9c6ea042da294d61cb405600725dd7c22bbd
  * imath:x64-windows@3.2.2 -- git+https://github.com/microsoft/vcpkg@b167f9479ce8752a2839c39ee8f52c11af4c0266
  * libdeflate[compression,core,decompression,gzip,zlib]:x64-windows@1.25 -- git+https://github.com/microsoft/vcpkg@ceffc2e1864a1a1da49e655da03c323723a9816d
  * nlohmann-json:x64-windows@3.12.0#2 -- git+https://github.com/microsoft/vcpkg@ac3b8821cf486e45dd543bef2a4ba1d1ba230258
    openexr:x64-windows@3.4.13 -- git+https://github.com/microsoft/vcpkg@48521629e41c4a321b28dc3db54695be41c66e2f
  * openjph:x64-windows@0.31.0 -- git+https://github.com/microsoft/vcpkg@ad25bd553f9d4644ed6a978f8a6fc5d6387a923b
    stb:x64-windows@2024-07-29#1 -- git+https://github.com/microsoft/vcpkg@c362152d1d02973e7b1ce777960f8a6876656560
    tinygltf:x64-windows@3.0.0#1 -- git+https://github.com/microsoft/vcpkg@9c983959bc083131a4f5ca06ea51178a3e5a04b1
  * vcpkg-cmake:x64-windows@2024-04-23 -- git+https://github.com/microsoft/vcpkg@e74aa1e8f93278a8e71372f1fa08c3df420eb840
  * vcpkg-cmake-config:x64-windows@2026-07-21 -- git+https://github.com/microsoft/vcpkg@51befcb03097f8d19c1c59f9ec3625e69d85322a
    vulkan-memory-allocator:x64-windows@3.4.0 -- git+https://github.com/microsoft/vcpkg@a5328a01836eccf4c520e20e58f4d45d36cd1035
glfw3 provides CMake targets:

  # this is heuristically generated, and may not be correct
  find_package(glfw3 CONFIG REQUIRED)
  target_link_libraries(main PRIVATE glfw)

glfw3 provides pkg-config modules:

  # A multi-platform library for OpenGL, window and input
  glfw3

openexr provides CMake targets:

    find_package(OpenEXR CONFIG REQUIRED)
    target_link_libraries(main PRIVATE OpenEXR::OpenEXR)

The package stb provides CMake targets:

    find_package(Stb REQUIRED)
    target_include_directories(main PRIVATE ${Stb_INCLUDE_DIR})
tinygltf is header-only and can be used from CMake via:

  find_path(TINYGLTF_INCLUDE_DIRS "tiny_gltf.h")
  target_include_directories(main PRIVATE ${TINYGLTF_INCLUDE_DIRS})

VulkanMemoryAllocator provides official find_package support. However, it requires the user to provide the include directory containing `vulkan/vulkan.h`. There are multiple ways to achieve this and VulkanMemoryAllocator is compatible with all of them.

    find_package(Vulkan) # https://cmake.org/cmake/help/latest/module/FindVulkan.html, CMake 3.21+
    find_package(VulkanMemoryAllocator CONFIG REQUIRED)
    target_link_libraries(main PRIVATE Vulkan::Vulkan GPUOpen::VulkanMemoryAllocator)

or

    find_package(Vulkan) # CMake 3.21+
    find_package(VulkanMemoryAllocator CONFIG REQUIRED)
    target_link_libraries(main PRIVATE Vulkan::Headers GPUOpen::VulkanMemoryAllocator)

or

    find_package(VulkanHeaders CONFIG) # From the vulkan-headers port
    find_package(VulkanMemoryAllocator CONFIG REQUIRED)
    target_link_libraries(main PRIVATE Vulkan::Headers GPUOpen::VulkanMemoryAllocator)

See the documentation for more information on setting up your project: https://gpuopen-librariesandsdks.github.io/VulkanMemoryAllocator/html/index.html

All requested installations completed successfully in: 689 us
-- Running vcpkg install - done
-- Configuring done
-- Generating done
-- Build files have been written to: D:/Assigment/2609/FYP/Project/AzureRender/build/ninja-msvc-release
[1/58] Building CXX object CMakeFiles\AzureRenderCore.dir\src\scenes\SampleSceneRenderer.cpp.obj
[2/58] Building CXX object CMakeFiles\AzureRenderSceneModelTests.dir\tests\SceneModelTests.cpp.obj
[3/58] Building CXX object CMakeFiles\AzureEditor.dir\src\editor\EditorSession.cpp.obj
[4/58] Building CXX object CMakeFiles\AzureRuntime.dir\src\app\CommandLine.cpp.obj
[5/58] Building CXX object CMakeFiles\AzureProjectTests.dir\tests\ProjectTests.cpp.obj
[6/58] Building CXX object CMakeFiles\AzureRenderHost.dir\src\app\AzureRenderDescriptors.cpp.obj
[7/58] Building CXX object CMakeFiles\AzurePlayerHost.dir\src\app\AzureRenderPipeline.cpp.obj
[8/58] Building CXX object CMakeFiles\AzurePlayerHost.dir\src\app\AzureRenderDescriptors.cpp.obj
[9/58] Building CXX object CMakeFiles\AzureRenderSceneModelTests.dir\src\runtime\SceneDocument.cpp.obj
[10/58] Building CXX object CMakeFiles\AzureRuntime.dir\src\runtime\SceneRenderSnapshot.cpp.obj
[11/58] Building CXX object CMakeFiles\AzureRenderExtensionRegistryTests.dir\tests\ExtensionRegistryTests.cpp.obj
[12/58] Building CXX object CMakeFiles\AzureRenderHost.dir\src\app\AzureRenderPipeline.cpp.obj
[13/58] Building CXX object CMakeFiles\AzureRenderHost.dir\src\app\AzureRenderResources.cpp.obj
[14/58] Building CXX object CMakeFiles\AzurePlayerHost.dir\src\app\AzureRenderResources.cpp.obj
[15/58] Building CXX object CMakeFiles\AzureRuntime.dir\src\runtime\SceneDocument.cpp.obj
[16/58] Building CXX object CMakeFiles\AzureRenderCore.dir\src\scenes\BlackholeSceneRenderer.cpp.obj
[17/58] Building CXX object CMakeFiles\AzureEditor.dir\src\editor\EditorContext.cpp.obj
[18/58] Building CXX object CMakeFiles\AzureEditor.dir\src\editor\ImGuiEditorLayer.cpp.obj
[19/58] Building CXX object CMakeFiles\AzurePlayerHost.dir\src\app\AzureRenderSupport.cpp.obj
[20/58] Building CXX object CMakeFiles\AzureRenderHost.dir\src\app\AzureRenderCapture.cpp.obj
[21/58] Building CXX object CMakeFiles\AzureRender.dir\src\main.cpp.obj
[22/58] Building CXX object CMakeFiles\AzureRuntimeLifecycleTests.dir\tests\RuntimeLifecycleTests.cpp.obj
[23/58] Building CXX object CMakeFiles\AzurePlayerHost.dir\src\app\AzureRenderCapture.cpp.obj
[24/58] Building CXX object CMakeFiles\AzureRenderCore.dir\src\scenes\BuiltinRendererCatalog.cpp.obj
[25/58] Building CXX object CMakeFiles\AzureRenderHost.dir\src\app\AzureRenderSupport.cpp.obj
[26/58] Building CXX object CMakeFiles\AzurePlayer.dir\src\player\main.cpp.obj
[27/58] Building CXX object CMakeFiles\AzureRenderEditorSessionTests.dir\src\editor\EditorSession.cpp.obj
[28/58] Building CXX object CMakeFiles\AzureRenderNullRhiPassTests.dir\src\scenes\BlackholeSceneRenderer.cpp.obj
[29/58] Building CXX object CMakeFiles\AzureRenderCommandLineTests.dir\src\app\CommandLine.cpp.obj
[30/58] Building CXX object CMakeFiles\AzurePlayerHost.dir\src\app\AzureRenderApp.cpp.obj
[31/58] Building CXX object CMakeFiles\AzureRenderCommandLineTests.dir\tests\CommandLineTests.cpp.obj
[32/58] Building CXX object CMakeFiles\AzurePlayerHost.dir\src\app\AzureRenderFrame.cpp.obj
[33/58] Building CXX object CMakeFiles\AzureRenderHost.dir\src\app\AzureRenderFrame.cpp.obj
[34/58] Building CXX object CMakeFiles\AzureRenderNullRhiPassTests.dir\tests\NullRhiPassTests.cpp.obj
[35/58] Building CXX object CMakeFiles\AzureRenderEditorSessionTests.dir\tests\EditorSessionTests.cpp.obj
[36/58] Building CXX object CMakeFiles\AzureRenderHost.dir\src\app\AzureRenderApp.cpp.obj
[37/58] Building CXX object CMakeFiles\AzureRenderFrameTaskSchedulerTests.dir\tests\FrameTaskSchedulerTests.cpp.obj
[38/58] Building CXX object CMakeFiles\AzureRenderEditorSessionTests.dir\src\editor\EditorContext.cpp.obj
[39/58] Building CXX object CMakeFiles\AzureRenderEditorSessionTests.dir\src\runtime\SceneDocument.cpp.obj
[40/58] Building CXX object CMakeFiles\AzureRenderCore.dir\src\scenes\CharacterSceneRenderer.cpp.obj
[41/58] Linking CXX executable AzureRenderSceneModelTests.exe
[42/58] Linking CXX executable AzureRenderExtensionRegistryTests.exe
[43/58] Building CXX object CMakeFiles\AzureRuntime.dir\src\runtime\Project.cpp.obj
[44/58] Linking CXX static library AzureRenderCore.lib
[45/58] Linking CXX static library AzureRuntime.lib
[46/58] Linking CXX static library AzureEditor.lib
[47/58] Linking CXX static library AzurePlayerHost.lib
[48/58] Building CXX object CMakeFiles\AzureRenderNullRhiPassTests.dir\src\scenes\CharacterSceneRenderer.cpp.obj
[49/58] Linking CXX executable AzureRenderCommandLineTests.exe
[50/58] Linking CXX static library AzureRenderHost.lib
[51/58] Linking CXX executable AzureRenderFrameTaskSchedulerTests.exe
[52/58] Linking CXX executable AzureRenderEditorSessionTests.exe
[53/58] Linking CXX executable AzureProjectTests.exe
[54/58] Linking CXX executable AzureRuntimeLifecycleTests.exe
[55/58] Linking CXX executable AzurePlayer.exe
[56/58] Linking CXX executable AzureRenderNullRhiPassTests.exe
[57/58] Linking CXX executable AzureRender.exe
