[0/1] Re-running CMake...
-- Running vcpkg install
Detecting compiler hash for triplet x64-windows...
Compiler found: D:/Visual Studio/2022/VC/Tools/MSVC/14.44.35207/bin/Hostx64/x64/cl.exe
The following packages are already installed:
    glfw3:x64-windows@3.5.1
  * imath:x64-windows@3.2.2
  * libdeflate[core,zlib,gzip,decompression,compression]:x64-windows@1.25
  * nlohmann-json:x64-windows@3.12.0#2
    openexr:x64-windows@3.4.13
  * openjph:x64-windows@0.31.0
    stb:x64-windows@2024-07-29#1
    tinygltf:x64-windows@3.0.0#1
  * vcpkg-cmake:x64-windows@2024-04-23
  * vcpkg-cmake-config:x64-windows@2026-07-21
    vulkan-memory-allocator:x64-windows@3.4.0
glfw3 provides CMake targets:

  # this is heuristically generated, and may not be correct
  find_package(glfw3 CONFIG REQUIRED)
  target_link_libraries(main PRIVATE glfw)

glfw3 provides pkg-config modules:

  # A multi-platform library for OpenGL, window and input
  glfw3

openexr provides CMake targets:

    find_package(OpenEXR CONFIG REQUIRED)
    target_link_libraries(main PRIVATE OpenEXR::OpenEXR)

The package stb provides CMake targets:

    find_package(Stb REQUIRED)
    target_include_directories(main PRIVATE ${Stb_INCLUDE_DIR})
tinygltf is header-only and can be used from CMake via:

  find_path(TINYGLTF_INCLUDE_DIRS "tiny_gltf.h")
  target_include_directories(main PRIVATE ${TINYGLTF_INCLUDE_DIRS})

VulkanMemoryAllocator provides official find_package support. However, it requires the user to provide the include directory containing `vulkan/vulkan.h`. There are multiple ways to achieve this and VulkanMemoryAllocator is compatible with all of them.

    find_package(Vulkan) # https://cmake.org/cmake/help/latest/module/FindVulkan.html, CMake 3.21+
    find_package(VulkanMemoryAllocator CONFIG REQUIRED)
    target_link_libraries(main PRIVATE Vulkan::Vulkan GPUOpen::VulkanMemoryAllocator)

or

    find_package(Vulkan) # CMake 3.21+
    find_package(VulkanMemoryAllocator CONFIG REQUIRED)
    target_link_libraries(main PRIVATE Vulkan::Headers GPUOpen::VulkanMemoryAllocator)

or

    find_package(VulkanHeaders CONFIG) # From the vulkan-headers port
    find_package(VulkanMemoryAllocator CONFIG REQUIRED)
    target_link_libraries(main PRIVATE Vulkan::Headers GPUOpen::VulkanMemoryAllocator)

See the documentation for more information on setting up your project: https://gpuopen-librariesandsdks.github.io/VulkanMemoryAllocator/html/index.html

All requested installations completed successfully in: 296 us
-- Running vcpkg install - done
-- Configuring done
-- Generating done
-- Build files have been written to: D:/Assigment/2609/FYP/Project/AzureRender/build/ninja-msvc-debug
[1/20] Building CXX object CMakeFiles\AzureRenderSceneModelTests.dir\tests\SceneModelTests.cpp.obj
[2/20] Linking CXX executable AzureRenderExtensionRegistryTests.exe
[3/20] Building CXX object CMakeFiles\AzureRenderEditorSessionTests.dir\src\runtime\SceneDocument.cpp.obj
[4/20] Building CXX object CMakeFiles\AzureRenderSceneModelTests.dir\src\runtime\SceneDocument.cpp.obj
[5/20] Building CXX object CMakeFiles\AzureRuntime.dir\src\runtime\SceneDocument.cpp.obj
[6/20] Building CXX object CMakeFiles\AzureRuntime.dir\src\runtime\SceneRenderSnapshot.cpp.obj
[7/20] Linking CXX static library AzureRuntime.lib
[8/20] Linking CXX static library AzureEditor.lib
[9/20] Linking CXX static library AzurePlayerHost.lib
[10/20] Building CXX object CMakeFiles\AzureRenderSceneModelTests.dir\src\render\RenderSettings.cpp.obj
[11/20] Linking CXX executable AzureRenderNullRhiPassTests.exe
[12/20] Linking CXX executable AzureRenderCommandLineTests.exe
[13/20] Linking CXX static library AzureRenderHost.lib
[14/20] Linking CXX executable AzureRenderEditorSessionTests.exe
[15/20] Linking CXX executable AzureProjectTests.exe
[16/20] Linking CXX executable AzureRuntimeLifecycleTests.exe
[17/20] Linking CXX executable AzurePlayer.exe
[18/20] Linking CXX executable AzureRenderSceneModelTests.exe
[19/20] Linking CXX executable AzureRender.exe
