Preset CMake variables:

  CMAKE_BUILD_TYPE="Release"
  CMAKE_TOOLCHAIN_FILE="C:\Users\23587\Tools\vcpkg/scripts/buildsystems/vcpkg.cmake"
  VCPKG_TARGET_TRIPLET="x64-windows"

-- Running vcpkg install
Detecting compiler hash for triplet x64-windows...
Compiler found: D:/Visual Studio/2022/VC/Tools/MSVC/14.44.35207/bin/Hostx64/x64/cl.exe
The following packages are already installed:
  * brotli:x64-windows@1.2.0 -- git+https://github.com/microsoft/vcpkg@0fb79bb13588702a9e06057745b4aed95ce5c861
  * bzip2[core,tool]:x64-windows@1.0.8#6 -- git+https://github.com/microsoft/vcpkg@2d029da682847c5ebdc54e4dbea001331a02207e
  * freetype[brotli,bzip2,core,png,zlib]:x64-windows@2.14.3 -- git+https://github.com/microsoft/vcpkg@37a2b08e48b987c9b2a45a075fed1bc382e8de03
    glfw3:x64-windows@3.5.1 -- git+https://github.com/microsoft/vcpkg@983a9c6ea042da294d61cb405600725dd7c22bbd
  * imath:x64-windows@3.2.2 -- git+https://github.com/microsoft/vcpkg@b167f9479ce8752a2839c39ee8f52c11af4c0266
  * itlib:x64-windows@1.12.2 -- git+https://github.com/microsoft/vcpkg@8a453b8f5e7fdbda2367527993839428ec50343f
    joltphysics:x64-windows@5.6.0 -- git+https://github.com/microsoft/vcpkg@2eab0b6e73bfbe491fa0ffb297fd3ffdb6bf4ecf
  * libdeflate[compression,core,decompression,gzip,zlib]:x64-windows@1.25 -- git+https://github.com/microsoft/vcpkg@ceffc2e1864a1a1da49e655da03c323723a9816d
  * libpng:x64-windows@1.6.58 -- git+https://github.com/microsoft/vcpkg@909d98e06046a0901fd11300b3d725d6a80d27bf
    lua:x64-windows@5.4.8 -- git+https://github.com/microsoft/vcpkg@062ae235ae46d4bce8b00be2c74667e0763cc2c1
    miniaudio:x64-windows@0.11.25 -- git+https://github.com/microsoft/vcpkg@f019711e3ca3673819cc9b8436af74b095dcb580
  * nlohmann-json:x64-windows@3.12.0#2 -- git+https://github.com/microsoft/vcpkg@ac3b8821cf486e45dd543bef2a4ba1d1ba230258
    openexr:x64-windows@3.4.13 -- git+https://github.com/microsoft/vcpkg@48521629e41c4a321b28dc3db54695be41c66e2f
  * openjph:x64-windows@0.31.0 -- git+https://github.com/microsoft/vcpkg@ad25bd553f9d4644ed6a978f8a6fc5d6387a923b
    rmlui[core,freetype]:x64-windows@6.3 -- git+https://github.com/microsoft/vcpkg@190d18bbd429a7eab3a01d54051362e47538bfb0
  * robin-hood-hashing:x64-windows@3.11.5#2 -- git+https://github.com/microsoft/vcpkg@1a989171742275cc32060ed37157eeb0efcdc739
    sol2:x64-windows@3.5.0#1 -- git+https://github.com/microsoft/vcpkg@b3089bcbf6e652b82348192c6289d0ba2d0d9fe7
    stb:x64-windows@2024-07-29#1 -- git+https://github.com/microsoft/vcpkg@c362152d1d02973e7b1ce777960f8a6876656560
    tinygltf:x64-windows@3.0.0#1 -- git+https://github.com/microsoft/vcpkg@9c983959bc083131a4f5ca06ea51178a3e5a04b1
  * vcpkg-cmake:x64-windows@2024-04-23 -- git+https://github.com/microsoft/vcpkg@e74aa1e8f93278a8e71372f1fa08c3df420eb840
  * vcpkg-cmake-config:x64-windows@2026-07-21 -- git+https://github.com/microsoft/vcpkg@51befcb03097f8d19c1c59f9ec3625e69d85322a
    vulkan-memory-allocator:x64-windows@3.4.0 -- git+https://github.com/microsoft/vcpkg@a5328a01836eccf4c520e20e58f4d45d36cd1035
  * zlib:x64-windows@1.3.2#1 -- git+https://github.com/microsoft/vcpkg@f49b05c666425471a7f6dc8b6156e9b3675a3c90
glfw3 provides CMake targets:

  # this is heuristically generated, and may not be correct
  find_package(glfw3 CONFIG REQUIRED)
  target_link_libraries(main PRIVATE glfw)

glfw3 provides pkg-config modules:

  # A multi-platform library for OpenGL, window and input
  glfw3

joltphysics provides CMake targets:

  # this is heuristically generated, and may not be correct
  find_package(Jolt CONFIG REQUIRED)
  target_link_libraries(main PRIVATE Jolt::Jolt)

Use this package via the module FindLua that comes with CMake. To use in your CMakeLists.txt:

    find_package(Lua REQUIRED)
    target_include_directories(main PRIVATE ${LUA_INCLUDE_DIR})
    target_link_libraries(main PRIVATE ${LUA_LIBRARIES})

miniaudio is header-only and can be used from CMake via:

  find_path(MINIAUDIO_INCLUDE_DIRS "miniaudio.h")
  target_include_directories(main PRIVATE ${MINIAUDIO_INCLUDE_DIRS})

openexr provides CMake targets:

    find_package(OpenEXR CONFIG REQUIRED)
    target_link_libraries(main PRIVATE OpenEXR::OpenEXR)

rmlui provides CMake targets:

    find_package(RmlUi CONFIG REQUIRED)
    target_link_libraries(main PRIVATE RmlUi::RmlUi)

sol2 provides CMake targets:

  # this is heuristically generated, and may not be correct
  find_package(sol2 CONFIG REQUIRED)
  target_link_libraries(main PRIVATE sol2::sol2)

sol2 provides pkg-config modules:

  # C++ <-> Lua Wrapper Library
  sol2

The package stb provides CMake targets:

    find_package(Stb REQUIRED)
    target_include_directories(main PRIVATE ${Stb_INCLUDE_DIR})
tinygltf is header-only and can be used from CMake via:

  find_path(TINYGLTF_INCLUDE_DIRS "tiny_gltf.h")
  target_include_directories(main PRIVATE ${TINYGLTF_INCLUDE_DIRS})

VulkanMemoryAllocator provides official find_package support. However, it requires the user to provide the include directory containing `vulkan/vulkan.h`. There are multiple ways to achieve this and VulkanMemoryAllocator is compatible with all of them.

    find_package(Vulkan) # https://cmake.org/cmake/help/latest/module/FindVulkan.html, CMake 3.21+
    find_package(VulkanMemoryAllocator CONFIG REQUIRED)
    target_link_libraries(main PRIVATE Vulkan::Vulkan GPUOpen::VulkanMemoryAllocator)

or

    find_package(Vulkan) # CMake 3.21+
    find_package(VulkanMemoryAllocator CONFIG REQUIRED)
    target_link_libraries(main PRIVATE Vulkan::Headers GPUOpen::VulkanMemoryAllocator)

or

    find_package(VulkanHeaders CONFIG) # From the vulkan-headers port
    find_package(VulkanMemoryAllocator CONFIG REQUIRED)
    target_link_libraries(main PRIVATE Vulkan::Headers GPUOpen::VulkanMemoryAllocator)

See the documentation for more information on setting up your project: https://gpuopen-librariesandsdks.github.io/VulkanMemoryAllocator/html/index.html

All requested installations completed successfully in: 3.53 ms
-- Running vcpkg install - done
-- Found Freetype target Freetype::Freetype - Freetype font engine enabled
-- Configuring done
-- Generating done
-- Build files have been written to: D:/Assigment/2609/FYP/Project/AzureRender/build/ninja-msvc-release
ninja: no work to do.
{"status": "passed", "manifest": "build\\ninja-msvc-release\\build-provenance.json"}
-- Installing: D:/Assigment/2609/FYP/Project/AzureRender/build/f1/install-release/bin/AzureRender.exe
-- Installing: D:/Assigment/2609/FYP/Project/AzureRender/build/f1/install-release/bin/AzurePlayer.exe
-- Installing: D:/Assigment/2609/FYP/Project/AzureRender/build/f1/install-release/bin/AzureMetaGen.exe
-- Installing: D:/Assigment/2609/FYP/Project/AzureRender/build/f1/install-release/bin/concrt140.dll
-- Installing: D:/Assigment/2609/FYP/Project/AzureRender/build/f1/install-release/bin/msvcp140.dll
-- Installing: D:/Assigment/2609/FYP/Project/AzureRender/build/f1/install-release/bin/msvcp140_1.dll
-- Installing: D:/Assigment/2609/FYP/Project/AzureRender/build/f1/install-release/bin/msvcp140_2.dll
-- Installing: D:/Assigment/2609/FYP/Project/AzureRender/build/f1/install-release/bin/msvcp140_atomic_wait.dll
-- Installing: D:/Assigment/2609/FYP/Project/AzureRender/build/f1/install-release/bin/msvcp140_codecvt_ids.dll
-- Installing: D:/Assigment/2609/FYP/Project/AzureRender/build/f1/install-release/bin/vccorlib140.dll
-- Installing: D:/Assigment/2609/FYP/Project/AzureRender/build/f1/install-release/bin/vcruntime140.dll
-- Installing: D:/Assigment/2609/FYP/Project/AzureRender/build/f1/install-release/bin/vcruntime140_1.dll
-- Installing: D:/Assigment/2609/FYP/Project/AzureRender/build/f1/install-release/bin/vcruntime140_threads.dll
-- Installing: D:/Assigment/2609/FYP/Project/AzureRender/build/f1/install-release/share/AzureRender/shaders
-- Installing: D:/Assigment/2609/FYP/Project/AzureRender/build/f1/install-release/share/AzureRender/shaders/background.frag.spv
-- Installing: D:/Assigment/2609/FYP/Project/AzureRender/build/f1/install-release/share/AzureRender/shaders/background.vert.spv
-- Installing: D:/Assigment/2609/FYP/Project/AzureRender/build/f1/install-release/share/AzureRender/shaders/background_bindless.frag.spv
-- Installing: D:/Assigment/2609/FYP/Project/AzureRender/build/f1/install-release/share/AzureRender/shaders/blackhole.frag.spv
-- Installing: D:/Assigment/2609/FYP/Project/AzureRender/build/f1/install-release/share/AzureRender/shaders/blackhole.vert.spv
-- Installing: D:/Assigment/2609/FYP/Project/AzureRender/build/f1/install-release/share/AzureRender/shaders/blackhole_composite.frag.spv
-- Installing: D:/Assigment/2609/FYP/Project/AzureRender/build/f1/install-release/share/AzureRender/shaders/blackhole_taa.frag.spv
-- Installing: D:/Assigment/2609/FYP/Project/AzureRender/build/f1/install-release/share/AzureRender/shaders/blackhole_taa_compute.frag.spv
-- Installing: D:/Assigment/2609/FYP/Project/AzureRender/build/f1/install-release/share/AzureRender/shaders/bloom_composite.comp.spv
-- Installing: D:/Assigment/2609/FYP/Project/AzureRender/build/f1/install-release/share/AzureRender/shaders/bloom_downsample.comp.spv
-- Installing: D:/Assigment/2609/FYP/Project/AzureRender/build/f1/install-release/share/AzureRender/shaders/clear.comp.spv
-- Installing: D:/Assigment/2609/FYP/Project/AzureRender/build/f1/install-release/share/AzureRender/shaders/cull_indirect.comp.spv
-- Installing: D:/Assigment/2609/FYP/Project/AzureRender/build/f1/install-release/share/AzureRender/shaders/game-ui.frag.spv
-- Installing: D:/Assigment/2609/FYP/Project/AzureRender/build/f1/install-release/share/AzureRender/shaders/game-ui.vert.spv
-- Installing: D:/Assigment/2609/FYP/Project/AzureRender/build/f1/install-release/share/AzureRender/shaders/hud.frag.spv
-- Installing: D:/Assigment/2609/FYP/Project/AzureRender/build/f1/install-release/share/AzureRender/shaders/hud.vert.spv
-- Installing: D:/Assigment/2609/FYP/Project/AzureRender/build/f1/install-release/share/AzureRender/shaders/ibl_prefilter.comp.spv
-- Installing: D:/Assigment/2609/FYP/Project/AzureRender/build/f1/install-release/share/AzureRender/shaders/inner_outline.frag.spv
-- Installing: D:/Assigment/2609/FYP/Project/AzureRender/build/f1/install-release/share/AzureRender/shaders/inner_outline.vert.spv
-- Installing: D:/Assigment/2609/FYP/Project/AzureRender/build/f1/install-release/share/AzureRender/shaders/mesh.frag.spv
-- Installing: D:/Assigment/2609/FYP/Project/AzureRender/build/f1/install-release/share/AzureRender/shaders/mesh.vert.spv
-- Installing: D:/Assigment/2609/FYP/Project/AzureRender/build/f1/install-release/share/AzureRender/shaders/mesh_bindless.frag.spv
-- Installing: D:/Assigment/2609/FYP/Project/AzureRender/build/f1/install-release/share/AzureRender/shaders/mesh_compute.vert.spv
-- Installing: D:/Assigment/2609/FYP/Project/AzureRender/build/f1/install-release/share/AzureRender/shaders/outline.frag.spv
-- Installing: D:/Assigment/2609/FYP/Project/AzureRender/build/f1/install-release/share/AzureRender/shaders/outline.vert.spv
-- Installing: D:/Assigment/2609/FYP/Project/AzureRender/build/f1/install-release/share/AzureRender/shaders/outline_compute.vert.spv
-- Installing: D:/Assigment/2609/FYP/Project/AzureRender/build/f1/install-release/share/AzureRender/shaders/shadow.frag.spv
-- Installing: D:/Assigment/2609/FYP/Project/AzureRender/build/f1/install-release/share/AzureRender/shaders/shadow.vert.spv
-- Installing: D:/Assigment/2609/FYP/Project/AzureRender/build/f1/install-release/share/AzureRender/shaders/shadow_bindless.frag.spv
-- Installing: D:/Assigment/2609/FYP/Project/AzureRender/build/f1/install-release/share/AzureRender/shaders/shadow_compute.vert.spv
-- Installing: D:/Assigment/2609/FYP/Project/AzureRender/build/f1/install-release/share/AzureRender/shaders/skin.comp.spv
-- Installing: D:/Assigment/2609/FYP/Project/AzureRender/build/f1/install-release/share/AzureRender/assets_public
-- Installing: D:/Assigment/2609/FYP/Project/AzureRender/build/f1/install-release/share/AzureRender/assets_public/baselines
-- Installing: D:/Assigment/2609/FYP/Project/AzureRender/build/f1/install-release/share/AzureRender/assets_public/baselines/character
-- Installing: D:/Assigment/2609/FYP/Project/AzureRender/build/f1/install-release/share/AzureRender/assets_public/baselines/character/character_albedo_fullbody.png
-- Installing: D:/Assigment/2609/FYP/Project/AzureRender/build/f1/install-release/share/AzureRender/assets_public/baselines/character/character_beauty_fullbody.png
-- Installing: D:/Assigment/2609/FYP/Project/AzureRender/build/f1/install-release/share/AzureRender/assets_public/baselines/character/character_direct_diffuse_fullbody.png
-- Installing: D:/Assigment/2609/FYP/Project/AzureRender/build/f1/install-release/share/AzureRender/assets_public/baselines/character/character_face_sdf_closeup.png
-- Installing: D:/Assigment/2609/FYP/Project/AzureRender/build/f1/install-release/share/AzureRender/assets_public/baselines/character/character_material_id_fullbody.png
-- Installing: D:/Assigment/2609/FYP/Project/AzureRender/build/f1/install-release/share/AzureRender/assets_public/baselines/character/character_outline_fullbody.png
-- Installing: D:/Assigment/2609/FYP/Project/AzureRender/build/f1/install-release/share/AzureRender/assets_public/baselines/character/character_world_normal_fullbody.png
-- Installing: D:/Assigment/2609/FYP/Project/AzureRender/build/f1/install-release/share/AzureRender/assets_public/face_sdf_v1.png
-- Installing: D:/Assigment/2609/FYP/Project/AzureRender/build/f1/install-release/share/AzureRender/assets_public/fonts
-- Installing: D:/Assigment/2609/FYP/Project/AzureRender/build/f1/install-release/share/AzureRender/assets_public/fonts/.gitattributes
-- Installing: D:/Assigment/2609/FYP/Project/AzureRender/build/f1/install-release/share/AzureRender/assets_public/fonts/LatoLatin-Regular.ttf
-- Installing: D:/Assigment/2609/FYP/Project/AzureRender/build/f1/install-release/share/AzureRender/assets_public/fonts/RmlUi-Sample-Fonts-LICENSE.txt
-- Installing: D:/Assigment/2609/FYP/Project/AzureRender/build/f1/install-release/share/AzureRender/assets_public/gameplay
-- Installing: D:/Assigment/2609/FYP/Project/AzureRender/build/f1/install-release/share/AzureRender/assets_public/gameplay/assets
-- Installing: D:/Assigment/2609/FYP/Project/AzureRender/build/f1/install-release/share/AzureRender/assets_public/gameplay/assets/courtyard.azurelevel
-- Installing: D:/Assigment/2609/FYP/Project/AzureRender/build/f1/install-release/share/AzureRender/assets_public/gameplay/assets/courtyard.azurelevel.azmeta
-- Installing: D:/Assigment/2609/FYP/Project/AzureRender/build/f1/install-release/share/AzureRender/assets_public/gameplay/assets/destination.azurelevel
-- Installing: D:/Assigment/2609/FYP/Project/AzureRender/build/f1/install-release/share/AzureRender/assets_public/gameplay/assets/destination.azurelevel.azmeta
-- Installing: D:/Assigment/2609/FYP/Project/AzureRender/build/f1/install-release/share/AzureRender/assets_public/gameplay/assets/hero.gltf
-- Installing: D:/Assigment/2609/FYP/Project/AzureRender/build/f1/install-release/share/AzureRender/assets_public/gameplay/assets/hero.gltf.azmeta
-- Installing: D:/Assigment/2609/FYP/Project/AzureRender/build/f1/install-release/share/AzureRender/assets_public/gameplay/assets/hud.rml
-- Installing: D:/Assigment/2609/FYP/Project/AzureRender/build/f1/install-release/share/AzureRender/assets_public/gameplay/assets/hud.rml.azmeta
-- Installing: D:/Assigment/2609/FYP/Project/AzureRender/build/f1/install-release/share/AzureRender/assets_public/gameplay/assets/motion.json
-- Installing: D:/Assigment/2609/FYP/Project/AzureRender/build/f1/install-release/share/AzureRender/assets_public/gameplay/assets/motion.json.azmeta
-- Installing: D:/Assigment/2609/FYP/Project/AzureRender/build/f1/install-release/share/AzureRender/assets_public/gameplay/assets/player.lua
-- Installing: D:/Assigment/2609/FYP/Project/AzureRender/build/f1/install-release/share/AzureRender/assets_public/gameplay/assets/player.lua.azmeta
-- Installing: D:/Assigment/2609/FYP/Project/AzureRender/build/f1/install-release/share/AzureRender/assets_public/gameplay/assets/portal.gltf
-- Installing: D:/Assigment/2609/FYP/Project/AzureRender/build/f1/install-release/share/AzureRender/assets_public/gameplay/assets/portal.gltf.azmeta
-- Installing: D:/Assigment/2609/FYP/Project/AzureRender/build/f1/install-release/share/AzureRender/assets_public/gameplay/assets/portal.lua
-- Installing: D:/Assigment/2609/FYP/Project/AzureRender/build/f1/install-release/share/AzureRender/assets_public/gameplay/assets/portal.lua.azmeta
-- Installing: D:/Assigment/2609/FYP/Project/AzureRender/build/f1/install-release/share/AzureRender/assets_public/gameplay/assets/portal.wav
-- Installing: D:/Assigment/2609/FYP/Project/AzureRender/build/f1/install-release/share/AzureRender/assets_public/gameplay/assets/portal.wav.azmeta
-- Installing: D:/Assigment/2609/FYP/Project/AzureRender/build/f1/install-release/share/AzureRender/assets_public/gameplay/project.azureproject
-- Installing: D:/Assigment/2609/FYP/Project/AzureRender/build/f1/install-release/share/AzureRender/assets_public/level.schema.json
-- Installing: D:/Assigment/2609/FYP/Project/AzureRender/build/f1/install-release/share/AzureRender/assets_public/project.schema.json
-- Installing: D:/Assigment/2609/FYP/Project/AzureRender/build/f1/install-release/share/AzureRender/assets_public/README.md
-- Installing: D:/Assigment/2609/FYP/Project/AzureRender/build/f1/install-release/share/AzureRender/assets_public/scenes
-- Installing: D:/Assigment/2609/FYP/Project/AzureRender/build/f1/install-release/share/AzureRender/assets_public/scenes/clustered_lights_16.azscene
-- Installing: D:/Assigment/2609/FYP/Project/AzureRender/build/f1/install-release/share/AzureRender/assets_public/scenes/clustered_lights_empty.azscene
-- Installing: D:/Assigment/2609/FYP/Project/AzureRender/build/f1/install-release/share/AzureRender/assets_public/scenes/r4_stress.azscene
-- Installing: D:/Assigment/2609/FYP/Project/AzureRender/build/f1/install-release/share/AzureRender/assets_public/showcase_looks.json
-- Installing: D:/Assigment/2609/FYP/Project/AzureRender/build/f1/install-release/share/AzureRender/assets_public/test_env.hdr
-- Installing: D:/Assigment/2609/FYP/Project/AzureRender/build/f1/install-release/share/AzureRender/assets_public/test_env_strong.hdr
-- Installing: D:/Assigment/2609/FYP/Project/AzureRender/build/f1/install-release/share/AzureRender/assets_public/test_model.gltf
-- Installing: D:/Assigment/2609/FYP/Project/AzureRender/build/f1/install-release/share/AzureRender/assets_public/toon_ramp_atlas.ppm
-- Installing: D:/Assigment/2609/FYP/Project/AzureRender/build/f1/install-release/share/AzureRender/assets_public/toon_ramp_profiles.json
-- Installing: D:/Assigment/2609/FYP/Project/AzureRender/build/f1/install-release/share/AzureRender/README.md
-- Installing: D:/Assigment/2609/FYP/Project/AzureRender/build/f1/install-release/share/AzureRender/CHANGELOG.md
-- Installing: D:/Assigment/2609/FYP/Project/AzureRender/build/f1/install-release/share/AzureRender/THIRD_PARTY_NOTICES.md
-- Installing: D:/Assigment/2609/FYP/Project/AzureRender/build/f1/install-release/share/AzureRender/index.md
-- Installing: D:/Assigment/2609/FYP/Project/AzureRender/build/f1/install-release/share/AzureRender/getting-started.md
-- Installing: D:/Assigment/2609/FYP/Project/AzureRender/build/f1/install-release/share/AzureRender/architecture.md
-- Installing: D:/Assigment/2609/FYP/Project/AzureRender/build/f1/install-release/share/AzureRender/character-rendering.md
-- Installing: D:/Assigment/2609/FYP/Project/AzureRender/build/f1/install-release/share/AzureRender/blackhole-rendering.md
-- Installing: D:/Assigment/2609/FYP/Project/AzureRender/build/f1/install-release/share/AzureRender/assets-and-editor.md
-- Installing: D:/Assigment/2609/FYP/Project/AzureRender/build/f1/install-release/share/AzureRender/development-and-release.md
-- Installing: D:/Assigment/2609/FYP/Project/AzureRender/build/f1/install-release/share/AzureRender/reference.md
-- Installing: D:/Assigment/2609/FYP/Project/AzureRender/build/f1/install-release/share/AzureRender/documentation-standard.md
-- Installing: D:/Assigment/2609/FYP/Project/AzureRender/build/f1/install-release/share/AzureRender/azure-engine-plan.md
-- Installing: D:/Assigment/2609/FYP/Project/AzureRender/build/f1/install-release/share/AzureRender/render-core-implementation.md
-- Installing: D:/Assigment/2609/FYP/Project/AzureRender/build/f1/install-release/share/AzureRender/compute-passes.md
-- Installing: D:/Assigment/2609/FYP/Project/AzureRender/build/f1/install-release/share/AzureRender/environment-assets.md
-- Installing: D:/Assigment/2609/FYP/Project/AzureRender/build/f1/install-release/share/AzureRender/clustered-lighting.md
-- Installing: D:/Assigment/2609/FYP/Project/AzureRender/build/f1/install-release/share/AzureRender/render-graph.md
-- Installing: D:/Assigment/2609/FYP/Project/AzureRender/build/f1/install-release/share/AzureRender/rhi-synchronization.md
-- Installing: D:/Assigment/2609/FYP/Project/AzureRender/build/f1/install-release/share/AzureRender/scene-data.md
-- Installing: D:/Assigment/2609/FYP/Project/AzureRender/build/f1/install-release/share/AzureRender/parallel-submission.md
-- Installing: D:/Assigment/2609/FYP/Project/AzureRender/build/f1/install-release/share/AzureRender/windows-acceptance.md
-- Installing: D:/Assigment/2609/FYP/Project/AzureRender/build/f1/install-release/share/AzureRender/engine-foundation.md
-- Installing: D:/Assigment/2609/FYP/Project/AzureRender/build/f1/install-release/share/AzureRender/g0-implementation.md
-- Installing: D:/Assigment/2609/FYP/Project/AzureRender/build/f1/install-release/share/AzureRender/g1-implementation.md
-- Installing: D:/Assigment/2609/FYP/Project/AzureRender/build/f1/install-release/share/AzureRender/g2-implementation.md
-- Installing: D:/Assigment/2609/FYP/Project/AzureRender/build/f1/install-release/share/AzureRender/g3-implementation.md
-- Installing: D:/Assigment/2609/FYP/Project/AzureRender/build/f1/install-release/share/AzureRender/g4-implementation.md
-- Installing: D:/Assigment/2609/FYP/Project/AzureRender/build/f1/install-release/share/AzureRender/reflection.md
-- Installing: D:/Assigment/2609/FYP/Project/AzureRender/build/f1/install-release/share/AzureRender/assets-levels.md
-- Installing: D:/Assigment/2609/FYP/Project/AzureRender/build/f1/install-release/share/AzureRender/physics-input.md
-- Installing: D:/Assigment/2609/FYP/Project/AzureRender/build/f1/install-release/share/AzureRender/scripts-gameplay.md
-- Installing: D:/Assigment/2609/FYP/Project/AzureRender/build/f1/install-release/share/AzureRender/docs/index.md
-- Installing: D:/Assigment/2609/FYP/Project/AzureRender/build/f1/install-release/share/AzureRender/docs/getting-started.md
-- Installing: D:/Assigment/2609/FYP/Project/AzureRender/build/f1/install-release/share/AzureRender/docs/architecture.md
-- Installing: D:/Assigment/2609/FYP/Project/AzureRender/build/f1/install-release/share/AzureRender/docs/character-rendering.md
-- Installing: D:/Assigment/2609/FYP/Project/AzureRender/build/f1/install-release/share/AzureRender/docs/blackhole-rendering.md
-- Installing: D:/Assigment/2609/FYP/Project/AzureRender/build/f1/install-release/share/AzureRender/docs/assets-and-editor.md
-- Installing: D:/Assigment/2609/FYP/Project/AzureRender/build/f1/install-release/share/AzureRender/docs/development-and-release.md
-- Installing: D:/Assigment/2609/FYP/Project/AzureRender/build/f1/install-release/share/AzureRender/docs/reference.md
-- Installing: D:/Assigment/2609/FYP/Project/AzureRender/build/f1/install-release/share/AzureRender/docs/documentation-standard.md
-- Installing: D:/Assigment/2609/FYP/Project/AzureRender/build/f1/install-release/share/AzureRender/docs/plans/azure-engine-plan.md
-- Installing: D:/Assigment/2609/FYP/Project/AzureRender/build/f1/install-release/share/AzureRender/docs/plans/render-core-implementation.md
-- Installing: D:/Assigment/2609/FYP/Project/AzureRender/build/f1/install-release/share/AzureRender/docs/runtime/compute-passes.md
-- Installing: D:/Assigment/2609/FYP/Project/AzureRender/build/f1/install-release/share/AzureRender/docs/runtime/environment-assets.md
-- Installing: D:/Assigment/2609/FYP/Project/AzureRender/build/f1/install-release/share/AzureRender/docs/runtime/clustered-lighting.md
-- Installing: D:/Assigment/2609/FYP/Project/AzureRender/build/f1/install-release/share/AzureRender/docs/runtime/render-graph.md
-- Installing: D:/Assigment/2609/FYP/Project/AzureRender/build/f1/install-release/share/AzureRender/docs/runtime/rhi-synchronization.md
-- Installing: D:/Assigment/2609/FYP/Project/AzureRender/build/f1/install-release/share/AzureRender/docs/runtime/scene-data.md
-- Installing: D:/Assigment/2609/FYP/Project/AzureRender/build/f1/install-release/share/AzureRender/docs/runtime/parallel-submission.md
-- Installing: D:/Assigment/2609/FYP/Project/AzureRender/build/f1/install-release/share/AzureRender/docs/runtime/windows-acceptance.md
-- Installing: D:/Assigment/2609/FYP/Project/AzureRender/build/f1/install-release/share/AzureRender/docs/runtime/engine-foundation.md
-- Installing: D:/Assigment/2609/FYP/Project/AzureRender/build/f1/install-release/share/AzureRender/docs/plans/g0-implementation.md
-- Installing: D:/Assigment/2609/FYP/Project/AzureRender/build/f1/install-release/share/AzureRender/docs/plans/g1-implementation.md
-- Installing: D:/Assigment/2609/FYP/Project/AzureRender/build/f1/install-release/share/AzureRender/docs/plans/g2-implementation.md
-- Installing: D:/Assigment/2609/FYP/Project/AzureRender/build/f1/install-release/share/AzureRender/docs/plans/g3-implementation.md
-- Installing: D:/Assigment/2609/FYP/Project/AzureRender/build/f1/install-release/share/AzureRender/docs/plans/g4-implementation.md
-- Installing: D:/Assigment/2609/FYP/Project/AzureRender/build/f1/install-release/share/AzureRender/docs/runtime/reflection.md
-- Installing: D:/Assigment/2609/FYP/Project/AzureRender/build/f1/install-release/share/AzureRender/docs/runtime/assets-levels.md
-- Installing: D:/Assigment/2609/FYP/Project/AzureRender/build/f1/install-release/share/AzureRender/docs/runtime/physics-input.md
-- Installing: D:/Assigment/2609/FYP/Project/AzureRender/build/f1/install-release/share/AzureRender/docs/runtime/scripts-gameplay.md
-- Installing: D:/Assigment/2609/FYP/Project/AzureRender/build/f1/install-release/share/AzureRender/docs/acceptance/r1/2026-09-26.md
-- Installing: D:/Assigment/2609/FYP/Project/AzureRender/build/f1/install-release/share/AzureRender/docs/acceptance/r2/2026-09-26.md
-- Installing: D:/Assigment/2609/FYP/Project/AzureRender/build/f1/install-release/share/AzureRender/docs/acceptance/r3/2026-10-03.md
-- Installing: D:/Assigment/2609/FYP/Project/AzureRender/build/f1/install-release/share/AzureRender/docs/acceptance/r4/2026-10-03.md
-- Installing: D:/Assigment/2609/FYP/Project/AzureRender/build/f1/install-release/share/AzureRender/docs/runtime/blackhole-performance.md
-- Installing: D:/Assigment/2609/FYP/Project/AzureRender/build/f1/install-release/share/AzureRender/docs/plans/2026-10-03-blackhole-optimization.md
-- Installing: D:/Assigment/2609/FYP/Project/AzureRender/build/f1/install-release/share/AzureRender/docs/acceptance/g0/2026-10-03.md
-- Installing: D:/Assigment/2609/FYP/Project/AzureRender/build/f1/install-release/share/AzureRender/docs/acceptance/blackhole/2026-10-03.md
-- Installing: D:/Assigment/2609/FYP/Project/AzureRender/build/f1/install-release/share/AzureRender/licenses/imgui-LICENSE.txt
-- Installing: D:/Assigment/2609/FYP/Project/AzureRender/build/f1/install-release/share/AzureRender/licenses/glfw3-LICENSE.txt
-- Installing: D:/Assigment/2609/FYP/Project/AzureRender/build/f1/install-release/share/AzureRender/licenses/tinygltf-LICENSE.txt
-- Installing: D:/Assigment/2609/FYP/Project/AzureRender/build/f1/install-release/share/AzureRender/licenses/stb-LICENSE.txt
-- Installing: D:/Assigment/2609/FYP/Project/AzureRender/build/f1/install-release/share/AzureRender/licenses/openexr-LICENSE.txt
-- Installing: D:/Assigment/2609/FYP/Project/AzureRender/build/f1/install-release/share/AzureRender/licenses/imath-LICENSE.txt
-- Installing: D:/Assigment/2609/FYP/Project/AzureRender/build/f1/install-release/share/AzureRender/licenses/libdeflate-LICENSE.txt
-- Installing: D:/Assigment/2609/FYP/Project/AzureRender/build/f1/install-release/share/AzureRender/licenses/openjph-LICENSE.txt
-- Installing: D:/Assigment/2609/FYP/Project/AzureRender/build/f1/install-release/share/AzureRender/licenses/nlohmann-json-LICENSE.txt
-- Installing: D:/Assigment/2609/FYP/Project/AzureRender/build/f1/install-release/share/AzureRender/licenses/joltphysics-LICENSE.txt
-- Installing: D:/Assigment/2609/FYP/Project/AzureRender/build/f1/install-release/share/AzureRender/licenses/lua-LICENSE.txt
-- Installing: D:/Assigment/2609/FYP/Project/AzureRender/build/f1/install-release/share/AzureRender/licenses/sol2-LICENSE.txt
-- Installing: D:/Assigment/2609/FYP/Project/AzureRender/build/f1/install-release/share/AzureRender/licenses/rmlui-LICENSE.txt
-- Installing: D:/Assigment/2609/FYP/Project/AzureRender/build/f1/install-release/share/AzureRender/licenses/miniaudio-LICENSE.txt
-- Installing: D:/Assigment/2609/FYP/Project/AzureRender/build/f1/install-release/share/AzureRender/licenses/freetype-LICENSE.txt
-- Installing: D:/Assigment/2609/FYP/Project/AzureRender/build/f1/install-release/share/AzureRender/licenses/libpng-LICENSE.txt
-- Installing: D:/Assigment/2609/FYP/Project/AzureRender/build/f1/install-release/share/AzureRender/licenses/zlib-LICENSE.txt
-- Installing: D:/Assigment/2609/FYP/Project/AzureRender/build/f1/install-release/share/AzureRender/licenses/bzip2-LICENSE.txt
-- Installing: D:/Assigment/2609/FYP/Project/AzureRender/build/f1/install-release/share/AzureRender/licenses/brotli-LICENSE.txt
-- Installing: D:/Assigment/2609/FYP/Project/AzureRender/build/f1/install-release/bin/glfw3.dll
-- Installing: D:/Assigment/2609/FYP/Project/AzureRender/build/f1/install-release/bin/Iex-3_4.dll
-- Installing: D:/Assigment/2609/FYP/Project/AzureRender/build/f1/install-release/bin/IlmThread-3_4.dll
-- Installing: D:/Assigment/2609/FYP/Project/AzureRender/build/f1/install-release/bin/Imath-3_2.dll
-- Installing: D:/Assigment/2609/FYP/Project/AzureRender/build/f1/install-release/bin/OpenEXR-3_4.dll
-- Installing: D:/Assigment/2609/FYP/Project/AzureRender/build/f1/install-release/bin/OpenEXRCore-3_4.dll
-- Installing: D:/Assigment/2609/FYP/Project/AzureRender/build/f1/install-release/bin/OpenEXRUtil-3_4.dll
-- Installing: D:/Assigment/2609/FYP/Project/AzureRender/build/f1/install-release/bin/brotlicommon.dll
-- Installing: D:/Assigment/2609/FYP/Project/AzureRender/build/f1/install-release/bin/brotlidec.dll
-- Installing: D:/Assigment/2609/FYP/Project/AzureRender/build/f1/install-release/bin/brotlienc.dll
-- Installing: D:/Assigment/2609/FYP/Project/AzureRender/build/f1/install-release/bin/bz2.dll
-- Installing: D:/Assigment/2609/FYP/Project/AzureRender/build/f1/install-release/bin/deflate.dll
-- Installing: D:/Assigment/2609/FYP/Project/AzureRender/build/f1/install-release/bin/freetype.dll
-- Up-to-date: D:/Assigment/2609/FYP/Project/AzureRender/build/f1/install-release/bin/glfw3.dll
-- Installing: D:/Assigment/2609/FYP/Project/AzureRender/build/f1/install-release/bin/libpng16.dll
-- Installing: D:/Assigment/2609/FYP/Project/AzureRender/build/f1/install-release/bin/lua.dll
-- Installing: D:/Assigment/2609/FYP/Project/AzureRender/build/f1/install-release/bin/openjph.0.31.dll
-- Installing: D:/Assigment/2609/FYP/Project/AzureRender/build/f1/install-release/bin/rmlui.dll
-- Installing: D:/Assigment/2609/FYP/Project/AzureRender/build/f1/install-release/bin/rmlui_debugger.dll
-- Installing: D:/Assigment/2609/FYP/Project/AzureRender/build/f1/install-release/bin/z.dll
-- Installing: D:/Assigment/2609/FYP/Project/AzureRender/build/f1/install-release/share/AzureRender/runtime-build.json
-- Installing: D:/Assigment/2609/FYP/Project/AzureRender/build/f1/install-release/share/AzureRender/tools/build_game.py
-- Installing: D:/Assigment/2609/FYP/Project/AzureRender/build/f1/install-release/share/AzureRender/docs/acceptance/g1/2026-10-03.md
-- Installing: D:/Assigment/2609/FYP/Project/AzureRender/build/f1/install-release/share/AzureRender/docs/acceptance/g2/2026-10-04.md
-- Installing: D:/Assigment/2609/FYP/Project/AzureRender/build/f1/install-release/share/AzureRender/docs/acceptance/g3/2026-10-04.md
-- Installing: D:/Assigment/2609/FYP/Project/AzureRender/build/f1/install-release/share/AzureRender/docs/acceptance/g4/2026-10-04.md
-- Installing: D:/Assigment/2609/FYP/Project/AzureRender/build/f1/install-release/share/AzureRender/docs/acceptance/u0/2026-10-04.md
-- Installing: D:/Assigment/2609/FYP/Project/AzureRender/build/f1/install-release/share/AzureRender/docs/acceptance/p0/2026-10-04.md
-- Installing: D:/Assigment/2609/FYP/Project/AzureRender/build/f1/install-release/share/AzureRender/licenses/LatoLatin-LICENSE.txt
-- Installing: D:/Assigment/2609/FYP/Project/AzureRender/build/f1/install-release/share/AzureRender/docs/runtime/editor-game-ui.md
-- Installing: D:/Assigment/2609/FYP/Project/AzureRender/build/f1/install-release/share/AzureRender/docs/runtime/game-publishing.md
-- Installing: D:/Assigment/2609/FYP/Project/AzureRender/build/f1/install-release/share/AzureRender/docs/runtime/build-reproducibility.md
-- Installing: D:/Assigment/2609/FYP/Project/AzureRender/build/f1/install-release/share/AzureRender/docs/plans/u0-implementation.md
-- Installing: D:/Assigment/2609/FYP/Project/AzureRender/build/f1/install-release/share/AzureRender/docs/plans/p0-implementation.md
-- Installing: D:/Assigment/2609/FYP/Project/AzureRender/build/f1/install-release/share/AzureRender/docs/plans/third-person-playable-plan.md
-- Install manifest: D:\Assigment\2609\FYP\Project\AzureRender\build\f1\install-release\install_manifest.json (208 files, 20 licenses)
-- Install manifest: D:/Assigment/2609/FYP/Project/AzureRender/verify-install-manifest/manifest.regenerated (208 files, 20 licenses)
-- Install tree verified against manifest
