-- Selecting Windows SDK version 10.0.26100.0 to target Windows 10.0.26200.
-- The CXX compiler identification is MSVC 19.38.33145.0
-- Detecting CXX compiler ABI info
-- Detecting CXX compiler ABI info - done
-- Check for working CXX compiler: D:/Visual Studio/2022/VC/Tools/MSVC/14.38.33130/bin/Hostx64/x64/cl.exe - skipped
-- Detecting CXX compile features
-- Detecting CXX compile features - done
-- Found ZLIB: optimized;D:/Assigment/2609/FYP/Project/AzureRender/build/ninja-msvc-release/vcpkg_installed/x64-windows/lib/z.lib;debug;D:/Assigment/2609/FYP/Project/AzureRender/build/ninja-msvc-release/vcpkg_installed/x64-windows/debug/lib/zd.lib (found version "1.3.2")
-- Found Freetype target Freetype::Freetype - Freetype font engine enabled
-- Found Vulkan: C:/VulkanSDK/1.4.350.0/Lib/vulkan-1.lib (found version "1.4.350") found components: glslc glslangValidator
-- Performing Test CMAKE_HAVE_LIBC_PTHREAD
-- Performing Test CMAKE_HAVE_LIBC_PTHREAD - Failed
-- Looking for pthread_create in pthreads
-- Looking for pthread_create in pthreads - not found
-- Looking for pthread_create in pthread
-- Looking for pthread_create in pthread - not found
-- Found Threads: TRUE
-- Found nlohmann_json: D:/Assigment/2609/FYP/Project/AzureRender/build/ninja-msvc-release/vcpkg_installed/x64-windows/share/nlohmann_json/nlohmann_jsonConfig.cmake (found version "3.12.0")
-- Found Python3: C:/Users/23587/AppData/Local/Programs/Python/Python311/python.exe (found version "3.11.9") found components: Interpreter
-- Configuring done (41.5s)
-- Generating done (2.6s)
-- Build files have been written to: D:/Assigment/2609/FYP/Project/AzureRender/build/f1/visual-studio
