[1791343984304][info][editor][code=0] Opened scene: editor-exploration
[1791343984617][info][gpu][code=0] GPU capability report: captures\gpu_capabilities.json
[1791343984871][info][render][code=0] Character texture access: indexed, requested slots=59, stage sampler limit=1048576
[1791343984886][info][render][code=0] Character IBL: GPU-prefiltered environment mip chain
[1791343984895][info][render][code=0] Character skinning and morph: Vulkan compute path
[1791343984900][info][editor][code=0] Opened scene: editor-exploration
[1791343984901][info][editor][code=0] Selected node: Placed Object
[1791343984920][info][editor][code=0] Opened scene: editor-exploration
[1791343984922][info][editor][code=0] Selected node: Placed Object
[1791343984927][info][editor][code=0] Asset reload requested; changed files: 0
[1791343984933][info][render][code=0] Character texture access: indexed, requested slots=59, stage sampler limit=1048576
[1791343984947][info][render][code=0] Character IBL: GPU-prefiltered environment mip chain
[1791343984956][info][render][code=0] Character skinning and morph: Vulkan compute path
[1791343984958][info][editor][code=0] Renderer resources reloaded
[1791343984972][info][editor][code=0] Opened scene: editor-exploration
[1791343984987][info][editor][code=0] Undo
[1791343986148][info][editor][code=0] Play started
[1791343986154][info][render][code=0] Character texture access: indexed, requested slots=59, stage sampler limit=1048576
[1791343986173][info][render][code=0] Character IBL: GPU-prefiltered environment mip chain
[1791343986185][info][render][code=0] Character skinning and morph: Vulkan compute path
[1791343986334][info][editor][code=0] Play stopped; edit state restored
[1791343986341][info][render][code=0] Character texture access: indexed, requested slots=59, stage sampler limit=1048576
[1791343986353][info][render][code=0] Character IBL: GPU-prefiltered environment mip chain
[1791343986365][info][render][code=0] Character skinning and morph: Vulkan compute path
[1791343986386][info][editor][code=0] Saved scene: D:\Assigment\2609\FYP\Project\AzureRender\build\evolution\p3\authoring\game\assets\exploration.azurelevel
