Controls: Space pause/resume, R auto rotate, 1/2/3/4 full-body angles, 5 face close-up, 6 portfolio orbit, Left/Right fine rotate, F1/F2/F3 showcase presets, F4 animation pause/resume, F11 animation restart, 7/8 previous/next animation, 9 timeline status, 0 diagnostic view, H HUD, F10 inner outlines, F9 style toggle, F7/F8 mask strength, F5/F6 band threshold, F12 screenshot
Validation layer: disabled
Selected GPU: NVIDIA GeForce RTX 4060 Laptop GPU
HDR scene color candidate: VK_FORMAT_R16G16B16A16_SFLOAT (supported)
GPU timing: enabled, timestamp period 1.000000 ns, 64 valid bits
Scene renderer: blackhole (sceneType=blackhole)
Diagnostic view: Beauty, stylized lighting: on, internal outline: on, HUD: off
GPU timing samples: 300
  Shadow: 0.009 ms (0.023%)
  Main scene: 38.005 ms (99.874%)
  Internal outline: 0.039 ms (0.103%)
  Total render: 38.053 ms avg, 33.293 ms min, 43.470 ms max
  Percentiles: p50 38.383 ms, p95 41.772 ms, p99 42.832 ms
  Submission per frame: 0.000 draws, 0.000 descriptor binds
  CPU recording: 0.218 ms per frame, worker passes: 0
GPU timing report: D:\Assigment\2609\FYP\Project\AzureRender\build\blackhole-optimization\baseline-screen\timing-0.json
Rendered frames: 300
Allocator after unload: buffers=0 images=0
[1791018354244][info][gpu][code=0] GPU capability report: captures\gpu_capabilities.json
[1791018354568][info][render][code=0] Blackhole bloom: four-level Vulkan compute path
