[1791339660534][info][editor][code=0] Opened scene: exploration
[Vulkan Loader] LAYER:          Checking for Layer Manifest files in Registry at HKEY_LOCAL_MACHINE\SOFTWARE\Khronos\Vulkan\ImplicitLayers
[Vulkan Loader] INFO | LAYER:   Located json file "C:\Program Files (x86)\Epic Games\Epic Online Services\managedArtifacts\98bc04bc842e4906993fd6d6644ffb8d\EOSOverlayVkLayer-Win64.json" from registry "HKEY_LOCAL_MACHINE\SOFTWARE\Khronos\Vulkan\ImplicitLayers"
[Vulkan Loader] INFO | LAYER:   Located json file "C:\Program Files\RenderDoc\renderdoc.json" from registry "HKEY_LOCAL_MACHINE\SOFTWARE\Khronos\Vulkan\ImplicitLayers"
[Vulkan Loader] INFO | LAYER:   Located json file "D:\Steam\SteamOverlayVulkanLayer64.json" from registry "HKEY_LOCAL_MACHINE\SOFTWARE\Khronos\Vulkan\ImplicitLayers"
[Vulkan Loader] INFO | LAYER:   Located json file "D:\Steam\SteamFossilizeVulkanLayer64.json" from registry "HKEY_LOCAL_MACHINE\SOFTWARE\Khronos\Vulkan\ImplicitLayers"
[Vulkan Loader] INFO | LAYER:   Located json file "C:\ProgramData\obs-studio-hook\obs-vulkan64.json" from registry "HKEY_CURRENT_USER\SOFTWARE\Khronos\Vulkan\ImplicitLayers"
[Vulkan Loader] INFO | LAYER:   Located json file "C:\ProgramData\obs-studio-hook\obs-vulkan32.json" from registry "HKEY_CURRENT_USER\SOFTWARE\Khronos\Vulkan\ImplicitLayers"
[Vulkan Loader] LAYER:          Checking for Layer Manifest files in Registry at HKEY_LOCAL_MACHINE\SOFTWARE\Khronos\Vulkan\ImplicitLayers
[Vulkan Loader] INFO | LAYER:   Located json file "C:\Program Files (x86)\Epic Games\Epic Online Services\managedArtifacts\98bc04bc842e4906993fd6d6644ffb8d\EOSOverlayVkLayer-Win64.json" from registry "HKEY_LOCAL_MACHINE\SOFTWARE\Khronos\Vulkan\ImplicitLayers"
[Vulkan Loader] INFO | LAYER:   Located json file "C:\Program Files\RenderDoc\renderdoc.json" from registry "HKEY_LOCAL_MACHINE\SOFTWARE\Khronos\Vulkan\ImplicitLayers"
[Vulkan Loader] INFO | LAYER:   Located json file "D:\Steam\SteamOverlayVulkanLayer64.json" from registry "HKEY_LOCAL_MACHINE\SOFTWARE\Khronos\Vulkan\ImplicitLayers"
[Vulkan Loader] INFO | LAYER:   Located json file "D:\Steam\SteamFossilizeVulkanLayer64.json" from registry "HKEY_LOCAL_MACHINE\SOFTWARE\Khronos\Vulkan\ImplicitLayers"
[Vulkan Loader] INFO | LAYER:   Located json file "C:\ProgramData\obs-studio-hook\obs-vulkan64.json" from registry "HKEY_CURRENT_USER\SOFTWARE\Khronos\Vulkan\ImplicitLayers"
[Vulkan Loader] INFO | LAYER:   Located json file "C:\ProgramData\obs-studio-hook\obs-vulkan32.json" from registry "HKEY_CURRENT_USER\SOFTWARE\Khronos\Vulkan\ImplicitLayers"
[Vulkan Loader] LAYER:          Checking for Layer Manifest files in Registry at HKEY_LOCAL_MACHINE\SOFTWARE\Khronos\Vulkan\ImplicitLayers
[Vulkan Loader] INFO | LAYER:   Located json file "C:\Program Files (x86)\Epic Games\Epic Online Services\managedArtifacts\98bc04bc842e4906993fd6d6644ffb8d\EOSOverlayVkLayer-Win64.json" from registry "HKEY_LOCAL_MACHINE\SOFTWARE\Khronos\Vulkan\ImplicitLayers"
[Vulkan Loader] INFO | LAYER:   Located json file "C:\Program Files\RenderDoc\renderdoc.json" from registry "HKEY_LOCAL_MACHINE\SOFTWARE\Khronos\Vulkan\ImplicitLayers"
[Vulkan Loader] INFO | LAYER:   Located json file "D:\Steam\SteamOverlayVulkanLayer64.json" from registry "HKEY_LOCAL_MACHINE\SOFTWARE\Khronos\Vulkan\ImplicitLayers"
[Vulkan Loader] INFO | LAYER:   Located json file "D:\Steam\SteamFossilizeVulkanLayer64.json" from registry "HKEY_LOCAL_MACHINE\SOFTWARE\Khronos\Vulkan\ImplicitLayers"
[Vulkan Loader] INFO | LAYER:   Located json file "C:\ProgramData\obs-studio-hook\obs-vulkan64.json" from registry "HKEY_CURRENT_USER\SOFTWARE\Khronos\Vulkan\ImplicitLayers"
[Vulkan Loader] INFO | LAYER:   Located json file "C:\ProgramData\obs-studio-hook\obs-vulkan32.json" from registry "HKEY_CURRENT_USER\SOFTWARE\Khronos\Vulkan\ImplicitLayers"
[Vulkan Loader] LAYER:          Checking for Layer Manifest files in Registry at HKEY_LOCAL_MACHINE\SOFTWARE\Khronos\Vulkan\ImplicitLayers
[Vulkan Loader] INFO | LAYER:   Located json file "C:\Program Files (x86)\Epic Games\Epic Online Services\managedArtifacts\98bc04bc842e4906993fd6d6644ffb8d\EOSOverlayVkLayer-Win64.json" from registry "HKEY_LOCAL_MACHINE\SOFTWARE\Khronos\Vulkan\ImplicitLayers"
[Vulkan Loader] INFO | LAYER:   Located json file "C:\Program Files\RenderDoc\renderdoc.json" from registry "HKEY_LOCAL_MACHINE\SOFTWARE\Khronos\Vulkan\ImplicitLayers"
[Vulkan Loader] INFO | LAYER:   Located json file "D:\Steam\SteamOverlayVulkanLayer64.json" from registry "HKEY_LOCAL_MACHINE\SOFTWARE\Khronos\Vulkan\ImplicitLayers"
[Vulkan Loader] INFO | LAYER:   Located json file "D:\Steam\SteamFossilizeVulkanLayer64.json" from registry "HKEY_LOCAL_MACHINE\SOFTWARE\Khronos\Vulkan\ImplicitLayers"
[Vulkan Loader] INFO | LAYER:   Located json file "C:\ProgramData\obs-studio-hook\obs-vulkan64.json" from registry "HKEY_CURRENT_USER\SOFTWARE\Khronos\Vulkan\ImplicitLayers"
[Vulkan Loader] INFO | LAYER:   Located json file "C:\ProgramData\obs-studio-hook\obs-vulkan32.json" from registry "HKEY_CURRENT_USER\SOFTWARE\Khronos\Vulkan\ImplicitLayers"
[Vulkan Loader] LAYER:          Checking for Layer Manifest files in Registry at HKEY_LOCAL_MACHINE\SOFTWARE\Khronos\Vulkan\ImplicitLayers
[Vulkan Loader] INFO | LAYER:   Located json file "C:\Program Files (x86)\Epic Games\Epic Online Services\managedArtifacts\98bc04bc842e4906993fd6d6644ffb8d\EOSOverlayVkLayer-Win64.json" from registry "HKEY_LOCAL_MACHINE\SOFTWARE\Khronos\Vulkan\ImplicitLayers"
[Vulkan Loader] INFO | LAYER:   Located json file "C:\Program Files\RenderDoc\renderdoc.json" from registry "HKEY_LOCAL_MACHINE\SOFTWARE\Khronos\Vulkan\ImplicitLayers"
[Vulkan Loader] INFO | LAYER:   Located json file "D:\Steam\SteamOverlayVulkanLayer64.json" from registry "HKEY_LOCAL_MACHINE\SOFTWARE\Khronos\Vulkan\ImplicitLayers"
[Vulkan Loader] INFO | LAYER:   Located json file "D:\Steam\SteamFossilizeVulkanLayer64.json" from registry "HKEY_LOCAL_MACHINE\SOFTWARE\Khronos\Vulkan\ImplicitLayers"
[Vulkan Loader] INFO | LAYER:   Located json file "C:\ProgramData\obs-studio-hook\obs-vulkan64.json" from registry "HKEY_CURRENT_USER\SOFTWARE\Khronos\Vulkan\ImplicitLayers"
[Vulkan Loader] INFO | LAYER:   Located json file "C:\ProgramData\obs-studio-hook\obs-vulkan32.json" from registry "HKEY_CURRENT_USER\SOFTWARE\Khronos\Vulkan\ImplicitLayers"
[Vulkan Loader] LAYER:          Checking for Layer Manifest files in Registry at HKEY_LOCAL_MACHINE\SOFTWARE\Khronos\Vulkan\ExplicitLayers
[Vulkan Loader] INFO | LAYER:   windows_get_device_registry_files: opening device ROOT\DISPLAY\0000
[Vulkan Loader] INFO | LAYER:   windows_get_device_registry_files: unable to open child-device error:13
[Vulkan Loader] INFO | LAYER:   windows_get_device_registry_files: opening device PCI\VEN_8086&DEV_A788&SUBSYS_8BAB103C&REV_04\3&11583659&0&10
[Vulkan Loader] INFO | LAYER:   windows_get_device_registry_files: Opening child device 3 - SWD\DRIVERENUM\IGCC&4&38D58666&0
[Vulkan Loader] INFO | LAYER:   windows_get_device_registry_files: Opening child device 4 - DISPLAY\BOE0B7D\4&38D58666&0&UID8388688
[Vulkan Loader] DEBUG | LAYER:  windows_get_device_registry_files: GUID for 4 is not SoftwareComponent skipping
[Vulkan Loader] INFO | LAYER:   windows_get_device_registry_files: opening device PCI\VEN_10DE&DEV_28E0&SUBSYS_8BAB103C&REV_A1\4&34cfc80f&0&0008
[Vulkan Loader] INFO | LAYER:   windows_get_device_registry_files: unable to open child-device error:13
[Vulkan Loader] LAYER:          windows_get_device_registry_files: found no registry files
[Vulkan Loader] INFO | LAYER:   Located json file "C:\VulkanSDK\1.4.350.0\Bin\VkLayer_api_dump.json" from registry "HKEY_LOCAL_MACHINE\SOFTWARE\Khronos\Vulkan\ExplicitLayers"
[Vulkan Loader] INFO | LAYER:   Located json file "C:\VulkanSDK\1.4.350.0\Bin\VkLayer_gfxreconstruct.json" from registry "HKEY_LOCAL_MACHINE\SOFTWARE\Khronos\Vulkan\ExplicitLayers"
[Vulkan Loader] INFO | LAYER:   Located json file "C:\VulkanSDK\1.4.350.0\Bin\VkLayer_khronos_synchronization2.json" from registry "HKEY_LOCAL_MACHINE\SOFTWARE\Khronos\Vulkan\ExplicitLayers"
[Vulkan Loader] INFO | LAYER:   Located json file "C:\VulkanSDK\1.4.350.0\Bin\VkLayer_khronos_validation.json" from registry "HKEY_LOCAL_MACHINE\SOFTWARE\Khronos\Vulkan\ExplicitLayers"
[Vulkan Loader] INFO | LAYER:   Located json file "C:\VulkanSDK\1.4.350.0\Bin\VkLayer_monitor.json" from registry "HKEY_LOCAL_MACHINE\SOFTWARE\Khronos\Vulkan\ExplicitLayers"
[Vulkan Loader] INFO | LAYER:   Located json file "C:\VulkanSDK\1.4.350.0\Bin\VkLayer_screenshot.json" from registry "HKEY_LOCAL_MACHINE\SOFTWARE\Khronos\Vulkan\ExplicitLayers"
[Vulkan Loader] INFO | LAYER:   Located json file "C:\VulkanSDK\1.4.350.0\Bin\VkLayer_khronos_profiles.json" from registry "HKEY_LOCAL_MACHINE\SOFTWARE\Khronos\Vulkan\ExplicitLayers"
[Vulkan Loader] INFO | LAYER:   Located json file "C:\VulkanSDK\1.4.350.0\Bin\VkLayer_khronos_shader_object.json" from registry "HKEY_LOCAL_MACHINE\SOFTWARE\Khronos\Vulkan\ExplicitLayers"
[Vulkan Loader] INFO | LAYER:   Located json file "C:\VulkanSDK\1.4.350.0\Bin\VkLayer_crash_diagnostic.json" from registry "HKEY_LOCAL_MACHINE\SOFTWARE\Khronos\Vulkan\ExplicitLayers"
[Vulkan Loader] WARNING | LAYER: env var 'VK_INSTANCE_LAYERS' defined and adding layers "VK_LAYER_KHRONOS_validation"
[Vulkan Loader] WARNING | LAYER: env var 'VK_INSTANCE_LAYERS' defined and adding layers "VK_LAYER_KHRONOS_validation"
[Vulkan Loader] DEBUG | LAYER:  Loading layer library C:\VulkanSDK\1.4.350.0\Bin\.\VkLayer_khronos_validation.dll
[Vulkan Loader] INFO | LAYER:   Insert instance layer "VK_LAYER_KHRONOS_validation" (C:\VulkanSDK\1.4.350.0\Bin\VkLayer_khronos_validation.dll)
[Vulkan Loader] DEBUG | LAYER:  Loading layer library C:\ProgramData\obs-studio-hook\.\graphics-hook64.dll
[Vulkan Loader] INFO | LAYER:   Insert instance layer "VK_LAYER_OBS_HOOK" (C:\ProgramData\obs-studio-hook\graphics-hook64.dll)
[Vulkan Loader] DEBUG | LAYER:  Loading layer library C:\WINDOWS\System32\DriverStore\FileRepository\nvhmsi.inf_amd64_5ec4b201b8059b6f\.\nvoglv64.dll
[Vulkan Loader] INFO | LAYER:   Insert instance layer "VK_LAYER_NV_present" (C:\WINDOWS\System32\DriverStore\FileRepository\nvhmsi.inf_amd64_5ec4b201b8059b6f\nvoglv64.dll)
[Vulkan Loader] DEBUG | LAYER:  Loading layer library C:\WINDOWS\System32\DriverStore\FileRepository\nvhmsi.inf_amd64_5ec4b201b8059b6f\.\nvoglv64.dll
[Vulkan Loader] INFO | LAYER:   Insert instance layer "VK_LAYER_NV_optimus" (C:\WINDOWS\System32\DriverStore\FileRepository\nvhmsi.inf_amd64_5ec4b201b8059b6f\nvoglv64.dll)
[Vulkan Loader] LAYER:          vkCreateInstance layer callstack setup to:
[Vulkan Loader] LAYER:             <Application>
[Vulkan Loader] LAYER:               ||
[Vulkan Loader] LAYER:             <Loader>
[Vulkan Loader] LAYER:               ||
[Vulkan Loader] LAYER:             VK_LAYER_NV_optimus
[Vulkan Loader] LAYER:                     Type: Implicit
[Vulkan Loader] LAYER:                     Enabled By: Implicit Layer
[Vulkan Loader] LAYER:                         Disable Env Var:  DISABLE_LAYER_NV_OPTIMUS_1
[Vulkan Loader] LAYER:                     Manifest: C:\WINDOWS\System32\DriverStore\FileRepository\nvhmsi.inf_amd64_5ec4b201b8059b6f\nv-vk64.json
[Vulkan Loader] LAYER:                     Library:  C:\WINDOWS\System32\DriverStore\FileRepository\nvhmsi.inf_amd64_5ec4b201b8059b6f\nvoglv64.dll
[Vulkan Loader] LAYER:               ||
[Vulkan Loader] LAYER:             VK_LAYER_NV_present
[Vulkan Loader] LAYER:                     Type: Implicit
[Vulkan Loader] LAYER:                     Enabled By: Implicit Layer
[Vulkan Loader] LAYER:                         Disable Env Var:  DISABLE_LAYER_NV_PRESENT_1
[Vulkan Loader] LAYER:                     Manifest: C:\WINDOWS\System32\DriverStore\FileRepository\nvhmsi.inf_amd64_5ec4b201b8059b6f\nv-vk64.json
[Vulkan Loader] LAYER:                     Library:  C:\WINDOWS\System32\DriverStore\FileRepository\nvhmsi.inf_amd64_5ec4b201b8059b6f\nvoglv64.dll
[Vulkan Loader] LAYER:               ||
[Vulkan Loader] LAYER:             VK_LAYER_OBS_HOOK
[Vulkan Loader] LAYER:                     Type: Implicit
[Vulkan Loader] LAYER:                     Enabled By: Implicit Layer
[Vulkan Loader] LAYER:                         Disable Env Var:  DISABLE_VULKAN_OBS_CAPTURE
[Vulkan Loader] LAYER:                     Manifest: C:\ProgramData\obs-studio-hook\obs-vulkan64.json
[Vulkan Loader] LAYER:                     Library:  C:\ProgramData\obs-studio-hook\graphics-hook64.dll
[Vulkan Loader] LAYER:               ||
[Vulkan Loader] LAYER:             VK_LAYER_KHRONOS_validation
[Vulkan Loader] LAYER:                     Type: Explicit
[Vulkan Loader] LAYER:                     Enabled By: Environment Variable VK_INSTANCE_LAYERS
[Vulkan Loader] LAYER:                     Manifest: C:\VulkanSDK\1.4.350.0\Bin\VkLayer_khronos_validation.json
[Vulkan Loader] LAYER:                     Library:  C:\VulkanSDK\1.4.350.0\Bin\VkLayer_khronos_validation.dll
[Vulkan Loader] LAYER:               ||
[Vulkan Loader] LAYER:             <Drivers>
[Vulkan Loader] INFO | LAYER:   Inserted device layer "VK_LAYER_KHRONOS_validation" (C:\VulkanSDK\1.4.350.0\Bin\VkLayer_khronos_validation.dll)
[Vulkan Loader] INFO | LAYER:   Inserted device layer "VK_LAYER_OBS_HOOK" (C:\ProgramData\obs-studio-hook\graphics-hook64.dll)
[Vulkan Loader] INFO | LAYER:   Inserted device layer "VK_LAYER_NV_present" (C:\WINDOWS\System32\DriverStore\FileRepository\nvhmsi.inf_amd64_5ec4b201b8059b6f\nvoglv64.dll)
[Vulkan Loader] INFO | LAYER:   Inserted device layer "VK_LAYER_NV_optimus" (C:\WINDOWS\System32\DriverStore\FileRepository\nvhmsi.inf_amd64_5ec4b201b8059b6f\nvoglv64.dll)
[Vulkan Loader] DRIVER:         vkCreateDevice layer callstack setup to:
[Vulkan Loader] DRIVER:            <Application>
[Vulkan Loader] DRIVER:              ||
[Vulkan Loader] DRIVER:            <Loader>
[Vulkan Loader] DRIVER:              ||
[Vulkan Loader] LAYER:             VK_LAYER_NV_optimus
[Vulkan Loader] LAYER:                     Type: Implicit
[Vulkan Loader] LAYER:                     Enabled By: Implicit Layer
[Vulkan Loader] LAYER:                         Disable Env Var:  DISABLE_LAYER_NV_OPTIMUS_1
[Vulkan Loader] LAYER:                     Manifest: C:\WINDOWS\System32\DriverStore\FileRepository\nvhmsi.inf_amd64_5ec4b201b8059b6f\nv-vk64.json
[Vulkan Loader] LAYER:                     Library:  C:\WINDOWS\System32\DriverStore\FileRepository\nvhmsi.inf_amd64_5ec4b201b8059b6f\nvoglv64.dll
[Vulkan Loader] LAYER:               ||
[Vulkan Loader] LAYER:             VK_LAYER_NV_present
[Vulkan Loader] LAYER:                     Type: Implicit
[Vulkan Loader] LAYER:                     Enabled By: Implicit Layer
[Vulkan Loader] LAYER:                         Disable Env Var:  DISABLE_LAYER_NV_PRESENT_1
[Vulkan Loader] LAYER:                     Manifest: C:\WINDOWS\System32\DriverStore\FileRepository\nvhmsi.inf_amd64_5ec4b201b8059b6f\nv-vk64.json
[Vulkan Loader] LAYER:                     Library:  C:\WINDOWS\System32\DriverStore\FileRepository\nvhmsi.inf_amd64_5ec4b201b8059b6f\nvoglv64.dll
[Vulkan Loader] LAYER:               ||
[Vulkan Loader] LAYER:             VK_LAYER_OBS_HOOK
[Vulkan Loader] LAYER:                     Type: Implicit
[Vulkan Loader] LAYER:                     Enabled By: Implicit Layer
[Vulkan Loader] LAYER:                         Disable Env Var:  DISABLE_VULKAN_OBS_CAPTURE
[Vulkan Loader] LAYER:                     Manifest: C:\ProgramData\obs-studio-hook\obs-vulkan64.json
[Vulkan Loader] LAYER:                     Library:  C:\ProgramData\obs-studio-hook\graphics-hook64.dll
[Vulkan Loader] LAYER:               ||
[Vulkan Loader] LAYER:             VK_LAYER_KHRONOS_validation
[Vulkan Loader] LAYER:                     Type: Explicit
[Vulkan Loader] LAYER:                     Enabled By: Environment Variable VK_INSTANCE_LAYERS
[Vulkan Loader] LAYER:                     Manifest: C:\VulkanSDK\1.4.350.0\Bin\VkLayer_khronos_validation.json
[Vulkan Loader] LAYER:                     Library:  C:\VulkanSDK\1.4.350.0\Bin\VkLayer_khronos_validation.dll
[Vulkan Loader] LAYER:               ||
[Vulkan Loader] DRIVER:            <Device>
[Vulkan Loader] DRIVER:                Using "Intel(R) RaptorLake-S Mobile Graphics Controller" with driver: "C:\WINDOWS\System32\DriverStore\FileRepository\iigd_dch.inf_amd64_1ed7c95e585e0202\igvk64.dll"
[1791339660704][info][gpu][code=0] GPU capability report: captures\gpu_capabilities.json
[1791339660854][info][render][code=0] Character texture access: indexed, requested slots=59, stage sampler limit=64
[1791339660882][info][render][code=0] Character IBL: GPU-prefiltered environment mip chain
[1791339660900][info][render][code=0] Character skinning and morph: Vulkan compute path
[1791339660904][info][editor][code=0] Opened scene: exploration
[1791339660905][info][editor][code=0] Selected node: hero:body
[1791339660923][info][editor][code=0] Asset reload requested; changed files: 0
[1791339660930][info][render][code=0] Character texture access: indexed, requested slots=59, stage sampler limit=64
[1791339660954][info][render][code=0] Character IBL: GPU-prefiltered environment mip chain
[1791339660970][info][render][code=0] Character skinning and morph: Vulkan compute path
[1791339660973][info][editor][code=0] Renderer resources reloaded
[1791339661391][info][editor][code=0] Generated asset: assets:/parameterized.gltf
[1791339661400][info][render][code=0] Character texture access: indexed, requested slots=59, stage sampler limit=64
[1791339661428][info][render][code=0] Character IBL: GPU-prefiltered environment mip chain
[1791339661448][info][render][code=0] Character skinning and morph: Vulkan compute path
[1791339661452][info][editor][code=0] Renderer resources reloaded
[1791339661518][info][render][code=0] Character texture access: indexed, requested slots=27, stage sampler limit=64
[1791339661545][info][render][code=0] Character IBL: GPU-prefiltered environment mip chain
[1791339661547][info][render][code=0] Character skinning and morph: Vulkan compute path
[1791339662124][info][render][code=0] Character texture access: indexed, requested slots=27, stage sampler limit=64
[1791339662160][info][render][code=0] Character IBL: GPU-prefiltered environment mip chain
[1791339662162][info][render][code=0] Character skinning and morph: Vulkan compute path
[1791339662498][info][editor][code=0] Imported asset: direct-model.gltf (84 vertices)
[1791339662506][info][editor][code=0] Asset reload requested; changed files: 1
[1791339662518][info][render][code=0] Character texture access: fixed, requested slots=75, stage sampler limit=64
[1791339662539][info][render][code=0] Character IBL: GPU-prefiltered environment mip chain
[1791339662563][info][render][code=0] Character skinning and morph: Vulkan compute path
[1791339662567][info][editor][code=0] Renderer resources reloaded
[1791339662710][info][render][code=0] Character texture access: indexed, requested slots=27, stage sampler limit=64
[1791339662747][info][render][code=0] Character IBL: GPU-prefiltered environment mip chain
[1791339662749][info][render][code=0] Character skinning and morph: Vulkan compute path
[1791339663134][info][editor][code=0] Generated asset: assets:/articulated.gltf
[1791339663149][info][render][code=0] Character texture access: fixed, requested slots=75, stage sampler limit=64
[1791339663171][info][render][code=0] Character IBL: GPU-prefiltered environment mip chain
[1791339663211][info][render][code=0] Character skinning and morph: Vulkan compute path
[1791339663214][info][editor][code=0] Renderer resources reloaded
[1791339663304][info][editor][code=0] Generated asset: assets:/articulated-graph.json
[1791339663313][info][render][code=0] Character texture access: fixed, requested slots=75, stage sampler limit=64
[1791339663342][info][render][code=0] Character IBL: GPU-prefiltered environment mip chain
[1791339663387][info][render][code=0] Character skinning and morph: Vulkan compute path
[1791339663390][info][editor][code=0] Renderer resources reloaded
[1791339663452][info][render][code=0] Character texture access: indexed, requested slots=35, stage sampler limit=64
[1791339663478][info][render][code=0] Character IBL: GPU-prefiltered environment mip chain
[1791339663481][info][render][code=0] Character skinning and morph: Vulkan compute path
[1791339663765][info][editor][code=0] Opened scene: exploration
[1791339663767][info][editor][code=0] Selected node: Placed Object
[1791339663780][info][editor][code=0] Asset reload requested; changed files: 1
[1791339663793][info][render][code=0] Character texture access: fixed, requested slots=99, stage sampler limit=64
[1791339663815][info][render][code=0] Character IBL: GPU-prefiltered environment mip chain
[1791339663851][info][render][code=0] Character skinning and morph: Vulkan compute path
[1791339663855][info][editor][code=0] Renderer resources reloaded
[1791339663871][info][editor][code=0] Opened scene: exploration
[1791339663897][info][editor][code=0] Opened scene: exploration
[1791339663953][info][editor][code=0] Opened scene: exploration
[1791339664020][info][editor][code=0] Opened scene: exploration
[1791339664067][info][editor][code=0] Opened scene: exploration
[1791339664115][info][editor][code=0] Opened scene: exploration
[1791339664116][info][editor][code=0] Selected node: Placed Object
[1791339664124][info][editor][code=0] Asset reload requested; changed files: 0
[1791339664135][info][render][code=0] Character texture access: fixed, requested slots=99, stage sampler limit=64
[1791339664161][info][render][code=0] Character IBL: GPU-prefiltered environment mip chain
[1791339664196][info][render][code=0] Character skinning and morph: Vulkan compute path
[1791339664200][info][editor][code=0] Renderer resources reloaded
[1791339664248][info][editor][code=0] Opened scene: exploration
[1791339664314][info][editor][code=0] Opened scene: exploration
[1791339664361][info][editor][code=0] Opened scene: exploration
[1791339664411][info][editor][code=0] Opened scene: exploration
[1791339664446][info][editor][code=0] Opened scene: exploration
[1791339665118][info][editor][code=0] Generated asset: assets:/model-proposal.gltf
[1791339665129][info][render][code=0] Character texture access: fixed, requested slots=99, stage sampler limit=64
[1791339665183][info][render][code=0] Character IBL: GPU-prefiltered environment mip chain
[1791339665280][info][render][code=0] Character skinning and morph: Vulkan compute path
[1791339665284][info][editor][code=0] Renderer resources reloaded
[1791339665966][info][editor][code=0] Generated asset: assets:/rig-proposal.gltf
[1791339665978][info][render][code=0] Character texture access: fixed, requested slots=99, stage sampler limit=64
[1791339666020][info][render][code=0] Character IBL: GPU-prefiltered environment mip chain
[1791339666094][info][render][code=0] Character skinning and morph: Vulkan compute path
[1791339666097][info][editor][code=0] Renderer resources reloaded
[1791339666164][info][editor][code=0] Saved scene: D:\Assigment\2609\FYP\Project\AzureRender\build\evolution\p3\intel-procedural\run-1791339660340560500\exploration\Procedural Project with spaces\assets\exploration.azurelevel
[1791339666217][info][editor][code=0] Reloaded scene: exploration
[1791339666224][info][editor][code=0] Asset reload requested; changed files: 0
[1791339666241][info][render][code=0] Character texture access: fixed, requested slots=99, stage sampler limit=64
[1791339666269][info][render][code=0] Character IBL: GPU-prefiltered environment mip chain
[1791339666302][info][render][code=0] Character skinning and morph: Vulkan compute path
[1791339666306][info][editor][code=0] Renderer resources reloaded
[1791339666338][info][editor][code=0] Saved scene: D:\Assigment\2609\FYP\Project\AzureRender\build\evolution\p3\intel-procedural\run-1791339660340560500\exploration\Procedural Project with spaces\assets\exploration.azurelevel
[1791339667513][info][editor][code=0] Play started
[1791339667524][info][render][code=0] Character texture access: fixed, requested slots=99, stage sampler limit=64
[1791339667558][info][render][code=0] Character IBL: GPU-prefiltered environment mip chain
[1791339667603][info][render][code=0] Character skinning and morph: Vulkan compute path
[1791339668824][info][editor][code=0] Play stopped; edit state restored
[1791339668833][info][render][code=0] Character texture access: fixed, requested slots=99, stage sampler limit=64
[1791339668856][info][render][code=0] Character IBL: GPU-prefiltered environment mip chain
[1791339668896][info][render][code=0] Character skinning and morph: Vulkan compute path
[1791339669626][info][editor][code=0] Play started
[1791339669636][info][render][code=0] Character texture access: fixed, requested slots=99, stage sampler limit=64
[1791339669685][info][render][code=0] Character IBL: GPU-prefiltered environment mip chain
[1791339669762][info][render][code=0] Character skinning and morph: Vulkan compute path
[1791339670826][info][editor][code=0] Play stopped; edit state restored
[Vulkan Loader] DEBUG | LAYER:  Unloading layer library C:\WINDOWS\System32\DriverStore\FileRepository\nvhmsi.inf_amd64_5ec4b201b8059b6f\nvoglv64.dll
[Vulkan Loader] DEBUG | LAYER:  Unloading layer library C:\WINDOWS\System32\DriverStore\FileRepository\nvhmsi.inf_amd64_5ec4b201b8059b6f\nvoglv64.dll
[Vulkan Loader] DEBUG | LAYER:  Unloading layer library C:\ProgramData\obs-studio-hook\graphics-hook64.dll
[Vulkan Loader] DEBUG | LAYER:  Unloading layer library C:\VulkanSDK\1.4.350.0\Bin\VkLayer_khronos_validation.dll
