[1791339710589][info][editor][code=0] Opened scene: exploration
[Vulkan Loader] LAYER:          Checking for Layer Manifest files in Registry at HKEY_LOCAL_MACHINE\SOFTWARE\Khronos\Vulkan\ImplicitLayers
[Vulkan Loader] INFO | LAYER:   Located json file "C:\Program Files (x86)\Epic Games\Epic Online Services\managedArtifacts\98bc04bc842e4906993fd6d6644ffb8d\EOSOverlayVkLayer-Win64.json" from registry "HKEY_LOCAL_MACHINE\SOFTWARE\Khronos\Vulkan\ImplicitLayers"
[Vulkan Loader] INFO | LAYER:   Located json file "C:\Program Files\RenderDoc\renderdoc.json" from registry "HKEY_LOCAL_MACHINE\SOFTWARE\Khronos\Vulkan\ImplicitLayers"
[Vulkan Loader] INFO | LAYER:   Located json file "D:\Steam\SteamOverlayVulkanLayer64.json" from registry "HKEY_LOCAL_MACHINE\SOFTWARE\Khronos\Vulkan\ImplicitLayers"
[Vulkan Loader] INFO | LAYER:   Located json file "D:\Steam\SteamFossilizeVulkanLayer64.json" from registry "HKEY_LOCAL_MACHINE\SOFTWARE\Khronos\Vulkan\ImplicitLayers"
[Vulkan Loader] INFO | LAYER:   Located json file "C:\ProgramData\obs-studio-hook\obs-vulkan64.json" from registry "HKEY_CURRENT_USER\SOFTWARE\Khronos\Vulkan\ImplicitLayers"
[Vulkan Loader] INFO | LAYER:   Located json file "C:\ProgramData\obs-studio-hook\obs-vulkan32.json" from registry "HKEY_CURRENT_USER\SOFTWARE\Khronos\Vulkan\ImplicitLayers"
[Vulkan Loader] LAYER:          Checking for Layer Manifest files in Registry at HKEY_LOCAL_MACHINE\SOFTWARE\Khronos\Vulkan\ImplicitLayers
[Vulkan Loader] INFO | LAYER:   Located json file "C:\Program Files (x86)\Epic Games\Epic Online Services\managedArtifacts\98bc04bc842e4906993fd6d6644ffb8d\EOSOverlayVkLayer-Win64.json" from registry "HKEY_LOCAL_MACHINE\SOFTWARE\Khronos\Vulkan\ImplicitLayers"
[Vulkan Loader] INFO | LAYER:   Located json file "C:\Program Files\RenderDoc\renderdoc.json" from registry "HKEY_LOCAL_MACHINE\SOFTWARE\Khronos\Vulkan\ImplicitLayers"
[Vulkan Loader] INFO | LAYER:   Located json file "D:\Steam\SteamOverlayVulkanLayer64.json" from registry "HKEY_LOCAL_MACHINE\SOFTWARE\Khronos\Vulkan\ImplicitLayers"
[Vulkan Loader] INFO | LAYER:   Located json file "D:\Steam\SteamFossilizeVulkanLayer64.json" from registry "HKEY_LOCAL_MACHINE\SOFTWARE\Khronos\Vulkan\ImplicitLayers"
[Vulkan Loader] INFO | LAYER:   Located json file "C:\ProgramData\obs-studio-hook\obs-vulkan64.json" from registry "HKEY_CURRENT_USER\SOFTWARE\Khronos\Vulkan\ImplicitLayers"
[Vulkan Loader] INFO | LAYER:   Located json file "C:\ProgramData\obs-studio-hook\obs-vulkan32.json" from registry "HKEY_CURRENT_USER\SOFTWARE\Khronos\Vulkan\ImplicitLayers"
[Vulkan Loader] LAYER:          Checking for Layer Manifest files in Registry at HKEY_LOCAL_MACHINE\SOFTWARE\Khronos\Vulkan\ImplicitLayers
[Vulkan Loader] INFO | LAYER:   Located json file "C:\Program Files (x86)\Epic Games\Epic Online Services\managedArtifacts\98bc04bc842e4906993fd6d6644ffb8d\EOSOverlayVkLayer-Win64.json" from registry "HKEY_LOCAL_MACHINE\SOFTWARE\Khronos\Vulkan\ImplicitLayers"
[Vulkan Loader] INFO | LAYER:   Located json file "C:\Program Files\RenderDoc\renderdoc.json" from registry "HKEY_LOCAL_MACHINE\SOFTWARE\Khronos\Vulkan\ImplicitLayers"
[Vulkan Loader] INFO | LAYER:   Located json file "D:\Steam\SteamOverlayVulkanLayer64.json" from registry "HKEY_LOCAL_MACHINE\SOFTWARE\Khronos\Vulkan\ImplicitLayers"
[Vulkan Loader] INFO | LAYER:   Located json file "D:\Steam\SteamFossilizeVulkanLayer64.json" from registry "HKEY_LOCAL_MACHINE\SOFTWARE\Khronos\Vulkan\ImplicitLayers"
[Vulkan Loader] INFO | LAYER:   Located json file "C:\ProgramData\obs-studio-hook\obs-vulkan64.json" from registry "HKEY_CURRENT_USER\SOFTWARE\Khronos\Vulkan\ImplicitLayers"
[Vulkan Loader] INFO | LAYER:   Located json file "C:\ProgramData\obs-studio-hook\obs-vulkan32.json" from registry "HKEY_CURRENT_USER\SOFTWARE\Khronos\Vulkan\ImplicitLayers"
[Vulkan Loader] LAYER:          Checking for Layer Manifest files in Registry at HKEY_LOCAL_MACHINE\SOFTWARE\Khronos\Vulkan\ImplicitLayers
[Vulkan Loader] INFO | LAYER:   Located json file "C:\Program Files (x86)\Epic Games\Epic Online Services\managedArtifacts\98bc04bc842e4906993fd6d6644ffb8d\EOSOverlayVkLayer-Win64.json" from registry "HKEY_LOCAL_MACHINE\SOFTWARE\Khronos\Vulkan\ImplicitLayers"
[Vulkan Loader] INFO | LAYER:   Located json file "C:\Program Files\RenderDoc\renderdoc.json" from registry "HKEY_LOCAL_MACHINE\SOFTWARE\Khronos\Vulkan\ImplicitLayers"
[Vulkan Loader] INFO | LAYER:   Located json file "D:\Steam\SteamOverlayVulkanLayer64.json" from registry "HKEY_LOCAL_MACHINE\SOFTWARE\Khronos\Vulkan\ImplicitLayers"
[Vulkan Loader] INFO | LAYER:   Located json file "D:\Steam\SteamFossilizeVulkanLayer64.json" from registry "HKEY_LOCAL_MACHINE\SOFTWARE\Khronos\Vulkan\ImplicitLayers"
[Vulkan Loader] INFO | LAYER:   Located json file "C:\ProgramData\obs-studio-hook\obs-vulkan64.json" from registry "HKEY_CURRENT_USER\SOFTWARE\Khronos\Vulkan\ImplicitLayers"
[Vulkan Loader] INFO | LAYER:   Located json file "C:\ProgramData\obs-studio-hook\obs-vulkan32.json" from registry "HKEY_CURRENT_USER\SOFTWARE\Khronos\Vulkan\ImplicitLayers"
[Vulkan Loader] LAYER:          Checking for Layer Manifest files in Registry at HKEY_LOCAL_MACHINE\SOFTWARE\Khronos\Vulkan\ImplicitLayers
[Vulkan Loader] INFO | LAYER:   Located json file "C:\Program Files (x86)\Epic Games\Epic Online Services\managedArtifacts\98bc04bc842e4906993fd6d6644ffb8d\EOSOverlayVkLayer-Win64.json" from registry "HKEY_LOCAL_MACHINE\SOFTWARE\Khronos\Vulkan\ImplicitLayers"
[Vulkan Loader] INFO | LAYER:   Located json file "C:\Program Files\RenderDoc\renderdoc.json" from registry "HKEY_LOCAL_MACHINE\SOFTWARE\Khronos\Vulkan\ImplicitLayers"
[Vulkan Loader] INFO | LAYER:   Located json file "D:\Steam\SteamOverlayVulkanLayer64.json" from registry "HKEY_LOCAL_MACHINE\SOFTWARE\Khronos\Vulkan\ImplicitLayers"
[Vulkan Loader] INFO | LAYER:   Located json file "D:\Steam\SteamFossilizeVulkanLayer64.json" from registry "HKEY_LOCAL_MACHINE\SOFTWARE\Khronos\Vulkan\ImplicitLayers"
[Vulkan Loader] INFO | LAYER:   Located json file "C:\ProgramData\obs-studio-hook\obs-vulkan64.json" from registry "HKEY_CURRENT_USER\SOFTWARE\Khronos\Vulkan\ImplicitLayers"
[Vulkan Loader] INFO | LAYER:   Located json file "C:\ProgramData\obs-studio-hook\obs-vulkan32.json" from registry "HKEY_CURRENT_USER\SOFTWARE\Khronos\Vulkan\ImplicitLayers"
[Vulkan Loader] LAYER:          Checking for Layer Manifest files in Registry at HKEY_LOCAL_MACHINE\SOFTWARE\Khronos\Vulkan\ExplicitLayers
[Vulkan Loader] INFO | LAYER:   windows_get_device_registry_files: opening device ROOT\DISPLAY\0000
[Vulkan Loader] INFO | LAYER:   windows_get_device_registry_files: unable to open child-device error:13
[Vulkan Loader] INFO | LAYER:   windows_get_device_registry_files: opening device PCI\VEN_8086&DEV_A788&SUBSYS_8BAB103C&REV_04\3&11583659&0&10
[Vulkan Loader] INFO | LAYER:   windows_get_device_registry_files: Opening child device 5 - SWD\DRIVERENUM\IGCC&4&38D58666&0
[Vulkan Loader] INFO | LAYER:   windows_get_device_registry_files: Opening child device 6 - DISPLAY\BOE0B7D\4&38D58666&0&UID8388688
[Vulkan Loader] DEBUG | LAYER:  windows_get_device_registry_files: GUID for 6 is not SoftwareComponent skipping
[Vulkan Loader] INFO | LAYER:   windows_get_device_registry_files: opening device PCI\VEN_10DE&DEV_28E0&SUBSYS_8BAB103C&REV_A1\4&34cfc80f&0&0008
[Vulkan Loader] INFO | LAYER:   windows_get_device_registry_files: unable to open child-device error:13
[Vulkan Loader] LAYER:          windows_get_device_registry_files: found no registry files
[Vulkan Loader] INFO | LAYER:   Located json file "C:\VulkanSDK\1.4.350.0\Bin\VkLayer_api_dump.json" from registry "HKEY_LOCAL_MACHINE\SOFTWARE\Khronos\Vulkan\ExplicitLayers"
[Vulkan Loader] INFO | LAYER:   Located json file "C:\VulkanSDK\1.4.350.0\Bin\VkLayer_gfxreconstruct.json" from registry "HKEY_LOCAL_MACHINE\SOFTWARE\Khronos\Vulkan\ExplicitLayers"
[Vulkan Loader] INFO | LAYER:   Located json file "C:\VulkanSDK\1.4.350.0\Bin\VkLayer_khronos_synchronization2.json" from registry "HKEY_LOCAL_MACHINE\SOFTWARE\Khronos\Vulkan\ExplicitLayers"
[Vulkan Loader] INFO | LAYER:   Located json file "C:\VulkanSDK\1.4.350.0\Bin\VkLayer_khronos_validation.json" from registry "HKEY_LOCAL_MACHINE\SOFTWARE\Khronos\Vulkan\ExplicitLayers"
[Vulkan Loader] INFO | LAYER:   Located json file "C:\VulkanSDK\1.4.350.0\Bin\VkLayer_monitor.json" from registry "HKEY_LOCAL_MACHINE\SOFTWARE\Khronos\Vulkan\ExplicitLayers"
[Vulkan Loader] INFO | LAYER:   Located json file "C:\VulkanSDK\1.4.350.0\Bin\VkLayer_screenshot.json" from registry "HKEY_LOCAL_MACHINE\SOFTWARE\Khronos\Vulkan\ExplicitLayers"
[Vulkan Loader] INFO | LAYER:   Located json file "C:\VulkanSDK\1.4.350.0\Bin\VkLayer_khronos_profiles.json" from registry "HKEY_LOCAL_MACHINE\SOFTWARE\Khronos\Vulkan\ExplicitLayers"
[Vulkan Loader] INFO | LAYER:   Located json file "C:\VulkanSDK\1.4.350.0\Bin\VkLayer_khronos_shader_object.json" from registry "HKEY_LOCAL_MACHINE\SOFTWARE\Khronos\Vulkan\ExplicitLayers"
[Vulkan Loader] INFO | LAYER:   Located json file "C:\VulkanSDK\1.4.350.0\Bin\VkLayer_crash_diagnostic.json" from registry "HKEY_LOCAL_MACHINE\SOFTWARE\Khronos\Vulkan\ExplicitLayers"
[Vulkan Loader] WARNING | LAYER: env var 'VK_INSTANCE_LAYERS' defined and adding layers "VK_LAYER_KHRONOS_validation"
[Vulkan Loader] WARNING | LAYER: env var 'VK_INSTANCE_LAYERS' defined and adding layers "VK_LAYER_KHRONOS_validation"
[Vulkan Loader] DEBUG | LAYER:  Loading layer library C:\VulkanSDK\1.4.350.0\Bin\.\VkLayer_khronos_validation.dll
[Vulkan Loader] INFO | LAYER:   Insert instance layer "VK_LAYER_KHRONOS_validation" (C:\VulkanSDK\1.4.350.0\Bin\VkLayer_khronos_validation.dll)
[Vulkan Loader] DEBUG | LAYER:  Loading layer library C:\ProgramData\obs-studio-hook\.\graphics-hook64.dll
[Vulkan Loader] INFO | LAYER:   Insert instance layer "VK_LAYER_OBS_HOOK" (C:\ProgramData\obs-studio-hook\graphics-hook64.dll)
[Vulkan Loader] DEBUG | LAYER:  Loading layer library C:\WINDOWS\System32\DriverStore\FileRepository\nvhmsi.inf_amd64_5ec4b201b8059b6f\.\nvoglv64.dll
[Vulkan Loader] INFO | LAYER:   Insert instance layer "VK_LAYER_NV_present" (C:\WINDOWS\System32\DriverStore\FileRepository\nvhmsi.inf_amd64_5ec4b201b8059b6f\nvoglv64.dll)
[Vulkan Loader] DEBUG | LAYER:  Loading layer library C:\WINDOWS\System32\DriverStore\FileRepository\nvhmsi.inf_amd64_5ec4b201b8059b6f\.\nvoglv64.dll
[Vulkan Loader] INFO | LAYER:   Insert instance layer "VK_LAYER_NV_optimus" (C:\WINDOWS\System32\DriverStore\FileRepository\nvhmsi.inf_amd64_5ec4b201b8059b6f\nvoglv64.dll)
[Vulkan Loader] LAYER:          vkCreateInstance layer callstack setup to:
[Vulkan Loader] LAYER:             <Application>
[Vulkan Loader] LAYER:               ||
[Vulkan Loader] LAYER:             <Loader>
[Vulkan Loader] LAYER:               ||
[Vulkan Loader] LAYER:             VK_LAYER_NV_optimus
[Vulkan Loader] LAYER:                     Type: Implicit
[Vulkan Loader] LAYER:                     Enabled By: Implicit Layer
[Vulkan Loader] LAYER:                         Disable Env Var:  DISABLE_LAYER_NV_OPTIMUS_1
[Vulkan Loader] LAYER:                     Manifest: C:\WINDOWS\System32\DriverStore\FileRepository\nvhmsi.inf_amd64_5ec4b201b8059b6f\nv-vk64.json
[Vulkan Loader] LAYER:                     Library:  C:\WINDOWS\System32\DriverStore\FileRepository\nvhmsi.inf_amd64_5ec4b201b8059b6f\nvoglv64.dll
[Vulkan Loader] LAYER:               ||
[Vulkan Loader] LAYER:             VK_LAYER_NV_present
[Vulkan Loader] LAYER:                     Type: Implicit
[Vulkan Loader] LAYER:                     Enabled By: Implicit Layer
[Vulkan Loader] LAYER:                         Disable Env Var:  DISABLE_LAYER_NV_PRESENT_1
[Vulkan Loader] LAYER:                     Manifest: C:\WINDOWS\System32\DriverStore\FileRepository\nvhmsi.inf_amd64_5ec4b201b8059b6f\nv-vk64.json
[Vulkan Loader] LAYER:                     Library:  C:\WINDOWS\System32\DriverStore\FileRepository\nvhmsi.inf_amd64_5ec4b201b8059b6f\nvoglv64.dll
[Vulkan Loader] LAYER:               ||
[Vulkan Loader] LAYER:             VK_LAYER_OBS_HOOK
[Vulkan Loader] LAYER:                     Type: Implicit
[Vulkan Loader] LAYER:                     Enabled By: Implicit Layer
[Vulkan Loader] LAYER:                         Disable Env Var:  DISABLE_VULKAN_OBS_CAPTURE
[Vulkan Loader] LAYER:                     Manifest: C:\ProgramData\obs-studio-hook\obs-vulkan64.json
[Vulkan Loader] LAYER:                     Library:  C:\ProgramData\obs-studio-hook\graphics-hook64.dll
[Vulkan Loader] LAYER:               ||
[Vulkan Loader] LAYER:             VK_LAYER_KHRONOS_validation
[Vulkan Loader] LAYER:                     Type: Explicit
[Vulkan Loader] LAYER:                     Enabled By: Environment Variable VK_INSTANCE_LAYERS
[Vulkan Loader] LAYER:                     Manifest: C:\VulkanSDK\1.4.350.0\Bin\VkLayer_khronos_validation.json
[Vulkan Loader] LAYER:                     Library:  C:\VulkanSDK\1.4.350.0\Bin\VkLayer_khronos_validation.dll
[Vulkan Loader] LAYER:               ||
[Vulkan Loader] LAYER:             <Drivers>
[Vulkan Loader] INFO | LAYER:   Inserted device layer "VK_LAYER_KHRONOS_validation" (C:\VulkanSDK\1.4.350.0\Bin\VkLayer_khronos_validation.dll)
[Vulkan Loader] INFO | LAYER:   Inserted device layer "VK_LAYER_OBS_HOOK" (C:\ProgramData\obs-studio-hook\graphics-hook64.dll)
[Vulkan Loader] INFO | LAYER:   Inserted device layer "VK_LAYER_NV_present" (C:\WINDOWS\System32\DriverStore\FileRepository\nvhmsi.inf_amd64_5ec4b201b8059b6f\nvoglv64.dll)
[Vulkan Loader] INFO | LAYER:   Inserted device layer "VK_LAYER_NV_optimus" (C:\WINDOWS\System32\DriverStore\FileRepository\nvhmsi.inf_amd64_5ec4b201b8059b6f\nvoglv64.dll)
[Vulkan Loader] DRIVER:         vkCreateDevice layer callstack setup to:
[Vulkan Loader] DRIVER:            <Application>
[Vulkan Loader] DRIVER:              ||
[Vulkan Loader] DRIVER:            <Loader>
[Vulkan Loader] DRIVER:              ||
[Vulkan Loader] LAYER:             VK_LAYER_NV_optimus
[Vulkan Loader] LAYER:                     Type: Implicit
[Vulkan Loader] LAYER:                     Enabled By: Implicit Layer
[Vulkan Loader] LAYER:                         Disable Env Var:  DISABLE_LAYER_NV_OPTIMUS_1
[Vulkan Loader] LAYER:                     Manifest: C:\WINDOWS\System32\DriverStore\FileRepository\nvhmsi.inf_amd64_5ec4b201b8059b6f\nv-vk64.json
[Vulkan Loader] LAYER:                     Library:  C:\WINDOWS\System32\DriverStore\FileRepository\nvhmsi.inf_amd64_5ec4b201b8059b6f\nvoglv64.dll
[Vulkan Loader] LAYER:               ||
[Vulkan Loader] LAYER:             VK_LAYER_NV_present
[Vulkan Loader] LAYER:                     Type: Implicit
[Vulkan Loader] LAYER:                     Enabled By: Implicit Layer
[Vulkan Loader] LAYER:                         Disable Env Var:  DISABLE_LAYER_NV_PRESENT_1
[Vulkan Loader] LAYER:                     Manifest: C:\WINDOWS\System32\DriverStore\FileRepository\nvhmsi.inf_amd64_5ec4b201b8059b6f\nv-vk64.json
[Vulkan Loader] LAYER:                     Library:  C:\WINDOWS\System32\DriverStore\FileRepository\nvhmsi.inf_amd64_5ec4b201b8059b6f\nvoglv64.dll
[Vulkan Loader] LAYER:               ||
[Vulkan Loader] LAYER:             VK_LAYER_OBS_HOOK
[Vulkan Loader] LAYER:                     Type: Implicit
[Vulkan Loader] LAYER:                     Enabled By: Implicit Layer
[Vulkan Loader] LAYER:                         Disable Env Var:  DISABLE_VULKAN_OBS_CAPTURE
[Vulkan Loader] LAYER:                     Manifest: C:\ProgramData\obs-studio-hook\obs-vulkan64.json
[Vulkan Loader] LAYER:                     Library:  C:\ProgramData\obs-studio-hook\graphics-hook64.dll
[Vulkan Loader] LAYER:               ||
[Vulkan Loader] LAYER:             VK_LAYER_KHRONOS_validation
[Vulkan Loader] LAYER:                     Type: Explicit
[Vulkan Loader] LAYER:                     Enabled By: Environment Variable VK_INSTANCE_LAYERS
[Vulkan Loader] LAYER:                     Manifest: C:\VulkanSDK\1.4.350.0\Bin\VkLayer_khronos_validation.json
[Vulkan Loader] LAYER:                     Library:  C:\VulkanSDK\1.4.350.0\Bin\VkLayer_khronos_validation.dll
[Vulkan Loader] LAYER:               ||
[Vulkan Loader] DRIVER:            <Device>
[Vulkan Loader] DRIVER:                Using "NVIDIA GeForce RTX 4060 Laptop GPU" with driver: "C:\WINDOWS\System32\DriverStore\FileRepository\nvhmsi.inf_amd64_5ec4b201b8059b6f\nvoglv64.dll"
[1791339710880][info][gpu][code=0] GPU capability report: captures\gpu_capabilities.json
[1791339711133][info][render][code=0] Character texture access: indexed, requested slots=59, stage sampler limit=1048576
[1791339711153][info][render][code=0] Character IBL: GPU-prefiltered environment mip chain
[1791339711169][info][render][code=0] Character skinning and morph: Vulkan compute path
[1791339711176][info][editor][code=0] Opened scene: exploration
[1791339711177][info][editor][code=0] Selected node: hero:body
[1791339711195][info][editor][code=0] Asset reload requested; changed files: 0
[1791339711202][info][render][code=0] Character texture access: indexed, requested slots=59, stage sampler limit=1048576
[1791339711221][info][render][code=0] Character IBL: GPU-prefiltered environment mip chain
[1791339711241][info][render][code=0] Character skinning and morph: Vulkan compute path
[1791339711244][info][editor][code=0] Renderer resources reloaded
[1791339711462][info][editor][code=0] Generated asset: assets:/parameterized.gltf
[1791339711469][info][render][code=0] Character texture access: indexed, requested slots=59, stage sampler limit=1048576
[1791339711487][info][render][code=0] Character IBL: GPU-prefiltered environment mip chain
[1791339711506][info][render][code=0] Character skinning and morph: Vulkan compute path
[1791339711509][info][editor][code=0] Renderer resources reloaded
[1791339711570][info][render][code=0] Character texture access: indexed, requested slots=27, stage sampler limit=1048576
[1791339711589][info][render][code=0] Character IBL: GPU-prefiltered environment mip chain
[1791339711591][info][render][code=0] Character skinning and morph: Vulkan compute path
[1791339711802][info][render][code=0] Character texture access: indexed, requested slots=27, stage sampler limit=1048576
[1791339711821][info][render][code=0] Character IBL: GPU-prefiltered environment mip chain
[1791339711823][info][render][code=0] Character skinning and morph: Vulkan compute path
[1791339711995][info][editor][code=0] Imported asset: direct-model.gltf (84 vertices)
[1791339712003][info][editor][code=0] Asset reload requested; changed files: 1
[1791339712009][info][render][code=0] Character texture access: indexed, requested slots=75, stage sampler limit=1048576
[1791339712032][info][render][code=0] Character IBL: GPU-prefiltered environment mip chain
[1791339712054][info][render][code=0] Character skinning and morph: Vulkan compute path
[1791339712058][info][editor][code=0] Renderer resources reloaded
[1791339712113][info][render][code=0] Character texture access: indexed, requested slots=27, stage sampler limit=1048576
[1791339712132][info][render][code=0] Character IBL: GPU-prefiltered environment mip chain
[1791339712134][info][render][code=0] Character skinning and morph: Vulkan compute path
[1791339712327][info][editor][code=0] Generated asset: assets:/articulated.gltf
[1791339712336][info][render][code=0] Character texture access: indexed, requested slots=75, stage sampler limit=1048576
[1791339712353][info][render][code=0] Character IBL: GPU-prefiltered environment mip chain
[1791339712381][info][render][code=0] Character skinning and morph: Vulkan compute path
[1791339712385][info][editor][code=0] Renderer resources reloaded
[1791339712443][info][editor][code=0] Generated asset: assets:/articulated-graph.json
[1791339712449][info][render][code=0] Character texture access: indexed, requested slots=75, stage sampler limit=1048576
[1791339712469][info][render][code=0] Character IBL: GPU-prefiltered environment mip chain
[1791339712494][info][render][code=0] Character skinning and morph: Vulkan compute path
[1791339712497][info][editor][code=0] Renderer resources reloaded
[1791339712552][info][render][code=0] Character texture access: indexed, requested slots=35, stage sampler limit=1048576
[1791339712572][info][render][code=0] Character IBL: GPU-prefiltered environment mip chain
[1791339712574][info][render][code=0] Character skinning and morph: Vulkan compute path
[1791339712701][info][editor][code=0] Opened scene: exploration
[1791339712703][info][editor][code=0] Selected node: Placed Object
[1791339712713][info][editor][code=0] Asset reload requested; changed files: 1
[1791339712720][info][render][code=0] Character texture access: indexed, requested slots=99, stage sampler limit=1048576
[1791339712739][info][render][code=0] Character IBL: GPU-prefiltered environment mip chain
[1791339712772][info][render][code=0] Character skinning and morph: Vulkan compute path
[1791339712776][info][editor][code=0] Renderer resources reloaded
[1791339712807][info][editor][code=0] Opened scene: exploration
[1791339712837][info][editor][code=0] Opened scene: exploration
[1791339712882][info][editor][code=0] Opened scene: exploration
[1791339712929][info][editor][code=0] Opened scene: exploration
[1791339712977][info][editor][code=0] Opened scene: exploration
[1791339713009][info][editor][code=0] Opened scene: exploration
[1791339713010][info][editor][code=0] Selected node: Placed Object
[1791339713017][info][editor][code=0] Asset reload requested; changed files: 0
[1791339713024][info][render][code=0] Character texture access: indexed, requested slots=99, stage sampler limit=1048576
[1791339713045][info][render][code=0] Character IBL: GPU-prefiltered environment mip chain
[1791339713077][info][render][code=0] Character skinning and morph: Vulkan compute path
[1791339713080][info][editor][code=0] Renderer resources reloaded
[1791339713116][info][editor][code=0] Opened scene: exploration
[1791339713144][info][editor][code=0] Opened scene: exploration
[1791339713176][info][editor][code=0] Opened scene: exploration
[1791339713221][info][editor][code=0] Opened scene: exploration
[1791339713236][info][editor][code=0] Opened scene: exploration
[1791339713790][info][editor][code=0] Generated asset: assets:/model-proposal.gltf
[1791339713800][info][render][code=0] Character texture access: indexed, requested slots=99, stage sampler limit=1048576
[1791339713825][info][render][code=0] Character IBL: GPU-prefiltered environment mip chain
[1791339713860][info][render][code=0] Character skinning and morph: Vulkan compute path
[1791339713864][info][editor][code=0] Renderer resources reloaded
[1791339714419][info][editor][code=0] Generated asset: assets:/rig-proposal.gltf
[1791339714429][info][render][code=0] Character texture access: indexed, requested slots=99, stage sampler limit=1048576
[1791339714450][info][render][code=0] Character IBL: GPU-prefiltered environment mip chain
[1791339714484][info][render][code=0] Character skinning and morph: Vulkan compute path
[1791339714488][info][editor][code=0] Renderer resources reloaded
[1791339714550][info][editor][code=0] Saved scene: D:\Assigment\2609\FYP\Project\AzureRender\build\evolution\p3\installed-procedural\run-1791339710429462900\exploration\Procedural Project with spaces\assets\exploration.azurelevel
[1791339714602][info][editor][code=0] Reloaded scene: exploration
[1791339714607][info][editor][code=0] Asset reload requested; changed files: 0
[1791339714616][info][render][code=0] Character texture access: indexed, requested slots=99, stage sampler limit=1048576
[1791339714635][info][render][code=0] Character IBL: GPU-prefiltered environment mip chain
[1791339714670][info][render][code=0] Character skinning and morph: Vulkan compute path
[1791339714674][info][editor][code=0] Renderer resources reloaded
[1791339714716][info][editor][code=0] Saved scene: D:\Assigment\2609\FYP\Project\AzureRender\build\evolution\p3\installed-procedural\run-1791339710429462900\exploration\Procedural Project with spaces\assets\exploration.azurelevel
[1791339715889][info][editor][code=0] Play started
[1791339715897][info][render][code=0] Character texture access: indexed, requested slots=99, stage sampler limit=1048576
[1791339715922][info][render][code=0] Character IBL: GPU-prefiltered environment mip chain
[1791339715959][info][render][code=0] Character skinning and morph: Vulkan compute path
[1791339716439][info][editor][code=0] Play stopped; edit state restored
[1791339716447][info][render][code=0] Character texture access: indexed, requested slots=99, stage sampler limit=1048576
[1791339716467][info][render][code=0] Character IBL: GPU-prefiltered environment mip chain
[1791339716502][info][render][code=0] Character skinning and morph: Vulkan compute path
[1791339717113][info][editor][code=0] Play started
[1791339717122][info][render][code=0] Character texture access: indexed, requested slots=99, stage sampler limit=1048576
[1791339717147][info][render][code=0] Character IBL: GPU-prefiltered environment mip chain
[1791339717185][info][render][code=0] Character skinning and morph: Vulkan compute path
[1791339717703][info][editor][code=0] Play stopped; edit state restored
[Vulkan Loader] DEBUG | LAYER:  Unloading layer library C:\WINDOWS\System32\DriverStore\FileRepository\nvhmsi.inf_amd64_5ec4b201b8059b6f\nvoglv64.dll
[Vulkan Loader] DEBUG | LAYER:  Unloading layer library C:\WINDOWS\System32\DriverStore\FileRepository\nvhmsi.inf_amd64_5ec4b201b8059b6f\nvoglv64.dll
[Vulkan Loader] DEBUG | LAYER:  Unloading layer library C:\ProgramData\obs-studio-hook\graphics-hook64.dll
[Vulkan Loader] DEBUG | LAYER:  Unloading layer library C:\VulkanSDK\1.4.350.0\Bin\VkLayer_khronos_validation.dll
