Project loaded: Scene Inspector (98793b70-80e1-4a13-a487-5d8b2c3d4876)
Controls: Space pause/resume, R auto rotate, 1/2/3/4 full-body angles, 5 face close-up, 6 portfolio orbit, Left/Right fine rotate, F1/F2/F3 showcase presets, F4 animation pause/resume, F11 animation restart, 7/8 previous/next animation, 9 timeline status, 0 diagnostic view, H HUD, F10 inner outlines, F9 style toggle, F7/F8 mask strength, F5/F6 band threshold, F12 screenshot
Validation layer: disabled
Selected GPU: NVIDIA GeForce RTX 4060 Laptop GPU
HDR scene color candidate: VK_FORMAT_R16G16B16A16_SFLOAT (supported)
GPU timing: enabled, timestamp period 1.000000 ns, 64 valid bits
Turntable foot pivot: [1.000000, -1.000000, 1.000000]
Asset path: D:\Assigment\2609\FYP\Project\AzureRender\build\evolution\p3\inspector-package\Moved Scene Inspector\game\assets\cube.gltf
Loaded asset: 337 vertices, 900 indices, 3 primitives, 3 materials
Material Class v1 inventory:
  [0] stone -> generic, flags=0x20, source=fallback/inferred
  [1] FallbackMaterial -> generic, flags=0x20, source=fallback/inferred
  [2] AzureRender_ShowcasePlatform -> showcase, flags=0x0, source=asset-extras
Skinning: static fallback, 1 joint matrices, 0 Morph targets
Morph weights: 0.000000, 0.000000
Animations: 0
Scene renderer: character (sceneType=character)
Diagnostic view: Beauty, stylized lighting: on, internal outline: on, HUD: off
Clustered lighting: 0 lights, 0 cluster references
GPU timing samples: 30
  Shadow: 0.027 ms (23.730%)
  Main scene: 0.057 ms (49.541%)
  Internal outline: 0.031 ms (26.729%)
  Total render: 0.114 ms avg, 0.106 ms min, 0.147 ms max
  Percentiles: p50 0.112 ms, p95 0.129 ms, p99 0.143 ms
  Submission per frame: 12.000 draws, 2.000 descriptor binds
  CPU recording: 0.157 ms per frame, worker passes: 120
GPU timing report: D:\Assigment\2609\FYP\Project\AzureRender\build\evolution\p3\inspector-package\timing.json
Rendered frames: 30
Allocator after unload: buffers=0 images=0
