[1/156] Linking CXX executable AzureMetaGen.exe
[2/156] Linking CXX executable AzureRenderSceneGraphTests.exe
[3/156] Linking CXX executable AzureRenderPickMathTests.exe
[4/156] Linking CXX executable AzureRenderRenderGraphTests.exe
[5/156] Linking CXX executable AzureProcessRunnerTests.exe
[6/156] Linking CXX executable AzureRenderLightBufferTests.exe
[7/156] Linking CXX executable AzureRenderSceneModelTests.exe
[8/156] Linking CXX executable AzureRenderTransientResourcePoolTests.exe
[9/156] Linking CXX executable AzureSettingRegistryTests.exe
[10/156] Linking CXX executable AzureRenderComputePassTests.exe
[11/156] Linking CXX executable AzureRenderClusteredLightGridTests.exe
[12/156] Linking CXX executable AzureRenderSurfaceLifecycleTests.exe
[13/156] Linking CXX executable AzureRenderCascadedShadowTests.exe
[14/156] Linking CXX executable AzureRenderEnvironmentAssetTests.exe
[15/156] Linking CXX executable AzureModelProtocolTests.exe
[16/156] Linking CXX executable AzureRenderEcsTests.exe
[17/156] Linking CXX executable AzureRenderEditorCameraTests.exe
[18/156] Linking CXX executable AzureRenderCommandLineTests.exe
[19/156] Linking CXX executable AzureRenderUploadRingTests.exe
[20/156] Linking CXX executable AzureRenderRuntimeDiagnosticsTests.exe
[21/156] Linking CXX executable AzureRenderNullRhiTests.exe
[22/156] Linking CXX executable AzureRenderResourceLocatorTests.exe
[23/156] Linking CXX executable AzureRenderGpuCapabilityReportTests.exe
[24/156] Generating generated/reflection/GeneratedRegistry.hpp, generated/runtime/GeneratedComponents.hpp
[25/152] Linking CXX executable AzureRenderNullRhiPassTests.exe
[26/152] Building CXX object CMakeFiles\AzureRenderExtensionRegistryTests.dir\tests\ExtensionRegistryTests.cpp.obj
[27/152] Building CXX object CMakeFiles\AzureRenderCore.dir\src\scenes\SampleSceneRenderer.cpp.obj
[28/152] Building CXX object CMakeFiles\AzureRenderCore.dir\src\scenes\BlackholeSceneRenderer.cpp.obj
[29/152] Building CXX object CMakeFiles\AzureRenderCore.dir\src\scenes\BuiltinRendererCatalog.cpp.obj
[30/152] Building CXX object CMakeFiles\AzureRenderFrameTaskSchedulerTests.dir\tests\FrameTaskSchedulerTests.cpp.obj
[31/152] Building CXX object CMakeFiles\AzureRenderCore.dir\src\render\RenderViewOutput.cpp.obj
[32/152] Building CXX object CMakeFiles\AzureRenderViewTests.dir\tests\RenderViewTests.cpp.obj
[33/152] Building CXX object CMakeFiles\AzureRenderCore.dir\src\render\RenderViewService.cpp.obj
[34/152] Building CXX object CMakeFiles\AzureEditor.dir\src\editor\preview\AssetThumbnailService.cpp.obj
[35/152] Building CXX object CMakeFiles\AzureRenderCore.dir\src\scenes\CharacterSceneRenderer.cpp.obj
[36/152] Linking CXX static library AzureRenderCore.lib
[37/152] Building CXX object CMakeFiles\AzureRuntime.dir\src\runtime\PresentationRuntime.cpp.obj
[38/152] Building CXX object CMakeFiles\AzureEditor.dir\src\editor\SelectionService.cpp.obj
[39/152] Building CXX object CMakeFiles\AzureEditor.dir\src\editor\EditorContext.cpp.obj
[40/152] Linking CXX static library AzureRuntime.lib
[41/152] Building CXX object CMakeFiles\AzureEditor.dir\src\editor\panels\BuildPanel.cpp.obj
[42/152] Building CXX object CMakeFiles\AzureEditor.dir\src\editor\commands\EditService.cpp.obj
[43/152] Building CXX object CMakeFiles\AzureEditor.dir\src\editor\panels\AssetBrowserPanel.cpp.obj
[44/152] Building CXX object CMakeFiles\AzureEditor.dir\src\editor\panels\CapturePanel.cpp.obj
[45/152] Building CXX object CMakeFiles\AzureEditor.dir\src\editor\panels\SettingsPanel.cpp.obj
[46/152] Building CXX object CMakeFiles\AzureEditor.dir\src\editor\commands\EditTransaction.cpp.obj
[47/152] Building CXX object CMakeFiles\AzureEditor.dir\src\editor\panels\GameplayDebugPanel.cpp.obj
[48/152] Building CXX object CMakeFiles\AzureEditor.dir\src\editor\ai\ProposalOperations.cpp.obj
[49/152] Building CXX object CMakeFiles\AzureEditor.dir\src\editor\panels\OutlinerPanel.cpp.obj
[50/152] Building CXX object CMakeFiles\AzureEditor.dir\src\editor\EditorToolbar.cpp.obj
[51/152] Building CXX object CMakeFiles\AzureEditor.dir\src\editor\panels\ConsolePanel.cpp.obj
[52/152] Building CXX object CMakeFiles\AzureEditor.dir\src\editor\panels\AnimationPanel.cpp.obj
[53/152] Building CXX object CMakeFiles\AzureEditor.dir\src\editor\ai\ProposalController.cpp.obj
[54/152] Building CXX object CMakeFiles\AzureEditor.dir\src\editor\preview\DeveloperServices.cpp.obj
[55/152] Building CXX object CMakeFiles\AzureEditor.dir\src\editor\panels\InspectorPanel.cpp.obj
[56/152] Building CXX object CMakeFiles\AzureEditor.dir\src\editor\EditorSession.cpp.obj
[57/152] Generating generated/fixtures/GeneratedToolRegistry.hpp
[58/151] Building CXX object CMakeFiles\AzureEditor.dir\src\editor\ai\adapters\ProposalAdapters.cpp.obj
[59/151] Building CXX object CMakeFiles\AzureEditor.dir\src\editor\EditorProjectEditing.cpp.obj
[60/151] Linking CXX executable AzureGeometryCompiler.exe
[61/151] Building CXX object CMakeFiles\AzureEditor.dir\src\editor\EditorAutomation.cpp.obj
[62/151] Building CXX object CMakeFiles\AzureEditor.dir\src\editor\EditorWorkspaceUI.cpp.obj
[63/151] Building CXX object CMakeFiles\AzureEditor.dir\src\editor\commands\EditorOperations.cpp.obj
[64/151] Building CXX object CMakeFiles\AzureEditor.dir\src\editor\ImGuiEditorLayer.cpp.obj
[65/151] Building CXX object CMakeFiles\AzureRenderHost.dir\src\app\AzureRenderSettings.cpp.obj
[66/151] Building CXX object CMakeFiles\AzureRenderHost.dir\src\app\AzureRenderDevtools.cpp.obj
[67/151] Building CXX object CMakeFiles\AzureThumbnailTests.dir\tests\ThumbnailTests.cpp.obj
[68/151] Building CXX object CMakeFiles\AzureRenderHost.dir\src\app\AzureRenderGameplay.cpp.obj
[69/151] Linking CXX static library AzureEditor.lib
[70/151] Building CXX object CMakeFiles\AzureRenderHost.dir\src\app\AzureRenderDescriptors.cpp.obj
[71/151] Building CXX object CMakeFiles\AzureRenderHost.dir\src\app\AzureRenderValidation.cpp.obj
[72/151] Building CXX object CMakeFiles\AzureRenderHost.dir\src\app\AzureRenderPipeline.cpp.obj
[73/151] Building CXX object CMakeFiles\AzurePresentationRuntimeTests.dir\tests\PresentationRuntimeTests.cpp.obj
[74/151] Linking CXX executable AzureGameplayPresentationTests.exe
[75/151] Building CXX object CMakeFiles\AzureRenderHost.dir\src\app\AzureRenderCapture.cpp.obj
[76/151] Building CXX object CMakeFiles\AzureRenderHost.dir\src\app\AzureRenderResources.cpp.obj
[77/151] Linking CXX executable AzureProjectTests.exe
[78/151] Linking CXX executable AzureHotReloadTests.exe
[79/151] Building CXX object CMakeFiles\AzureRenderHost.dir\src\app\AzureRenderApp.cpp.obj
[80/151] Linking CXX executable AzureThumbnailTests.exe
[81/151] Linking CXX executable AzureEngineSettingsTests.exe
[82/151] Linking CXX executable AzureRigTextTests.exe
[83/151] Building CXX object CMakeFiles\AzureRenderHost.dir\src\app\AzureRenderFrame.cpp.obj
[84/151] Linking CXX executable AzureRenderViewTests.exe
[85/151] Building CXX object CMakeFiles\AzurePlayerHost.dir\src\app\AzureRenderDevtools.cpp.obj
[86/151] Linking CXX executable AzurePresentationRuntimeTests.exe
[87/151] Linking CXX executable AzureProceduralProcessTests.exe
[88/151] Linking CXX executable AzureProceduralGeometryTests.exe
[89/151] Linking CXX executable AzurePhysicsInputTests.exe
[90/151] Linking CXX executable AzurePlayableQuestTests.exe
[91/151] Building CXX object CMakeFiles\AzurePlayerHost.dir\src\app\AzureRenderPipeline.cpp.obj
[92/151] Building CXX object CMakeFiles\AzurePlayerHost.dir\src\app\AzureRenderSettings.cpp.obj
[93/151] Building CXX object CMakeFiles\AzurePlayerHost.dir\src\app\AzureRenderResources.cpp.obj
[94/151] Linking CXX executable AzureUiFoundationTests.exe
[95/151] Building CXX object CMakeFiles\AzurePlayerHost.dir\src\app\AzureRenderGameplay.cpp.obj
[96/151] Building CXX object CMakeFiles\AzurePanelContextTests.dir\tests\PanelContextTests.cpp.obj
[97/151] Linking CXX executable AzureModuleAssemblyTests.exe
[98/151] Building CXX object CMakeFiles\AzurePlayer.dir\src\player\main.cpp.obj
[99/151] Linking CXX executable AzureValidationProbe.exe
[100/151] Linking CXX executable AzureObservationTests.exe
[101/151] Building CXX object CMakeFiles\AzurePlayerHost.dir\src\app\AzureRenderDescriptors.cpp.obj
[102/151] Linking CXX executable AzureLocomotionTests.exe
[103/151] Building CXX object CMakeFiles\AzureRenderHost.dir\src\app\AzureRenderSupport.cpp.obj
[104/151] Linking CXX executable AzureMetadataGenerationTests.exe
[105/151] Linking CXX executable AzureGenerationManifestTests.exe
[106/151] Linking CXX executable AzureComponentRegistryTests.exe
[107/151] Building CXX object CMakeFiles\AzurePlayerHost.dir\src\app\AzureRenderSupport.cpp.obj
[108/151] Linking CXX executable AzureGameUiTests.exe
[109/151] Linking CXX executable AzureGameUiRendererTests.exe
[110/151] Linking CXX executable AzureEditorWorkspaceTests.exe
[111/151] Building CXX object CMakeFiles\AzureProposalControllerTests.dir\tests\ProposalControllerTests.cpp.obj
[112/151] Building CXX object CMakeFiles\AzureProposalAdapterTests.dir\tests\ProposalAdapterTests.cpp.obj
[113/151] Linking CXX static library AzureRenderHost.lib
[114/151] Building CXX object CMakeFiles\AzurePlayerHost.dir\src\app\AzureRenderCapture.cpp.obj
[115/151] Linking CXX executable AzureReflectionTests.exe
[116/151] Linking CXX executable AzureRuntimeLifecycleTests.exe
[117/151] Linking CXX executable AzureRenderFrameTaskSchedulerTests.exe
[118/151] Linking CXX executable AzureBrowRegionTests.exe
[119/151] Linking CXX executable AzureAnimationPoseTests.exe
[120/151] Building CXX object CMakeFiles\AzureRegisteredComponentHost.dir\src\main.cpp.obj
[121/151] Linking CXX executable AzureSceneVisibilityTests.exe
[122/151] Linking CXX executable AzureRenderExtensionRegistryTests.exe
[123/151] Linking CXX executable AzureInteractionTests.exe
[124/151] Building CXX object CMakeFiles\AzurePlayerHost.dir\src\app\AzureRenderFrame.cpp.obj
[125/151] Linking CXX executable AzureSystemCompositionTests.exe
[126/151] Building CXX object CMakeFiles\AzureEditorObservationTests.dir\tests\EditorObservationTests.cpp.obj
[127/151] Linking CXX executable AzureAssetLevelTests.exe
[128/151] Building CXX object CMakeFiles\AzureEditServiceTests.dir\tests\EditServiceTests.cpp.obj
[129/151] Building CXX object CMakeFiles\AzurePlayerHost.dir\src\app\AzureRenderValidation.cpp.obj
[130/151] Linking CXX executable AzureThirdPersonTests.exe
[131/151] Linking CXX executable AzureScriptEntityTests.exe
[132/151] Building CXX object CMakeFiles\AzureEditTransactionTests.dir\tests\EditTransactionTests.cpp.obj
[133/151] Building CXX object CMakeFiles\AzureRender.dir\src\main.cpp.obj
[134/151] Linking CXX executable AzureScriptRuntimeTests.exe
[135/151] Building CXX object CMakeFiles\AzurePlayerHost.dir\src\app\AzureRenderApp.cpp.obj
[136/151] Linking CXX executable AzurePanelContextTests.exe
[137/151] Linking CXX static library AzurePlayerHost.lib
[138/151] Linking CXX executable AzureProposalControllerTests.exe
[139/151] Linking CXX executable AzureProposalAdapterTests.exe
[140/151] Linking CXX executable AzureEditorObservationTests.exe
[141/151] Linking CXX executable AzureEditServiceTests.exe
[142/151] Linking CXX executable AzureRegisteredComponentHost.exe
[143/151] Linking CXX executable AzureEditTransactionTests.exe
[144/151] Building CXX object CMakeFiles\AzureRenderEditorSessionTests.dir\tests\EditorSessionTests.cpp.obj
[145/151] Building CXX object CMakeFiles\AzureRegisteredComponentWorkflowTests.dir\tests\RegisteredComponentWorkflowTests.cpp.obj
[146/151] Linking CXX executable AzurePlayer.exe
[147/151] Linking CXX executable AzureRender.exe
[148/151] Building CXX object CMakeFiles\AzureEditorWorkflowTests.dir\tests\EditorWorkflowTests.cpp.obj
[149/151] Linking CXX executable AzureRenderEditorSessionTests.exe
[150/151] Linking CXX executable AzureRegisteredComponentWorkflowTests.exe
[151/151] Linking CXX executable AzureEditorWorkflowTests.exe
{"status": "passed", "manifest": "build\\ninja-msvc-debug\\build-provenance.json"}
