Internal ctest changing into directory: D:/Assigment/2609/FYP/Project/AzureRender/build/ninja-msvc-debug
Test project D:/Assigment/2609/FYP/Project/AzureRender/build/ninja-msvc-debug
    Start 105: AzureRender.NullRhiPass
1/1 Test #105: AzureRender.NullRhiPass ..........***Failed    0.22 sec
[1791310697315][info][render][code=0] Blackhole bloom: fragment fallback path
Turntable foot pivot: [1.000000, -1.000000, 1.000000]
Asset path: D:/Assigment/2609/FYP/Project/AzureRender\assets_public\test_model.gltf
Loaded asset: 337 vertices, 900 indices, 3 primitives, 4 materials
Material Class v1 inventory:
  [0] PublicTestMaterial -> generic, flags=0x20, source=asset-extras
  [1] PublicTestMaterialB -> generic, flags=0x20, source=asset-extras
  [2] FallbackMaterial -> generic, flags=0x20, source=fallback/inferred
  [3] AzureRender_ShowcasePlatform -> showcase, flags=0x0, source=asset-extras
Skinning: enabled, 1 joint matrices, 1 Morph targets
Morph weights: 0.000000, 0.000000
Animations: 1 (playing "MorphJointPulse", 0.250000 s loop)
[1791310697334][info][render][code=0] Character IBL: hardware mip fallback path
[1791310697337][info][render][code=0] Character skinning and morph: vertex-shader fallback path
Clustered lighting: 0 lights, 0 cluster references
Turntable foot pivot: [1.000000, -1.000000, 1.000000]
Asset path: D:/Assigment/2609/FYP/Project/AzureRender\assets_public\test_model.gltf
Loaded asset: 337 vertices, 900 indices, 3 primitives, 4 materials
Material Class v1 inventory:
  [0] PublicTestMaterial -> generic, flags=0x20, source=asset-extras
  [1] PublicTestMaterialB -> generic, flags=0x20, source=asset-extras
  [2] FallbackMaterial -> generic, flags=0x20, source=fallback/inferred
  [3] AzureRender_ShowcasePlatform -> showcase, flags=0x0, source=asset-extras
Skinning: enabled, 1 joint matrices, 1 Morph targets
Morph weights: 0.000000, 0.000000
Animations: 1 (playing "MorphJointPulse", 0.250000 s loop)
[1791310697365][info][render][code=0] Character IBL: hardware mip fallback path
[1791310697368][info][render][code=0] Character skinning and morph: vertex-shader fallback path
Clustered lighting: 0 lights, 0 cluster references
Turntable foot pivot: [1.000000, -1.000000, 1.000000]
Asset path: D:/Assigment/2609/FYP/Project/AzureRender\assets_public\test_model.gltf
Loaded asset: 337 vertices, 900 indices, 3 primitives, 4 materials
Material Class v1 inventory:
  [0] PublicTestMaterial -> generic, flags=0x20, source=asset-extras
  [1] PublicTestMaterialB -> generic, flags=0x20, source=asset-extras
  [2] FallbackMaterial -> generic, flags=0x20, source=fallback/inferred
  [3] AzureRender_ShowcasePlatform -> showcase, flags=0x0, source=asset-extras
Skinning: enabled, 1 joint matrices, 1 Morph targets
Morph weights: 0.000000, 0.000000
Animations: 1 (playing "MorphJointPulse", 0.250000 s loop)
[1791310697391][info][render][code=0] Character IBL: hardware mip fallback path
[1791310697395][info][render][code=0] Character skinning and morph: vertex-shader fallback path
Clustered lighting: 0 lights, 0 cluster references
Turntable foot pivot: [1.000000, -1.000000, 1.000000]
Asset path: D:/Assigment/2609/FYP/Project/AzureRender\assets_public\test_model.gltf
Loaded asset: 337 vertices, 900 indices, 3 primitives, 4 materials
Material Class v1 inventory:
  [0] PublicTestMaterial -> generic, flags=0x20, source=asset-extras
  [1] PublicTestMaterialB -> generic, flags=0x20, source=asset-extras
  [2] FallbackMaterial -> generic, flags=0x20, source=fallback/inferred
  [3] AzureRender_ShowcasePlatform -> showcase, flags=0x0, source=asset-extras
Skinning: enabled, 1 joint matrices, 1 Morph targets
Morph weights: 0.000000, 0.000000
Animations: 1 (playing "MorphJointPulse", 0.250000 s loop)
[1791310697417][info][render][code=0] Character IBL: hardware mip fallback path
[1791310697421][info][render][code=0] Character skinning and morph: vertex-shader fallback path
Clustered lighting: 0 lights, 0 cluster references
Turntable foot pivot: [1.000000, -1.000000, 1.000000]
Asset path: D:/Assigment/2609/FYP/Project/AzureRender\assets_public\test_model.gltf
Loaded asset: 337 vertices, 900 indices, 3 primitives, 4 materials
Material Class v1 inventory:
  [0] PublicTestMaterial -> generic, flags=0x20, source=asset-extras
  [1] PublicTestMaterialB -> generic, flags=0x20, source=asset-extras
  [2] FallbackMaterial -> generic, flags=0x20, source=fallback/inferred
  [3] AzureRender_ShowcasePlatform -> showcase, flags=0x0, source=asset-extras
Skinning: enabled, 1 joint matrices, 1 Morph targets
Morph weights: 0.000000, 0.000000
Animations: 1 (playing "MorphJointPulse", 0.250000 s loop)
[1791310697442][info][render][code=0] Character IBL: hardware mip fallback path
[1791310697445][info][render][code=0] Character skinning and morph: vertex-shader fallback path
Clustered lighting: 0 lights, 0 cluster references
Turntable foot pivot: [1.000000, -1.000000, 1.000000]
Asset path: D:/Assigment/2609/FYP/Project/AzureRender\assets_public\test_model.gltf
Loaded asset: 337 vertices, 900 indices, 3 primitives, 4 materials
Material Class v1 inventory:
  [0] PublicTestMaterial -> generic, flags=0x20, source=asset-extras
  [1] PublicTestMaterialB -> generic, flags=0x20, source=asset-extras
  [2] FallbackMaterial -> generic, flags=0x20, source=fallback/inferred
  [3] AzureRender_ShowcasePlatform -> showcase, flags=0x0, source=asset-extras
Skinning: enabled, 1 joint matrices, 1 Morph targets
Morph weights: 0.000000, 0.000000
Animations: 1 (playing "MorphJointPulse", 0.250000 s loop)
[1791310697468][info][render][code=0] Character IBL: hardware mip fallback path
[1791310697471][info][render][code=0] Character skinning and morph: vertex-shader fallback path
Clustered lighting: 0 lights, 0 cluster references
Check failed: countCalls(fallback, "bindDescriptorSet") == legacyBinds


0% tests passed, 1 tests failed out of 1

Total Test time (real) =   0.23 sec

The following tests FAILED:
	105 - AzureRender.NullRhiPass (Failed)
Errors while running CTest
