[1791307727266][info][editor][code=0] Opened scene: exploration
[1791307727516][info][gpu][code=0] GPU capability report: captures\gpu_capabilities.json
[1791307727895][info][render][code=0] Character IBL: GPU-prefiltered environment mip chain
[1791307727925][info][render][code=0] Character skinning and morph: Vulkan compute path
[1791307727946][info][editor][code=0] Opened scene: exploration
[1791307727951][info][editor][code=0] Selected node: hero:body
[1791307728009][info][editor][code=0] Asset reload requested; changed files: 0
[1791307728094][info][render][code=0] Character IBL: GPU-prefiltered environment mip chain
[1791307728134][info][render][code=0] Character skinning and morph: Vulkan compute path
[1791307728138][info][editor][code=0] Renderer resources reloaded
[1791307728604][info][editor][code=0] Generated asset: assets:/parameterized.gltf
[1791307728676][info][render][code=0] Character IBL: GPU-prefiltered environment mip chain
[1791307728707][info][render][code=0] Character skinning and morph: Vulkan compute path
[1791307728711][info][editor][code=0] Renderer resources reloaded
[1791307728857][info][render][code=0] Character IBL: GPU-prefiltered environment mip chain
[1791307728860][info][render][code=0] Character skinning and morph: Vulkan compute path
[1791307729469][info][render][code=0] Character IBL: GPU-prefiltered environment mip chain
[1791307729475][info][render][code=0] Character skinning and morph: Vulkan compute path
[1791307729797][info][editor][code=0] Imported asset: direct-model.gltf (84 vertices)
[1791307729836][info][editor][code=0] Asset reload requested; changed files: 1
[1791307729917][info][render][code=0] Character IBL: GPU-prefiltered environment mip chain
[1791307729960][info][render][code=0] Character skinning and morph: Vulkan compute path
[1791307729964][info][editor][code=0] Renderer resources reloaded
[1791307730097][info][render][code=0] Character IBL: GPU-prefiltered environment mip chain
[1791307730101][info][render][code=0] Character skinning and morph: Vulkan compute path
[1791307730552][info][editor][code=0] Generated asset: assets:/articulated.gltf
[1791307730641][info][render][code=0] Character IBL: GPU-prefiltered environment mip chain
[1791307730683][info][render][code=0] Character skinning and morph: Vulkan compute path
[1791307730687][info][editor][code=0] Renderer resources reloaded
[1791307730850][info][editor][code=0] Generated asset: assets:/articulated-graph.json
[1791307730925][info][render][code=0] Character IBL: GPU-prefiltered environment mip chain
[1791307730973][info][render][code=0] Character skinning and morph: Vulkan compute path
[1791307730977][info][editor][code=0] Renderer resources reloaded
[1791307731149][info][render][code=0] Character IBL: GPU-prefiltered environment mip chain
[1791307731155][info][render][code=0] Character skinning and morph: Vulkan compute path
[1791307731456][info][editor][code=0] Opened scene: exploration
[1791307731469][info][editor][code=0] Selected node: Placed Object
[1791307731527][info][editor][code=0] Asset reload requested; changed files: 1
[1791307731605][info][render][code=0] Character IBL: GPU-prefiltered environment mip chain
[1791307731665][info][render][code=0] Character skinning and morph: Vulkan compute path
[1791307731670][info][editor][code=0] Renderer resources reloaded
[1791307731706][info][editor][code=0] Opened scene: exploration
[1791307731793][info][editor][code=0] Opened scene: exploration
[1791307731872][info][editor][code=0] Opened scene: exploration
[1791307731969][info][editor][code=0] Opened scene: exploration
[1791307732076][info][editor][code=0] Opened scene: exploration
[1791307732153][info][editor][code=0] Opened scene: exploration
[1791307732160][info][editor][code=0] Selected node: Placed Object
[1791307732216][info][editor][code=0] Asset reload requested; changed files: 0
[1791307732296][info][render][code=0] Character IBL: GPU-prefiltered environment mip chain
[1791307732358][info][render][code=0] Character skinning and morph: Vulkan compute path
[1791307732362][info][editor][code=0] Renderer resources reloaded
[1791307732405][info][editor][code=0] Opened scene: exploration
[1791307732498][info][editor][code=0] Opened scene: exploration
[1791307732591][info][editor][code=0] Opened scene: exploration
[1791307732692][info][editor][code=0] Opened scene: exploration
[1791307732794][info][editor][code=0] Opened scene: exploration
[1791307733572][info][editor][code=0] Generated asset: assets:/model-proposal.gltf
[1791307733676][info][render][code=0] Character IBL: GPU-prefiltered environment mip chain
[1791307733741][info][render][code=0] Character skinning and morph: Vulkan compute path
[1791307733744][info][editor][code=0] Renderer resources reloaded
[1791307734499][info][editor][code=0] Generated asset: assets:/rig-proposal.gltf
[1791307734604][info][render][code=0] Character IBL: GPU-prefiltered environment mip chain
[1791307734664][info][render][code=0] Character skinning and morph: Vulkan compute path
[1791307734668][info][editor][code=0] Renderer resources reloaded
[1791307734801][info][editor][code=0] Saved scene: D:\Assigment\2609\FYP\Project\AzureRender\build\evolution\g10\host-reopen-diagnostic\exploration\Procedural Project with spaces\assets\exploration.azurelevel
[1791307734990][info][editor][code=0] Reloaded scene: exploration
RELOAD_DIAGNOSTIC [{"op":"replace","path":"/nodes/14/id","value":"procedural-rig-0"},{"op":"replace","path":"/nodes/14/instanceOf","value":""},{"op":"replace","path":"/nodes/14/name","value":"Placed Object"},{"op":"replace","path":"/nodes/14/prefabSource","value":""},{"op":"replace","path":"/nodes/14/resourceId","value":"66758417-2fc8-40db-a418-428db0c07db1"},{"op":"replace","path":"/nodes/14/translation/2","value":-2.0},{"op":"replace","path":"/nodes/15/id","value":"procedural-rig-1"},{"op":"replace","path":"/nodes/15/instanceOf","value":""},{"op":"replace","path":"/nodes/15/name","value":"Placed Object"},{"op":"replace","path":"/nodes/15/prefabSource","value":""},{"op":"replace","path":"/nodes/15/resourceId","value":"66758417-2fc8-40db-a418-428db0c07db1"},{"op":"replace","path":"/nodes/15/translation/0","value":2.0},{"op":"replace","path":"/nodes/15/translation/2","value":-2.0},{"op":"replace","path":"/nodes/16/id","value":"hero:body"},{"op":"replace","path":"/nodes/16/name","value":"hero:body"},{"op":"replace","path":"/nodes/16/prefabSource","value":"assets:/prefabs/hero.azureprefab"},{"op":"replace","path":"/nodes/16/resourceId","value":"hero:mesh"},{"op":"replace","path":"/nodes/16/scale/0","value":1.0},{"op":"replace","path":"/nodes/16/scale/1","value":1.0},{"op":"replace","path":"/nodes/16/scale/2","value":1.0},{"op":"replace","path":"/nodes/16/translation/1","value":0.0},{"op":"replace","path":"/nodes/16/translation/2","value":0.0},{"op":"replace","path":"/nodes/17/id","value":"guide:body"},{"op":"replace","path":"/nodes/17/name","value":"guide:body"},{"op":"replace","path":"/nodes/17/prefabSource","value":"assets:/prefabs/guide.azureprefab"},{"op":"replace","path":"/nodes/17/resourceId","value":"guide:mesh"},{"op":"replace","path":"/nodes/17/scale/0","value":1.0},{"op":"replace","path":"/nodes/17/scale/1","value":1.0},{"op":"replace","path":"/nodes/17/scale/2","value":1.0},{"op":"replace","path":"/nodes/17/translation/0","value":-1.0},{"op":"replace","path":"/nodes/17/translation/1","value":0.0},{"op":"replace","path":"/nodes/17/translation/2","value":-1.0},{"op":"replace","path":"/nodes/17/visible","value":true},{"op":"replace","path":"/nodes/18/id","value":"door:body"},{"op":"replace","path":"/nodes/18/name","value":"door:body"},{"op":"replace","path":"/nodes/18/prefabSource","value":"assets:/prefabs/door.azureprefab"},{"op":"replace","path":"/nodes/18/resourceId","value":"door:mesh"},{"op":"replace","path":"/nodes/18/scale/0","value":2.5},{"op":"replace","path":"/nodes/18/scale/1","value":1.5},{"op":"replace","path":"/nodes/18/scale/2","value":0.20000000298023224},{"op":"replace","path":"/nodes/18/translation/0","value":0.0},{"op":"replace","path":"/nodes/18/translation/1","value":1.5},{"op":"replace","path":"/nodes/18/translation/2","value":-290.0},{"op":"replace","path":"/nodes/19/id","value":"checkpoint:body"},{"op":"replace","path":"/nodes/19/name","value":"checkpoint:body"},{"op":"replace","path":"/nodes/19/prefabSource","value":"assets:/prefabs/checkpoint.azureprefab"},{"op":"replace","path":"/nodes/19/resourceId","value":"checkpoint:mesh"},{"op":"replace","path":"/nodes/19/scale/0","value":3.0},{"op":"replace","path":"/nodes/19/scale/1","value":2.0},{"op":"replace","path":"/nodes/19/scale/2","value":2.0},{"op":"replace","path":"/nodes/19/translation/0","value":0.0},{"op":"replace","path":"/nodes/19/translation/1","value":1.0},{"op":"replace","path":"/nodes/19/translation/2","value":-165.0},{"op":"replace","path":"/nodes/19/visible","value":false},{"op":"replace","path":"/nodes/20/id","value":"artifact-0:body"},{"op":"replace","path":"/nodes/20/name","value":"artifact-0:body"},{"op":"replace","path":"/nodes/20/resourceId","value":"artifact-0:mesh"},{"op":"replace","path":"/nodes/20/translation/2","value":-50.0},{"op":"replace","path":"/nodes/21/id","value":"artifact-1:body"},{"op":"replace","path":"/nodes/21/instanceOf","value":"body"},{"op":"replace","path":"/nodes/21/name","value":"artifact-1:body"},{"op":"replace","path":"/nodes/21/prefabSource","value":"assets:/prefabs/collectible.azureprefab"},{"op":"replace","path":"/nodes/21/resourceId","value":"artifact-1:mesh"},{"op":"replace","path":"/nodes/21/scale/0","value":0.30000001192092896},{"op":"replace","path":"/nodes/21/scale/1","value":0.44999998807907104},{"op":"replace","path":"/nodes/21/scale/2","value":0.30000001192092896},{"op":"replace","path":"/nodes/21/translation/0","value":14.0},{"op":"replace","path":"/nodes/21/translation/1","value":0.44999998807907104},{"op":"replace","path":"/nodes/21/translation/2","value":-130.0},{"op":"replace","path":"/nodes/22/id","value":"artifact-2:body"},{"op":"replace","path":"/nodes/22/instanceOf","value":"body"},{"op":"replace","path":"/nodes/22/name","value":"artifact-2:body"},{"op":"replace","path":"/nodes/22/prefabSource","value":"assets:/prefabs/collectible.azureprefab"},{"op":"replace","path":"/nodes/22/resourceId","value":"artifact-2:mesh"},{"op":"replace","path":"/nodes/22/scale/0","value":0.30000001192092896},{"op":"replace","path":"/nodes/22/scale/1","value":0.44999998807907104},{"op":"replace","path":"/nodes/22/scale/2","value":0.30000001192092896},{"op":"replace","path":"/nodes/22/translation/0","value":-14.0},{"op":"replace","path":"/nodes/22/translation/1","value":0.44999998807907104},{"op":"replace","path":"/nodes/22/translation/2","value":-210.0},{"op":"replace","path":"/resources/2/id","value":"426d5310-75ab-47fd-ba53-3dde6d5b9fa8"},{"op":"replace","path":"/resources/2/path","value":"D:/Assigment/2609/FYP/Project/AzureRender/build/evolution/g10/host-reopen-diagnostic/exploration/Procedural Project with spaces/assets/imports/asset-21026883996300-1/direct-model.gltf"},{"op":"replace","path":"/resources/3/id","value":"66758417-2fc8-40db-a418-428db0c07db1"},{"op":"replace","path":"/resources/3/path","value":"D:/Assigment/2609/FYP/Project/AzureRender/build/evolution/g10/host-reopen-diagnostic/exploration/Procedural Project with spaces/assets/articulated.gltf"},{"op":"replace","path":"/resources/4/id","value":"hero:mesh"},{"op":"replace","path":"/resources/4/path","value":"D:/Assigment/2609/FYP/Project/AzureRender/build/evolution/g10/host-reopen-diagnostic/exploration/Procedural Project with spaces/assets/hero.gltf"},{"op":"replace","path":"/resources/5/id","value":"guide:mesh"},{"op":"replace","path":"/resources/5/path","value":"D:/Assigment/2609/FYP/Project/AzureRender/build/evolution/g10/host-reopen-diagnostic/exploration/Procedural Project with spaces/assets/guide.gltf"},{"op":"replace","path":"/resources/6/id","value":"door:mesh"},{"op":"replace","path":"/resources/7/id","value":"checkpoint:mesh"},{"op":"replace","path":"/resources/8/id","value":"artifact-0:mesh"},{"op":"replace","path":"/resources/9/id","value":"artifact-1:mesh"},{"op":"replace","path":"/resources/9/path","value":"D:/Assigment/2609/FYP/Project/AzureRender/build/evolution/g10/host-reopen-diagnostic/exploration/Procedural Project with spaces/assets/cube.gltf"},{"op":"replace","path":"/resources/10/id","value":"artifact-2:mesh"},{"op":"replace","path":"/resources/10/path","value":"D:/Assigment/2609/FYP/Project/AzureRender/build/evolution/g10/host-reopen-diagnostic/exploration/Procedural Project with spaces/assets/cube.gltf"}]
[1791307735043][info][editor][code=0] Asset reload requested; changed files: 0
[1791307735136][info][render][code=0] Character IBL: GPU-prefiltered environment mip chain
[1791307735196][info][render][code=0] Character skinning and morph: Vulkan compute path
[1791307735200][info][editor][code=0] Renderer resources reloaded
