[1/77] Linking CXX executable AzureProjectTests.exe
[2/77] Linking CXX executable AzureHotReloadTests.exe
[3/77] Linking CXX executable AzureGameplayPresentationTests.exe
[4/77] Linking CXX executable AzurePlayableQuestTests.exe
[5/77] Linking CXX executable AzureEngineSettingsTests.exe
[6/77] Linking CXX executable AzurePhysicsInputTests.exe
[7/77] Linking CXX executable AzureRigTextTests.exe
[8/77] Building CXX object CMakeFiles\AzureRenderExtensionRegistryTests.dir\tests\ExtensionRegistryTests.cpp.obj
[9/77] Linking CXX executable AzureProceduralProcessTests.exe
[10/77] Building CXX object CMakeFiles\AzureRenderNullRhiPassTests.dir\src\scenes\BlackholeSceneRenderer.cpp.obj
cl: 命令行 warning D9025 :正在重写“/DNDEBUG”(用“/UNDEBUG”)
[11/77] Linking CXX executable AzureUiFoundationTests.exe
[12/77] Linking CXX executable AzureLocomotionTests.exe
[13/77] Linking CXX executable AzureProceduralGeometryTests.exe
[14/77] Building CXX object CMakeFiles\AzureThumbnailTests.dir\tests\ThumbnailTests.cpp.obj
[15/77] Linking CXX executable AzureValidationProbe.exe
[16/77] Linking CXX executable AzureObservationTests.exe
[17/77] Linking CXX executable AzureGenerationManifestTests.exe
[18/77] Linking CXX executable AzureComponentRegistryTests.exe
[19/77] Linking CXX executable AzureModuleAssemblyTests.exe
[20/77] Linking CXX executable AzureThumbnailTests.exe
[21/77] Linking CXX executable AzureSystemCompositionTests.exe
[22/77] Building CXX object CMakeFiles\AzureRenderFrameTaskSchedulerTests.dir\tests\FrameTaskSchedulerTests.cpp.obj
[23/77] Building CXX object CMakeFiles\AzureRenderViewTests.dir\tests\RenderViewTests.cpp.obj
[24/77] Linking CXX executable AzureGameUiRendererTests.exe
[25/77] Linking CXX executable AzureGameUiTests.exe
[26/77] Linking CXX executable AzureEditorWorkspaceTests.exe
[27/77] Building CXX object CMakeFiles\AzurePresentationRuntimeTests.dir\tests\PresentationRuntimeTests.cpp.obj
[28/77] Building CXX object CMakeFiles\AzureRenderNullRhiPassTests.dir\tests\NullRhiPassTests.cpp.obj
cl: 命令行 warning D9025 :正在重写“/DNDEBUG”(用“/UNDEBUG”)
[29/77] Linking CXX executable AzureInteractionTests.exe
[30/77] Linking CXX executable AzureBrowRegionTests.exe
[31/77] Linking CXX executable AzureThirdPersonTests.exe
[32/77] Building CXX object CMakeFiles\AzurePlayerHost.dir\src\app\AzureRenderDevtools.cpp.obj
[33/77] Linking CXX executable AzureScriptRuntimeTests.exe
[34/77] Linking CXX executable AzureRenderViewTests.exe
[35/77] Linking CXX executable AzureAnimationPoseTests.exe
[36/77] Building CXX object CMakeFiles\AzurePlayerHost.dir\src\app\AzureRenderResources.cpp.obj
[37/77] Linking CXX executable AzureScriptEntityTests.exe
[38/77] Linking CXX executable AzureAssetLevelTests.exe
[39/77] Linking CXX executable AzureSceneVisibilityTests.exe
[40/77] Linking CXX executable AzureRenderFrameTaskSchedulerTests.exe
[41/77] Linking CXX executable AzureRenderExtensionRegistryTests.exe
[42/77] Linking CXX executable AzureRuntimeLifecycleTests.exe
[43/77] Building CXX object CMakeFiles\AzurePlayerHost.dir\src\app\AzureRenderDescriptors.cpp.obj
[44/77] Building CXX object CMakeFiles\AzureRenderNullRhiPassTests.dir\src\scenes\CharacterSceneRenderer.cpp.obj
cl: 命令行 warning D9025 :正在重写“/DNDEBUG”(用“/UNDEBUG”)
[45/77] Building CXX object CMakeFiles\AzurePlayerHost.dir\src\app\AzureRenderSettings.cpp.obj
[46/77] Building CXX object CMakeFiles\AzurePlayerHost.dir\src\app\AzureRenderGameplay.cpp.obj
[47/77] Building CXX object CMakeFiles\AzurePlayerHost.dir\src\app\AzureRenderPipeline.cpp.obj
[48/77] Linking CXX executable AzurePresentationRuntimeTests.exe
[49/77] Building CXX object CMakeFiles\AzureRenderEditorSessionTests.dir\tests\EditorSessionTests.cpp.obj
[50/77] Building CXX object CMakeFiles\AzurePlayerHost.dir\src\app\AzureRenderSupport.cpp.obj
[51/77] Building CXX object CMakeFiles\AzurePanelContextTests.dir\tests\PanelContextTests.cpp.obj
[52/77] Linking CXX executable AzureRenderNullRhiPassTests.exe
[53/77] Building CXX object CMakeFiles\AzurePlayerHost.dir\src\app\AzureRenderCapture.cpp.obj
[54/77] Building CXX object CMakeFiles\AzureEditTransactionTests.dir\tests\EditTransactionTests.cpp.obj
[55/77] Building CXX object CMakeFiles\AzureEditorObservationTests.dir\tests\EditorObservationTests.cpp.obj
[56/77] Building CXX object CMakeFiles\AzureRegisteredComponentWorkflowTests.dir\tests\RegisteredComponentWorkflowTests.cpp.obj
[57/77] Linking CXX executable AzureRenderEditorSessionTests.exe
[58/77] Building CXX object CMakeFiles\AzurePlayer.dir\src\player\main.cpp.obj
[59/77] Building CXX object CMakeFiles\AzureRegisteredComponentHost.dir\src\main.cpp.obj
[60/77] Building CXX object CMakeFiles\AzureEditServiceTests.dir\tests\EditServiceTests.cpp.obj
[61/77] Linking CXX executable AzurePanelContextTests.exe
[62/77] Building CXX object CMakeFiles\AzureProposalControllerTests.dir\tests\ProposalControllerTests.cpp.obj
[63/77] Building CXX object CMakeFiles\AzurePlayerHost.dir\src\app\AzureRenderFrame.cpp.obj
[64/77] Linking CXX executable AzureEditTransactionTests.exe
[65/77] Linking CXX executable AzureEditorObservationTests.exe
[66/77] Linking CXX executable AzureRegisteredComponentWorkflowTests.exe
[67/77] Building CXX object CMakeFiles\AzureEditorWorkflowTests.dir\tests\EditorWorkflowTests.cpp.obj
[68/77] Building CXX object CMakeFiles\AzurePlayerHost.dir\src\app\AzureRenderValidation.cpp.obj
[69/77] Linking CXX executable AzureProposalControllerTests.exe
[70/77] Linking CXX executable AzureEditServiceTests.exe
[71/77] Building CXX object CMakeFiles\AzureProposalAdapterTests.dir\tests\ProposalAdapterTests.cpp.obj
[72/77] Linking CXX executable AzureRegisteredComponentHost.exe
[73/77] Linking CXX executable AzureEditorWorkflowTests.exe
[74/77] Linking CXX executable AzureProposalAdapterTests.exe
[75/77] Building CXX object CMakeFiles\AzurePlayerHost.dir\src\app\AzureRenderApp.cpp.obj
[76/77] Linking CXX static library AzurePlayerHost.lib
[77/77] Linking CXX executable AzurePlayer.exe
{"status": "passed", "manifest": "build\\ninja-msvc-release\\build-provenance.json"}
