
 │  ⚠  Warning from the Material for MkDocs team
 │
 │  MkDocs 2.0, the underlying framework of Material for MkDocs,
 │  will introduce backward-incompatible changes, including:
 │
 │  × All plugins will stop working – the plugin system has been removed
 │  × All theme overrides will break – the theming system has been rewritten
 │  × No migration path exists – existing projects cannot be upgraded
 │  × Closed contribution model – community members can't report bugs
 │  × Currently unlicensed – unsuitable for production use
 │
 │  Our full analysis:
 │
 │  https://squidfunk.github.io/mkdocs-material/blog/2026/02/18/mkdocs-2.0/

INFO    -  Cleaning site directory
INFO    -  Building documentation to directory: D:\Assigment\2609\FYP\Project\AzureRender\build\evolution\g10\site-final
INFO    -  The following pages exist in the docs directory, but are not included in the "nav" configuration:
  - acceptance\r7\2026-10-06.md
  - audits\2026-10-03-blackhole-performance.md
  - plans\2026-10-03-r3-completion.md
  - plans\2026-10-03-r4-execution.md
  - plans\2026-10-04-playable-execution.md
  - plans\g1-implementation.md
  - plans\g2-implementation.md
  - plans\g3-implementation.md
  - plans\g4-implementation.md
INFO    -  Documentation built in 3.77 seconds
