[1791339856986][info][gpu][code=0] GPU capability report: captures\gpu_capabilities.json
[1791339857245][info][render][code=0] Character texture access: indexed, requested slots=59, stage sampler limit=1048576
[1791339857261][info][render][code=0] Character IBL: GPU-prefiltered environment mip chain
[1791339857275][info][render][code=0] Character skinning and morph: Vulkan compute path
[1791339857377][info][runtime][code=0] Level committed: exploration
[1791339864943][info][runtime][code=0] Level committed: exploration
[1791339865792][info][runtime][code=0] Level committed: alternate
[1791339871900][info][runtime][code=0] Level committed: exploration
[1791339872135][info][runtime][code=0] Level committed: exploration
[1791339877518][info][runtime][code=0] Level committed: exploration
[1791339878633][info][runtime][code=0] Level committed: alternate
[1791339884715][info][runtime][code=0] Level committed: exploration
[1791339884948][info][runtime][code=0] Level committed: exploration
[1791339890398][info][runtime][code=0] Level committed: exploration
[1791339891533][info][runtime][code=0] Level committed: alternate
[1791339897701][info][runtime][code=0] Level committed: exploration
[1791339897951][info][runtime][code=0] Level committed: exploration
[1791339903468][info][runtime][code=0] Level committed: exploration
[1791339904634][info][runtime][code=0] Level committed: alternate
[1791339910933][info][runtime][code=0] Level committed: exploration
[1791339911167][info][runtime][code=0] Level committed: exploration
[1791339916800][info][runtime][code=0] Level committed: exploration
[1791339917969][info][runtime][code=0] Level committed: alternate
[1791339924357][info][runtime][code=0] Level committed: exploration
[1791339924608][info][runtime][code=0] Level committed: exploration
[1791339930324][info][runtime][code=0] Level committed: exploration
[1791339931528][info][runtime][code=0] Level committed: alternate
[1791339938044][info][runtime][code=0] Level committed: exploration
[1791339938293][info][runtime][code=0] Level committed: exploration
[1791339944061][info][runtime][code=0] Level committed: exploration
[1791339945261][info][runtime][code=0] Level committed: alternate
