Internal ctest changing into directory: D:/Assigment/2609/FYP/Project/AzureRender/build/ninja-msvc-debug
Test project D:/Assigment/2609/FYP/Project/AzureRender/build/ninja-msvc-debug
  Test   #1: AzureEditor.Observation
  Test   #2: AzureTools.Cli
  Test   #3: AzureEditor.ObservationHost
  Test   #4: AzureAssets.GenerationManifest
  Test   #5: AzureTools.ValidationProtocol
  Test   #6: AzureEngine.Observation
  Test   #7: AzureEditor.EditService
  Test   #8: AzureEditor.EditTransaction
  Test   #9: AzureEngine.SystemComposition
  Test  #10: AzureEngine.SceneInspectorHost
  Test  #11: AzureEngine.ModuleAssembly
  Test  #12: AzureEngine.ComponentRegistry
  Test  #13: AzureEngine.MetadataGeneration
  Test  #14: AzureEngine.RegisteredComponentWorkflow
  Test  #15: AzureEngine.RegisteredComponentHost
  Test  #16: AzureEngine.ModuleBoundaryFixtures
  Test  #17: AzureEngine.ModuleBoundaries
  Test  #18: AzureEngine.GameUiRenderer
  Test  #19: AzureEngine.GameUi
  Test  #20: AzureEditor.Workspace
  Test  #21: AzureEngine.EditorWorkflow
  Test  #22: AzureEngine.PresentationRuntime
  Test  #23: AzureEngine.GameplayPresentation
  Test  #24: AzureEngine.ScriptRuntime
  Test  #25: AzureEngine.ThirdPerson
  Test  #26: AzureEngine.Locomotion
  Test  #27: AzureEngine.Interaction
  Test  #28: AzureEngine.ScriptEntities
  Test  #29: AzureEngine.PlayableQuest
  Test  #30: AzureRender.AnimationPose
  Test  #31: AzureRender.BrowRegions
  Test  #32: AzureEngine.PhysicsInput
  Test  #33: AzureEngine.AssetLevel
  Test  #34: AzureEngine.Reflection
  Test  #35: AzureRender.SceneVisibility
  Test  #36: AzureEngine.RepositoryAudit
  Test  #37: AzureRender.SceneVisibilityGpu
  Test  #38: AzureEngine.PublicGait
  Test  #39: AzureEngine.LocomotionPlayer
  Test  #40: AzureEngine.AnimationRetarget
  Test  #41: AzureEngine.SourceSkinRestore
  Test  #42: AzureEngine.GamePackageRules
  Test  #43: AzureEngine.PlayableDeliveryRules
  Test  #44: AzureEngine.BuildConfiguration
  Test  #45: AzureEngine.BuildProvenance
  Test  #46: AzureEngine.CharacterIntake
  Test  #47: AzureEngine.CharacterPreparation
  Test  #48: AzureEditor.WorkspaceGpu
  Test  #49: AzureEngine.MaterialFixtureGpu
  Test  #50: AzureEngine.IndependentAnimationGpu
  Test  #51: AzureEngine.ThirdPersonPlayer
  Test  #52: AzureEngine.PlayablePlayer
  Test  #53: AzureEngine.RuntimeSpawnGpu
  Test  #54: AzureEngine.PresentationGpu
  Test  #55: AzureEngine.EditorHost
  Test  #56: AzureEngine.EditorPlayable
  Test  #57: AzureEngine.MetaGenerator
  Test  #58: AzureEngine.LevelPlayer
  Test  #59: AzureEngine.PhysicsPlayer
  Test  #60: AzureEngine.ScriptPlayer
  Test  #61: AzureEngine.Project
  Test  #62: AzureEngine.RuntimeLifecycle
  Test  #63: AzureRender.EnvironmentAsset
  Test  #64: AzureRender.RenderGraph
  Test  #65: AzureRender.TransientResourcePool
  Test  #66: AzureRender.LightBuffer
  Test  #67: AzureRender.CascadedShadow
  Test  #68: AzureRender.ClusteredLightGrid
  Test  #69: AzureRender.ComputePass
  Test  #70: AzureRender.FrameTaskScheduler
  Test  #71: AzureRender.SurfaceLifecycle
  Test  #72: AzureRender.CommandLine
  Test  #73: AzureRender.EditorCameraController
  Test  #74: AzureRender.EditorSession
  Test  #75: AzureRender.Ecs
  Test  #76: AzureRender.PickMath
  Test  #77: AzureRender.SceneModel
  Test  #78: AzureRender.RuntimeDiagnostics
  Test  #79: AzureRender.GpuCapabilityReport
  Test  #80: AzureRender.ResourceLocator
  Test  #81: AzureRender.ExtensionRegistry
  Test  #82: AzureRender.UploadRing
  Test  #83: AzureRender.NullRhi
  Test  #84: AzureRender.NullRhiPass
  Test  #85: AzureRender.SceneGraph
  Test  #86: AzureRender.VisualRegression
  Test  #87: AzureRender.VisualRegressionLegacyDescriptors
  Test  #88: AzureRender.BlackholeComputeGpu
  Test  #89: AzureRender.CharacterIblComputeGpu
  Test  #90: AzureRender.CharacterSkinningComputeGpu
  Test  #91: AzureRender.R4AcceptanceRules
  Test  #92: AzureEngine.PlayerCli
  Test  #93: AzureRender.BlackholeOptimizationRules
  Test  #94: AzureRender.R3Comparison
  Test  #95: AzureRender.R3TransparentComparison
  Test  #96: AzureRender.AuditRegressions
  Test  #97: AzureRender.VisualRegressionLegacySkinning
  Test  #98: AzureRender.CharacterMorphComputeGpu
  Test  #99: AzureRender.ClusteredLightingGpu
  Test #100: AzureRender.ReleaseGateMissingBuild
  Test #101: AzureRender.InstallManifestRoundTrip

Total Tests: 101
