{
  "device": "NVIDIA GeForce RTX 4060 Laptop GPU",
  "runs": [
    {
      "cpuRecordMeanMs": 0.027276666666666664,
      "cpuRecordSamplesMs": [
        0.031,
        0.0255,
        0.0221,
        0.0234,
        0.0244,
        0.0229,
        0.0224,
        0.0245,
        0.0226,
        0.0259,
        0.0229,
        0.0234,
        0.0251,
        0.0298,
        0.0256,
        0.0253,
        0.0534,
        0.0243,
        0.0236,
        0.0233,
        0.0234,
        0.0363,
        0.0253,
        0.0668,
        0.0273,
        0.0237,
        0.0251,
        0.0256,
        0.0218,
        0.0216
      ],
      "gpuMeanMs": 0.0041792,
      "gpuSamplesMs": [
        0.004224,
        0.004704,
        0.003904,
        0.003904,
        0.004448,
        0.003808,
        0.00432,
        0.00384,
        0.004,
        0.00368,
        0.00432,
        0.004192,
        0.004576,
        0.003872,
        0.003904,
        0.004352,
        0.004448,
        0.004512,
        0.004224,
        0.00352,
        0.004,
        0.004224,
        0.004608,
        0.003776,
        0.00432,
        0.004448,
        0.003776,
        0.004544,
        0.004704,
        0.004224
      ],
      "instances": 100,
      "prototype": false,
      "samples": 30,
      "visible": 75
    },
    {
      "cpuRecordMeanMs": 0.03533666666666666,
      "cpuRecordSamplesMs": [
        0.0599,
        0.039,
        0.0339,
        0.0308,
        0.0302,
        0.03,
        0.0288,
        0.0261,
        0.0263,
        0.0262,
        0.0807,
        0.0511,
        0.0399,
        0.0287,
        0.0351,
        0.0297,
        0.0541,
        0.0344,
        0.0341,
        0.0427,
        0.0327,
        0.0308,
        0.03,
        0.0265,
        0.0278,
        0.0304,
        0.0283,
        0.0344,
        0.0284,
        0.0291
      ],
      "gpuMeanMs": 0.004842666666666666,
      "gpuSamplesMs": [
        0.004384,
        0.004672,
        0.004928,
        0.00496,
        0.004896,
        0.004992,
        0.004928,
        0.00448,
        0.00464,
        0.00512,
        0.0048,
        0.004608,
        0.004512,
        0.004512,
        0.004768,
        0.005248,
        0.004768,
        0.004832,
        0.005312,
        0.004704,
        0.0048,
        0.005344,
        0.00496,
        0.005056,
        0.004608,
        0.005184,
        0.004544,
        0.00448,
        0.005152,
        0.005088
      ],
      "instances": 100,
      "prototype": true,
      "samples": 30,
      "visible": 75
    },
    {
      "cpuRecordMeanMs": 0.02196,
      "cpuRecordSamplesMs": [
        0.0242,
        0.0224,
        0.0217,
        0.0213,
        0.0231,
        0.0226,
        0.0221,
        0.0213,
        0.0209,
        0.0227,
        0.035,
        0.0222,
        0.0212,
        0.021,
        0.0211,
        0.0217,
        0.0214,
        0.0209,
        0.0213,
        0.0229,
        0.0223,
        0.0205,
        0.0206,
        0.021,
        0.0194,
        0.0192,
        0.0208,
        0.0219,
        0.0214,
        0.0207
      ],
      "gpuMeanMs": 0.005250133333333335,
      "gpuSamplesMs": [
        0.004992,
        0.005248,
        0.005152,
        0.004832,
        0.005792,
        0.0056,
        0.00512,
        0.00528,
        0.005024,
        0.004768,
        0.005376,
        0.005664,
        0.005536,
        0.004928,
        0.005536,
        0.004992,
        0.004864,
        0.004768,
        0.005152,
        0.005184,
        0.005664,
        0.004736,
        0.00576,
        0.005376,
        0.005728,
        0.004672,
        0.004896,
        0.005472,
        0.00576,
        0.005632
      ],
      "instances": 500,
      "prototype": false,
      "samples": 30,
      "visible": 375
    },
    {
      "cpuRecordMeanMs": 0.03723666666666667,
      "cpuRecordSamplesMs": [
        0.0293,
        0.0298,
        0.0463,
        0.049,
        0.1492,
        0.0373,
        0.0302,
        0.0286,
        0.0336,
        0.0324,
        0.0589,
        0.0284,
        0.0268,
        0.0266,
        0.0271,
        0.0282,
        0.0282,
        0.0566,
        0.0309,
        0.0272,
        0.0282,
        0.0283,
        0.0281,
        0.0317,
        0.032,
        0.0296,
        0.0305,
        0.0275,
        0.0475,
        0.0291
      ],
      "gpuMeanMs": 0.006179200000000001,
      "gpuSamplesMs": [
        0.005888,
        0.006368,
        0.005824,
        0.00576,
        0.005696,
        0.005888,
        0.006304,
        0.006336,
        0.006464,
        0.005888,
        0.005824,
        0.005984,
        0.006528,
        0.005952,
        0.006208,
        0.006304,
        0.006208,
        0.006592,
        0.006272,
        0.006112,
        0.006624,
        0.006304,
        0.006208,
        0.005792,
        0.006752,
        0.006112,
        0.006464,
        0.006272,
        0.00656,
        0.005888
      ],
      "instances": 500,
      "prototype": true,
      "samples": 30,
      "visible": 375
    },
    {
      "cpuRecordMeanMs": 0.029639999999999996,
      "cpuRecordSamplesMs": [
        0.0255,
        0.0272,
        0.0255,
        0.0231,
        0.0204,
        0.0226,
        0.0222,
        0.0213,
        0.023,
        0.0355,
        0.0254,
        0.0309,
        0.0614,
        0.0521,
        0.0232,
        0.0248,
        0.0216,
        0.0216,
        0.0212,
        0.023,
        0.0214,
        0.0565,
        0.0294,
        0.0284,
        0.0227,
        0.0231,
        0.0361,
        0.0291,
        0.0593,
        0.0317
      ],
      "gpuMeanMs": 0.0827712,
      "gpuSamplesMs": [
        0.081152,
        0.080864,
        0.08192,
        0.081408,
        0.085632,
        0.082208,
        0.083264,
        0.09168,
        0.08128,
        0.090688,
        0.081056,
        0.080576,
        0.081312,
        0.081312,
        0.081056,
        0.087392,
        0.081184,
        0.080992,
        0.08064,
        0.081696,
        0.08064,
        0.082464,
        0.081664,
        0.081696,
        0.09136,
        0.081024,
        0.08304,
        0.08112,
        0.081504,
        0.081312
      ],
      "instances": 10000,
      "prototype": false,
      "samples": 30,
      "visible": 7500
    },
    {
      "cpuRecordMeanMs": 0.03021666666666666,
      "cpuRecordSamplesMs": [
        0.0296,
        0.0326,
        0.0271,
        0.0247,
        0.0504,
        0.0296,
        0.0248,
        0.0265,
        0.0377,
        0.0656,
        0.0372,
        0.0326,
        0.0265,
        0.0269,
        0.0276,
        0.025,
        0.0255,
        0.0266,
        0.0257,
        0.0226,
        0.0286,
        0.0478,
        0.0296,
        0.0255,
        0.0268,
        0.0245,
        0.0257,
        0.0241,
        0.0249,
        0.0242
      ],
      "gpuMeanMs": 0.09677013333333333,
      "gpuSamplesMs": [
        0.094784,
        0.095168,
        0.094944,
        0.103552,
        0.096864,
        0.094336,
        0.09536,
        0.104864,
        0.109408,
        0.094976,
        0.10464,
        0.095552,
        0.095072,
        0.095584,
        0.094912,
        0.095232,
        0.094784,
        0.096672,
        0.094592,
        0.097056,
        0.095424,
        0.09536,
        0.094944,
        0.094944,
        0.098048,
        0.095648,
        0.094528,
        0.096288,
        0.094528,
        0.09504
      ],
      "instances": 10000,
      "prototype": true,
      "samples": 30,
      "visible": 7500
    }
  ],
  "schemaVersion": 1,
  "status": "passed",
  "validationErrors": 0
}
[Vulkan Loader] LAYER:          Checking for Layer Manifest files in Registry at HKEY_LOCAL_MACHINE\SOFTWARE\Khronos\Vulkan\ImplicitLayers
[Vulkan Loader] INFO | LAYER:   Located json file "C:\Program Files (x86)\Epic Games\Epic Online Services\managedArtifacts\98bc04bc842e4906993fd6d6644ffb8d\EOSOverlayVkLayer-Win64.json" from registry "HKEY_LOCAL_MACHINE\SOFTWARE\Khronos\Vulkan\ImplicitLayers"
[Vulkan Loader] INFO | LAYER:   Located json file "C:\Program Files\RenderDoc\renderdoc.json" from registry "HKEY_LOCAL_MACHINE\SOFTWARE\Khronos\Vulkan\ImplicitLayers"
[Vulkan Loader] INFO | LAYER:   Located json file "D:\Steam\SteamOverlayVulkanLayer64.json" from registry "HKEY_LOCAL_MACHINE\SOFTWARE\Khronos\Vulkan\ImplicitLayers"
[Vulkan Loader] INFO | LAYER:   Located json file "D:\Steam\SteamFossilizeVulkanLayer64.json" from registry "HKEY_LOCAL_MACHINE\SOFTWARE\Khronos\Vulkan\ImplicitLayers"
[Vulkan Loader] INFO | LAYER:   Located json file "C:\ProgramData\obs-studio-hook\obs-vulkan64.json" from registry "HKEY_CURRENT_USER\SOFTWARE\Khronos\Vulkan\ImplicitLayers"
[Vulkan Loader] INFO | LAYER:   Located json file "C:\ProgramData\obs-studio-hook\obs-vulkan32.json" from registry "HKEY_CURRENT_USER\SOFTWARE\Khronos\Vulkan\ImplicitLayers"
[Vulkan Loader] LAYER:          Checking for Layer Manifest files in Registry at HKEY_LOCAL_MACHINE\SOFTWARE\Khronos\Vulkan\ExplicitLayers
[Vulkan Loader] INFO | LAYER:   windows_get_device_registry_files: opening device ROOT\DISPLAY\0000
[Vulkan Loader] INFO | LAYER:   windows_get_device_registry_files: unable to open child-device error:13
[Vulkan Loader] INFO | LAYER:   windows_get_device_registry_files: opening device PCI\VEN_8086&DEV_A788&SUBSYS_8BAB103C&REV_04\3&11583659&0&10
[Vulkan Loader] INFO | LAYER:   windows_get_device_registry_files: Opening child device 3 - SWD\DRIVERENUM\IGCC&4&38D58666&0
[Vulkan Loader] INFO | LAYER:   windows_get_device_registry_files: Opening child device 4 - DISPLAY\BOE0B7D\4&38D58666&0&UID8388688
[Vulkan Loader] DEBUG | LAYER:  windows_get_device_registry_files: GUID for 4 is not SoftwareComponent skipping
[Vulkan Loader] INFO | LAYER:   windows_get_device_registry_files: opening device PCI\VEN_10DE&DEV_28E0&SUBSYS_8BAB103C&REV_A1\4&34cfc80f&0&0008
[Vulkan Loader] INFO | LAYER:   windows_get_device_registry_files: unable to open child-device error:13
[Vulkan Loader] LAYER:          windows_get_device_registry_files: found no registry files
[Vulkan Loader] INFO | LAYER:   Located json file "C:\VulkanSDK\1.4.350.0\Bin\VkLayer_api_dump.json" from registry "HKEY_LOCAL_MACHINE\SOFTWARE\Khronos\Vulkan\ExplicitLayers"
[Vulkan Loader] INFO | LAYER:   Located json file "C:\VulkanSDK\1.4.350.0\Bin\VkLayer_gfxreconstruct.json" from registry "HKEY_LOCAL_MACHINE\SOFTWARE\Khronos\Vulkan\ExplicitLayers"
[Vulkan Loader] INFO | LAYER:   Located json file "C:\VulkanSDK\1.4.350.0\Bin\VkLayer_khronos_synchronization2.json" from registry "HKEY_LOCAL_MACHINE\SOFTWARE\Khronos\Vulkan\ExplicitLayers"
[Vulkan Loader] INFO | LAYER:   Located json file "C:\VulkanSDK\1.4.350.0\Bin\VkLayer_khronos_validation.json" from registry "HKEY_LOCAL_MACHINE\SOFTWARE\Khronos\Vulkan\ExplicitLayers"
[Vulkan Loader] INFO | LAYER:   Located json file "C:\VulkanSDK\1.4.350.0\Bin\VkLayer_monitor.json" from registry "HKEY_LOCAL_MACHINE\SOFTWARE\Khronos\Vulkan\ExplicitLayers"
[Vulkan Loader] INFO | LAYER:   Located json file "C:\VulkanSDK\1.4.350.0\Bin\VkLayer_screenshot.json" from registry "HKEY_LOCAL_MACHINE\SOFTWARE\Khronos\Vulkan\ExplicitLayers"
[Vulkan Loader] INFO | LAYER:   Located json file "C:\VulkanSDK\1.4.350.0\Bin\VkLayer_khronos_profiles.json" from registry "HKEY_LOCAL_MACHINE\SOFTWARE\Khronos\Vulkan\ExplicitLayers"
[Vulkan Loader] INFO | LAYER:   Located json file "C:\VulkanSDK\1.4.350.0\Bin\VkLayer_khronos_shader_object.json" from registry "HKEY_LOCAL_MACHINE\SOFTWARE\Khronos\Vulkan\ExplicitLayers"
[Vulkan Loader] INFO | LAYER:   Located json file "C:\VulkanSDK\1.4.350.0\Bin\VkLayer_crash_diagnostic.json" from registry "HKEY_LOCAL_MACHINE\SOFTWARE\Khronos\Vulkan\ExplicitLayers"
[Vulkan Loader] WARNING | LAYER: env var 'VK_INSTANCE_LAYERS' defined and adding layers "VK_LAYER_KHRONOS_validation"
[Vulkan Loader] WARNING | LAYER: env var 'VK_INSTANCE_LAYERS' defined and adding layers "VK_LAYER_KHRONOS_validation"
[Vulkan Loader] DEBUG | LAYER:  Loading layer library C:\VulkanSDK\1.4.350.0\Bin\.\VkLayer_khronos_validation.dll
[Vulkan Loader] INFO | LAYER:   Insert instance layer "VK_LAYER_KHRONOS_validation" (C:\VulkanSDK\1.4.350.0\Bin\VkLayer_khronos_validation.dll)
[Vulkan Loader] DEBUG | LAYER:  Loading layer library C:\ProgramData\obs-studio-hook\.\graphics-hook64.dll
[Vulkan Loader] INFO | LAYER:   Insert instance layer "VK_LAYER_OBS_HOOK" (C:\ProgramData\obs-studio-hook\graphics-hook64.dll)
[Vulkan Loader] DEBUG | LAYER:  Loading layer library C:\WINDOWS\System32\DriverStore\FileRepository\nvhmsi.inf_amd64_5ec4b201b8059b6f\.\nvoglv64.dll
[Vulkan Loader] INFO | LAYER:   Insert instance layer "VK_LAYER_NV_present" (C:\WINDOWS\System32\DriverStore\FileRepository\nvhmsi.inf_amd64_5ec4b201b8059b6f\nvoglv64.dll)
[Vulkan Loader] DEBUG | LAYER:  Loading layer library C:\WINDOWS\System32\DriverStore\FileRepository\nvhmsi.inf_amd64_5ec4b201b8059b6f\.\nvoglv64.dll
[Vulkan Loader] INFO | LAYER:   Insert instance layer "VK_LAYER_NV_optimus" (C:\WINDOWS\System32\DriverStore\FileRepository\nvhmsi.inf_amd64_5ec4b201b8059b6f\nvoglv64.dll)
[Vulkan Loader] LAYER:          vkCreateInstance layer callstack setup to:
[Vulkan Loader] LAYER:             <Application>
[Vulkan Loader] LAYER:               ||
[Vulkan Loader] LAYER:             <Loader>
[Vulkan Loader] LAYER:               ||
[Vulkan Loader] LAYER:             VK_LAYER_NV_optimus
[Vulkan Loader] LAYER:                     Type: Implicit
[Vulkan Loader] LAYER:                     Enabled By: Implicit Layer
[Vulkan Loader] LAYER:                         Disable Env Var:  DISABLE_LAYER_NV_OPTIMUS_1
[Vulkan Loader] LAYER:                     Manifest: C:\WINDOWS\System32\DriverStore\FileRepository\nvhmsi.inf_amd64_5ec4b201b8059b6f\nv-vk64.json
[Vulkan Loader] LAYER:                     Library:  C:\WINDOWS\System32\DriverStore\FileRepository\nvhmsi.inf_amd64_5ec4b201b8059b6f\nvoglv64.dll
[Vulkan Loader] LAYER:               ||
[Vulkan Loader] LAYER:             VK_LAYER_NV_present
[Vulkan Loader] LAYER:                     Type: Implicit
[Vulkan Loader] LAYER:                     Enabled By: Implicit Layer
[Vulkan Loader] LAYER:                         Disable Env Var:  DISABLE_LAYER_NV_PRESENT_1
[Vulkan Loader] LAYER:                     Manifest: C:\WINDOWS\System32\DriverStore\FileRepository\nvhmsi.inf_amd64_5ec4b201b8059b6f\nv-vk64.json
[Vulkan Loader] LAYER:                     Library:  C:\WINDOWS\System32\DriverStore\FileRepository\nvhmsi.inf_amd64_5ec4b201b8059b6f\nvoglv64.dll
[Vulkan Loader] LAYER:               ||
[Vulkan Loader] LAYER:             VK_LAYER_OBS_HOOK
[Vulkan Loader] LAYER:                     Type: Implicit
[Vulkan Loader] LAYER:                     Enabled By: Implicit Layer
[Vulkan Loader] LAYER:                         Disable Env Var:  DISABLE_VULKAN_OBS_CAPTURE
[Vulkan Loader] LAYER:                     Manifest: C:\ProgramData\obs-studio-hook\obs-vulkan64.json
[Vulkan Loader] LAYER:                     Library:  C:\ProgramData\obs-studio-hook\graphics-hook64.dll
[Vulkan Loader] LAYER:               ||
[Vulkan Loader] LAYER:             VK_LAYER_KHRONOS_validation
[Vulkan Loader] LAYER:                     Type: Explicit
[Vulkan Loader] LAYER:                     Enabled By: Environment Variable VK_INSTANCE_LAYERS
[Vulkan Loader] LAYER:                     Manifest: C:\VulkanSDK\1.4.350.0\Bin\VkLayer_khronos_validation.json
[Vulkan Loader] LAYER:                     Library:  C:\VulkanSDK\1.4.350.0\Bin\VkLayer_khronos_validation.dll
[Vulkan Loader] LAYER:               ||
[Vulkan Loader] LAYER:             <Drivers>
[Vulkan Loader] INFO | LAYER:   Inserted device layer "VK_LAYER_KHRONOS_validation" (C:\VulkanSDK\1.4.350.0\Bin\VkLayer_khronos_validation.dll)
[Vulkan Loader] INFO | LAYER:   Inserted device layer "VK_LAYER_OBS_HOOK" (C:\ProgramData\obs-studio-hook\graphics-hook64.dll)
[Vulkan Loader] INFO | LAYER:   Inserted device layer "VK_LAYER_NV_present" (C:\WINDOWS\System32\DriverStore\FileRepository\nvhmsi.inf_amd64_5ec4b201b8059b6f\nvoglv64.dll)
[Vulkan Loader] INFO | LAYER:   Inserted device layer "VK_LAYER_NV_optimus" (C:\WINDOWS\System32\DriverStore\FileRepository\nvhmsi.inf_amd64_5ec4b201b8059b6f\nvoglv64.dll)
[Vulkan Loader] DRIVER:         vkCreateDevice layer callstack setup to:
[Vulkan Loader] DRIVER:            <Application>
[Vulkan Loader] DRIVER:              ||
[Vulkan Loader] DRIVER:            <Loader>
[Vulkan Loader] DRIVER:              ||
[Vulkan Loader] LAYER:             VK_LAYER_NV_optimus
[Vulkan Loader] LAYER:                     Type: Implicit
[Vulkan Loader] LAYER:                     Enabled By: Implicit Layer
[Vulkan Loader] LAYER:                         Disable Env Var:  DISABLE_LAYER_NV_OPTIMUS_1
[Vulkan Loader] LAYER:                     Manifest: C:\WINDOWS\System32\DriverStore\FileRepository\nvhmsi.inf_amd64_5ec4b201b8059b6f\nv-vk64.json
[Vulkan Loader] LAYER:                     Library:  C:\WINDOWS\System32\DriverStore\FileRepository\nvhmsi.inf_amd64_5ec4b201b8059b6f\nvoglv64.dll
[Vulkan Loader] LAYER:               ||
[Vulkan Loader] LAYER:             VK_LAYER_NV_present
[Vulkan Loader] LAYER:                     Type: Implicit
[Vulkan Loader] LAYER:                     Enabled By: Implicit Layer
[Vulkan Loader] LAYER:                         Disable Env Var:  DISABLE_LAYER_NV_PRESENT_1
[Vulkan Loader] LAYER:                     Manifest: C:\WINDOWS\System32\DriverStore\FileRepository\nvhmsi.inf_amd64_5ec4b201b8059b6f\nv-vk64.json
[Vulkan Loader] LAYER:                     Library:  C:\WINDOWS\System32\DriverStore\FileRepository\nvhmsi.inf_amd64_5ec4b201b8059b6f\nvoglv64.dll
[Vulkan Loader] LAYER:               ||
[Vulkan Loader] LAYER:             VK_LAYER_OBS_HOOK
[Vulkan Loader] LAYER:                     Type: Implicit
[Vulkan Loader] LAYER:                     Enabled By: Implicit Layer
[Vulkan Loader] LAYER:                         Disable Env Var:  DISABLE_VULKAN_OBS_CAPTURE
[Vulkan Loader] LAYER:                     Manifest: C:\ProgramData\obs-studio-hook\obs-vulkan64.json
[Vulkan Loader] LAYER:                     Library:  C:\ProgramData\obs-studio-hook\graphics-hook64.dll
[Vulkan Loader] LAYER:               ||
[Vulkan Loader] LAYER:             VK_LAYER_KHRONOS_validation
[Vulkan Loader] LAYER:                     Type: Explicit
[Vulkan Loader] LAYER:                     Enabled By: Environment Variable VK_INSTANCE_LAYERS
[Vulkan Loader] LAYER:                     Manifest: C:\VulkanSDK\1.4.350.0\Bin\VkLayer_khronos_validation.json
[Vulkan Loader] LAYER:                     Library:  C:\VulkanSDK\1.4.350.0\Bin\VkLayer_khronos_validation.dll
[Vulkan Loader] LAYER:               ||
[Vulkan Loader] DRIVER:            <Device>
[Vulkan Loader] DRIVER:                Using "NVIDIA GeForce RTX 4060 Laptop GPU" with driver: "C:\WINDOWS\System32\DriverStore\FileRepository\nvhmsi.inf_amd64_5ec4b201b8059b6f\nvoglv64.dll"
[Vulkan Loader] DEBUG | LAYER:  Unloading layer library C:\WINDOWS\System32\DriverStore\FileRepository\nvhmsi.inf_amd64_5ec4b201b8059b6f\nvoglv64.dll
[Vulkan Loader] DEBUG | LAYER:  Unloading layer library C:\WINDOWS\System32\DriverStore\FileRepository\nvhmsi.inf_amd64_5ec4b201b8059b6f\nvoglv64.dll
[Vulkan Loader] DEBUG | LAYER:  Unloading layer library C:\ProgramData\obs-studio-hook\graphics-hook64.dll
[Vulkan Loader] DEBUG | LAYER:  Unloading layer library C:\VulkanSDK\1.4.350.0\Bin\VkLayer_khronos_validation.dll
