[1791387792056][info][editor][code=0] Opened scene: exploration
[1791387792341][info][gpu][code=0] GPU capability report: D:\Assigment\2609\FYP\Project\AzureRender\build\ux-audit\2026-10-07\scale-then-w\capture\gpu_capabilities.json
[1791387792601][info][render][code=0] Character texture access: indexed, requested slots=59, stage sampler limit=1048576
[1791387792617][info][render][code=0] Character IBL: GPU-prefiltered environment mip chain
[1791387792627][info][render][code=0] Character skinning and morph: Vulkan compute path
[1791387792631][info][editor][code=0] Opened scene: exploration
[1791387792632][info][editor][code=0] Selected node: hero:body
[1791387792662][info][editor][code=0] Asset reload requested; changed files: 0
[1791387792668][info][render][code=0] Character texture access: indexed, requested slots=59, stage sampler limit=1048576
[1791387792683][info][render][code=0] Character IBL: GPU-prefiltered environment mip chain
[1791387792694][info][render][code=0] Character skinning and morph: Vulkan compute path
[1791387792696][info][editor][code=0] Renderer resources reloaded
[1791387792849][info][capture][code=0] Capture progress: 1 / 54
[1791387796339][info][editor][code=0] Opened scene: exploration
[1791387797619][info][editor][code=0] Opened scene: exploration
[1791387797620][info][editor][code=0] Selected node: hero:body
[1791387799259][info][editor][code=0] Opened scene: exploration
[1791387799433][info][editor][code=0] Opened scene: exploration
[1791387799597][info][editor][code=0] Opened scene: exploration
[1791387801260][info][capture][code=0] Capture progress: 54 / 54
[1791387801307][info][editor][code=0] Saved scene: D:\Assigment\2609\FYP\Project\AzureRender\build\ux-audit\2026-10-07\game\assets\exploration.azurelevel
