[1791344031772][info][gpu][code=0] GPU capability report: captures\gpu_capabilities.json
[1791344032030][info][render][code=0] Character texture access: indexed, requested slots=59, stage sampler limit=1048576
[1791344032046][info][render][code=0] Character IBL: GPU-prefiltered environment mip chain
[1791344032058][info][render][code=0] Character skinning and morph: Vulkan compute path
[1791344032171][info][runtime][code=0] Level committed: exploration
[1791344039478][info][runtime][code=0] Level committed: exploration
[1791344040583][info][runtime][code=0] Level committed: alternate
[1791344046350][info][runtime][code=0] Level committed: exploration
[1791344046583][info][runtime][code=0] Level committed: exploration
[1791344051883][info][runtime][code=0] Level committed: exploration
[1791344052984][info][runtime][code=0] Level committed: alternate
[1791344059031][info][runtime][code=0] Level committed: exploration
[1791344059266][info][runtime][code=0] Level committed: exploration
[1791344064600][info][runtime][code=0] Level committed: exploration
[1791344065713][info][runtime][code=0] Level committed: alternate
[1791344071877][info][runtime][code=0] Level committed: exploration
[1791344072111][info][runtime][code=0] Level committed: exploration
[1791344077560][info][runtime][code=0] Level committed: exploration
[1791344078695][info][runtime][code=0] Level committed: alternate
[1791344084885][info][runtime][code=0] Level committed: exploration
[1791344085120][info][runtime][code=0] Level committed: exploration
[1791344090671][info][runtime][code=0] Level committed: exploration
[1791344091830][info][runtime][code=0] Level committed: alternate
[1791344098128][info][runtime][code=0] Level committed: exploration
[1791344098361][info][runtime][code=0] Level committed: exploration
[1791344104012][info][runtime][code=0] Level committed: exploration
[1791344105176][info][runtime][code=0] Level committed: alternate
[1791344111589][info][runtime][code=0] Level committed: exploration
[1791344111841][info][runtime][code=0] Level committed: exploration
[1791344117559][info][runtime][code=0] Level committed: exploration
[1791344118755][info][runtime][code=0] Level committed: alternate
