Cooling GPU: 62 C
Cooling GPU: 57 C
standard-1 {"gpu": {"mean": 1.5747718044444445, "p95": 2.0861232, "p99": 2.74210912}, "cpu": {"mean": 1.8149188333333324, "p95": 2.5092700000000088, "p99": 3.1192980000000334}, "physics": {"mean": 0.2340755, "p95": 0.31932499999999997, "p99": 0.837579}, "passed": true}
Cooling GPU: 85 C
Cooling GPU: 56 C
standard-2 {"gpu": {"mean": 1.5680191466666666, "p95": 2.1849472, "p99": 2.75970048}, "cpu": {"mean": 1.902200111111109, "p95": 2.582954999999977, "p99": 3.2720289999999577}, "physics": {"mean": 0.24869566666666668, "p95": 0.3442, "p99": 1.0084959999999998}, "passed": true}
Cooling GPU: 85 C
standard-3 {"gpu": {"mean": 1.6799827377777778, "p95": 2.3720159999999995, "p99": 3.04165824}, "cpu": {"mean": 1.766648999999999, "p95": 2.356640000000049, "p99": 2.835363999999892}, "physics": {"mean": 0.230616, "p95": 0.3124, "p99": 0.7135329999999995}, "passed": true}
Cooling GPU: 83 C
Cooling GPU: 56 C
editor-1 {"gpu": {"mean": 0.5606912177777778, "p95": 0.5855391999999999, "p99": 0.75664512}, "cpu": {"mean": 2.772275777777778, "p95": 3.511269999999994, "p99": 4.350829999999999}, "physics": {"mean": 0.21694094444444445, "p95": 0.291205, "p99": 0.8125579999999992}, "passed": true}
Cooling GPU: 65 C
editor-2 {"gpu": {"mean": 0.5614219377777778, "p95": 0.5880336, "p99": 0.7594348799999999}, "cpu": {"mean": 2.774687611111111, "p95": 3.4166699999999963, "p99": 4.164395000000023}, "physics": {"mean": 0.21401844444444446, "p95": 0.28027499999999994, "p99": 0.789416}, "passed": true}
Cooling GPU: 70 C
editor-3 {"gpu": {"mean": 0.5641340977777778, "p95": 0.5891984, "p99": 0.7523580799999999}, "cpu": {"mean": 2.885016444444444, "p95": 3.566425000000006, "p99": 4.547711999999968}, "physics": {"mean": 0.22274055555555555, "p95": 0.2804949999999999, "p99": 0.8096229999999998}, "passed": true}
Cooling GPU: 70 C
stress-1 {"gpu": {"mean": 2.2922918577777778, "p95": 3.327896, "p99": 3.8742694399999995}, "cpu": {"mean": 3.251476055555556, "p95": 3.980449999999997, "p99": 4.943820000000004}, "physics": {"mean": 0.7709825555555555, "p95": 0.9634099999999998, "p99": 1.4243139999999999}, "passed": true}
Cooling GPU: 77 C
Cooling GPU: 56 C
stress-2 {"gpu": {"mean": 2.1953634844444445, "p95": 3.0610896000000003, "p99": 3.7945820799999996}, "cpu": {"mean": 3.3591173333333337, "p95": 4.349390000000012, "p99": 5.27981000000001}, "physics": {"mean": 0.8058403333333334, "p95": 1.0272649999999999, "p99": 1.5053299999999998}, "passed": true}
Cooling GPU: 76 C
stress-3 {"gpu": {"mean": 2.3029864, "p95": 3.3454, "p99": 3.8905472000000003}, "cpu": {"mean": 3.196454111111111, "p95": 3.828245000000012, "p99": 4.8524509999999985}, "physics": {"mean": 0.7641340555555556, "p95": 0.9287899999999998, "p99": 1.42053}, "passed": true}
{"schemaVersion": 1, "passed": true, "gpuLimitMs": 16.6, "playerCpuLimitMs": 8, "editorCpuLimitMs": 10, "memoryObservation": "positive peak growth from the first observation in the latter half of process observations", "checks": [{"load": "standard", "round": 1, "passed": true, "gpuP95": 2.0861232, "cpuP95": 2.5092700000000088, "physicsP95": 0.31932499999999997, "workingSetGrowth": 0.02426956492569854}, {"load": "standard", "round": 2, "passed": true, "gpuP95": 2.1849472, "cpuP95": 2.582954999999977, "physicsP95": 0.3442, "workingSetGrowth": 0.024648533262178418}, {"load": "standard", "round": 3, "passed": true, "gpuP95": 2.3720159999999995, "cpuP95": 2.356640000000049, "physicsP95": 0.3124, "workingSetGrowth": 0.028737455541269386}, {"load": "editor", "round": 1, "passed": true, "gpuP95": 0.5855391999999999, "cpuP95": 3.511269999999994, "physicsP95": 0.291205, "workingSetGrowth": 0.0206992263627237}, {"load": "editor", "round": 2, "passed": true, "gpuP95": 0.5880336, "cpuP95": 3.4166699999999963, "physicsP95": 0.28027499999999994, "workingSetGrowth": 0.025188954133325447}, {"load": "editor", "round": 3, "passed": true, "gpuP95": 0.5891984, "cpuP95": 3.566425000000006, "physicsP95": 0.2804949999999999, "workingSetGrowth": 0.020737190864986488}, {"load": "stress", "round": 1, "passed": true, "gpuP95": 3.327896, "cpuP95": 3.980449999999997, "physicsP95": 0.9634099999999998, "workingSetGrowth": 0.022776839447059105}, {"load": "stress", "round": 2, "passed": true, "gpuP95": 3.0610896000000003, "cpuP95": 4.349390000000012, "physicsP95": 1.0272649999999999, "workingSetGrowth": 0.029163807469855918}, {"load": "stress", "round": 3, "passed": true, "gpuP95": 3.3454, "cpuP95": 3.828245000000012, "physicsP95": 0.9287899999999998, "workingSetGrowth": 0.031042964906526693}]}
