Project loaded: project (8636e4f9-0b4d-4628-be24-35ae6c3cb7d3)
Controls: Space pause/resume, R auto rotate, 1/2/3/4 full-body angles, 5 face close-up, 6 portfolio orbit, Left/Right fine rotate, F1/F2/F3 showcase presets, F4 animation pause/resume, F11 animation restart, 7/8 previous/next animation, 9 timeline status, 0 diagnostic view, H HUD, F10 inner outlines, F9 style toggle, F7/F8 mask strength, F5/F6 band threshold, F12 screenshot
Validation layer: enabled
Selected GPU: NVIDIA GeForce RTX 4060 Laptop GPU
HDR scene color candidate: VK_FORMAT_R16G16B16A16_SFLOAT (supported)
GPU timing: enabled, timestamp period 1.000000 ns, 64 valid bits
Scene renderer: sample (sceneType=sample)
Diagnostic view: Beauty, stylized lighting: on, internal outline: on, HUD: off
GPU timing samples: 30
  Shadow: 0.008 ms (14.330%)
  Main scene: 0.010 ms (17.596%)
  Internal outline: 0.037 ms (68.074%)
  Total render: 0.055 ms avg, 0.053 ms min, 0.060 ms max
  Percentiles: p50 0.054 ms, p95 0.058 ms, p99 0.060 ms
  Submission per frame: 0.000 draws, 0.000 descriptor binds
  CPU recording: 0.439 ms per frame, worker passes: 0
GPU timing report: D:\Assigment\2609\FYP\Project\AzureRender\build\g0\bridge-debug-player\sample.json
Rendered frames: 30
Allocator after unload: buffers=0 images=0

[1791039740483][info][gpu][code=0] GPU capability report: captures\gpu_capabilities.json
