Documentation prose style passed for 52 files.
warning: in the working copy of 'Project/AzureRender/CHANGELOG.md', LF will be replaced by CRLF the next time Git touches it
warning: in the working copy of 'Project/AzureRender/CMakeLists.txt', LF will be replaced by CRLF the next time Git touches it
warning: in the working copy of 'Project/AzureRender/README.md', LF will be replaced by CRLF the next time Git touches it
warning: in the working copy of 'Project/AzureRender/THIRD_PARTY_NOTICES.md', LF will be replaced by CRLF the next time Git touches it
warning: in the working copy of 'Project/AzureRender/docs/assets-and-editor.md', LF will be replaced by CRLF the next time Git touches it
warning: in the working copy of 'Project/AzureRender/docs/index.md', LF will be replaced by CRLF the next time Git touches it
warning: in the working copy of 'Project/AzureRender/docs/plans/2026-10-05-editor-ui-plan.md', LF will be replaced by CRLF the next time Git touches it
warning: in the working copy of 'Project/AzureRender/docs/plans/2026-10-05-quality-round.md', LF will be replaced by CRLF the next time Git touches it
warning: in the working copy of 'Project/AzureRender/docs/plans/azure-engine-plan.md', LF will be replaced by CRLF the next time Git touches it
warning: in the working copy of 'Project/AzureRender/docs/runtime/editor-game-ui.md', LF will be replaced by CRLF the next time Git touches it
warning: in the working copy of 'Project/AzureRender/mkdocs.yml', LF will be replaced by CRLF the next time Git touches it
warning: in the working copy of 'Project/AzureRender/src/app/AzureRenderApp.cpp', LF will be replaced by CRLF the next time Git touches it
warning: in the working copy of 'Project/AzureRender/src/app/AzureRenderFrame.cpp', LF will be replaced by CRLF the next time Git touches it
warning: in the working copy of 'Project/AzureRender/src/editor/EditorCameraController.cpp', LF will be replaced by CRLF the next time Git touches it
warning: in the working copy of 'Project/AzureRender/src/editor/EditorCameraController.hpp', LF will be replaced by CRLF the next time Git touches it
warning: in the working copy of 'Project/AzureRender/src/editor/ImGuiEditorLayer.cpp', LF will be replaced by CRLF the next time Git touches it
warning: in the working copy of 'Project/AzureRender/src/editor/ImGuiEditorLayer.hpp', LF will be replaced by CRLF the next time Git touches it
warning: in the working copy of 'Project/AzureRender/src/render/RenderContext.hpp', LF will be replaced by CRLF the next time Git touches it
warning: in the working copy of 'Project/AzureRender/src/scenes/CharacterSceneRenderer.cpp', LF will be replaced by CRLF the next time Git touches it
warning: in the working copy of 'Project/AzureRender/tools/check_docs.sh', LF will be replaced by CRLF the next time Git touches it
warning: in the working copy of 'Project/AzureRender/tools/test_install_manifest_roundtrip.cmake', LF will be replaced by CRLF the next time Git touches it
warning: in the working copy of 'Project/AzureRender/tools/verify_install_manifest.cmake', LF will be replaced by CRLF the next time Git touches it
warning: in the working copy of 'Project/AzureRender/tools/write_install_manifest.cmake', LF will be replaced by CRLF the next time Git touches it
warning: in the working copy of 'README.md', LF will be replaced by CRLF the next time Git touches it
{"schemaVersion": 1, "status": "passed", "trackedToolState": [], "danglingLinks": [], "ignoreProbes": [{"path": "Project/AzureRender/build/hygiene-probe.txt", "expectedIgnored": true, "ignored": true, "passed": true}, {"path": ".codemaker/codemap/hygiene-probe.log", "expectedIgnored": true, "ignored": true, "passed": true}, {"path": ".env", "expectedIgnored": true, "ignored": true, "passed": true}, {"path": "Project/AzureRender/src/main.cpp", "expectedIgnored": false, "ignored": false, "passed": true}, {"path": "Project/AzureRender/assets_public/hygiene-probe.gltf", "expectedIgnored": false, "ignored": false, "passed": true}]}
