Internal ctest changing into directory: D:/Assigment/2609/FYP/Project/AzureRender/build/ninja-msvc-release
Test project D:/Assigment/2609/FYP/Project/AzureRender/build/ninja-msvc-release
      Start  1: AzureEngine.GameUiRenderer
 1/86 Test  #1: AzureEngine.GameUiRenderer ......................   Passed    0.10 sec
      Start  2: AzureEngine.GameUi
 2/86 Test  #2: AzureEngine.GameUi ..............................   Passed    0.10 sec
      Start  3: AzureEditor.Workspace
 3/86 Test  #3: AzureEditor.Workspace ...........................   Passed    0.16 sec
      Start  4: AzureEngine.EditorWorkflow
 4/86 Test  #4: AzureEngine.EditorWorkflow ......................   Passed    1.41 sec
      Start  5: AzureEngine.PresentationRuntime
 5/86 Test  #5: AzureEngine.PresentationRuntime .................   Passed    0.13 sec
      Start  6: AzureEngine.GameplayPresentation
 6/86 Test  #6: AzureEngine.GameplayPresentation ................   Passed    0.09 sec
      Start  7: AzureEngine.ScriptRuntime
 7/86 Test  #7: AzureEngine.ScriptRuntime .......................   Passed    0.86 sec
      Start  8: AzureEngine.ThirdPerson
 8/86 Test  #8: AzureEngine.ThirdPerson .........................   Passed    0.10 sec
      Start  9: AzureEngine.Locomotion
 9/86 Test  #9: AzureEngine.Locomotion ..........................   Passed    0.10 sec
      Start 10: AzureEngine.Interaction
10/86 Test #10: AzureEngine.Interaction .........................   Passed    0.09 sec
      Start 11: AzureEngine.ScriptEntities
11/86 Test #11: AzureEngine.ScriptEntities ......................   Passed    0.16 sec
      Start 12: AzureEngine.PlayableQuest
12/86 Test #12: AzureEngine.PlayableQuest .......................   Passed    0.41 sec
      Start 13: AzureRender.AnimationPose
13/86 Test #13: AzureRender.AnimationPose .......................   Passed    0.10 sec
      Start 14: AzureRender.BrowRegions
14/86 Test #14: AzureRender.BrowRegions .........................   Passed    0.11 sec
      Start 15: AzureEngine.PhysicsInput
15/86 Test #15: AzureEngine.PhysicsInput ........................   Passed    0.12 sec
      Start 16: AzureEngine.AssetLevel
16/86 Test #16: AzureEngine.AssetLevel ..........................   Passed    0.65 sec
      Start 17: AzureEngine.Reflection
17/86 Test #17: AzureEngine.Reflection ..........................   Passed    0.06 sec
      Start 18: AzureRender.SceneVisibility
18/86 Test #18: AzureRender.SceneVisibility .....................   Passed    0.11 sec
      Start 19: AzureEngine.RepositoryAudit
19/86 Test #19: AzureEngine.RepositoryAudit .....................   Passed    6.55 sec
      Start 20: AzureRender.SceneVisibilityGpu
20/86 Test #20: AzureRender.SceneVisibilityGpu ..................   Passed   81.43 sec
      Start 21: AzureEngine.PublicGait
21/86 Test #21: AzureEngine.PublicGait ..........................   Passed    0.51 sec
      Start 22: AzureEngine.LocomotionPlayer
22/86 Test #22: AzureEngine.LocomotionPlayer ....................   Passed   88.29 sec
      Start 23: AzureEngine.AnimationRetarget
23/86 Test #23: AzureEngine.AnimationRetarget ...................   Passed    1.88 sec
      Start 24: AzureEngine.SourceSkinRestore
24/86 Test #24: AzureEngine.SourceSkinRestore ...................   Passed    1.29 sec
      Start 25: AzureEngine.GamePackageRules
25/86 Test #25: AzureEngine.GamePackageRules ....................   Passed    2.93 sec
      Start 26: AzureEngine.PlayableDeliveryRules
26/86 Test #26: AzureEngine.PlayableDeliveryRules ...............   Passed    1.64 sec
      Start 27: AzureEngine.GamePackage
27/86 Test #27: AzureEngine.GamePackage .........................   Passed   24.52 sec
      Start 28: AzureEngine.PlayablePackage
28/86 Test #28: AzureEngine.PlayablePackage .....................***Failed  281.59 sec
{"frames": 940, "actions": 38, "completionSeconds": 221.0, "fixedSteps": 14085, "restarts": 2, "validationErrors": 0, "released": true}
Traceback (most recent call last):
  File "D:\Assigment\2609\FYP\Project\AzureRender\tools\test_playable_package.py", line 83, in <module>
    run(args.build_dir,args.editor,args.output,args.evidence)
  File "D:\Assigment\2609\FYP\Project\AzureRender\tools\test_playable_package.py", line 57, in run
    cycle=verify(timing);(evidence/'cycles.summary.json').write_text(json.dumps(cycle,indent=2)+'\n',encoding='utf-8')
          ^^^^^^^^^^^^^^
  File "D:\Assigment\2609\FYP\Project\AzureRender\tools\test_level_cycles.py", line 47, in verify
    assert frame_times['p99']<=33.3,frame_times
           ^^^^^^^^^^^^^^^^^^^^^^^^
AssertionError: {'mean': 53.31009, 'p95': 92.12985499999999, 'p99': 101.111204}

      Start 29: AzureEngine.BuildConfiguration
29/86 Test #29: AzureEngine.BuildConfiguration ..................   Passed   12.08 sec
      Start 30: AzureEngine.BuildProvenance
30/86 Test #30: AzureEngine.BuildProvenance .....................   Passed    1.37 sec
      Start 31: AzureEngine.CharacterIntake
31/86 Test #31: AzureEngine.CharacterIntake .....................   Passed    1.09 sec
      Start 32: AzureEngine.CharacterPreparation
32/86 Test #32: AzureEngine.CharacterPreparation ................   Passed    1.08 sec
      Start 33: AzureEditor.WorkspaceGpu
33/86 Test #33: AzureEditor.WorkspaceGpu ........................   Passed   91.77 sec
      Start 34: AzureEngine.MaterialFixtureGpu
34/86 Test #34: AzureEngine.MaterialFixtureGpu ..................   Passed   13.83 sec
      Start 35: AzureEngine.IndependentAnimationGpu
35/86 Test #35: AzureEngine.IndependentAnimationGpu .............   Passed    7.07 sec
      Start 36: AzureEngine.ThirdPersonPlayer
36/86 Test #36: AzureEngine.ThirdPersonPlayer ...................   Passed    2.72 sec
      Start 37: AzureEngine.PlayablePlayer
37/86 Test #37: AzureEngine.PlayablePlayer ......................   Passed    5.06 sec
      Start 38: AzureEngine.RuntimeSpawnGpu
38/86 Test #38: AzureEngine.RuntimeSpawnGpu .....................   Passed    3.69 sec
      Start 39: AzureEngine.PresentationGpu
39/86 Test #39: AzureEngine.PresentationGpu .....................   Passed    5.49 sec
      Start 40: AzureEngine.EditorHost
40/86 Test #40: AzureEngine.EditorHost ..........................   Passed    3.08 sec
      Start 41: AzureEngine.EditorPlayable
41/86 Test #41: AzureEngine.EditorPlayable ......................   Passed   13.45 sec
      Start 42: AzureEngine.MetaGenerator
42/86 Test #42: AzureEngine.MetaGenerator .......................   Passed    0.59 sec
      Start 43: AzureEngine.LevelPlayer
43/86 Test #43: AzureEngine.LevelPlayer .........................   Passed   23.39 sec
      Start 44: AzureEngine.PhysicsPlayer
44/86 Test #44: AzureEngine.PhysicsPlayer .......................   Passed    2.59 sec
      Start 45: AzureEngine.ScriptPlayer
45/86 Test #45: AzureEngine.ScriptPlayer ........................   Passed    3.35 sec
      Start 46: AzureEngine.Project
46/86 Test #46: AzureEngine.Project .............................   Passed    0.55 sec
      Start 47: AzureEngine.RuntimeLifecycle
47/86 Test #47: AzureEngine.RuntimeLifecycle ....................   Passed    0.09 sec
      Start 48: AzureRender.EnvironmentAsset
48/86 Test #48: AzureRender.EnvironmentAsset ....................   Passed    0.08 sec
      Start 49: AzureRender.RenderGraph
49/86 Test #49: AzureRender.RenderGraph .........................   Passed    0.10 sec
      Start 50: AzureRender.TransientResourcePool
50/86 Test #50: AzureRender.TransientResourcePool ...............   Passed    0.04 sec
      Start 51: AzureRender.LightBuffer
51/86 Test #51: AzureRender.LightBuffer .........................   Passed    0.04 sec
      Start 52: AzureRender.CascadedShadow
52/86 Test #52: AzureRender.CascadedShadow ......................   Passed    0.04 sec
      Start 53: AzureRender.ClusteredLightGrid
53/86 Test #53: AzureRender.ClusteredLightGrid ..................   Passed    0.03 sec
      Start 54: AzureRender.ComputePass
54/86 Test #54: AzureRender.ComputePass .........................   Passed    0.04 sec
      Start 55: AzureRender.FrameTaskScheduler
55/86 Test #55: AzureRender.FrameTaskScheduler ..................   Passed    0.06 sec
      Start 56: AzureRender.SurfaceLifecycle
56/86 Test #56: AzureRender.SurfaceLifecycle ....................   Passed    0.03 sec
      Start 57: AzureRender.CommandLine
57/86 Test #57: AzureRender.CommandLine .........................   Passed    0.04 sec
      Start 58: AzureRender.EditorCameraController
58/86 Test #58: AzureRender.EditorCameraController ..............   Passed    0.05 sec
      Start 59: AzureRender.EditorSession
59/86 Test #59: AzureRender.EditorSession .......................   Passed    0.09 sec
      Start 60: AzureRender.Ecs
60/86 Test #60: AzureRender.Ecs .................................   Passed    0.03 sec
      Start 61: AzureRender.PickMath
61/86 Test #61: AzureRender.PickMath ............................   Passed    0.03 sec
      Start 62: AzureRender.SceneModel
62/86 Test #62: AzureRender.SceneModel ..........................   Passed    0.10 sec
      Start 63: AzureRender.RuntimeDiagnostics
63/86 Test #63: AzureRender.RuntimeDiagnostics ..................   Passed    0.10 sec
      Start 64: AzureRender.GpuCapabilityReport
64/86 Test #64: AzureRender.GpuCapabilityReport .................   Passed    0.05 sec
      Start 65: AzureRender.ResourceLocator
65/86 Test #65: AzureRender.ResourceLocator .....................   Passed    0.04 sec
      Start 66: AzureRender.ExtensionRegistry
66/86 Test #66: AzureRender.ExtensionRegistry ...................   Passed    0.06 sec
      Start 67: AzureRender.UploadRing
67/86 Test #67: AzureRender.UploadRing ..........................   Passed    0.03 sec
      Start 68: AzureRender.NullRhi
68/86 Test #68: AzureRender.NullRhi .............................   Passed    0.04 sec
      Start 69: AzureRender.NullRhiPass
69/86 Test #69: AzureRender.NullRhiPass .........................   Passed    0.26 sec
      Start 70: AzureRender.SceneGraph
70/86 Test #70: AzureRender.SceneGraph ..........................   Passed    0.04 sec
      Start 71: AzureRender.VisualRegression
71/86 Test #71: AzureRender.VisualRegression ....................   Passed   17.69 sec
      Start 72: AzureRender.VisualRegressionLegacyDescriptors
72/86 Test #72: AzureRender.VisualRegressionLegacyDescriptors ...   Passed   21.29 sec
      Start 73: AzureRender.BlackholeComputeGpu
73/86 Test #73: AzureRender.BlackholeComputeGpu .................   Passed    4.62 sec
      Start 74: AzureRender.CharacterIblComputeGpu
74/86 Test #74: AzureRender.CharacterIblComputeGpu ..............   Passed    3.57 sec
      Start 75: AzureRender.CharacterSkinningComputeGpu
75/86 Test #75: AzureRender.CharacterSkinningComputeGpu .........   Passed    3.63 sec
      Start 76: AzureRender.R4AcceptanceRules
76/86 Test #76: AzureRender.R4AcceptanceRules ...................   Passed    1.25 sec
      Start 77: AzureEngine.PlayerCli
77/86 Test #77: AzureEngine.PlayerCli ...........................   Passed    1.34 sec
      Start 78: AzureRender.BlackholeOptimizationRules
78/86 Test #78: AzureRender.BlackholeOptimizationRules ..........   Passed    1.29 sec
      Start 79: AzureRender.R3Comparison
79/86 Test #79: AzureRender.R3Comparison ........................   Passed   19.18 sec
      Start 80: AzureRender.R3TransparentComparison
80/86 Test #80: AzureRender.R3TransparentComparison .............   Passed   18.64 sec
      Start 81: AzureRender.AuditRegressions
81/86 Test #81: AzureRender.AuditRegressions ....................   Passed    3.46 sec
      Start 82: AzureRender.VisualRegressionLegacySkinning
82/86 Test #82: AzureRender.VisualRegressionLegacySkinning ......   Passed   19.25 sec
      Start 83: AzureRender.CharacterMorphComputeGpu
83/86 Test #83: AzureRender.CharacterMorphComputeGpu ............   Passed   19.87 sec
      Start 84: AzureRender.ClusteredLightingGpu
84/86 Test #84: AzureRender.ClusteredLightingGpu ................   Passed    7.44 sec
      Start 85: AzureRender.ReleaseGateMissingBuild
85/86 Test #85: AzureRender.ReleaseGateMissingBuild .............   Passed    0.05 sec
      Start 86: AzureRender.InstallManifestRoundTrip
86/86 Test #86: AzureRender.InstallManifestRoundTrip ............   Passed    0.45 sec

99% tests passed, 1 tests failed out of 86

Label Time Summary:
gpu        = 789.96 sec*proc (27 tests)
release    = 306.11 sec*proc (2 tests)

Total Test time (real) = 832.49 sec

The following tests FAILED:
	 28 - AzureEngine.PlayablePackage (Failed)
Errors while running CTest
