[0/1] Re-running CMake...
-- Running vcpkg install
Detecting compiler hash for triplet x64-windows...
-- Automatically setting %HTTP(S)_PROXY% environment variables to "127.0.0.1:7897".
Compiler found: D:/Visual Studio/2022/VC/Tools/MSVC/14.44.35207/bin/Hostx64/x64/cl.exe
The following packages are already installed:
    glfw3:x64-windows@3.5.1
  * imath:x64-windows@3.2.2
  * libdeflate[core,zlib,gzip,decompression,compression]:x64-windows@1.25
  * nlohmann-json:x64-windows@3.12.0#2
    openexr:x64-windows@3.4.13
  * openjph:x64-windows@0.31.0
    stb:x64-windows@2024-07-29#1
    tinygltf:x64-windows@3.0.0#1
  * vcpkg-cmake:x64-windows@2024-04-23
  * vcpkg-cmake-config:x64-windows@2026-07-21
    vulkan-memory-allocator:x64-windows@3.4.0
glfw3 provides CMake targets:

  # this is heuristically generated, and may not be correct
  find_package(glfw3 CONFIG REQUIRED)
  target_link_libraries(main PRIVATE glfw)

glfw3 provides pkg-config modules:

  # A multi-platform library for OpenGL, window and input
  glfw3

openexr provides CMake targets:

    find_package(OpenEXR CONFIG REQUIRED)
    target_link_libraries(main PRIVATE OpenEXR::OpenEXR)

The package stb provides CMake targets:

    find_package(Stb REQUIRED)
    target_include_directories(main PRIVATE ${Stb_INCLUDE_DIR})
tinygltf is header-only and can be used from CMake via:

  find_path(TINYGLTF_INCLUDE_DIRS "tiny_gltf.h")
  target_include_directories(main PRIVATE ${TINYGLTF_INCLUDE_DIRS})

VulkanMemoryAllocator provides official find_package support. However, it requires the user to provide the include directory containing `vulkan/vulkan.h`. There are multiple ways to achieve this and VulkanMemoryAllocator is compatible with all of them.

    find_package(Vulkan) # https://cmake.org/cmake/help/latest/module/FindVulkan.html, CMake 3.21+
    find_package(VulkanMemoryAllocator CONFIG REQUIRED)
    target_link_libraries(main PRIVATE Vulkan::Vulkan GPUOpen::VulkanMemoryAllocator)

or

    find_package(Vulkan) # CMake 3.21+
    find_package(VulkanMemoryAllocator CONFIG REQUIRED)
    target_link_libraries(main PRIVATE Vulkan::Headers GPUOpen::VulkanMemoryAllocator)

or

    find_package(VulkanHeaders CONFIG) # From the vulkan-headers port
    find_package(VulkanMemoryAllocator CONFIG REQUIRED)
    target_link_libraries(main PRIVATE Vulkan::Headers GPUOpen::VulkanMemoryAllocator)

See the documentation for more information on setting up your project: https://gpuopen-librariesandsdks.github.io/VulkanMemoryAllocator/html/index.html

All requested installations completed successfully in: 313 us
-- Running vcpkg install - done
-- Configuring done
-- Generating done
-- Build files have been written to: D:/Assigment/2609/FYP/Project/AzureRender/build/ninja-msvc-debug
[1/43] Building CXX object CMakeFiles\AzureEditor.dir\src\editor\EditorCameraController.cpp.obj
[2/43] Building CXX object CMakeFiles\AzureRenderEcsTests.dir\tests\EcsTests.cpp.obj
[3/43] Building CXX object CMakeFiles\AzureRenderSceneGraphTests.dir\tests\SceneGraphTests.cpp.obj
[4/43] Building CXX object CMakeFiles\AzureRenderEditorSessionTests.dir\src\editor\EditorSession.cpp.obj
[5/43] Building CXX object CMakeFiles\AzureRenderEditorSessionTests.dir\src\editor\EditorContext.cpp.obj
[6/43] Building CXX object CMakeFiles\AzureProjectTests.dir\tests\ProjectTests.cpp.obj
[7/43] Building CXX object CMakeFiles\AzureRenderEditorSessionTests.dir\tests\EditorSessionTests.cpp.obj
[8/43] Building CXX object CMakeFiles\AzureRuntime.dir\src\app\CommandLine.cpp.obj
[9/43] Building CXX object CMakeFiles\AzureEditor.dir\src\editor\EditorSession.cpp.obj
[10/43] Building CXX object CMakeFiles\AzureRuntime.dir\src\runtime\SceneDocument.cpp.obj
[11/43] Building CXX object CMakeFiles\AzureRuntime.dir\src\runtime\SceneRenderSnapshot.cpp.obj
[12/43] Building CXX object CMakeFiles\AzureEditor.dir\src\editor\EditorContext.cpp.obj
[13/43] Building CXX object CMakeFiles\AzureRuntimeLifecycleTests.dir\tests\RuntimeLifecycleTests.cpp.obj
[14/43] Building CXX object CMakeFiles\AzurePlayerHost.dir\src\app\AzureRenderDescriptors.cpp.obj
[15/43] Linking CXX executable AzureRenderEcsTests.exe
[16/43] Building CXX object CMakeFiles\AzureRenderHost.dir\src\app\AzureRenderPipeline.cpp.obj
[17/43] Building CXX object CMakeFiles\AzurePlayerHost.dir\src\app\AzureRenderResources.cpp.obj
[18/43] Building CXX object CMakeFiles\AzureRenderHost.dir\src\app\AzureRenderDescriptors.cpp.obj
[19/43] Building CXX object CMakeFiles\AzureRenderHost.dir\src\app\AzureRenderResources.cpp.obj
[20/43] Building CXX object CMakeFiles\AzurePlayerHost.dir\src\app\AzureRenderPipeline.cpp.obj
[21/43] Building CXX object CMakeFiles\AzurePlayer.dir\src\player\main.cpp.obj
[22/43] Building CXX object CMakeFiles\AzureRender.dir\src\main.cpp.obj
[23/43] Linking CXX executable AzureRenderSceneGraphTests.exe
[24/43] Building CXX object CMakeFiles\AzurePlayerHost.dir\src\app\AzureRenderSupport.cpp.obj
[25/43] Building CXX object CMakeFiles\AzurePlayerHost.dir\src\app\AzureRenderCapture.cpp.obj
[26/43] Building CXX object CMakeFiles\AzureRenderHost.dir\src\app\AzureRenderCapture.cpp.obj
[27/43] Building CXX object CMakeFiles\AzureRenderHost.dir\src\app\AzureRenderSupport.cpp.obj
[28/43] Building CXX object CMakeFiles\AzurePlayerHost.dir\src\app\AzureRenderApp.cpp.obj
[29/43] Building CXX object CMakeFiles\AzureRenderHost.dir\src\app\AzureRenderApp.cpp.obj
[30/43] Building CXX object CMakeFiles\AzurePlayerHost.dir\src\app\AzureRenderFrame.cpp.obj
[31/43] Building CXX object CMakeFiles\AzureRenderHost.dir\src\app\AzureRenderFrame.cpp.obj
[32/43] Building CXX object CMakeFiles\AzureEditor.dir\src\editor\ImGuiEditorLayer.cpp.obj
[33/43] Building CXX object CMakeFiles\AzureRuntime.dir\src\runtime\Project.cpp.obj
[34/43] Linking CXX static library AzureRuntime.lib
[35/43] Linking CXX static library AzureEditor.lib
[36/43] Linking CXX static library AzurePlayerHost.lib
[37/43] Linking CXX executable AzureRenderEditorSessionTests.exe
[38/43] Linking CXX static library AzureRenderHost.lib
[39/43] Linking CXX executable AzureProjectTests.exe
[40/43] Linking CXX executable AzureRuntimeLifecycleTests.exe
[41/43] Linking CXX executable AzurePlayer.exe
[42/43] Linking CXX executable AzureRender.exe
