Controls: Space pause/resume, R auto rotate, 1/2/3/4 full-body angles, 5 face close-up, 6 portfolio orbit, Left/Right fine rotate, F1/F2/F3 showcase presets, F4 animation pause/resume, F11 animation restart, 7/8 previous/next animation, 9 timeline status, 0 diagnostic view, H HUD, F10 inner outlines, F9 style toggle, F7/F8 mask strength, F5/F6 band threshold, F12 screenshot
Validation layer: disabled
Selected GPU: NVIDIA GeForce RTX 4060 Laptop GPU
HDR scene color candidate: VK_FORMAT_R16G16B16A16_SFLOAT (supported)
GPU timing: enabled, timestamp period 1.000000 ns, 64 valid bits
Turntable foot pivot: [1.000000, -1.000000, 1.000000]
Asset path: assets_public/test_model.gltf
Loaded asset: 337 vertices, 900 indices, 3 primitives, 4 materials
Material Class v1 inventory:
  [0] PublicTestMaterial -> generic, flags=0x20, source=asset-extras
  [1] PublicTestMaterialB -> generic, flags=0x20, source=asset-extras
  [2] FallbackMaterial -> generic, flags=0x20, source=fallback/inferred
  [3] AzureRender_ShowcasePlatform -> showcase, flags=0x0, source=asset-extras
Skinning: enabled, 1 joint matrices, 1 Morph targets
Morph weights: 0.000000, 0.000000
Animations: 1 (playing "MorphJointPulse", 0.250000 s loop)
Additional scene resources: 31, total joints 32
Scene renderer: character (sceneType=character)
Diagnostic view: Beauty, stylized lighting: on, internal outline: on, HUD: off
Clustered lighting: 16 lights, 28800 cluster references
GPU timing samples: 300
  Shadow: 0.050 ms (0.664%)
  Main scene: 7.364 ms (98.136%)
  Internal outline: 0.090 ms (1.201%)
  Total render: 7.504 ms avg, 3.682 ms min, 10.635 ms max
  Percentiles: p50 8.365 ms, p95 8.703 ms, p99 8.860 ms
  Submission per frame: 353.000 draws, 6.000 descriptor binds
  CPU recording: 0.450 ms per frame, worker passes: 1200
GPU timing report: D:\Assigment\2609\FYP\Project\AzureRender\build\blackhole-optimization\engine-audit\character_parallel.json
Rendered frames: 300
Allocator after unload: buffers=0 images=0
[1791020195103][info][gpu][code=0] GPU capability report: captures\gpu_capabilities.json
[1791020195399][info][render][code=0] Character IBL: GPU-prefiltered environment mip chain
[1791020195593][info][render][code=0] Character skinning and morph: Vulkan compute path
