[1791334036439][info][editor][code=0] Opened scene: exploration
[Vulkan Loader] LAYER:          Checking for Layer Manifest files in Registry at HKEY_LOCAL_MACHINE\SOFTWARE\Khronos\Vulkan\ImplicitLayers
[Vulkan Loader] INFO | LAYER:   Located json file "C:\Program Files (x86)\Epic Games\Epic Online Services\managedArtifacts\98bc04bc842e4906993fd6d6644ffb8d\EOSOverlayVkLayer-Win64.json" from registry "HKEY_LOCAL_MACHINE\SOFTWARE\Khronos\Vulkan\ImplicitLayers"
[Vulkan Loader] INFO | LAYER:   Located json file "C:\Program Files\RenderDoc\renderdoc.json" from registry "HKEY_LOCAL_MACHINE\SOFTWARE\Khronos\Vulkan\ImplicitLayers"
[Vulkan Loader] INFO | LAYER:   Located json file "D:\Steam\SteamOverlayVulkanLayer64.json" from registry "HKEY_LOCAL_MACHINE\SOFTWARE\Khronos\Vulkan\ImplicitLayers"
[Vulkan Loader] INFO | LAYER:   Located json file "D:\Steam\SteamFossilizeVulkanLayer64.json" from registry "HKEY_LOCAL_MACHINE\SOFTWARE\Khronos\Vulkan\ImplicitLayers"
[Vulkan Loader] INFO | LAYER:   Located json file "C:\ProgramData\obs-studio-hook\obs-vulkan64.json" from registry "HKEY_CURRENT_USER\SOFTWARE\Khronos\Vulkan\ImplicitLayers"
[Vulkan Loader] INFO | LAYER:   Located json file "C:\ProgramData\obs-studio-hook\obs-vulkan32.json" from registry "HKEY_CURRENT_USER\SOFTWARE\Khronos\Vulkan\ImplicitLayers"
[Vulkan Loader] LAYER:          Checking for Layer Manifest files in Registry at HKEY_LOCAL_MACHINE\SOFTWARE\Khronos\Vulkan\ImplicitLayers
[Vulkan Loader] INFO | LAYER:   Located json file "C:\Program Files (x86)\Epic Games\Epic Online Services\managedArtifacts\98bc04bc842e4906993fd6d6644ffb8d\EOSOverlayVkLayer-Win64.json" from registry "HKEY_LOCAL_MACHINE\SOFTWARE\Khronos\Vulkan\ImplicitLayers"
[Vulkan Loader] INFO | LAYER:   Located json file "C:\Program Files\RenderDoc\renderdoc.json" from registry "HKEY_LOCAL_MACHINE\SOFTWARE\Khronos\Vulkan\ImplicitLayers"
[Vulkan Loader] INFO | LAYER:   Located json file "D:\Steam\SteamOverlayVulkanLayer64.json" from registry "HKEY_LOCAL_MACHINE\SOFTWARE\Khronos\Vulkan\ImplicitLayers"
[Vulkan Loader] INFO | LAYER:   Located json file "D:\Steam\SteamFossilizeVulkanLayer64.json" from registry "HKEY_LOCAL_MACHINE\SOFTWARE\Khronos\Vulkan\ImplicitLayers"
[Vulkan Loader] INFO | LAYER:   Located json file "C:\ProgramData\obs-studio-hook\obs-vulkan64.json" from registry "HKEY_CURRENT_USER\SOFTWARE\Khronos\Vulkan\ImplicitLayers"
[Vulkan Loader] INFO | LAYER:   Located json file "C:\ProgramData\obs-studio-hook\obs-vulkan32.json" from registry "HKEY_CURRENT_USER\SOFTWARE\Khronos\Vulkan\ImplicitLayers"
[Vulkan Loader] LAYER:          Checking for Layer Manifest files in Registry at HKEY_LOCAL_MACHINE\SOFTWARE\Khronos\Vulkan\ImplicitLayers
[Vulkan Loader] INFO | LAYER:   Located json file "C:\Program Files (x86)\Epic Games\Epic Online Services\managedArtifacts\98bc04bc842e4906993fd6d6644ffb8d\EOSOverlayVkLayer-Win64.json" from registry "HKEY_LOCAL_MACHINE\SOFTWARE\Khronos\Vulkan\ImplicitLayers"
[Vulkan Loader] INFO | LAYER:   Located json file "C:\Program Files\RenderDoc\renderdoc.json" from registry "HKEY_LOCAL_MACHINE\SOFTWARE\Khronos\Vulkan\ImplicitLayers"
[Vulkan Loader] INFO | LAYER:   Located json file "D:\Steam\SteamOverlayVulkanLayer64.json" from registry "HKEY_LOCAL_MACHINE\SOFTWARE\Khronos\Vulkan\ImplicitLayers"
[Vulkan Loader] INFO | LAYER:   Located json file "D:\Steam\SteamFossilizeVulkanLayer64.json" from registry "HKEY_LOCAL_MACHINE\SOFTWARE\Khronos\Vulkan\ImplicitLayers"
[Vulkan Loader] INFO | LAYER:   Located json file "C:\ProgramData\obs-studio-hook\obs-vulkan64.json" from registry "HKEY_CURRENT_USER\SOFTWARE\Khronos\Vulkan\ImplicitLayers"
[Vulkan Loader] INFO | LAYER:   Located json file "C:\ProgramData\obs-studio-hook\obs-vulkan32.json" from registry "HKEY_CURRENT_USER\SOFTWARE\Khronos\Vulkan\ImplicitLayers"
[Vulkan Loader] LAYER:          Checking for Layer Manifest files in Registry at HKEY_LOCAL_MACHINE\SOFTWARE\Khronos\Vulkan\ImplicitLayers
[Vulkan Loader] INFO | LAYER:   Located json file "C:\Program Files (x86)\Epic Games\Epic Online Services\managedArtifacts\98bc04bc842e4906993fd6d6644ffb8d\EOSOverlayVkLayer-Win64.json" from registry "HKEY_LOCAL_MACHINE\SOFTWARE\Khronos\Vulkan\ImplicitLayers"
[Vulkan Loader] INFO | LAYER:   Located json file "C:\Program Files\RenderDoc\renderdoc.json" from registry "HKEY_LOCAL_MACHINE\SOFTWARE\Khronos\Vulkan\ImplicitLayers"
[Vulkan Loader] INFO | LAYER:   Located json file "D:\Steam\SteamOverlayVulkanLayer64.json" from registry "HKEY_LOCAL_MACHINE\SOFTWARE\Khronos\Vulkan\ImplicitLayers"
[Vulkan Loader] INFO | LAYER:   Located json file "D:\Steam\SteamFossilizeVulkanLayer64.json" from registry "HKEY_LOCAL_MACHINE\SOFTWARE\Khronos\Vulkan\ImplicitLayers"
[Vulkan Loader] INFO | LAYER:   Located json file "C:\ProgramData\obs-studio-hook\obs-vulkan64.json" from registry "HKEY_CURRENT_USER\SOFTWARE\Khronos\Vulkan\ImplicitLayers"
[Vulkan Loader] INFO | LAYER:   Located json file "C:\ProgramData\obs-studio-hook\obs-vulkan32.json" from registry "HKEY_CURRENT_USER\SOFTWARE\Khronos\Vulkan\ImplicitLayers"
[Vulkan Loader] LAYER:          Checking for Layer Manifest files in Registry at HKEY_LOCAL_MACHINE\SOFTWARE\Khronos\Vulkan\ImplicitLayers
[Vulkan Loader] INFO | LAYER:   Located json file "C:\Program Files (x86)\Epic Games\Epic Online Services\managedArtifacts\98bc04bc842e4906993fd6d6644ffb8d\EOSOverlayVkLayer-Win64.json" from registry "HKEY_LOCAL_MACHINE\SOFTWARE\Khronos\Vulkan\ImplicitLayers"
[Vulkan Loader] INFO | LAYER:   Located json file "C:\Program Files\RenderDoc\renderdoc.json" from registry "HKEY_LOCAL_MACHINE\SOFTWARE\Khronos\Vulkan\ImplicitLayers"
[Vulkan Loader] INFO | LAYER:   Located json file "D:\Steam\SteamOverlayVulkanLayer64.json" from registry "HKEY_LOCAL_MACHINE\SOFTWARE\Khronos\Vulkan\ImplicitLayers"
[Vulkan Loader] INFO | LAYER:   Located json file "D:\Steam\SteamFossilizeVulkanLayer64.json" from registry "HKEY_LOCAL_MACHINE\SOFTWARE\Khronos\Vulkan\ImplicitLayers"
[Vulkan Loader] INFO | LAYER:   Located json file "C:\ProgramData\obs-studio-hook\obs-vulkan64.json" from registry "HKEY_CURRENT_USER\SOFTWARE\Khronos\Vulkan\ImplicitLayers"
[Vulkan Loader] INFO | LAYER:   Located json file "C:\ProgramData\obs-studio-hook\obs-vulkan32.json" from registry "HKEY_CURRENT_USER\SOFTWARE\Khronos\Vulkan\ImplicitLayers"
[Vulkan Loader] LAYER:          Checking for Layer Manifest files in Registry at HKEY_LOCAL_MACHINE\SOFTWARE\Khronos\Vulkan\ExplicitLayers
[Vulkan Loader] INFO | LAYER:   windows_get_device_registry_files: opening device ROOT\DISPLAY\0000
[Vulkan Loader] INFO | LAYER:   windows_get_device_registry_files: unable to open child-device error:13
[Vulkan Loader] INFO | LAYER:   windows_get_device_registry_files: opening device PCI\VEN_8086&DEV_A788&SUBSYS_8BAB103C&REV_04\3&11583659&0&10
[Vulkan Loader] INFO | LAYER:   windows_get_device_registry_files: Opening child device 3 - SWD\DRIVERENUM\IGCC&4&38D58666&0
[Vulkan Loader] INFO | LAYER:   windows_get_device_registry_files: Opening child device 4 - DISPLAY\BOE0B7D\4&38D58666&0&UID8388688
[Vulkan Loader] DEBUG | LAYER:  windows_get_device_registry_files: GUID for 4 is not SoftwareComponent skipping
[Vulkan Loader] INFO | LAYER:   windows_get_device_registry_files: opening device PCI\VEN_10DE&DEV_28E0&SUBSYS_8BAB103C&REV_A1\4&34cfc80f&0&0008
[Vulkan Loader] INFO | LAYER:   windows_get_device_registry_files: unable to open child-device error:13
[Vulkan Loader] LAYER:          windows_get_device_registry_files: found no registry files
[Vulkan Loader] INFO | LAYER:   Located json file "C:\VulkanSDK\1.4.350.0\Bin\VkLayer_api_dump.json" from registry "HKEY_LOCAL_MACHINE\SOFTWARE\Khronos\Vulkan\ExplicitLayers"
[Vulkan Loader] INFO | LAYER:   Located json file "C:\VulkanSDK\1.4.350.0\Bin\VkLayer_gfxreconstruct.json" from registry "HKEY_LOCAL_MACHINE\SOFTWARE\Khronos\Vulkan\ExplicitLayers"
[Vulkan Loader] INFO | LAYER:   Located json file "C:\VulkanSDK\1.4.350.0\Bin\VkLayer_khronos_synchronization2.json" from registry "HKEY_LOCAL_MACHINE\SOFTWARE\Khronos\Vulkan\ExplicitLayers"
[Vulkan Loader] INFO | LAYER:   Located json file "C:\VulkanSDK\1.4.350.0\Bin\VkLayer_khronos_validation.json" from registry "HKEY_LOCAL_MACHINE\SOFTWARE\Khronos\Vulkan\ExplicitLayers"
[Vulkan Loader] INFO | LAYER:   Located json file "C:\VulkanSDK\1.4.350.0\Bin\VkLayer_monitor.json" from registry "HKEY_LOCAL_MACHINE\SOFTWARE\Khronos\Vulkan\ExplicitLayers"
[Vulkan Loader] INFO | LAYER:   Located json file "C:\VulkanSDK\1.4.350.0\Bin\VkLayer_screenshot.json" from registry "HKEY_LOCAL_MACHINE\SOFTWARE\Khronos\Vulkan\ExplicitLayers"
[Vulkan Loader] INFO | LAYER:   Located json file "C:\VulkanSDK\1.4.350.0\Bin\VkLayer_khronos_profiles.json" from registry "HKEY_LOCAL_MACHINE\SOFTWARE\Khronos\Vulkan\ExplicitLayers"
[Vulkan Loader] INFO | LAYER:   Located json file "C:\VulkanSDK\1.4.350.0\Bin\VkLayer_khronos_shader_object.json" from registry "HKEY_LOCAL_MACHINE\SOFTWARE\Khronos\Vulkan\ExplicitLayers"
[Vulkan Loader] INFO | LAYER:   Located json file "C:\VulkanSDK\1.4.350.0\Bin\VkLayer_crash_diagnostic.json" from registry "HKEY_LOCAL_MACHINE\SOFTWARE\Khronos\Vulkan\ExplicitLayers"
[Vulkan Loader] WARNING | LAYER: env var 'VK_INSTANCE_LAYERS' defined and adding layers "VK_LAYER_KHRONOS_validation"
[Vulkan Loader] WARNING | LAYER: env var 'VK_INSTANCE_LAYERS' defined and adding layers "VK_LAYER_KHRONOS_validation"
[Vulkan Loader] DEBUG | LAYER:  Loading layer library C:\VulkanSDK\1.4.350.0\Bin\.\VkLayer_khronos_validation.dll
[Vulkan Loader] INFO | LAYER:   Insert instance layer "VK_LAYER_KHRONOS_validation" (C:\VulkanSDK\1.4.350.0\Bin\VkLayer_khronos_validation.dll)
[Vulkan Loader] DEBUG | LAYER:  Loading layer library C:\ProgramData\obs-studio-hook\.\graphics-hook64.dll
[Vulkan Loader] INFO | LAYER:   Insert instance layer "VK_LAYER_OBS_HOOK" (C:\ProgramData\obs-studio-hook\graphics-hook64.dll)
[Vulkan Loader] DEBUG | LAYER:  Loading layer library C:\WINDOWS\System32\DriverStore\FileRepository\nvhmsi.inf_amd64_5ec4b201b8059b6f\.\nvoglv64.dll
[Vulkan Loader] INFO | LAYER:   Insert instance layer "VK_LAYER_NV_present" (C:\WINDOWS\System32\DriverStore\FileRepository\nvhmsi.inf_amd64_5ec4b201b8059b6f\nvoglv64.dll)
[Vulkan Loader] DEBUG | LAYER:  Loading layer library C:\WINDOWS\System32\DriverStore\FileRepository\nvhmsi.inf_amd64_5ec4b201b8059b6f\.\nvoglv64.dll
[Vulkan Loader] INFO | LAYER:   Insert instance layer "VK_LAYER_NV_optimus" (C:\WINDOWS\System32\DriverStore\FileRepository\nvhmsi.inf_amd64_5ec4b201b8059b6f\nvoglv64.dll)
[Vulkan Loader] LAYER:          vkCreateInstance layer callstack setup to:
[Vulkan Loader] LAYER:             <Application>
[Vulkan Loader] LAYER:               ||
[Vulkan Loader] LAYER:             <Loader>
[Vulkan Loader] LAYER:               ||
[Vulkan Loader] LAYER:             VK_LAYER_NV_optimus
[Vulkan Loader] LAYER:                     Type: Implicit
[Vulkan Loader] LAYER:                     Enabled By: Implicit Layer
[Vulkan Loader] LAYER:                         Disable Env Var:  DISABLE_LAYER_NV_OPTIMUS_1
[Vulkan Loader] LAYER:                     Manifest: C:\WINDOWS\System32\DriverStore\FileRepository\nvhmsi.inf_amd64_5ec4b201b8059b6f\nv-vk64.json
[Vulkan Loader] LAYER:                     Library:  C:\WINDOWS\System32\DriverStore\FileRepository\nvhmsi.inf_amd64_5ec4b201b8059b6f\nvoglv64.dll
[Vulkan Loader] LAYER:               ||
[Vulkan Loader] LAYER:             VK_LAYER_NV_present
[Vulkan Loader] LAYER:                     Type: Implicit
[Vulkan Loader] LAYER:                     Enabled By: Implicit Layer
[Vulkan Loader] LAYER:                         Disable Env Var:  DISABLE_LAYER_NV_PRESENT_1
[Vulkan Loader] LAYER:                     Manifest: C:\WINDOWS\System32\DriverStore\FileRepository\nvhmsi.inf_amd64_5ec4b201b8059b6f\nv-vk64.json
[Vulkan Loader] LAYER:                     Library:  C:\WINDOWS\System32\DriverStore\FileRepository\nvhmsi.inf_amd64_5ec4b201b8059b6f\nvoglv64.dll
[Vulkan Loader] LAYER:               ||
[Vulkan Loader] LAYER:             VK_LAYER_OBS_HOOK
[Vulkan Loader] LAYER:                     Type: Implicit
[Vulkan Loader] LAYER:                     Enabled By: Implicit Layer
[Vulkan Loader] LAYER:                         Disable Env Var:  DISABLE_VULKAN_OBS_CAPTURE
[Vulkan Loader] LAYER:                     Manifest: C:\ProgramData\obs-studio-hook\obs-vulkan64.json
[Vulkan Loader] LAYER:                     Library:  C:\ProgramData\obs-studio-hook\graphics-hook64.dll
[Vulkan Loader] LAYER:               ||
[Vulkan Loader] LAYER:             VK_LAYER_KHRONOS_validation
[Vulkan Loader] LAYER:                     Type: Explicit
[Vulkan Loader] LAYER:                     Enabled By: Environment Variable VK_INSTANCE_LAYERS
[Vulkan Loader] LAYER:                     Manifest: C:\VulkanSDK\1.4.350.0\Bin\VkLayer_khronos_validation.json
[Vulkan Loader] LAYER:                     Library:  C:\VulkanSDK\1.4.350.0\Bin\VkLayer_khronos_validation.dll
[Vulkan Loader] LAYER:               ||
[Vulkan Loader] LAYER:             <Drivers>
[Vulkan Loader] INFO | LAYER:   Inserted device layer "VK_LAYER_KHRONOS_validation" (C:\VulkanSDK\1.4.350.0\Bin\VkLayer_khronos_validation.dll)
[Vulkan Loader] INFO | LAYER:   Inserted device layer "VK_LAYER_OBS_HOOK" (C:\ProgramData\obs-studio-hook\graphics-hook64.dll)
[Vulkan Loader] INFO | LAYER:   Inserted device layer "VK_LAYER_NV_present" (C:\WINDOWS\System32\DriverStore\FileRepository\nvhmsi.inf_amd64_5ec4b201b8059b6f\nvoglv64.dll)
[Vulkan Loader] INFO | LAYER:   Inserted device layer "VK_LAYER_NV_optimus" (C:\WINDOWS\System32\DriverStore\FileRepository\nvhmsi.inf_amd64_5ec4b201b8059b6f\nvoglv64.dll)
[Vulkan Loader] DRIVER:         vkCreateDevice layer callstack setup to:
[Vulkan Loader] DRIVER:            <Application>
[Vulkan Loader] DRIVER:              ||
[Vulkan Loader] DRIVER:            <Loader>
[Vulkan Loader] DRIVER:              ||
[Vulkan Loader] LAYER:             VK_LAYER_NV_optimus
[Vulkan Loader] LAYER:                     Type: Implicit
[Vulkan Loader] LAYER:                     Enabled By: Implicit Layer
[Vulkan Loader] LAYER:                         Disable Env Var:  DISABLE_LAYER_NV_OPTIMUS_1
[Vulkan Loader] LAYER:                     Manifest: C:\WINDOWS\System32\DriverStore\FileRepository\nvhmsi.inf_amd64_5ec4b201b8059b6f\nv-vk64.json
[Vulkan Loader] LAYER:                     Library:  C:\WINDOWS\System32\DriverStore\FileRepository\nvhmsi.inf_amd64_5ec4b201b8059b6f\nvoglv64.dll
[Vulkan Loader] LAYER:               ||
[Vulkan Loader] LAYER:             VK_LAYER_NV_present
[Vulkan Loader] LAYER:                     Type: Implicit
[Vulkan Loader] LAYER:                     Enabled By: Implicit Layer
[Vulkan Loader] LAYER:                         Disable Env Var:  DISABLE_LAYER_NV_PRESENT_1
[Vulkan Loader] LAYER:                     Manifest: C:\WINDOWS\System32\DriverStore\FileRepository\nvhmsi.inf_amd64_5ec4b201b8059b6f\nv-vk64.json
[Vulkan Loader] LAYER:                     Library:  C:\WINDOWS\System32\DriverStore\FileRepository\nvhmsi.inf_amd64_5ec4b201b8059b6f\nvoglv64.dll
[Vulkan Loader] LAYER:               ||
[Vulkan Loader] LAYER:             VK_LAYER_OBS_HOOK
[Vulkan Loader] LAYER:                     Type: Implicit
[Vulkan Loader] LAYER:                     Enabled By: Implicit Layer
[Vulkan Loader] LAYER:                         Disable Env Var:  DISABLE_VULKAN_OBS_CAPTURE
[Vulkan Loader] LAYER:                     Manifest: C:\ProgramData\obs-studio-hook\obs-vulkan64.json
[Vulkan Loader] LAYER:                     Library:  C:\ProgramData\obs-studio-hook\graphics-hook64.dll
[Vulkan Loader] LAYER:               ||
[Vulkan Loader] LAYER:             VK_LAYER_KHRONOS_validation
[Vulkan Loader] LAYER:                     Type: Explicit
[Vulkan Loader] LAYER:                     Enabled By: Environment Variable VK_INSTANCE_LAYERS
[Vulkan Loader] LAYER:                     Manifest: C:\VulkanSDK\1.4.350.0\Bin\VkLayer_khronos_validation.json
[Vulkan Loader] LAYER:                     Library:  C:\VulkanSDK\1.4.350.0\Bin\VkLayer_khronos_validation.dll
[Vulkan Loader] LAYER:               ||
[Vulkan Loader] DRIVER:            <Device>
[Vulkan Loader] DRIVER:                Using "Intel(R) RaptorLake-S Mobile Graphics Controller" with driver: "C:\WINDOWS\System32\DriverStore\FileRepository\iigd_dch.inf_amd64_1ed7c95e585e0202\igvk64.dll"
[1791334036601][info][gpu][code=0] GPU capability report: captures\gpu_capabilities.json
[1791334036723][info][render][code=0] Character texture access: indexed, requested slots=59, stage sampler limit=64
[1791334036756][info][render][code=0] Character IBL: GPU-prefiltered environment mip chain
[1791334036779][info][render][code=0] Character skinning and morph: Vulkan compute path
[1791334036783][info][editor][code=0] Opened scene: exploration
[1791334036784][info][editor][code=0] Selected node: hero:body
[1791334036804][info][editor][code=0] Asset reload requested; changed files: 0
[1791334036810][info][render][code=0] Character texture access: indexed, requested slots=59, stage sampler limit=64
[1791334036842][info][render][code=0] Character IBL: GPU-prefiltered environment mip chain
[1791334036861][info][render][code=0] Character skinning and morph: Vulkan compute path
[1791334036864][info][editor][code=0] Renderer resources reloaded
[1791334037378][info][editor][code=0] Generated asset: assets:/parameterized.gltf
[1791334037390][info][render][code=0] Character texture access: indexed, requested slots=59, stage sampler limit=64
[1791334037436][info][render][code=0] Character IBL: GPU-prefiltered environment mip chain
[1791334037459][info][render][code=0] Character skinning and morph: Vulkan compute path
[1791334037462][info][editor][code=0] Renderer resources reloaded
[1791334037540][info][render][code=0] Character texture access: indexed, requested slots=27, stage sampler limit=64
[1791334037571][info][render][code=0] Character IBL: GPU-prefiltered environment mip chain
[1791334037573][info][render][code=0] Character skinning and morph: Vulkan compute path
[1791334038251][info][render][code=0] Character texture access: indexed, requested slots=27, stage sampler limit=64
[1791334038304][info][render][code=0] Character IBL: GPU-prefiltered environment mip chain
[1791334038306][info][render][code=0] Character skinning and morph: Vulkan compute path
[1791334038678][info][editor][code=0] Imported asset: direct-model.gltf (84 vertices)
[1791334038688][info][editor][code=0] Asset reload requested; changed files: 1
[1791334038699][info][render][code=0] Character texture access: fixed, requested slots=75, stage sampler limit=64
[1791334038731][info][render][code=0] Character IBL: GPU-prefiltered environment mip chain
[1791334038767][info][render][code=0] Character skinning and morph: Vulkan compute path
[1791334038770][info][editor][code=0] Renderer resources reloaded
[1791334038869][info][render][code=0] Character texture access: indexed, requested slots=27, stage sampler limit=64
[1791334038904][info][render][code=0] Character IBL: GPU-prefiltered environment mip chain
[1791334038906][info][render][code=0] Character skinning and morph: Vulkan compute path
[1791334039356][info][editor][code=0] Generated asset: assets:/articulated.gltf
[1791334039373][info][render][code=0] Character texture access: fixed, requested slots=75, stage sampler limit=64
[1791334039410][info][render][code=0] Character IBL: GPU-prefiltered environment mip chain
[1791334039448][info][render][code=0] Character skinning and morph: Vulkan compute path
[1791334039451][info][editor][code=0] Renderer resources reloaded
[1791334039559][info][editor][code=0] Generated asset: assets:/articulated-graph.json
[1791334039567][info][render][code=0] Character texture access: fixed, requested slots=75, stage sampler limit=64
[1791334039599][info][render][code=0] Character IBL: GPU-prefiltered environment mip chain
[1791334039628][info][render][code=0] Character skinning and morph: Vulkan compute path
[1791334039632][info][editor][code=0] Renderer resources reloaded
[1791334039735][info][render][code=0] Character texture access: indexed, requested slots=35, stage sampler limit=64
[1791334039771][info][render][code=0] Character IBL: GPU-prefiltered environment mip chain
[1791334039773][info][render][code=0] Character skinning and morph: Vulkan compute path
[1791334040122][info][editor][code=0] Opened scene: exploration
[1791334040124][info][editor][code=0] Selected node: Placed Object
[1791334040136][info][editor][code=0] Asset reload requested; changed files: 1
[1791334040152][info][render][code=0] Character texture access: fixed, requested slots=99, stage sampler limit=64
[1791334040190][info][render][code=0] Character IBL: GPU-prefiltered environment mip chain
[1791334040239][info][render][code=0] Character skinning and morph: Vulkan compute path
[1791334040243][info][editor][code=0] Renderer resources reloaded
[1791334040286][info][editor][code=0] Opened scene: exploration
[1791334040326][info][editor][code=0] Opened scene: exploration
[1791334040395][info][editor][code=0] Opened scene: exploration
[1791334040462][info][editor][code=0] Opened scene: exploration
[1791334040513][info][editor][code=0] Opened scene: exploration
[1791334040540][info][editor][code=0] Opened scene: exploration
[1791334040542][info][editor][code=0] Selected node: Placed Object
[1791334040549][info][editor][code=0] Asset reload requested; changed files: 0
[1791334040565][info][render][code=0] Character texture access: fixed, requested slots=99, stage sampler limit=64
[1791334040589][info][render][code=0] Character IBL: GPU-prefiltered environment mip chain
[1791334040621][info][render][code=0] Character skinning and morph: Vulkan compute path
[1791334040625][info][editor][code=0] Renderer resources reloaded
[1791334040650][info][editor][code=0] Opened scene: exploration
[1791334040698][info][editor][code=0] Opened scene: exploration
[1791334040743][info][editor][code=0] Opened scene: exploration
[1791334040796][info][editor][code=0] Opened scene: exploration
[1791334040837][info][editor][code=0] Opened scene: exploration
[1791334041545][info][editor][code=0] Generated asset: assets:/model-proposal.gltf
[1791334041557][info][render][code=0] Character texture access: fixed, requested slots=99, stage sampler limit=64
[1791334041577][info][render][code=0] Character IBL: GPU-prefiltered environment mip chain
[1791334041622][info][render][code=0] Character skinning and morph: Vulkan compute path
[1791334041625][info][editor][code=0] Renderer resources reloaded
[1791334042242][info][editor][code=0] Generated asset: assets:/rig-proposal.gltf
[1791334042255][info][render][code=0] Character texture access: fixed, requested slots=99, stage sampler limit=64
[1791334042297][info][render][code=0] Character IBL: GPU-prefiltered environment mip chain
[1791334042351][info][render][code=0] Character skinning and morph: Vulkan compute path
[1791334042354][info][editor][code=0] Renderer resources reloaded
[1791334042457][info][editor][code=0] Saved scene: D:\Assigment\2609\FYP\Project\AzureRender\build\evolution\p3\intel-procedural\run-1791334036279202900\exploration\Procedural Project with spaces\assets\exploration.azurelevel
[1791334042520][info][editor][code=0] Reloaded scene: exploration
[1791334042527][info][editor][code=0] Asset reload requested; changed files: 0
[1791334042541][info][render][code=0] Character texture access: fixed, requested slots=99, stage sampler limit=64
[1791334042585][info][render][code=0] Character IBL: GPU-prefiltered environment mip chain
[1791334042622][info][render][code=0] Character skinning and morph: Vulkan compute path
[1791334042626][info][editor][code=0] Renderer resources reloaded
[1791334042680][info][editor][code=0] Saved scene: D:\Assigment\2609\FYP\Project\AzureRender\build\evolution\p3\intel-procedural\run-1791334036279202900\exploration\Procedural Project with spaces\assets\exploration.azurelevel
[1791334043812][info][editor][code=0] Play started
[1791334043824][info][render][code=0] Character texture access: fixed, requested slots=99, stage sampler limit=64
[1791334043868][info][render][code=0] Character IBL: GPU-prefiltered environment mip chain
[1791334043919][info][render][code=0] Character skinning and morph: Vulkan compute path
[1791334045408][info][editor][code=0] Play stopped; edit state restored
[1791334045417][info][render][code=0] Character texture access: fixed, requested slots=99, stage sampler limit=64
[1791334045435][info][render][code=0] Character IBL: GPU-prefiltered environment mip chain
[1791334045470][info][render][code=0] Character skinning and morph: Vulkan compute path
[1791334046137][info][editor][code=0] Play started
[1791334046149][info][render][code=0] Character texture access: fixed, requested slots=99, stage sampler limit=64
[1791334046186][info][render][code=0] Character IBL: GPU-prefiltered environment mip chain
[1791334046233][info][render][code=0] Character skinning and morph: Vulkan compute path
[1791334047511][info][editor][code=0] Play stopped; edit state restored
[Vulkan Loader] DEBUG | LAYER:  Unloading layer library C:\WINDOWS\System32\DriverStore\FileRepository\nvhmsi.inf_amd64_5ec4b201b8059b6f\nvoglv64.dll
[Vulkan Loader] DEBUG | LAYER:  Unloading layer library C:\WINDOWS\System32\DriverStore\FileRepository\nvhmsi.inf_amd64_5ec4b201b8059b6f\nvoglv64.dll
[Vulkan Loader] DEBUG | LAYER:  Unloading layer library C:\ProgramData\obs-studio-hook\graphics-hook64.dll
[Vulkan Loader] DEBUG | LAYER:  Unloading layer library C:\VulkanSDK\1.4.350.0\Bin\VkLayer_khronos_validation.dll
