Project loaded: project (53fcf846-2541-49ac-acc6-438b8971e7c9)
Controls: Space pause/resume, R auto rotate, 1/2/3/4 full-body angles, 5 face close-up, 6 portfolio orbit, Left/Right fine rotate, F1/F2/F3 showcase presets, F4 animation pause/resume, F11 animation restart, 7/8 previous/next animation, 9 timeline status, 0 diagnostic view, H HUD, F10 inner outlines, F9 style toggle, F7/F8 mask strength, F5/F6 band threshold, F12 screenshot
Validation layer: disabled
Selected GPU: NVIDIA GeForce RTX 4060 Laptop GPU
HDR scene color candidate: VK_FORMAT_R16G16B16A16_SFLOAT (supported)
GPU timing: enabled, timestamp period 1.000000 ns, 64 valid bits
Scene renderer: blackhole (sceneType=blackhole)
Diagnostic view: Beauty, stylized lighting: on, internal outline: on, HUD: off
GPU timing samples: 30
  Shadow: 0.008 ms (0.045%)
  Main scene: 17.607 ms (99.754%)
  Internal outline: 0.035 ms (0.200%)
  Total render: 17.651 ms avg, 16.250 ms min, 20.350 ms max
  Percentiles: p50 17.250 ms, p95 19.026 ms, p99 19.967 ms
  Submission per frame: 3.000 draws, 3.000 descriptor binds
  CPU recording: 0.200 ms per frame, worker passes: 0
GPU timing report: D:\Assigment\2609\FYP\Project\AzureRender\build\ninja-msvc-release\release-gate\player-runtime\blackhole.json
Rendered frames: 30
Allocator after unload: buffers=0 images=0

[1791053338830][info][gpu][code=0] GPU capability report: captures\gpu_capabilities.json
[1791053339167][info][render][code=0] Blackhole bloom: four-level Vulkan compute path
