Project loaded: project (4db626c5-cc6d-4120-b1a3-9c512463062b)
Controls: Space pause/resume, R auto rotate, 1/2/3/4 full-body angles, 5 face close-up, 6 portfolio orbit, Left/Right fine rotate, F1/F2/F3 showcase presets, F4 animation pause/resume, F11 animation restart, 7/8 previous/next animation, 9 timeline status, 0 diagnostic view, H HUD, F10 inner outlines, F9 style toggle, F7/F8 mask strength, F5/F6 band threshold, F12 screenshot
Validation layer: disabled
Selected GPU: NVIDIA GeForce RTX 4060 Laptop GPU
HDR scene color candidate: VK_FORMAT_R16G16B16A16_SFLOAT (supported)
GPU timing: enabled, timestamp period 1.000000 ns, 64 valid bits
Scene renderer: blackhole (sceneType=blackhole)
Diagnostic view: Beauty, stylized lighting: on, internal outline: on, HUD: off
GPU timing samples: 30
  Shadow: 0.009 ms (0.038%)
  Main scene: 22.982 ms (99.792%)
  Internal outline: 0.039 ms (0.170%)
  Total render: 23.030 ms avg, 17.893 ms min, 27.921 ms max
  Percentiles: p50 22.998 ms, p95 27.622 ms, p99 27.914 ms
  Submission per frame: 3.000 draws, 3.000 descriptor binds
  CPU recording: 0.235 ms per frame, worker passes: 0
GPU timing report: D:\Assigment\2609\FYP\Project\AzureRender\build\ninja-msvc-release\release-gate\player-runtime\blackhole.json
Rendered frames: 30
Allocator after unload: buffers=0 images=0

[1791039589642][info][gpu][code=0] GPU capability report: captures\gpu_capabilities.json
[1791039589986][info][render][code=0] Blackhole bloom: four-level Vulkan compute path
