[1791343924542][info][editor][code=0] Opened scene: editor-exploration
[1791343924844][info][gpu][code=0] GPU capability report: captures\gpu_capabilities.json
[1791343925201][info][editor][code=0] Imported asset: cube.gltf (48 vertices)
[1791343925203][info][editor][code=0] Asset reload requested; changed files: 1
[1791343925205][info][render][code=0] Character texture access: indexed, requested slots=27, stage sampler limit=1048576
[1791343925221][info][render][code=0] Character IBL: GPU-prefiltered environment mip chain
[1791343925222][info][render][code=0] Character skinning and morph: Vulkan compute path
[1791343925225][info][editor][code=0] Renderer resources reloaded
[1791343925264][info][editor][code=0] Imported asset: guide.gltf (384 vertices)
[1791343925267][info][editor][code=0] Asset reload requested; changed files: 1
[1791343925271][info][render][code=0] Character texture access: indexed, requested slots=43, stage sampler limit=1048576
[1791343925285][info][render][code=0] Character IBL: GPU-prefiltered environment mip chain
[1791343925290][info][render][code=0] Character skinning and morph: Vulkan compute path
[1791343925292][info][editor][code=0] Renderer resources reloaded
[1791343925330][info][editor][code=0] Imported asset: hero.gltf (360 vertices)
[1791343925334][info][editor][code=0] Asset reload requested; changed files: 1
[1791343925338][info][render][code=0] Character texture access: indexed, requested slots=59, stage sampler limit=1048576
[1791343925351][info][render][code=0] Character IBL: GPU-prefiltered environment mip chain
[1791343925361][info][render][code=0] Character skinning and morph: Vulkan compute path
[1791343925363][info][editor][code=0] Renderer resources reloaded
[1791343925367][info][editor][code=0] Opened scene: editor-exploration
[1791343925367][info][editor][code=0] Selected node: Placed Object
[1791343925368][info][editor][code=0] Opened scene: editor-exploration
[1791343925369][info][editor][code=0] Selected node: Placed Object
[1791343925370][info][editor][code=0] Opened scene: editor-exploration
[1791343925370][info][editor][code=0] Selected node: Placed Object
[1791343925372][info][editor][code=0] Opened scene: editor-exploration
[1791343925372][info][editor][code=0] Selected node: Placed Object
[1791343925374][info][editor][code=0] Opened scene: editor-exploration
[1791343925374][info][editor][code=0] Selected node: Placed Object
[1791343925376][info][editor][code=0] Opened scene: editor-exploration
[1791343925376][info][editor][code=0] Selected node: Placed Object
[1791343925378][info][editor][code=0] Opened scene: editor-exploration
[1791343925378][info][editor][code=0] Selected node: Placed Object
[1791343925379][info][editor][code=0] Opened scene: editor-exploration
[1791343925380][info][editor][code=0] Selected node: Placed Object
[1791343925381][info][editor][code=0] Opened scene: editor-exploration
[1791343925382][info][editor][code=0] Selected node: Placed Object
[1791343925384][info][editor][code=0] Opened scene: editor-exploration
[1791343925384][info][editor][code=0] Selected node: camera
[1791343925386][info][editor][code=0] Opened scene: editor-exploration
[1791343925386][info][editor][code=0] Selected node: hud
[1791343925388][info][editor][code=0] Opened scene: editor-exploration
[1791343925389][info][editor][code=0] Selected node: goal
[1791343925390][info][editor][code=0] Opened scene: editor-exploration
[1791343925391][info][editor][code=0] Selected node: Placed Object
[1791343925393][info][editor][code=0] Opened scene: editor-exploration
[1791343925393][info][editor][code=0] Selected node: Placed Object
[1791343925395][info][editor][code=0] Opened scene: editor-exploration
[1791343925396][info][editor][code=0] Selected node: Placed Object
[1791343925398][info][editor][code=0] Opened scene: editor-exploration
[1791343925398][info][editor][code=0] Selected node: Placed Object
[1791343925401][info][editor][code=0] Opened scene: editor-exploration
[1791343925401][info][editor][code=0] Selected node: Placed Object
[1791343925404][info][editor][code=0] Opened scene: editor-exploration
[1791343925404][info][editor][code=0] Selected node: Placed Object
[1791343925407][info][editor][code=0] Opened scene: editor-exploration
[1791343925408][info][editor][code=0] Selected node: Placed Object
[1791343925411][info][editor][code=0] Opened scene: editor-exploration
[1791343925411][info][editor][code=0] Selected node: Placed Object
[1791343925414][info][editor][code=0] Opened scene: editor-exploration
[1791343925414][info][editor][code=0] Selected node: Placed Object
[1791343925418][info][editor][code=0] Asset reload requested; changed files: 0
[1791343925423][info][render][code=0] Character texture access: indexed, requested slots=59, stage sampler limit=1048576
[1791343925436][info][render][code=0] Character IBL: GPU-prefiltered environment mip chain
[1791343925445][info][render][code=0] Character skinning and morph: Vulkan compute path
[1791343925447][info][editor][code=0] Renderer resources reloaded
[1791343925453][info][editor][code=0] Opened scene: editor-exploration
[1791343925454][info][editor][code=0] Selected node: Placed Object
[1791343925456][info][editor][code=0] Opened scene: editor-exploration
[1791343925460][info][editor][code=0] Opened scene: editor-exploration
[1791343925463][info][editor][code=0] Opened scene: editor-exploration
[1791343925466][info][editor][code=0] Opened scene: editor-exploration
[1791343925473][info][editor][code=0] Opened scene: editor-exploration
[1791343925474][info][editor][code=0] Selected node: Placed Object
[1791343925477][info][editor][code=0] Opened scene: editor-exploration
[1791343925481][info][editor][code=0] Opened scene: editor-exploration
[1791343925484][info][editor][code=0] Opened scene: editor-exploration
[1791343925487][info][editor][code=0] Opened scene: editor-exploration
[1791343925500][info][editor][code=0] Opened scene: editor-exploration
[1791343925501][info][editor][code=0] Selected node: Placed Object
[1791343925503][info][editor][code=0] Opened scene: editor-exploration
[1791343925507][info][editor][code=0] Opened scene: editor-exploration
[1791343925511][info][editor][code=0] Opened scene: editor-exploration
[1791343925515][info][editor][code=0] Opened scene: editor-exploration
[1791343925522][info][editor][code=0] Opened scene: editor-exploration
[1791343925522][info][editor][code=0] Selected node: Placed Object
[1791343925525][info][editor][code=0] Opened scene: editor-exploration
[1791343925529][info][editor][code=0] Opened scene: editor-exploration
[1791343925533][info][editor][code=0] Opened scene: editor-exploration
[1791343925537][info][editor][code=0] Opened scene: editor-exploration
[1791343925540][info][editor][code=0] Opened scene: editor-exploration
[1791343925548][info][editor][code=0] Opened scene: editor-exploration
[1791343925549][info][editor][code=0] Selected node: Placed Object
[1791343925552][info][editor][code=0] Opened scene: editor-exploration
[1791343925556][info][editor][code=0] Opened scene: editor-exploration
[1791343925560][info][editor][code=0] Opened scene: editor-exploration
[1791343925564][info][editor][code=0] Opened scene: editor-exploration
[1791343925571][info][editor][code=0] Opened scene: editor-exploration
[1791343925571][info][editor][code=0] Selected node: Placed Object
[1791343925575][info][editor][code=0] Opened scene: editor-exploration
[1791343925579][info][editor][code=0] Opened scene: editor-exploration
[1791343925582][info][editor][code=0] Opened scene: editor-exploration
[1791343925586][info][editor][code=0] Opened scene: editor-exploration
[1791343925593][info][editor][code=0] Opened scene: editor-exploration
[1791343925594][info][editor][code=0] Selected node: Placed Object
[1791343925597][info][editor][code=0] Opened scene: editor-exploration
[1791343925601][info][editor][code=0] Opened scene: editor-exploration
[1791343925605][info][editor][code=0] Opened scene: editor-exploration
[1791343925608][info][editor][code=0] Opened scene: editor-exploration
[1791343925615][info][editor][code=0] Opened scene: editor-exploration
[1791343925615][info][editor][code=0] Selected node: Placed Object
[1791343925619][info][editor][code=0] Opened scene: editor-exploration
[1791343925622][info][editor][code=0] Opened scene: editor-exploration
[1791343925626][info][editor][code=0] Opened scene: editor-exploration
[1791343925629][info][editor][code=0] Opened scene: editor-exploration
[1791343925636][info][editor][code=0] Opened scene: editor-exploration
[1791343925637][info][editor][code=0] Selected node: Placed Object
[1791343925640][info][editor][code=0] Opened scene: editor-exploration
[1791343925644][info][editor][code=0] Opened scene: editor-exploration
[1791343925648][info][editor][code=0] Opened scene: editor-exploration
[1791343925652][info][editor][code=0] Opened scene: editor-exploration
[1791343925659][info][editor][code=0] Opened scene: editor-exploration
[1791343925660][info][editor][code=0] Selected node: camera
[1791343925663][info][editor][code=0] Opened scene: editor-exploration
[1791343925666][info][editor][code=0] Opened scene: editor-exploration
[1791343925669][info][editor][code=0] Opened scene: editor-exploration
[1791343925673][info][editor][code=0] Opened scene: editor-exploration
[1791343925677][info][editor][code=0] Opened scene: editor-exploration
[1791343925682][info][editor][code=0] Opened scene: editor-exploration
[1791343925686][info][editor][code=0] Opened scene: editor-exploration
[1791343925693][info][editor][code=0] Opened scene: editor-exploration
[1791343925694][info][editor][code=0] Selected node: hud
[1791343925697][info][editor][code=0] Opened scene: editor-exploration
[1791343925700][info][editor][code=0] Opened scene: editor-exploration
[1791343925704][info][editor][code=0] Opened scene: editor-exploration
[1791343925708][info][editor][code=0] Opened scene: editor-exploration
[1791343925716][info][editor][code=0] Opened scene: editor-exploration
[1791343925717][info][editor][code=0] Selected node: goal
[1791343925721][info][editor][code=0] Opened scene: editor-exploration
[1791343925725][info][editor][code=0] Opened scene: editor-exploration
[1791343925729][info][editor][code=0] Opened scene: editor-exploration
[1791343925733][info][editor][code=0] Opened scene: editor-exploration
[1791343925737][info][editor][code=0] Opened scene: editor-exploration
[1791343925740][info][editor][code=0] Opened scene: editor-exploration
[1791343925746][info][editor][code=0] Opened scene: editor-exploration
[1791343925755][info][editor][code=0] Opened scene: editor-exploration
[1791343925756][info][editor][code=0] Selected node: Placed Object
[1791343925760][info][editor][code=0] Opened scene: editor-exploration
[1791343925764][info][editor][code=0] Opened scene: editor-exploration
[1791343925768][info][editor][code=0] Opened scene: editor-exploration
[1791343925772][info][editor][code=0] Opened scene: editor-exploration
[1791343925779][info][editor][code=0] Opened scene: editor-exploration
[1791343925790][info][editor][code=0] Opened scene: editor-exploration
[1791343925791][info][editor][code=0] Selected node: Placed Object
[1791343925794][info][editor][code=0] Opened scene: editor-exploration
[1791343925798][info][editor][code=0] Opened scene: editor-exploration
[1791343925802][info][editor][code=0] Opened scene: editor-exploration
[1791343925806][info][editor][code=0] Opened scene: editor-exploration
[1791343925814][info][editor][code=0] Opened scene: editor-exploration
[1791343925825][info][editor][code=0] Opened scene: editor-exploration
[1791343925826][info][editor][code=0] Selected node: Placed Object
[1791343925830][info][editor][code=0] Opened scene: editor-exploration
[1791343925834][info][editor][code=0] Opened scene: editor-exploration
[1791343925838][info][editor][code=0] Opened scene: editor-exploration
[1791343925846][info][editor][code=0] Opened scene: editor-exploration
[1791343925851][info][editor][code=0] Opened scene: editor-exploration
[1791343925856][info][editor][code=0] Opened scene: editor-exploration
[1791343925862][info][editor][code=0] Opened scene: editor-exploration
[1791343925867][info][editor][code=0] Opened scene: editor-exploration
[1791343925875][info][editor][code=0] Opened scene: editor-exploration
[1791343925883][info][editor][code=0] Opened scene: editor-exploration
[1791343925888][info][editor][code=0] Opened scene: editor-exploration
[1791343925895][info][editor][code=0] Opened scene: editor-exploration
[1791343925902][info][editor][code=0] Opened scene: editor-exploration
[1791343925911][info][editor][code=0] Opened scene: editor-exploration
[1791343925912][info][editor][code=0] Selected node: Placed Object
[1791343925915][info][editor][code=0] Opened scene: editor-exploration
[1791343925919][info][editor][code=0] Opened scene: editor-exploration
[1791343925923][info][editor][code=0] Opened scene: editor-exploration
[1791343925927][info][editor][code=0] Opened scene: editor-exploration
[1791343925938][info][editor][code=0] Opened scene: editor-exploration
[1791343925945][info][editor][code=0] Opened scene: editor-exploration
[1791343925952][info][editor][code=0] Opened scene: editor-exploration
[1791343925958][info][editor][code=0] Opened scene: editor-exploration
[1791343925965][info][editor][code=0] Opened scene: editor-exploration
[1791343925972][info][editor][code=0] Opened scene: editor-exploration
[1791343925983][info][editor][code=0] Opened scene: editor-exploration
[1791343925984][info][editor][code=0] Selected node: Placed Object
[1791343925987][info][editor][code=0] Opened scene: editor-exploration
[1791343925991][info][editor][code=0] Opened scene: editor-exploration
[1791343925996][info][editor][code=0] Opened scene: editor-exploration
[1791343926001][info][editor][code=0] Opened scene: editor-exploration
[1791343926005][info][editor][code=0] Opened scene: editor-exploration
[1791343926011][info][editor][code=0] Opened scene: editor-exploration
[1791343926015][info][editor][code=0] Opened scene: editor-exploration
[1791343926020][info][editor][code=0] Opened scene: editor-exploration
[1791343926024][info][editor][code=0] Opened scene: editor-exploration
[1791343926029][info][editor][code=0] Opened scene: editor-exploration
[1791343926035][info][editor][code=0] Opened scene: editor-exploration
[1791343926044][info][editor][code=0] Opened scene: editor-exploration
[1791343926045][info][editor][code=0] Selected node: Placed Object
[1791343926049][info][editor][code=0] Opened scene: editor-exploration
[1791343926054][info][editor][code=0] Opened scene: editor-exploration
[1791343926060][info][editor][code=0] Opened scene: editor-exploration
[1791343926064][info][editor][code=0] Opened scene: editor-exploration
[1791343926069][info][editor][code=0] Opened scene: editor-exploration
[1791343926075][info][editor][code=0] Opened scene: editor-exploration
[1791343926079][info][editor][code=0] Opened scene: editor-exploration
[1791343926084][info][editor][code=0] Opened scene: editor-exploration
[1791343926089][info][editor][code=0] Opened scene: editor-exploration
[1791343926094][info][editor][code=0] Opened scene: editor-exploration
[1791343926103][info][editor][code=0] Opened scene: editor-exploration
[1791343926104][info][editor][code=0] Selected node: Placed Object
[1791343926108][info][editor][code=0] Opened scene: editor-exploration
[1791343926113][info][editor][code=0] Opened scene: editor-exploration
[1791343926118][info][editor][code=0] Opened scene: editor-exploration
[1791343926123][info][editor][code=0] Opened scene: editor-exploration
[1791343926129][info][editor][code=0] Opened scene: editor-exploration
[1791343926134][info][editor][code=0] Opened scene: editor-exploration
[1791343926140][info][editor][code=0] Opened scene: editor-exploration
[1791343926145][info][editor][code=0] Opened scene: editor-exploration
[1791343926150][info][editor][code=0] Opened scene: editor-exploration
[1791343926160][info][editor][code=0] Opened scene: editor-exploration
[1791343926160][info][editor][code=0] Selected node: Placed Object
[1791343926165][info][editor][code=0] Opened scene: editor-exploration
[1791343926170][info][editor][code=0] Opened scene: editor-exploration
[1791343926176][info][editor][code=0] Opened scene: editor-exploration
[1791343926181][info][editor][code=0] Opened scene: editor-exploration
[1791343926187][info][editor][code=0] Opened scene: editor-exploration
[1791343926191][info][editor][code=0] Opened scene: editor-exploration
[1791343926196][info][editor][code=0] Opened scene: editor-exploration
[1791343926202][info][editor][code=0] Opened scene: editor-exploration
[1791343926208][info][editor][code=0] Opened scene: editor-exploration
[1791343926216][info][editor][code=0] Opened scene: editor-exploration
[1791343926217][info][editor][code=0] Selected node: Placed Object
[1791343926221][info][editor][code=0] Opened scene: editor-exploration
[1791343926225][info][editor][code=0] Opened scene: editor-exploration
[1791343926230][info][editor][code=0] Opened scene: editor-exploration
[1791343926235][info][editor][code=0] Opened scene: editor-exploration
[1791343926240][info][editor][code=0] Opened scene: editor-exploration
[1791343926246][info][editor][code=0] Opened scene: editor-exploration
[1791343926251][info][editor][code=0] Opened scene: editor-exploration
[1791343926256][info][editor][code=0] Opened scene: editor-exploration
[1791343926262][info][editor][code=0] Opened scene: editor-exploration
[1791343926270][info][editor][code=0] Opened scene: editor-exploration
[1791343926271][info][editor][code=0] Selected node: Placed Object
[1791343926288][info][editor][code=0] Opened scene: editor-exploration
[1791343926289][info][editor][code=0] ERROR: Asset reference missing: assets:/absent.lua
[1791343926321][info][editor][code=0] Opened scene: editor-exploration
[1791343926325][info][editor][code=0] Selected node: author-probe:body
[1791343926325][info][editor][code=0] Placed prefab: author-probe
[1791343926335][info][editor][code=0] Undo
[1791343926348][info][editor][code=0] Redo
[1791343926354][info][editor][code=0] Opened scene: editor-exploration
[1791343926379][info][editor][code=0] Saved scene: D:\Assigment\2609\FYP\Project\AzureRender\build\evolution\p3\authoring\game\assets\exploration.azurelevel
[1791343926398][info][editor][code=0] Reloaded scene: editor-exploration
[1791343926410][info][editor][code=0] Opened scene: editor-exploration
[1791343926411][info][editor][code=0] Selected node: Placed Object
[1791343926416][info][editor][code=0] Opened scene: editor-exploration
[1791343926423][info][editor][code=0] Undo
[1791343927171][info][editor][code=0] Play started
[1791343927177][info][render][code=0] Character texture access: indexed, requested slots=59, stage sampler limit=1048576
[1791343927197][info][render][code=0] Character IBL: GPU-prefiltered environment mip chain
[1791343927210][info][render][code=0] Character skinning and morph: Vulkan compute path
[1791343927277][warning][script][code=0] assets:/hero.lua: ...Render/build/evolution/p3/authoring/game/assets/hero.lua:1: authoring fault
stack traceback:
	[C]: in function 'base.error'
	...Render/build/evolution/p3/authoring/game/assets/hero.lua:1: in function <...Render/build/evolution/p3/authoring/game/assets/hero.lua:1>
[1791343927389][info][editor][code=0] Play stopped; edit state restored
[1791343927404][info][editor][code=0] Saved scene: D:\Assigment\2609\FYP\Project\AzureRender\build\evolution\p3\authoring\game\assets\exploration.azurelevel
[1791343927419][info][editor][code=0] Saved scene: D:\Assigment\2609\FYP\Project\AzureRender\build\evolution\p3\authoring\game\assets\exploration.azurelevel
[1791343927420][info][editor][code=0] Game build started
[1791343927426][info][render][code=0] Character texture access: indexed, requested slots=59, stage sampler limit=1048576
[1791343927448][info][render][code=0] Character IBL: GPU-prefiltered environment mip chain
[1791343927463][info][render][code=0] Character skinning and morph: Vulkan compute path
[1791343931146][info][editor][code=0] Game build completed: {"status": "passed", "name": "Editor Authored Exploration", "files": 237}

