-- Running vcpkg install
Detecting compiler hash for triplet x64-windows...
-- Automatically setting %HTTP(S)_PROXY% environment variables to "127.0.0.1:7897".
Compiler found: D:/Visual Studio/2022/VC/Tools/MSVC/14.44.35207/bin/Hostx64/x64/cl.exe
The following packages are already installed:
    glfw3:x64-windows@3.5.1 -- git+https://github.com/microsoft/vcpkg@983a9c6ea042da294d61cb405600725dd7c22bbd
  * imath:x64-windows@3.2.2 -- git+https://github.com/microsoft/vcpkg@b167f9479ce8752a2839c39ee8f52c11af4c0266
    joltphysics:x64-windows@5.6.0 -- git+https://github.com/microsoft/vcpkg@2eab0b6e73bfbe491fa0ffb297fd3ffdb6bf4ecf
  * libdeflate[compression,core,decompression,gzip,zlib]:x64-windows@1.25 -- git+https://github.com/microsoft/vcpkg@ceffc2e1864a1a1da49e655da03c323723a9816d
    lua:x64-windows@5.4.8 -- git+https://github.com/microsoft/vcpkg@062ae235ae46d4bce8b00be2c74667e0763cc2c1
  * nlohmann-json:x64-windows@3.12.0#2 -- git+https://github.com/microsoft/vcpkg@ac3b8821cf486e45dd543bef2a4ba1d1ba230258
    openexr:x64-windows@3.4.13 -- git+https://github.com/microsoft/vcpkg@48521629e41c4a321b28dc3db54695be41c66e2f
  * openjph:x64-windows@0.31.0 -- git+https://github.com/microsoft/vcpkg@ad25bd553f9d4644ed6a978f8a6fc5d6387a923b
    sol2:x64-windows@3.5.0#1 -- git+https://github.com/microsoft/vcpkg@b3089bcbf6e652b82348192c6289d0ba2d0d9fe7
    stb:x64-windows@2024-07-29#1 -- git+https://github.com/microsoft/vcpkg@c362152d1d02973e7b1ce777960f8a6876656560
    tinygltf:x64-windows@3.0.0#1 -- git+https://github.com/microsoft/vcpkg@9c983959bc083131a4f5ca06ea51178a3e5a04b1
  * vcpkg-cmake:x64-windows@2024-04-23 -- git+https://github.com/microsoft/vcpkg@e74aa1e8f93278a8e71372f1fa08c3df420eb840
  * vcpkg-cmake-config:x64-windows@2026-07-21 -- git+https://github.com/microsoft/vcpkg@51befcb03097f8d19c1c59f9ec3625e69d85322a
    vulkan-memory-allocator:x64-windows@3.4.0 -- git+https://github.com/microsoft/vcpkg@a5328a01836eccf4c520e20e58f4d45d36cd1035
The following packages will be built and installed:
  * brotli:x64-windows@1.2.0 -- git+https://github.com/microsoft/vcpkg@0fb79bb13588702a9e06057745b4aed95ce5c861
  * bzip2[core,tool]:x64-windows@1.0.8#6 -- git+https://github.com/microsoft/vcpkg@2d029da682847c5ebdc54e4dbea001331a02207e
  * freetype[brotli,bzip2,core,png,zlib]:x64-windows@2.14.3 -- git+https://github.com/microsoft/vcpkg@37a2b08e48b987c9b2a45a075fed1bc382e8de03
  * itlib:x64-windows@1.12.2 -- git+https://github.com/microsoft/vcpkg@8a453b8f5e7fdbda2367527993839428ec50343f
  * libpng:x64-windows@1.6.58 -- git+https://github.com/microsoft/vcpkg@909d98e06046a0901fd11300b3d725d6a80d27bf
    miniaudio:x64-windows@0.11.25 -- git+https://github.com/microsoft/vcpkg@f019711e3ca3673819cc9b8436af74b095dcb580
    rmlui[core,freetype]:x64-windows@6.3 -- git+https://github.com/microsoft/vcpkg@190d18bbd429a7eab3a01d54051362e47538bfb0
  * robin-hood-hashing:x64-windows@3.11.5#2 -- git+https://github.com/microsoft/vcpkg@1a989171742275cc32060ed37157eeb0efcdc739
  * zlib:x64-windows@1.3.2#1 -- git+https://github.com/microsoft/vcpkg@f49b05c666425471a7f6dc8b6156e9b3675a3c90
Additional packages (*) will be modified to complete this operation.
Restored 0 package(s) from C:\Users\23587\AppData\Local\vcpkg\archives in 1.69 ms. Use --debug to see more details.
Installing 1/9 miniaudio:x64-windows@0.11.25...
Building miniaudio:x64-windows@0.11.25...
C:\Users\23587\AppData\Local\vcpkg\registries\git-trees\f019711e3ca3673819cc9b8436af74b095dcb580: info: installing from git registry git+https://github.com/microsoft/vcpkg@f019711e3ca3673819cc9b8436af74b095dcb580
Downloading https://github.com/mackron/miniaudio/archive/0.11.25.tar.gz -> mackron-miniaudio-0.11.25.tar.gz
Successfully downloaded mackron-miniaudio-0.11.25.tar.gz
-- Extracting source C:/Users/23587/AppData/Local/vcpkg/downloads/mackron-miniaudio-0.11.25.tar.gz
-- Using source at D:/Assigment/2609/FYP/Project/AzureRender/build/ninja-msvc-release/vcpkg_installed/vcpkg/blds/miniaudio/src/0.11.25-9ce6c48799.clean
-- Installing: D:/Assigment/2609/FYP/Project/AzureRender/build/ninja-msvc-release/vcpkg_installed/vcpkg/pkgs/miniaudio_x64-windows/include/miniaudio.h
-- Installing: D:/Assigment/2609/FYP/Project/AzureRender/build/ninja-msvc-release/vcpkg_installed/vcpkg/pkgs/miniaudio_x64-windows/share/miniaudio/copyright
-- Performing post-build validation
Starting submission of miniaudio:x64-windows@0.11.25 to 1 binary cache(s) in the background
Elapsed time to handle miniaudio:x64-windows: 6.3 s
miniaudio:x64-windows package ABI: 9c197336ec2f9b1fca55e62d06ce368550968fe9668878acc797ddf5afd0da25
Installing 2/9 zlib:x64-windows@1.3.2#1...
Building zlib:x64-windows@1.3.2#1...
C:\Users\23587\AppData\Local\vcpkg\registries\git-trees\f49b05c666425471a7f6dc8b6156e9b3675a3c90: info: installing from git registry git+https://github.com/microsoft/vcpkg@f49b05c666425471a7f6dc8b6156e9b3675a3c90
Downloading https://github.com/madler/zlib/archive/v1.3.2.tar.gz -> madler-zlib-v1.3.2.tar.gz
Successfully downloaded madler-zlib-v1.3.2.tar.gz
-- Extracting source C:/Users/23587/AppData/Local/vcpkg/downloads/madler-zlib-v1.3.2.tar.gz
-- Applying patch 0001-no-version-script-on-ohos.patch
-- Using source at D:/Assigment/2609/FYP/Project/AzureRender/build/ninja-msvc-release/vcpkg_installed/vcpkg/blds/zlib/src/v1.3.2-c19a0bfd23.clean
-- Configuring x64-windows
-- Building x64-windows-dbg
-- Building x64-windows-rel
-- Fixing pkgconfig file: D:/Assigment/2609/FYP/Project/AzureRender/build/ninja-msvc-release/vcpkg_installed/vcpkg/pkgs/zlib_x64-windows/lib/pkgconfig/zlib.pc
-- Using cached msys2-mingw-w64-x86_64-pkgconf-1~2.4.3-1-any.pkg.tar.zst
-- Using cached msys2-msys2-runtime-3.6.2-2-x86_64.pkg.tar.zst
-- Using msys root at C:/Users/23587/AppData/Local/vcpkg/downloads/tools/msys2/9272adbcaf19caef
-- Fixing pkgconfig file: D:/Assigment/2609/FYP/Project/AzureRender/build/ninja-msvc-release/vcpkg_installed/vcpkg/pkgs/zlib_x64-windows/debug/lib/pkgconfig/zlib.pc
-- Installing: D:/Assigment/2609/FYP/Project/AzureRender/build/ninja-msvc-release/vcpkg_installed/vcpkg/pkgs/zlib_x64-windows/share/zlib/vcpkg-cmake-wrapper.cmake
-- Installing: D:/Assigment/2609/FYP/Project/AzureRender/build/ninja-msvc-release/vcpkg_installed/vcpkg/pkgs/zlib_x64-windows/share/zlib/copyright
-- Performing post-build validation
Starting submission of zlib:x64-windows@1.3.2#1 to 1 binary cache(s) in the background
Elapsed time to handle zlib:x64-windows: 12 s
zlib:x64-windows package ABI: 54bebc19a2b3ee3258764c13667d2325367a5652d0bcab4a8332fb44e87bf900
Completed submission of miniaudio:x64-windows@0.11.25 to 1 binary cache(s) in 580 ms
Installing 3/9 libpng:x64-windows@1.6.58...
Building libpng:x64-windows@1.6.58...
C:\Users\23587\AppData\Local\vcpkg\registries\git-trees\909d98e06046a0901fd11300b3d725d6a80d27bf: info: installing from git registry git+https://github.com/microsoft/vcpkg@909d98e06046a0901fd11300b3d725d6a80d27bf
Downloading https://github.com/pnggroup/libpng/archive/v1.6.58.tar.gz -> pnggroup-libpng-v1.6.58.tar.gz
Successfully downloaded pnggroup-libpng-v1.6.58.tar.gz
-- Extracting source C:/Users/23587/AppData/Local/vcpkg/downloads/pnggroup-libpng-v1.6.58.tar.gz
-- Applying patch cmake.patch
-- Using source at D:/Assigment/2609/FYP/Project/AzureRender/build/ninja-msvc-release/vcpkg_installed/vcpkg/blds/libpng/src/v1.6.58-b91136795d.clean
-- Configuring x64-windows
-- Building x64-windows-dbg
-- Building x64-windows-rel
-- Installing: D:/Assigment/2609/FYP/Project/AzureRender/build/ninja-msvc-release/vcpkg_installed/vcpkg/pkgs/libpng_x64-windows/share/png/vcpkg-cmake-wrapper.cmake
-- Installing: D:/Assigment/2609/FYP/Project/AzureRender/build/ninja-msvc-release/vcpkg_installed/vcpkg/pkgs/libpng_x64-windows/share/libpng/libpng-config.cmake
-- Fixing pkgconfig file: D:/Assigment/2609/FYP/Project/AzureRender/build/ninja-msvc-release/vcpkg_installed/vcpkg/pkgs/libpng_x64-windows/lib/pkgconfig/libpng16.pc
-- Using cached msys2-mingw-w64-x86_64-pkgconf-1~2.4.3-1-any.pkg.tar.zst
-- Using cached msys2-msys2-runtime-3.6.2-2-x86_64.pkg.tar.zst
-- Using msys root at C:/Users/23587/AppData/Local/vcpkg/downloads/tools/msys2/9272adbcaf19caef
-- Fixing pkgconfig file: D:/Assigment/2609/FYP/Project/AzureRender/build/ninja-msvc-release/vcpkg_installed/vcpkg/pkgs/libpng_x64-windows/debug/lib/pkgconfig/libpng16.pc
-- Installing: D:/Assigment/2609/FYP/Project/AzureRender/build/ninja-msvc-release/vcpkg_installed/vcpkg/pkgs/libpng_x64-windows/debug/lib/pkgconfig/libpng.pc
-- Installing: D:/Assigment/2609/FYP/Project/AzureRender/build/ninja-msvc-release/vcpkg_installed/vcpkg/pkgs/libpng_x64-windows/lib/pkgconfig/libpng.pc
-- Installing: D:/Assigment/2609/FYP/Project/AzureRender/build/ninja-msvc-release/vcpkg_installed/vcpkg/pkgs/libpng_x64-windows/share/libpng/usage
-- Installing: D:/Assigment/2609/FYP/Project/AzureRender/build/ninja-msvc-release/vcpkg_installed/vcpkg/pkgs/libpng_x64-windows/share/libpng/copyright
-- Performing post-build validation
Starting submission of libpng:x64-windows@1.6.58 to 1 binary cache(s) in the background
Elapsed time to handle libpng:x64-windows: 9.8 s
libpng:x64-windows package ABI: 424cf1401bbffe5d29000166d2559beb5b212b7467359aa2636ca28d74837cb2
Completed submission of zlib:x64-windows@1.3.2#1 to 1 binary cache(s) in 144 ms
Installing 4/9 bzip2[core,tool]:x64-windows@1.0.8#6...
Building bzip2[core,tool]:x64-windows@1.0.8#6...
C:\Users\23587\AppData\Local\vcpkg\registries\git-trees\2d029da682847c5ebdc54e4dbea001331a02207e: info: installing from git registry git+https://github.com/microsoft/vcpkg@2d029da682847c5ebdc54e4dbea001331a02207e
Downloading bzip2-1.0.8.tar.gz, trying https://sourceware.org/pub/bzip2/bzip2-1.0.8.tar.gz
Successfully downloaded bzip2-1.0.8.tar.gz
-- Extracting source C:/Users/23587/AppData/Local/vcpkg/downloads/bzip2-1.0.8.tar.gz
-- Applying patch fix-import-export-macros.patch
-- Using source at D:/Assigment/2609/FYP/Project/AzureRender/build/ninja-msvc-release/vcpkg_installed/vcpkg/blds/bzip2/src/bzip2-1-336d4794a3.clean
-- Configuring x64-windows
-- Building x64-windows-dbg
-- Building x64-windows-rel
-- Fixing pkgconfig file: D:/Assigment/2609/FYP/Project/AzureRender/build/ninja-msvc-release/vcpkg_installed/vcpkg/pkgs/bzip2_x64-windows/lib/pkgconfig/bzip2.pc
-- Using cached msys2-mingw-w64-x86_64-pkgconf-1~2.4.3-1-any.pkg.tar.zst
-- Using cached msys2-msys2-runtime-3.6.2-2-x86_64.pkg.tar.zst
-- Using msys root at C:/Users/23587/AppData/Local/vcpkg/downloads/tools/msys2/9272adbcaf19caef
-- Fixing pkgconfig file: D:/Assigment/2609/FYP/Project/AzureRender/build/ninja-msvc-release/vcpkg_installed/vcpkg/pkgs/bzip2_x64-windows/debug/lib/pkgconfig/bzip2.pc
-- Installing: D:/Assigment/2609/FYP/Project/AzureRender/build/ninja-msvc-release/vcpkg_installed/vcpkg/pkgs/bzip2_x64-windows/share/bzip2/copyright
-- Performing post-build validation
Starting submission of bzip2[core,tool]:x64-windows@1.0.8#6 to 1 binary cache(s) in the background
Elapsed time to handle bzip2:x64-windows: 7.9 s
bzip2:x64-windows package ABI: 72834d40099f17f63ceca23ec2ae2afe6c33645e0b7dcf5265774096beccaf06
Completed submission of libpng:x64-windows@1.6.58 to 1 binary cache(s) in 190 ms
Installing 5/9 brotli:x64-windows@1.2.0...
Building brotli:x64-windows@1.2.0...
C:\Users\23587\AppData\Local\vcpkg\registries\git-trees\0fb79bb13588702a9e06057745b4aed95ce5c861: info: installing from git registry git+https://github.com/microsoft/vcpkg@0fb79bb13588702a9e06057745b4aed95ce5c861
Downloading https://github.com/google/brotli/archive/v1.2.0.tar.gz -> google-brotli-v1.2.0.tar.gz
Successfully downloaded google-brotli-v1.2.0.tar.gz
-- Extracting source C:/Users/23587/AppData/Local/vcpkg/downloads/google-brotli-v1.2.0.tar.gz
-- Applying patch install.patch
-- Applying patch pkgconfig.patch
-- Using source at D:/Assigment/2609/FYP/Project/AzureRender/build/ninja-msvc-release/vcpkg_installed/vcpkg/blds/brotli/src/v1.2.0-7af7ca71ad.clean
-- Configuring x64-windows
-- Building x64-windows-dbg
-- Building x64-windows-rel
-- Fixing pkgconfig file: D:/Assigment/2609/FYP/Project/AzureRender/build/ninja-msvc-release/vcpkg_installed/vcpkg/pkgs/brotli_x64-windows/lib/pkgconfig/libbrotlicommon.pc
-- Fixing pkgconfig file: D:/Assigment/2609/FYP/Project/AzureRender/build/ninja-msvc-release/vcpkg_installed/vcpkg/pkgs/brotli_x64-windows/lib/pkgconfig/libbrotlidec.pc
-- Fixing pkgconfig file: D:/Assigment/2609/FYP/Project/AzureRender/build/ninja-msvc-release/vcpkg_installed/vcpkg/pkgs/brotli_x64-windows/lib/pkgconfig/libbrotlienc.pc
-- Using cached msys2-mingw-w64-x86_64-pkgconf-1~2.4.3-1-any.pkg.tar.zst
-- Using cached msys2-msys2-runtime-3.6.2-2-x86_64.pkg.tar.zst
-- Using msys root at C:/Users/23587/AppData/Local/vcpkg/downloads/tools/msys2/9272adbcaf19caef
-- Fixing pkgconfig file: D:/Assigment/2609/FYP/Project/AzureRender/build/ninja-msvc-release/vcpkg_installed/vcpkg/pkgs/brotli_x64-windows/debug/lib/pkgconfig/libbrotlicommon.pc
-- Fixing pkgconfig file: D:/Assigment/2609/FYP/Project/AzureRender/build/ninja-msvc-release/vcpkg_installed/vcpkg/pkgs/brotli_x64-windows/debug/lib/pkgconfig/libbrotlidec.pc
-- Fixing pkgconfig file: D:/Assigment/2609/FYP/Project/AzureRender/build/ninja-msvc-release/vcpkg_installed/vcpkg/pkgs/brotli_x64-windows/debug/lib/pkgconfig/libbrotlienc.pc
-- Installing: D:/Assigment/2609/FYP/Project/AzureRender/build/ninja-msvc-release/vcpkg_installed/vcpkg/pkgs/brotli_x64-windows/share/brotli/usage
-- Installing: D:/Assigment/2609/FYP/Project/AzureRender/build/ninja-msvc-release/vcpkg_installed/vcpkg/pkgs/brotli_x64-windows/share/brotli/copyright
-- Performing post-build validation
Starting submission of brotli:x64-windows@1.2.0 to 1 binary cache(s) in the background
Elapsed time to handle brotli:x64-windows: 22 s
brotli:x64-windows package ABI: 7ab604631cc1544588c32c88905713bab34746c66a430ff59b630c84ba30e5f7
Completed submission of bzip2[core,tool]:x64-windows@1.0.8#6 to 1 binary cache(s) in 136 ms
Installing 6/9 freetype[brotli,bzip2,core,png,zlib]:x64-windows@2.14.3...
Building freetype[brotli,bzip2,core,png,zlib]:x64-windows@2.14.3...
C:\Users\23587\AppData\Local\vcpkg\registries\git-trees\37a2b08e48b987c9b2a45a075fed1bc382e8de03: info: installing from git registry git+https://github.com/microsoft/vcpkg@37a2b08e48b987c9b2a45a075fed1bc382e8de03
Downloading https://gitlab.freedesktop.org//freetype/freetype/-/archive/VER-2-14-3/freetype-VER-2-14-3.tar.gz -> freetype-freetype-VER-2-14-3.tar.gz
Successfully downloaded freetype-freetype-VER-2-14-3.tar.gz
-- Extracting source C:/Users/23587/AppData/Local/vcpkg/downloads/freetype-freetype-VER-2-14-3.tar.gz
-- Applying patch 0003-Fix-UWP.patch
-- Applying patch brotli-static.patch
-- Applying patch bzip2.patch
-- Applying patch fix-exports.patch
-- Using source at D:/Assigment/2609/FYP/Project/AzureRender/build/ninja-msvc-release/vcpkg_installed/vcpkg/blds/freetype/src/VER-2-14-3-46d5ca34ec.clean
-- Configuring x64-windows
-- Building x64-windows-dbg
-- Building x64-windows-rel
-- Fixing pkgconfig file: D:/Assigment/2609/FYP/Project/AzureRender/build/ninja-msvc-release/vcpkg_installed/vcpkg/pkgs/freetype_x64-windows/lib/pkgconfig/freetype2.pc
-- Using cached msys2-mingw-w64-x86_64-pkgconf-1~2.4.3-1-any.pkg.tar.zst
-- Using cached msys2-msys2-runtime-3.6.2-2-x86_64.pkg.tar.zst
-- Using msys root at C:/Users/23587/AppData/Local/vcpkg/downloads/tools/msys2/9272adbcaf19caef
-- Fixing pkgconfig file: D:/Assigment/2609/FYP/Project/AzureRender/build/ninja-msvc-release/vcpkg_installed/vcpkg/pkgs/freetype_x64-windows/debug/lib/pkgconfig/freetype2.pc
-- Installing: D:/Assigment/2609/FYP/Project/AzureRender/build/ninja-msvc-release/vcpkg_installed/vcpkg/pkgs/freetype_x64-windows/share/freetype/usage
-- Performing post-build validation
Starting submission of freetype[brotli,bzip2,core,png,zlib]:x64-windows@2.14.3 to 1 binary cache(s) in the background
Elapsed time to handle freetype:x64-windows: 14 s
freetype:x64-windows package ABI: 41e692aecb34dbc89f03689488616ae2131a1e446af190c7fac9e73afafd1843
Completed submission of brotli:x64-windows@1.2.0 to 1 binary cache(s) in 235 ms
Installing 7/9 robin-hood-hashing:x64-windows@3.11.5#2...
Building robin-hood-hashing:x64-windows@3.11.5#2...
C:\Users\23587\AppData\Local\vcpkg\registries\git-trees\1a989171742275cc32060ed37157eeb0efcdc739: info: installing from git registry git+https://github.com/microsoft/vcpkg@1a989171742275cc32060ed37157eeb0efcdc739
Downloading https://github.com/martinus/robin-hood-hashing/archive/3.11.5.tar.gz -> martinus-robin-hood-hashing-3.11.5.tar.gz
Successfully downloaded martinus-robin-hood-hashing-3.11.5.tar.gz
-- Extracting source C:/Users/23587/AppData/Local/vcpkg/downloads/martinus-robin-hood-hashing-3.11.5.tar.gz
-- Applying patch fix-missing-stdint.patch
-- Using source at D:/Assigment/2609/FYP/Project/AzureRender/build/ninja-msvc-release/vcpkg_installed/vcpkg/blds/robin-hood-hashing/src/3.11.5-1544b7a068.clean
-- Configuring x64-windows
-- Building x64-windows-dbg
-- Building x64-windows-rel
-- Installing: D:/Assigment/2609/FYP/Project/AzureRender/build/ninja-msvc-release/vcpkg_installed/vcpkg/pkgs/robin-hood-hashing_x64-windows/share/robin-hood-hashing/copyright
-- Performing post-build validation
Starting submission of robin-hood-hashing:x64-windows@3.11.5#2 to 1 binary cache(s) in the background
Elapsed time to handle robin-hood-hashing:x64-windows: 3.9 s
robin-hood-hashing:x64-windows package ABI: 6e2c3e1b37282b17c8bf48b9918c0e1ca9cf1c41f32d4640a50b19b2a9572f3c
Completed submission of freetype[brotli,bzip2,core,png,zlib]:x64-windows@2.14.3 to 1 binary cache(s) in 420 ms
Installing 8/9 itlib:x64-windows@1.12.2...
Building itlib:x64-windows@1.12.2...
C:\Users\23587\AppData\Local\vcpkg\registries\git-trees\8a453b8f5e7fdbda2367527993839428ec50343f: info: installing from git registry git+https://github.com/microsoft/vcpkg@8a453b8f5e7fdbda2367527993839428ec50343f
Downloading https://github.com/iboB/itlib/archive/v1.12.2.tar.gz -> iboB-itlib-v1.12.2.tar.gz
Successfully downloaded iboB-itlib-v1.12.2.tar.gz
-- Extracting source C:/Users/23587/AppData/Local/vcpkg/downloads/iboB-itlib-v1.12.2.tar.gz
-- Using source at D:/Assigment/2609/FYP/Project/AzureRender/build/ninja-msvc-release/vcpkg_installed/vcpkg/blds/itlib/src/v1.12.2-7c651724e1.clean
-- Installing: D:/Assigment/2609/FYP/Project/AzureRender/build/ninja-msvc-release/vcpkg_installed/vcpkg/pkgs/itlib_x64-windows/include/itlib
-- Installing: D:/Assigment/2609/FYP/Project/AzureRender/build/ninja-msvc-release/vcpkg_installed/vcpkg/pkgs/itlib_x64-windows/include/itlib/any.hpp
-- Installing: D:/Assigment/2609/FYP/Project/AzureRender/build/ninja-msvc-release/vcpkg_installed/vcpkg/pkgs/itlib_x64-windows/include/itlib/atomic.hpp
-- Installing: D:/Assigment/2609/FYP/Project/AzureRender/build/ninja-msvc-release/vcpkg_installed/vcpkg/pkgs/itlib_x64-windows/include/itlib/atomic_shared_ptr_storage.hpp
-- Installing: D:/Assigment/2609/FYP/Project/AzureRender/build/ninja-msvc-release/vcpkg_installed/vcpkg/pkgs/itlib_x64-windows/include/itlib/data_mutex.hpp
-- Installing: D:/Assigment/2609/FYP/Project/AzureRender/build/ninja-msvc-release/vcpkg_installed/vcpkg/pkgs/itlib_x64-windows/include/itlib/dynamic_bitset.hpp
-- Installing: D:/Assigment/2609/FYP/Project/AzureRender/build/ninja-msvc-release/vcpkg_installed/vcpkg/pkgs/itlib_x64-windows/include/itlib/expected.hpp
-- Installing: D:/Assigment/2609/FYP/Project/AzureRender/build/ninja-msvc-release/vcpkg_installed/vcpkg/pkgs/itlib_x64-windows/include/itlib/flat_map.hpp
-- Installing: D:/Assigment/2609/FYP/Project/AzureRender/build/ninja-msvc-release/vcpkg_installed/vcpkg/pkgs/itlib_x64-windows/include/itlib/flat_set.hpp
-- Installing: D:/Assigment/2609/FYP/Project/AzureRender/build/ninja-msvc-release/vcpkg_installed/vcpkg/pkgs/itlib_x64-windows/include/itlib/generator.hpp
-- Installing: D:/Assigment/2609/FYP/Project/AzureRender/build/ninja-msvc-release/vcpkg_installed/vcpkg/pkgs/itlib_x64-windows/include/itlib/make_ptr.hpp
-- Installing: D:/Assigment/2609/FYP/Project/AzureRender/build/ninja-msvc-release/vcpkg_installed/vcpkg/pkgs/itlib_x64-windows/include/itlib/memory_view.hpp
-- Installing: D:/Assigment/2609/FYP/Project/AzureRender/build/ninja-msvc-release/vcpkg_installed/vcpkg/pkgs/itlib_x64-windows/include/itlib/mem_streambuf.hpp
-- Installing: D:/Assigment/2609/FYP/Project/AzureRender/build/ninja-msvc-release/vcpkg_installed/vcpkg/pkgs/itlib_x64-windows/include/itlib/mutex.hpp
-- Installing: D:/Assigment/2609/FYP/Project/AzureRender/build/ninja-msvc-release/vcpkg_installed/vcpkg/pkgs/itlib_x64-windows/include/itlib/opt_ref_buffer.hpp
-- Installing: D:/Assigment/2609/FYP/Project/AzureRender/build/ninja-msvc-release/vcpkg_installed/vcpkg/pkgs/itlib_x64-windows/include/itlib/pmr_allocator.hpp
-- Installing: D:/Assigment/2609/FYP/Project/AzureRender/build/ninja-msvc-release/vcpkg_installed/vcpkg/pkgs/itlib_x64-windows/include/itlib/pod_vector.hpp
-- Installing: D:/Assigment/2609/FYP/Project/AzureRender/build/ninja-msvc-release/vcpkg_installed/vcpkg/pkgs/itlib_x64-windows/include/itlib/poly_span.hpp
-- Installing: D:/Assigment/2609/FYP/Project/AzureRender/build/ninja-msvc-release/vcpkg_installed/vcpkg/pkgs/itlib_x64-windows/include/itlib/qalgorithm.hpp
-- Installing: D:/Assigment/2609/FYP/Project/AzureRender/build/ninja-msvc-release/vcpkg_installed/vcpkg/pkgs/itlib_x64-windows/include/itlib/rand_dist.hpp
-- Installing: D:/Assigment/2609/FYP/Project/AzureRender/build/ninja-msvc-release/vcpkg_installed/vcpkg/pkgs/itlib_x64-windows/include/itlib/ref_ptr.hpp
-- Installing: D:/Assigment/2609/FYP/Project/AzureRender/build/ninja-msvc-release/vcpkg_installed/vcpkg/pkgs/itlib_x64-windows/include/itlib/rstream.hpp
-- Installing: D:/Assigment/2609/FYP/Project/AzureRender/build/ninja-msvc-release/vcpkg_installed/vcpkg/pkgs/itlib_x64-windows/include/itlib/sentry.hpp
-- Installing: D:/Assigment/2609/FYP/Project/AzureRender/build/ninja-msvc-release/vcpkg_installed/vcpkg/pkgs/itlib_x64-windows/include/itlib/shared_from.hpp
-- Installing: D:/Assigment/2609/FYP/Project/AzureRender/build/ninja-msvc-release/vcpkg_installed/vcpkg/pkgs/itlib_x64-windows/include/itlib/small_vector.hpp
-- Installing: D:/Assigment/2609/FYP/Project/AzureRender/build/ninja-msvc-release/vcpkg_installed/vcpkg/pkgs/itlib_x64-windows/include/itlib/span.hpp
-- Installing: D:/Assigment/2609/FYP/Project/AzureRender/build/ninja-msvc-release/vcpkg_installed/vcpkg/pkgs/itlib_x64-windows/include/itlib/static_vector.hpp
-- Installing: D:/Assigment/2609/FYP/Project/AzureRender/build/ninja-msvc-release/vcpkg_installed/vcpkg/pkgs/itlib_x64-windows/include/itlib/stride_span.hpp
-- Installing: D:/Assigment/2609/FYP/Project/AzureRender/build/ninja-msvc-release/vcpkg_installed/vcpkg/pkgs/itlib_x64-windows/include/itlib/strutil.hpp
-- Installing: D:/Assigment/2609/FYP/Project/AzureRender/build/ninja-msvc-release/vcpkg_installed/vcpkg/pkgs/itlib_x64-windows/include/itlib/tep_vector.hpp
-- Installing: D:/Assigment/2609/FYP/Project/AzureRender/build/ninja-msvc-release/vcpkg_installed/vcpkg/pkgs/itlib_x64-windows/include/itlib/throw_ex.hpp
-- Installing: D:/Assigment/2609/FYP/Project/AzureRender/build/ninja-msvc-release/vcpkg_installed/vcpkg/pkgs/itlib_x64-windows/include/itlib/time_t.hpp
-- Installing: D:/Assigment/2609/FYP/Project/AzureRender/build/ninja-msvc-release/vcpkg_installed/vcpkg/pkgs/itlib_x64-windows/include/itlib/transparent_umap.hpp
-- Installing: D:/Assigment/2609/FYP/Project/AzureRender/build/ninja-msvc-release/vcpkg_installed/vcpkg/pkgs/itlib_x64-windows/include/itlib/type_traits.hpp
-- Installing: D:/Assigment/2609/FYP/Project/AzureRender/build/ninja-msvc-release/vcpkg_installed/vcpkg/pkgs/itlib_x64-windows/include/itlib/ufunction.hpp
-- Installing: D:/Assigment/2609/FYP/Project/AzureRender/build/ninja-msvc-release/vcpkg_installed/vcpkg/pkgs/itlib_x64-windows/include/itlib/utility.hpp
-- Installing: D:/Assigment/2609/FYP/Project/AzureRender/build/ninja-msvc-release/vcpkg_installed/vcpkg/pkgs/itlib_x64-windows/share/itlib/copyright
-- Performing post-build validation
Starting submission of itlib:x64-windows@1.12.2 to 1 binary cache(s) in the background
Elapsed time to handle itlib:x64-windows: 4.2 s
itlib:x64-windows package ABI: b894ff75207339251f145876e3466290ed1115b7977792f85eee9ded8d358c94
Completed submission of robin-hood-hashing:x64-windows@3.11.5#2 to 1 binary cache(s) in 63.7 ms
Installing 9/9 rmlui[core,freetype]:x64-windows@6.3...
Building rmlui[core,freetype]:x64-windows@6.3...
C:\Users\23587\AppData\Local\vcpkg\registries\git-trees\190d18bbd429a7eab3a01d54051362e47538bfb0: info: installing from git registry git+https://github.com/microsoft/vcpkg@190d18bbd429a7eab3a01d54051362e47538bfb0
Downloading https://github.com/mikke89/RmlUi/archive/6.3.tar.gz -> mikke89-RmlUi-6.3.tar.gz
Successfully downloaded mikke89-RmlUi-6.3.tar.gz
-- Extracting source C:/Users/23587/AppData/Local/vcpkg/downloads/mikke89-RmlUi-6.3.tar.gz
-- Applying patch add-itlib-and-robin-hood.patch
-- Applying patch skip-custom-find-modules.patch
-- Using source at D:/Assigment/2609/FYP/Project/AzureRender/build/ninja-msvc-release/vcpkg_installed/vcpkg/blds/rmlui/src/6.3-a8819a3876.clean
-- Configuring x64-windows
-- Building x64-windows-dbg
-- Building x64-windows-rel
-- Performing post-build validation
Starting submission of rmlui[core,freetype]:x64-windows@6.3 to 1 binary cache(s) in the background
Elapsed time to handle rmlui:x64-windows: 33 s
rmlui:x64-windows package ABI: d47db6c0a00bdc81d4100eca4fe7e3d076492616b13a2c8a688dc7573153b993
Installed contents are licensed to you by owners. Microsoft is not responsible for, nor does it grant any licenses to, third-party packages.
Packages installed in this vcpkg installation declare the following licenses:
(FTL OR GPL-2.0-or-later)
(Unlicense OR MIT-0)
MIT
Zlib
bzip2-1.0.6
libpng-2.0
glfw3 provides CMake targets:

  # this is heuristically generated, and may not be correct
  find_package(glfw3 CONFIG REQUIRED)
  target_link_libraries(main PRIVATE glfw)

glfw3 provides pkg-config modules:

  # A multi-platform library for OpenGL, window and input
  glfw3

joltphysics provides CMake targets:

  # this is heuristically generated, and may not be correct
  find_package(Jolt CONFIG REQUIRED)
  target_link_libraries(main PRIVATE Jolt::Jolt)

Use this package via the module FindLua that comes with CMake. To use in your CMakeLists.txt:

    find_package(Lua REQUIRED)
    target_include_directories(main PRIVATE ${LUA_INCLUDE_DIR})
    target_link_libraries(main PRIVATE ${LUA_LIBRARIES})

miniaudio is header-only and can be used from CMake via:

  find_path(MINIAUDIO_INCLUDE_DIRS "miniaudio.h")
  target_include_directories(main PRIVATE ${MINIAUDIO_INCLUDE_DIRS})

openexr provides CMake targets:

    find_package(OpenEXR CONFIG REQUIRED)
    target_link_libraries(main PRIVATE OpenEXR::OpenEXR)

rmlui provides CMake targets:

    find_package(RmlUi CONFIG REQUIRED)
    target_link_libraries(main PRIVATE RmlUi::RmlUi)

sol2 provides CMake targets:

  # this is heuristically generated, and may not be correct
  find_package(sol2 CONFIG REQUIRED)
  target_link_libraries(main PRIVATE sol2::sol2)

sol2 provides pkg-config modules:

  # C++ <-> Lua Wrapper Library
  sol2

The package stb provides CMake targets:

    find_package(Stb REQUIRED)
    target_include_directories(main PRIVATE ${Stb_INCLUDE_DIR})
tinygltf is header-only and can be used from CMake via:

  find_path(TINYGLTF_INCLUDE_DIRS "tiny_gltf.h")
  target_include_directories(main PRIVATE ${TINYGLTF_INCLUDE_DIRS})

VulkanMemoryAllocator provides official find_package support. However, it requires the user to provide the include directory containing `vulkan/vulkan.h`. There are multiple ways to achieve this and VulkanMemoryAllocator is compatible with all of them.

    find_package(Vulkan) # https://cmake.org/cmake/help/latest/module/FindVulkan.html, CMake 3.21+
    find_package(VulkanMemoryAllocator CONFIG REQUIRED)
    target_link_libraries(main PRIVATE Vulkan::Vulkan GPUOpen::VulkanMemoryAllocator)

or

    find_package(Vulkan) # CMake 3.21+
    find_package(VulkanMemoryAllocator CONFIG REQUIRED)
    target_link_libraries(main PRIVATE Vulkan::Headers GPUOpen::VulkanMemoryAllocator)

or

    find_package(VulkanHeaders CONFIG) # From the vulkan-headers port
    find_package(VulkanMemoryAllocator CONFIG REQUIRED)
    target_link_libraries(main PRIVATE Vulkan::Headers GPUOpen::VulkanMemoryAllocator)

See the documentation for more information on setting up your project: https://gpuopen-librariesandsdks.github.io/VulkanMemoryAllocator/html/index.html

Completed submission of itlib:x64-windows@1.12.2 to 1 binary cache(s) in 93.8 ms
Waiting for 1 remaining binary cache submissions...
Completed submission of rmlui[core,freetype]:x64-windows@6.3 to 1 binary cache(s) in 3.3 s (1/1)
All requested installations completed successfully in: 1.9 min
-- Running vcpkg install - done
-- Found ZLIB: optimized;D:/Assigment/2609/FYP/Project/AzureRender/build/ninja-msvc-release/vcpkg_installed/x64-windows/lib/z.lib;debug;D:/Assigment/2609/FYP/Project/AzureRender/build/ninja-msvc-release/vcpkg_installed/x64-windows/debug/lib/zd.lib (found version "1.3.2")
-- Found Freetype target Freetype::Freetype - Freetype font engine enabled
-- Configuring done
-- Generating done
-- Build files have been written to: D:/Assigment/2609/FYP/Project/AzureRender/build/ninja-msvc-release
