[0/1] Re-running CMake...
-- Running vcpkg install
Detecting compiler hash for triplet x64-windows...
-- Automatically setting %HTTP(S)_PROXY% environment variables to "127.0.0.1:7897".
Compiler found: D:/Visual Studio/2022/VC/Tools/MSVC/14.44.35207/bin/Hostx64/x64/cl.exe
The following packages are already installed:
    glfw3:x64-windows@3.5.1 -- git+https://github.com/microsoft/vcpkg@983a9c6ea042da294d61cb405600725dd7c22bbd
  * imath:x64-windows@3.2.2 -- git+https://github.com/microsoft/vcpkg@b167f9479ce8752a2839c39ee8f52c11af4c0266
  * libdeflate[compression,core,decompression,gzip,zlib]:x64-windows@1.25 -- git+https://github.com/microsoft/vcpkg@ceffc2e1864a1a1da49e655da03c323723a9816d
  * nlohmann-json:x64-windows@3.12.0#2 -- git+https://github.com/microsoft/vcpkg@ac3b8821cf486e45dd543bef2a4ba1d1ba230258
    openexr:x64-windows@3.4.13 -- git+https://github.com/microsoft/vcpkg@48521629e41c4a321b28dc3db54695be41c66e2f
  * openjph:x64-windows@0.31.0 -- git+https://github.com/microsoft/vcpkg@ad25bd553f9d4644ed6a978f8a6fc5d6387a923b
    stb:x64-windows@2024-07-29#1 -- git+https://github.com/microsoft/vcpkg@c362152d1d02973e7b1ce777960f8a6876656560
    tinygltf:x64-windows@3.0.0#1 -- git+https://github.com/microsoft/vcpkg@9c983959bc083131a4f5ca06ea51178a3e5a04b1
  * vcpkg-cmake:x64-windows@2024-04-23 -- git+https://github.com/microsoft/vcpkg@e74aa1e8f93278a8e71372f1fa08c3df420eb840
  * vcpkg-cmake-config:x64-windows@2026-07-21 -- git+https://github.com/microsoft/vcpkg@51befcb03097f8d19c1c59f9ec3625e69d85322a
    vulkan-memory-allocator:x64-windows@3.4.0 -- git+https://github.com/microsoft/vcpkg@a5328a01836eccf4c520e20e58f4d45d36cd1035
The following packages will be built and installed:
    joltphysics:x64-windows@5.6.0 -- git+https://github.com/microsoft/vcpkg@2eab0b6e73bfbe491fa0ffb297fd3ffdb6bf4ecf
Restored 0 package(s) from C:\Users\23587\AppData\Local\vcpkg\archives in 1.02 ms. Use --debug to see more details.
Installing 1/1 joltphysics:x64-windows@5.6.0...
Building joltphysics:x64-windows@5.6.0...
C:\Users\23587\AppData\Local\vcpkg\registries\git-trees\2eab0b6e73bfbe491fa0ffb297fd3ffdb6bf4ecf: info: installing from git registry git+https://github.com/microsoft/vcpkg@2eab0b6e73bfbe491fa0ffb297fd3ffdb6bf4ecf
-- Note: joltphysics only supports static library linkage. Building static library.
Downloading https://github.com/jrouwe/JoltPhysics/archive/v5.6.0.tar.gz -> jrouwe-JoltPhysics-v5.6.0.tar.gz
Successfully downloaded jrouwe-JoltPhysics-v5.6.0.tar.gz
-- Extracting source C:/Users/23587/AppData/Local/vcpkg/downloads/jrouwe-JoltPhysics-v5.6.0.tar.gz
-- Using source at D:/Assigment/2609/FYP/Project/AzureRender/build/ninja-msvc-release/vcpkg_installed/vcpkg/blds/joltphysics/src/v5.6.0-58760e711a.clean
-- Configuring x64-windows
-- Building x64-windows-dbg
-- Building x64-windows-rel
-- Using cached msys2-mingw-w64-x86_64-pkgconf-1~2.4.3-1-any.pkg.tar.zst
-- Using cached msys2-msys2-runtime-3.6.2-2-x86_64.pkg.tar.zst
-- Using msys root at C:/Users/23587/AppData/Local/vcpkg/downloads/tools/msys2/9272adbcaf19caef
-- Installing: D:/Assigment/2609/FYP/Project/AzureRender/build/ninja-msvc-release/vcpkg_installed/vcpkg/pkgs/joltphysics_x64-windows/share/joltphysics/copyright
-- Performing post-build validation
Starting submission of joltphysics:x64-windows@5.6.0 to 1 binary cache(s) in the background
Elapsed time to handle joltphysics:x64-windows: 38 s
joltphysics:x64-windows package ABI: d04e9e4145a648da5c5dbf8990ad3330289436e368c3e7e02290927764c7125f
Installed contents are licensed to you by owners. Microsoft is not responsible for, nor does it grant any licenses to, third-party packages.
Packages installed in this vcpkg installation declare the following licenses:
MIT
glfw3 provides CMake targets:

  # this is heuristically generated, and may not be correct
  find_package(glfw3 CONFIG REQUIRED)
  target_link_libraries(main PRIVATE glfw)

glfw3 provides pkg-config modules:

  # A multi-platform library for OpenGL, window and input
  glfw3

joltphysics provides CMake targets:

  # this is heuristically generated, and may not be correct
  find_package(Jolt CONFIG REQUIRED)
  target_link_libraries(main PRIVATE Jolt::Jolt)

openexr provides CMake targets:

    find_package(OpenEXR CONFIG REQUIRED)
    target_link_libraries(main PRIVATE OpenEXR::OpenEXR)

The package stb provides CMake targets:

    find_package(Stb REQUIRED)
    target_include_directories(main PRIVATE ${Stb_INCLUDE_DIR})
tinygltf is header-only and can be used from CMake via:

  find_path(TINYGLTF_INCLUDE_DIRS "tiny_gltf.h")
  target_include_directories(main PRIVATE ${TINYGLTF_INCLUDE_DIRS})

VulkanMemoryAllocator provides official find_package support. However, it requires the user to provide the include directory containing `vulkan/vulkan.h`. There are multiple ways to achieve this and VulkanMemoryAllocator is compatible with all of them.

    find_package(Vulkan) # https://cmake.org/cmake/help/latest/module/FindVulkan.html, CMake 3.21+
    find_package(VulkanMemoryAllocator CONFIG REQUIRED)
    target_link_libraries(main PRIVATE Vulkan::Vulkan GPUOpen::VulkanMemoryAllocator)

or

    find_package(Vulkan) # CMake 3.21+
    find_package(VulkanMemoryAllocator CONFIG REQUIRED)
    target_link_libraries(main PRIVATE Vulkan::Headers GPUOpen::VulkanMemoryAllocator)

or

    find_package(VulkanHeaders CONFIG) # From the vulkan-headers port
    find_package(VulkanMemoryAllocator CONFIG REQUIRED)
    target_link_libraries(main PRIVATE Vulkan::Headers GPUOpen::VulkanMemoryAllocator)

See the documentation for more information on setting up your project: https://gpuopen-librariesandsdks.github.io/VulkanMemoryAllocator/html/index.html

Waiting for 1 remaining binary cache submissions...
Completed submission of joltphysics:x64-windows@5.6.0 to 1 binary cache(s) in 8.6 s (1/1)
All requested installations completed successfully in: 38 s
-- Running vcpkg install - done
-- Configuring done
-- Generating done
-- Build files have been written to: D:/Assigment/2609/FYP/Project/AzureRender/build/ninja-msvc-release
[1/45] Building CXX object CMakeFiles\AzureEditor.dir\src\editor\EditorCameraController.cpp.obj
[2/45] Building CXX object CMakeFiles\AzureEditor.dir\src\editor\EditorSession.cpp.obj
[3/45] Building CXX object CMakeFiles\AzureRuntime.dir\src\app\CommandLine.cpp.obj
[4/45] Building CXX object CMakeFiles\AzureRuntime.dir\src\runtime\GameRuntime.cpp.obj
[5/45] Building CXX object CMakeFiles\AzureRuntime.dir\src\runtime\SceneRenderSnapshot.cpp.obj
[6/45] Building CXX object CMakeFiles\AzureProjectTests.dir\tests\ProjectTests.cpp.obj
[7/45] Building CXX object CMakeFiles\AzureRuntime.dir\src\runtime\SceneDocument.cpp.obj
[8/45] Building CXX object CMakeFiles\AzureRuntimeLifecycleTests.dir\tests\RuntimeLifecycleTests.cpp.obj
[9/45] Building CXX object CMakeFiles\AzureEditor.dir\src\editor\EditorContext.cpp.obj
[10/45] Building CXX object CMakeFiles\AzureRenderHost.dir\src\app\AzureRenderResources.cpp.obj
[11/45] Building CXX object CMakeFiles\AzurePhysicsInputTests.dir\tests\PhysicsInputTests.cpp.obj
[12/45] Building CXX object CMakeFiles\AzurePlayerHost.dir\src\app\AzureRenderDescriptors.cpp.obj
[13/45] Building CXX object CMakeFiles\AzureRuntime.dir\src\runtime\LevelSession.cpp.obj
[14/45] Building CXX object CMakeFiles\AzurePlayerHost.dir\src\app\AzureRenderResources.cpp.obj
[15/45] Building CXX object CMakeFiles\AzurePlayerHost.dir\src\app\AzureRenderPipeline.cpp.obj
[16/45] Building CXX object CMakeFiles\AzureRenderHost.dir\src\app\AzureRenderDescriptors.cpp.obj
[17/45] Building CXX object CMakeFiles\AzureRuntime.dir\src\runtime\PhysicsWorld.cpp.obj
[18/45] Building CXX object CMakeFiles\AzureRenderHost.dir\src\app\AzureRenderPipeline.cpp.obj
[19/45] Building CXX object CMakeFiles\AzureRenderHost.dir\src\app\AzureRenderSupport.cpp.obj
[20/45] Building CXX object CMakeFiles\AzurePlayer.dir\src\player\main.cpp.obj
[21/45] Building CXX object CMakeFiles\AzureEditor.dir\src\editor\ImGuiEditorLayer.cpp.obj
[22/45] Building CXX object CMakeFiles\AzurePlayerHost.dir\src\app\AzureRenderSupport.cpp.obj
[23/45] Building CXX object CMakeFiles\AzureRenderHost.dir\src\app\AzureRenderCapture.cpp.obj
[24/45] Building CXX object CMakeFiles\AzurePlayerHost.dir\src\app\AzureRenderCapture.cpp.obj
[25/45] Building CXX object CMakeFiles\AzureRuntime.dir\src\runtime\Prefab.cpp.obj
[26/45] Building CXX object CMakeFiles\AzureRender.dir\src\main.cpp.obj
[27/45] Building CXX object CMakeFiles\AzureRenderHost.dir\src\app\AzureRenderFrame.cpp.obj
[28/45] Building CXX object CMakeFiles\AzurePlayerHost.dir\src\app\AzureRenderFrame.cpp.obj
[29/45] Building CXX object CMakeFiles\AzureRuntime.dir\src\runtime\Project.cpp.obj
[30/45] Building CXX object CMakeFiles\AzureRuntime.dir\src\runtime\Level.cpp.obj
[31/45] Building CXX object CMakeFiles\AzureAssetLevelTests.dir\tests\AssetLevelTests.cpp.obj
[32/45] Building CXX object CMakeFiles\AzurePlayerHost.dir\src\app\AzureRenderApp.cpp.obj
[33/45] Building CXX object CMakeFiles\AzureRuntime.dir\src\runtime\AssetDatabase.cpp.obj
[34/45] Building CXX object CMakeFiles\AzureRenderHost.dir\src\app\AzureRenderApp.cpp.obj
[35/45] Linking CXX static library AzureRuntime.lib
[36/45] Linking CXX static library AzureEditor.lib
[37/45] Linking CXX static library AzurePlayerHost.lib
[38/45] Linking CXX executable AzureAssetLevelTests.exe
[39/45] Linking CXX static library AzureRenderHost.lib
[40/45] Linking CXX executable AzureProjectTests.exe
[41/45] Linking CXX executable AzurePhysicsInputTests.exe
[42/45] Linking CXX executable AzureRuntimeLifecycleTests.exe
[43/45] Linking CXX executable AzurePlayer.exe
[44/45] Linking CXX executable AzureRender.exe
