Controls: Space pause/resume, R auto rotate, 1/2/3/4 full-body angles, 5 face close-up, 6 portfolio orbit, Left/Right fine rotate, F1/F2/F3 showcase presets, F4 animation pause/resume, F11 animation restart, 7/8 previous/next animation, 9 timeline status, 0 diagnostic view, H HUD, F10 inner outlines, F9 style toggle, F7/F8 mask strength, F5/F6 band threshold, F12 screenshot
Validation layer: disabled
Selected GPU: NVIDIA GeForce RTX 4060 Laptop GPU
HDR scene color candidate: VK_FORMAT_R16G16B16A16_SFLOAT (supported)
GPU timing: enabled, timestamp period 1.000000 ns, 64 valid bits
Turntable foot pivot: [1.000000, -1.000000, 1.000000]
Asset path: D:\Assigment\2609\FYP\Project\AzureRender\build\g0\baseline\share\AzureRender\assets_public\test_model.gltf
Loaded asset: 337 vertices, 900 indices, 3 primitives, 4 materials
Material Class v1 inventory:
  [0] PublicTestMaterial -> generic, flags=0x20, source=asset-extras
  [1] PublicTestMaterialB -> generic, flags=0x20, source=asset-extras
  [2] FallbackMaterial -> generic, flags=0x20, source=fallback/inferred
  [3] AzureRender_ShowcasePlatform -> showcase, flags=0x0, source=asset-extras
Skinning: enabled, 1 joint matrices, 1 Morph targets
Morph weights: 0.000000, 0.000000
Animations: 1 (playing "MorphJointPulse", 0.250000 s loop)
Scene renderer: character (sceneType=character)
Diagnostic view: Beauty, stylized lighting: on, internal outline: on, HUD: off
Clustered lighting: 0 lights, 0 cluster references
GPU timing samples: 300
  Shadow: 0.027 ms (6.040%)
  Main scene: 0.320 ms (72.969%)
  Internal outline: 0.092 ms (20.991%)
  Total render: 0.439 ms avg, 0.271 ms min, 0.858 ms max
  Percentiles: p50 0.365 ms, p95 0.765 ms, p99 0.845 ms
  Submission per frame: 12.000 draws, 3.000 descriptor binds
  CPU recording: 0.253 ms per frame, worker passes: 1200
GPU timing report: D:\Assigment\2609\FYP\Project\AzureRender\build\g0\acceptance\cpu-baseline-0.json
Rendered frames: 300
Allocator after unload: buffers=0 images=0
[1791034826091][info][gpu][code=0] GPU capability report: captures\gpu_capabilities.json
[1791034826433][info][render][code=0] Character IBL: GPU-prefiltered environment mip chain
[1791034826435][info][render][code=0] Character skinning and morph: Vulkan compute path
