[1791339793973][info][editor][code=0] Opened scene: editor-exploration
[1791339794273][info][gpu][code=0] GPU capability report: captures\gpu_capabilities.json
[1791339794617][info][editor][code=0] Imported asset: cube.gltf (48 vertices)
[1791339794619][info][editor][code=0] Asset reload requested; changed files: 1
[1791339794621][info][render][code=0] Character texture access: indexed, requested slots=27, stage sampler limit=1048576
[1791339794638][info][render][code=0] Character IBL: GPU-prefiltered environment mip chain
[1791339794639][info][render][code=0] Character skinning and morph: Vulkan compute path
[1791339794641][info][editor][code=0] Renderer resources reloaded
[1791339794683][info][editor][code=0] Imported asset: guide.gltf (384 vertices)
[1791339794686][info][editor][code=0] Asset reload requested; changed files: 1
[1791339794689][info][render][code=0] Character texture access: indexed, requested slots=43, stage sampler limit=1048576
[1791339794704][info][render][code=0] Character IBL: GPU-prefiltered environment mip chain
[1791339794710][info][render][code=0] Character skinning and morph: Vulkan compute path
[1791339794712][info][editor][code=0] Renderer resources reloaded
[1791339794745][info][editor][code=0] Imported asset: hero.gltf (360 vertices)
[1791339794749][info][editor][code=0] Asset reload requested; changed files: 1
[1791339794753][info][render][code=0] Character texture access: indexed, requested slots=59, stage sampler limit=1048576
[1791339794769][info][render][code=0] Character IBL: GPU-prefiltered environment mip chain
[1791339794778][info][render][code=0] Character skinning and morph: Vulkan compute path
[1791339794780][info][editor][code=0] Renderer resources reloaded
[1791339794782][info][editor][code=0] Opened scene: editor-exploration
[1791339794783][info][editor][code=0] Selected node: Placed Object
[1791339794784][info][editor][code=0] Opened scene: editor-exploration
[1791339794785][info][editor][code=0] Selected node: Placed Object
[1791339794786][info][editor][code=0] Opened scene: editor-exploration
[1791339794787][info][editor][code=0] Selected node: Placed Object
[1791339794788][info][editor][code=0] Opened scene: editor-exploration
[1791339794788][info][editor][code=0] Selected node: Placed Object
[1791339794789][info][editor][code=0] Opened scene: editor-exploration
[1791339794790][info][editor][code=0] Selected node: Placed Object
[1791339794791][info][editor][code=0] Opened scene: editor-exploration
[1791339794792][info][editor][code=0] Selected node: Placed Object
[1791339794793][info][editor][code=0] Opened scene: editor-exploration
[1791339794793][info][editor][code=0] Selected node: Placed Object
[1791339794795][info][editor][code=0] Opened scene: editor-exploration
[1791339794796][info][editor][code=0] Selected node: Placed Object
[1791339794797][info][editor][code=0] Opened scene: editor-exploration
[1791339794798][info][editor][code=0] Selected node: Placed Object
[1791339794800][info][editor][code=0] Opened scene: editor-exploration
[1791339794800][info][editor][code=0] Selected node: camera
[1791339794802][info][editor][code=0] Opened scene: editor-exploration
[1791339794803][info][editor][code=0] Selected node: hud
[1791339794805][info][editor][code=0] Opened scene: editor-exploration
[1791339794805][info][editor][code=0] Selected node: goal
[1791339794807][info][editor][code=0] Opened scene: editor-exploration
[1791339794807][info][editor][code=0] Selected node: Placed Object
[1791339794809][info][editor][code=0] Opened scene: editor-exploration
[1791339794810][info][editor][code=0] Selected node: Placed Object
[1791339794812][info][editor][code=0] Opened scene: editor-exploration
[1791339794813][info][editor][code=0] Selected node: Placed Object
[1791339794815][info][editor][code=0] Opened scene: editor-exploration
[1791339794816][info][editor][code=0] Selected node: Placed Object
[1791339794819][info][editor][code=0] Opened scene: editor-exploration
[1791339794819][info][editor][code=0] Selected node: Placed Object
[1791339794822][info][editor][code=0] Opened scene: editor-exploration
[1791339794823][info][editor][code=0] Selected node: Placed Object
[1791339794825][info][editor][code=0] Opened scene: editor-exploration
[1791339794826][info][editor][code=0] Selected node: Placed Object
[1791339794829][info][editor][code=0] Opened scene: editor-exploration
[1791339794830][info][editor][code=0] Selected node: Placed Object
[1791339794833][info][editor][code=0] Opened scene: editor-exploration
[1791339794834][info][editor][code=0] Selected node: Placed Object
[1791339794837][info][editor][code=0] Asset reload requested; changed files: 0
[1791339794841][info][render][code=0] Character texture access: indexed, requested slots=59, stage sampler limit=1048576
[1791339794856][info][render][code=0] Character IBL: GPU-prefiltered environment mip chain
[1791339794866][info][render][code=0] Character skinning and morph: Vulkan compute path
[1791339794868][info][editor][code=0] Renderer resources reloaded
[1791339794872][info][editor][code=0] Opened scene: editor-exploration
[1791339794872][info][editor][code=0] Selected node: Placed Object
[1791339794875][info][editor][code=0] Opened scene: editor-exploration
[1791339794879][info][editor][code=0] Opened scene: editor-exploration
[1791339794883][info][editor][code=0] Opened scene: editor-exploration
[1791339794886][info][editor][code=0] Opened scene: editor-exploration
[1791339794892][info][editor][code=0] Opened scene: editor-exploration
[1791339794892][info][editor][code=0] Selected node: Placed Object
[1791339794896][info][editor][code=0] Opened scene: editor-exploration
[1791339794900][info][editor][code=0] Opened scene: editor-exploration
[1791339794904][info][editor][code=0] Opened scene: editor-exploration
[1791339794907][info][editor][code=0] Opened scene: editor-exploration
[1791339794920][info][editor][code=0] Opened scene: editor-exploration
[1791339794921][info][editor][code=0] Selected node: Placed Object
[1791339794924][info][editor][code=0] Opened scene: editor-exploration
[1791339794929][info][editor][code=0] Opened scene: editor-exploration
[1791339794932][info][editor][code=0] Opened scene: editor-exploration
[1791339794936][info][editor][code=0] Opened scene: editor-exploration
[1791339794941][info][editor][code=0] Opened scene: editor-exploration
[1791339794942][info][editor][code=0] Selected node: Placed Object
[1791339794945][info][editor][code=0] Opened scene: editor-exploration
[1791339794949][info][editor][code=0] Opened scene: editor-exploration
[1791339794952][info][editor][code=0] Opened scene: editor-exploration
[1791339794955][info][editor][code=0] Opened scene: editor-exploration
[1791339794959][info][editor][code=0] Opened scene: editor-exploration
[1791339794964][info][editor][code=0] Opened scene: editor-exploration
[1791339794965][info][editor][code=0] Selected node: Placed Object
[1791339794968][info][editor][code=0] Opened scene: editor-exploration
[1791339794972][info][editor][code=0] Opened scene: editor-exploration
[1791339794977][info][editor][code=0] Opened scene: editor-exploration
[1791339794980][info][editor][code=0] Opened scene: editor-exploration
[1791339794985][info][editor][code=0] Opened scene: editor-exploration
[1791339794986][info][editor][code=0] Selected node: Placed Object
[1791339794989][info][editor][code=0] Opened scene: editor-exploration
[1791339794993][info][editor][code=0] Opened scene: editor-exploration
[1791339794997][info][editor][code=0] Opened scene: editor-exploration
[1791339795000][info][editor][code=0] Opened scene: editor-exploration
[1791339795008][info][editor][code=0] Opened scene: editor-exploration
[1791339795009][info][editor][code=0] Selected node: Placed Object
[1791339795013][info][editor][code=0] Opened scene: editor-exploration
[1791339795017][info][editor][code=0] Opened scene: editor-exploration
[1791339795021][info][editor][code=0] Opened scene: editor-exploration
[1791339795025][info][editor][code=0] Opened scene: editor-exploration
[1791339795031][info][editor][code=0] Opened scene: editor-exploration
[1791339795032][info][editor][code=0] Selected node: Placed Object
[1791339795035][info][editor][code=0] Opened scene: editor-exploration
[1791339795039][info][editor][code=0] Opened scene: editor-exploration
[1791339795043][info][editor][code=0] Opened scene: editor-exploration
[1791339795047][info][editor][code=0] Opened scene: editor-exploration
[1791339795053][info][editor][code=0] Opened scene: editor-exploration
[1791339795054][info][editor][code=0] Selected node: Placed Object
[1791339795057][info][editor][code=0] Opened scene: editor-exploration
[1791339795061][info][editor][code=0] Opened scene: editor-exploration
[1791339795067][info][editor][code=0] Opened scene: editor-exploration
[1791339795071][info][editor][code=0] Opened scene: editor-exploration
[1791339795076][info][editor][code=0] Opened scene: editor-exploration
[1791339795077][info][editor][code=0] Selected node: camera
[1791339795080][info][editor][code=0] Opened scene: editor-exploration
[1791339795084][info][editor][code=0] Opened scene: editor-exploration
[1791339795087][info][editor][code=0] Opened scene: editor-exploration
[1791339795090][info][editor][code=0] Opened scene: editor-exploration
[1791339795094][info][editor][code=0] Opened scene: editor-exploration
[1791339795100][info][editor][code=0] Opened scene: editor-exploration
[1791339795103][info][editor][code=0] Opened scene: editor-exploration
[1791339795109][info][editor][code=0] Opened scene: editor-exploration
[1791339795109][info][editor][code=0] Selected node: hud
[1791339795113][info][editor][code=0] Opened scene: editor-exploration
[1791339795117][info][editor][code=0] Opened scene: editor-exploration
[1791339795120][info][editor][code=0] Opened scene: editor-exploration
[1791339795123][info][editor][code=0] Opened scene: editor-exploration
[1791339795129][info][editor][code=0] Opened scene: editor-exploration
[1791339795130][info][editor][code=0] Selected node: goal
[1791339795133][info][editor][code=0] Opened scene: editor-exploration
[1791339795137][info][editor][code=0] Opened scene: editor-exploration
[1791339795141][info][editor][code=0] Opened scene: editor-exploration
[1791339795145][info][editor][code=0] Opened scene: editor-exploration
[1791339795149][info][editor][code=0] Opened scene: editor-exploration
[1791339795152][info][editor][code=0] Opened scene: editor-exploration
[1791339795156][info][editor][code=0] Opened scene: editor-exploration
[1791339795163][info][editor][code=0] Opened scene: editor-exploration
[1791339795164][info][editor][code=0] Selected node: Placed Object
[1791339795167][info][editor][code=0] Opened scene: editor-exploration
[1791339795171][info][editor][code=0] Opened scene: editor-exploration
[1791339795175][info][editor][code=0] Opened scene: editor-exploration
[1791339795180][info][editor][code=0] Opened scene: editor-exploration
[1791339795187][info][editor][code=0] Opened scene: editor-exploration
[1791339795196][info][editor][code=0] Opened scene: editor-exploration
[1791339795197][info][editor][code=0] Selected node: Placed Object
[1791339795201][info][editor][code=0] Opened scene: editor-exploration
[1791339795206][info][editor][code=0] Opened scene: editor-exploration
[1791339795210][info][editor][code=0] Opened scene: editor-exploration
[1791339795214][info][editor][code=0] Opened scene: editor-exploration
[1791339795221][info][editor][code=0] Opened scene: editor-exploration
[1791339795229][info][editor][code=0] Opened scene: editor-exploration
[1791339795230][info][editor][code=0] Selected node: Placed Object
[1791339795233][info][editor][code=0] Opened scene: editor-exploration
[1791339795237][info][editor][code=0] Opened scene: editor-exploration
[1791339795241][info][editor][code=0] Opened scene: editor-exploration
[1791339795245][info][editor][code=0] Opened scene: editor-exploration
[1791339795249][info][editor][code=0] Opened scene: editor-exploration
[1791339795253][info][editor][code=0] Opened scene: editor-exploration
[1791339795257][info][editor][code=0] Opened scene: editor-exploration
[1791339795261][info][editor][code=0] Opened scene: editor-exploration
[1791339795270][info][editor][code=0] Opened scene: editor-exploration
[1791339795277][info][editor][code=0] Opened scene: editor-exploration
[1791339795283][info][editor][code=0] Opened scene: editor-exploration
[1791339795290][info][editor][code=0] Opened scene: editor-exploration
[1791339795298][info][editor][code=0] Opened scene: editor-exploration
[1791339795306][info][editor][code=0] Opened scene: editor-exploration
[1791339795307][info][editor][code=0] Selected node: Placed Object
[1791339795310][info][editor][code=0] Opened scene: editor-exploration
[1791339795314][info][editor][code=0] Opened scene: editor-exploration
[1791339795318][info][editor][code=0] Opened scene: editor-exploration
[1791339795322][info][editor][code=0] Opened scene: editor-exploration
[1791339795332][info][editor][code=0] Opened scene: editor-exploration
[1791339795339][info][editor][code=0] Opened scene: editor-exploration
[1791339795347][info][editor][code=0] Opened scene: editor-exploration
[1791339795354][info][editor][code=0] Opened scene: editor-exploration
[1791339795360][info][editor][code=0] Opened scene: editor-exploration
[1791339795368][info][editor][code=0] Opened scene: editor-exploration
[1791339795376][info][editor][code=0] Opened scene: editor-exploration
[1791339795377][info][editor][code=0] Selected node: Placed Object
[1791339795380][info][editor][code=0] Opened scene: editor-exploration
[1791339795384][info][editor][code=0] Opened scene: editor-exploration
[1791339795389][info][editor][code=0] Opened scene: editor-exploration
[1791339795394][info][editor][code=0] Opened scene: editor-exploration
[1791339795398][info][editor][code=0] Opened scene: editor-exploration
[1791339795403][info][editor][code=0] Opened scene: editor-exploration
[1791339795408][info][editor][code=0] Opened scene: editor-exploration
[1791339795412][info][editor][code=0] Opened scene: editor-exploration
[1791339795417][info][editor][code=0] Opened scene: editor-exploration
[1791339795421][info][editor][code=0] Opened scene: editor-exploration
[1791339795426][info][editor][code=0] Opened scene: editor-exploration
[1791339795433][info][editor][code=0] Opened scene: editor-exploration
[1791339795434][info][editor][code=0] Selected node: Placed Object
[1791339795438][info][editor][code=0] Opened scene: editor-exploration
[1791339795443][info][editor][code=0] Opened scene: editor-exploration
[1791339795447][info][editor][code=0] Opened scene: editor-exploration
[1791339795452][info][editor][code=0] Opened scene: editor-exploration
[1791339795457][info][editor][code=0] Opened scene: editor-exploration
[1791339795462][info][editor][code=0] Opened scene: editor-exploration
[1791339795466][info][editor][code=0] Opened scene: editor-exploration
[1791339795471][info][editor][code=0] Opened scene: editor-exploration
[1791339795476][info][editor][code=0] Opened scene: editor-exploration
[1791339795481][info][editor][code=0] Opened scene: editor-exploration
[1791339795488][info][editor][code=0] Opened scene: editor-exploration
[1791339795489][info][editor][code=0] Selected node: Placed Object
[1791339795492][info][editor][code=0] Opened scene: editor-exploration
[1791339795497][info][editor][code=0] Opened scene: editor-exploration
[1791339795502][info][editor][code=0] Opened scene: editor-exploration
[1791339795507][info][editor][code=0] Opened scene: editor-exploration
[1791339795512][info][editor][code=0] Opened scene: editor-exploration
[1791339795516][info][editor][code=0] Opened scene: editor-exploration
[1791339795521][info][editor][code=0] Opened scene: editor-exploration
[1791339795526][info][editor][code=0] Opened scene: editor-exploration
[1791339795532][info][editor][code=0] Opened scene: editor-exploration
[1791339795540][info][editor][code=0] Opened scene: editor-exploration
[1791339795541][info][editor][code=0] Selected node: Placed Object
[1791339795545][info][editor][code=0] Opened scene: editor-exploration
[1791339795550][info][editor][code=0] Opened scene: editor-exploration
[1791339795555][info][editor][code=0] Opened scene: editor-exploration
[1791339795560][info][editor][code=0] Opened scene: editor-exploration
[1791339795566][info][editor][code=0] Opened scene: editor-exploration
[1791339795571][info][editor][code=0] Opened scene: editor-exploration
[1791339795576][info][editor][code=0] Opened scene: editor-exploration
[1791339795582][info][editor][code=0] Opened scene: editor-exploration
[1791339795587][info][editor][code=0] Opened scene: editor-exploration
[1791339795595][info][editor][code=0] Opened scene: editor-exploration
[1791339795596][info][editor][code=0] Selected node: Placed Object
[1791339795600][info][editor][code=0] Opened scene: editor-exploration
[1791339795605][info][editor][code=0] Opened scene: editor-exploration
[1791339795610][info][editor][code=0] Opened scene: editor-exploration
[1791339795616][info][editor][code=0] Opened scene: editor-exploration
[1791339795620][info][editor][code=0] Opened scene: editor-exploration
[1791339795626][info][editor][code=0] Opened scene: editor-exploration
[1791339795631][info][editor][code=0] Opened scene: editor-exploration
[1791339795636][info][editor][code=0] Opened scene: editor-exploration
[1791339795642][info][editor][code=0] Opened scene: editor-exploration
[1791339795649][info][editor][code=0] Opened scene: editor-exploration
[1791339795650][info][editor][code=0] Selected node: Placed Object
[1791339795664][info][editor][code=0] Opened scene: editor-exploration
[1791339795666][info][editor][code=0] ERROR: Asset reference missing: assets:/absent.lua
[1791339795694][info][editor][code=0] Opened scene: editor-exploration
[1791339795698][info][editor][code=0] Selected node: author-probe:body
[1791339795698][info][editor][code=0] Placed prefab: author-probe
[1791339795710][info][editor][code=0] Undo
[1791339795722][info][editor][code=0] Redo
[1791339795729][info][editor][code=0] Opened scene: editor-exploration
[1791339795754][info][editor][code=0] Saved scene: D:\Assigment\2609\FYP\Project\AzureRender\build\evolution\p3\authoring\game\assets\exploration.azurelevel
[1791339795774][info][editor][code=0] Reloaded scene: editor-exploration
[1791339795784][info][editor][code=0] Opened scene: editor-exploration
[1791339795785][info][editor][code=0] Selected node: Placed Object
[1791339795790][info][editor][code=0] Opened scene: editor-exploration
[1791339795799][info][editor][code=0] Undo
[1791339796477][info][editor][code=0] Play started
[1791339796483][info][render][code=0] Character texture access: indexed, requested slots=59, stage sampler limit=1048576
[1791339796498][info][render][code=0] Character IBL: GPU-prefiltered environment mip chain
[1791339796510][info][render][code=0] Character skinning and morph: Vulkan compute path
[1791339796581][warning][script][code=0] assets:/hero.lua: ...Render/build/evolution/p3/authoring/game/assets/hero.lua:1: authoring fault
stack traceback:
	[C]: in function 'base.error'
	...Render/build/evolution/p3/authoring/game/assets/hero.lua:1: in function <...Render/build/evolution/p3/authoring/game/assets/hero.lua:1>
[1791339796671][info][editor][code=0] Play stopped; edit state restored
[1791339796689][info][editor][code=0] Saved scene: D:\Assigment\2609\FYP\Project\AzureRender\build\evolution\p3\authoring\game\assets\exploration.azurelevel
[1791339796703][info][editor][code=0] Saved scene: D:\Assigment\2609\FYP\Project\AzureRender\build\evolution\p3\authoring\game\assets\exploration.azurelevel
[1791339796704][info][editor][code=0] Game build started
[1791339796711][info][render][code=0] Character texture access: indexed, requested slots=59, stage sampler limit=1048576
[1791339796726][info][render][code=0] Character IBL: GPU-prefiltered environment mip chain
[1791339796739][info][render][code=0] Character skinning and morph: Vulkan compute path
[1791339800223][info][editor][code=0] Game build completed: {"status": "passed", "name": "Editor Authored Exploration", "files": 237}

