Internal ctest changing into directory: D:/Assigment/2609/FYP/Project/AzureRender/build/ninja-msvc-debug
Test project D:/Assigment/2609/FYP/Project/AzureRender/build/ninja-msvc-debug
        Start   4: AzureEngine.EvolutionCoverage
  1/123 Test   #4: AzureEngine.EvolutionCoverage .............   Passed   23.09 sec
        Start   1: AzureTools.EvolutionCoverage
        Start  15: AzureTools.ShaderModule
        Start  17: AzureTools.ShaderComposition
        Start   5: AzureTools.ScriptBindings
  2/123 Test   #5: AzureTools.ScriptBindings .................   Passed    3.25 sec
        Start  34: AzureAI.Bridge
  3/123 Test  #17: AzureTools.ShaderComposition ..............   Passed    4.98 sec
        Start  16: AzureTools.ShaderTypes
  4/123 Test  #16: AzureTools.ShaderTypes ....................   Passed    2.74 sec
        Start  93: AzureEngine.BuildConfiguration
  5/123 Test  #34: AzureAI.Bridge ............................   Passed    4.96 sec
        Start  63: AzureEngine.ResourceFrameTrace
  6/123 Test  #63: AzureEngine.ResourceFrameTrace ............   Passed    1.03 sec
        Start  55: AzureEngine.ModuleBoundaryFixtures
  7/123 Test  #55: AzureEngine.ModuleBoundaryFixtures ........   Passed    4.35 sec
        Start  85: AzureEngine.RepositoryAudit
  8/123 Test   #1: AzureTools.EvolutionCoverage ..............   Passed   15.47 sec
        Start  39: AzureTools.Cli
  9/123 Test  #93: AzureEngine.BuildConfiguration ............   Passed    8.57 sec
        Start  56: AzureEngine.ModuleBoundaries
 10/123 Test  #85: AzureEngine.RepositoryAudit ...............   Passed    4.09 sec
        Start  73: AzureEngine.ScriptRuntime
 11/123 Test  #39: AzureTools.Cli ............................   Passed    2.71 sec
        Start   2: AzureTools.EngineContracts
 12/123 Test   #2: AzureTools.EngineContracts ................   Passed    0.66 sec
        Start  36: AzureEditor.ProposalController
 13/123 Test  #56: AzureEngine.ModuleBoundaries ..............   Passed    2.94 sec
        Start 130: AzureEditor.ContentWorkflow
 14/123 Test #130: AzureEditor.ContentWorkflow ...............   Passed    1.16 sec
        Start 128: AzureEditor.GizmoController
 15/123 Test #128: AzureEditor.GizmoController ...............   Passed    0.49 sec
        Start  95: AzureTools.NativeWindow
 16/123 Test  #36: AzureEditor.ProposalController ............   Passed    2.06 sec
        Start  43: AzureAssets.GenerationManifest
 17/123 Test  #95: AzureTools.NativeWindow ...................   Passed    1.03 sec
        Start   7: AzureTools.VisibilityBenchmark
 18/123 Test  #73: AzureEngine.ScriptRuntime .................   Passed    4.64 sec
        Start  37: AzureEditor.ProposalAdapter
 19/123 Test  #43: AzureAssets.GenerationManifest ............   Passed    1.67 sec
        Start 129: AzureEditor.SelectionService
 20/123 Test   #7: AzureTools.VisibilityBenchmark ............   Passed    0.73 sec
        Start  53: AzureEngine.RegisteredComponentWorkflow
 21/123 Test #129: AzureEditor.SelectionService ..............   Passed    0.35 sec
        Start   3: AzureEngine.ContractsSnapshot
 22/123 Test   #3: AzureEngine.ContractsSnapshot .............   Passed    0.36 sec
        Start  91: AzureEngine.GamePackageRules
 23/123 Test  #37: AzureEditor.ProposalAdapter ...............   Passed    1.14 sec
        Start  33: AzureAI.ModelProtocol
 24/123 Test  #53: AzureEngine.RegisteredComponentWorkflow ...   Passed    1.52 sec
        Start  68: AzureEngine.ManagedRuntime.coreclr
 25/123 Test  #33: AzureAI.ModelProtocol .....................   Passed    1.01 sec
        Start 131: AzureEditor.TaskService
 26/123 Test  #68: AzureEngine.ManagedRuntime.coreclr ........   Passed    0.59 sec
        Start  60: AzureEngine.EditorWorkflow
 27/123 Test #131: AzureEditor.TaskService ...................   Passed    0.32 sec
        Start  94: AzureEngine.BuildProvenance
 28/123 Test  #91: AzureEngine.GamePackageRules ..............   Passed    2.09 sec
        Start  27: AzureRender.HotReload
 29/123 Test  #15: AzureTools.ShaderModule ...................   Passed   26.15 sec
        Start  47: AzureEditor.EditTransaction
 30/123 Test  #27: AzureRender.HotReload .....................   Passed    0.80 sec
        Start  69: AzureEngine.ManagedRuntime.nativeaot
 31/123 Test  #94: AzureEngine.BuildProvenance ...............   Passed    1.69 sec
        Start  89: AzureEngine.AnimationRetarget
 32/123 Test  #69: AzureEngine.ManagedRuntime.nativeaot ......   Passed    0.46 sec
        Start  48: AzureEngine.SystemComposition
 33/123 Test  #60: AzureEngine.EditorWorkflow ................   Passed    2.29 sec
        Start  92: AzureEngine.PlayableDeliveryRules
 34/123 Test  #47: AzureEditor.EditTransaction ...............   Passed    1.08 sec
        Start 150: AzureRender.NullRhiPass
 35/123 Test  #48: AzureEngine.SystemComposition .............   Passed    0.86 sec
        Start 135: AzureRender.DocumentBackup
 36/123 Test #135: AzureRender.DocumentBackup ................   Passed    0.12 sec
        Start 132: AzureEditor.AssetWorkflow
 37/123 Test  #89: AzureEngine.AnimationRetarget .............   Passed    1.26 sec
        Start  90: AzureEngine.SourceSkinRestore
 38/123 Test #132: AzureEditor.AssetWorkflow .................   Passed    0.40 sec
        Start  70: AzureEngine.ScriptBackendParity.lua
 39/123 Test  #92: AzureEngine.PlayableDeliveryRules .........   Passed    1.00 sec
        Start 158: AzureEngine.PlayerCli
 40/123 Test  #70: AzureEngine.ScriptBackendParity.lua .......   Passed    0.25 sec
        Start  20: AzureAssets.ProceduralProcess
 41/123 Test  #20: AzureAssets.ProceduralProcess .............   Passed    0.29 sec
        Start  28: AzurePlatform.ProcessRunner
 42/123 Test  #90: AzureEngine.SourceSkinRestore .............   Passed    0.89 sec
        Start  97: AzureEngine.CharacterPreparation
 43/123 Test  #28: AzurePlatform.ProcessRunner ...............   Passed    0.35 sec
        Start  96: AzureEngine.CharacterIntake
 44/123 Test #158: AzureEngine.PlayerCli .....................   Passed    0.91 sec
        Start  66: AzureEngine.ManagedModule.coreclr
 45/123 Test  #66: AzureEngine.ManagedModule.coreclr .........   Passed    0.18 sec
        Start 159: AzureRender.BlackholeOptimizationRules
 46/123 Test  #97: AzureEngine.CharacterPreparation ..........   Passed    0.61 sec
        Start 157: AzureRender.R4AcceptanceRules
 47/123 Test #150: AzureRender.NullRhiPass ...................   Passed    2.15 sec
        Start  46: AzureEditor.EditService
 48/123 Test  #96: AzureEngine.CharacterIntake ...............   Passed    0.59 sec
        Start 126: AzureEditor.TransformEditing
 49/123 Test #126: AzureEditor.TransformEditing ..............   Passed    0.03 sec
        Start 108: AzureEngine.MetaGenerator
 50/123 Test  #46: AzureEditor.EditService ...................   Passed    0.44 sec
        Start  82: AzureEngine.AssetLevel
 51/123 Test #159: AzureRender.BlackholeOptimizationRules ....   Passed    0.74 sec
        Start  87: AzureEngine.PublicGait
 52/123 Test #157: AzureRender.R4AcceptanceRules .............   Passed    0.76 sec
        Start 136: AzureRender.DocumentActionGuard
 53/123 Test #136: AzureRender.DocumentActionGuard ...........   Passed    0.03 sec
        Start  78: AzureEngine.PlayableQuest
 54/123 Test #108: AzureEngine.MetaGenerator .................   Passed    0.55 sec
        Start 125: AzureEditor.SelectionBounds
 55/123 Test #125: AzureEditor.SelectionBounds ...............   Passed    0.02 sec
        Start  75: AzureEngine.Locomotion
 56/123 Test  #87: AzureEngine.PublicGait ....................   Passed    0.33 sec
        Start 134: AzureRender.EditorCameraService
 57/123 Test #134: AzureRender.EditorCameraService ...........   Passed    0.05 sec
        Start  44: AzureTools.ValidationProtocol
 58/123 Test  #75: AzureEngine.Locomotion ....................   Passed    0.29 sec
        Start  24: AzureEditor.PanelContext
 59/123 Test  #82: AzureEngine.AssetLevel ....................   Passed    0.64 sec
        Start 112: AzureEngine.Project
 60/123 Test  #78: AzureEngine.PlayableQuest .................   Passed    0.43 sec
        Start  74: AzureEngine.ThirdPerson
 61/123 Test  #24: AzureEditor.PanelContext ..................   Passed    0.14 sec
        Start 140: AzureRender.EditorSession
 62/123 Test  #74: AzureEngine.ThirdPerson ...................   Passed    0.30 sec
        Start  18: AzureAssets.ProceduralGeometry
 63/123 Test #112: AzureEngine.Project .......................   Passed    0.37 sec
        Start  19: AzureAssets.RigText
 64/123 Test  #18: AzureAssets.ProceduralGeometry ............   Passed    0.10 sec
        Start  38: AzureEditor.Observation
 65/123 Test  #19: AzureAssets.RigText .......................   Passed    0.07 sec
        Start 167: AzureRender.InstallManifestRoundTrip
 66/123 Test #140: AzureRender.EditorSession .................   Passed    0.38 sec
        Start  65: AzureEngine.ScriptInterop
 67/123 Test  #65: AzureEngine.ScriptInterop .................   Passed    0.03 sec
        Start 127: AzureRender.AssetDeformation
 68/123 Test #127: AzureRender.AssetDeformation ..............   Passed    0.03 sec
        Start  64: AzureEngine.ScriptBackendContract
 69/123 Test  #38: AzureEditor.Observation ...................   Passed    0.10 sec
        Start 133: AzureRender.EditorInputRouter
 70/123 Test #133: AzureRender.EditorInputRouter .............   Passed    0.02 sec
        Start   6: AzureRender.VisibilityPrototype
 71/123 Test  #64: AzureEngine.ScriptBackendContract .........   Passed    0.05 sec
        Start   9: AzureRender.ResourceAccessProfile
 72/123 Test   #6: AzureRender.VisibilityPrototype ...........   Passed    0.03 sec
        Start  26: AzureEditor.Thumbnail
 73/123 Test   #9: AzureRender.ResourceAccessProfile .........   Passed    0.03 sec
        Start  11: AzureRender.ViewBatching
 74/123 Test  #26: AzureEditor.Thumbnail .....................   Passed    0.02 sec
        Start  23: AzureEditor.UiFoundation
 75/123 Test  #11: AzureRender.ViewBatching ..................   Passed    0.02 sec
        Start  81: AzureEngine.PhysicsInput
 76/123 Test  #23: AzureEditor.UiFoundation ..................   Passed    0.03 sec
        Start  13: AzureRender.ShaderModule
 77/123 Test  #13: AzureRender.ShaderModule ..................   Passed    0.02 sec
        Start  10: AzureRender.SkinningBatch
 78/123 Test  #10: AzureRender.SkinningBatch .................   Passed    0.02 sec
        Start  67: AzureEngine.ManagedModule.nativeaot
 79/123 Test  #67: AzureEngine.ManagedModule.nativeaot .......   Passed    0.05 sec
        Start  77: AzureEngine.ScriptEntities
 80/123 Test #167: AzureRender.InstallManifestRoundTrip ......   Passed    0.34 sec
        Start  84: AzureRender.SceneVisibility
 81/123 Test  #81: AzureEngine.PhysicsInput ..................   Passed    0.17 sec
        Start  22: AzureEngine.SettingRegistry
 82/123 Test  #84: AzureRender.SceneVisibility ...............   Passed    0.06 sec
        Start  61: AzureEngine.PresentationRuntime
 83/123 Test  #77: AzureEngine.ScriptEntities ................   Passed    0.12 sec
        Start  51: AzureEngine.ComponentRegistry
 84/123 Test  #22: AzureEngine.SettingRegistry ...............   Passed    0.08 sec
        Start  52: AzureEngine.MetadataGeneration
 85/123 Test  #52: AzureEngine.MetadataGeneration ............   Passed    0.02 sec
        Start  25: AzureRender.RenderView
 86/123 Test  #51: AzureEngine.ComponentRegistry .............   Passed    0.04 sec
        Start  21: AzureEngine.SettingsOverlay
 87/123 Test  #25: AzureRender.RenderView ....................   Passed    0.03 sec
        Start  76: AzureEngine.Interaction
 88/123 Test  #61: AzureEngine.PresentationRuntime ...........   Passed    0.09 sec
        Start  50: AzureEngine.ModuleAssembly
 89/123 Test  #21: AzureEngine.SettingsOverlay ...............   Passed    0.03 sec
        Start 143: AzureRender.SceneModel
 90/123 Test  #50: AzureEngine.ModuleAssembly ................   Passed    0.02 sec
        Start  45: AzureEngine.Observation
 91/123 Test  #45: AzureEngine.Observation ...................   Passed    0.02 sec
        Start  58: AzureEngine.GameUi
 92/123 Test  #76: AzureEngine.Interaction ...................   Passed    0.06 sec
        Start  62: AzureEngine.GameplayPresentation
 93/123 Test  #62: AzureEngine.GameplayPresentation ..........   Passed    0.03 sec
        Start 113: AzureEngine.RuntimeLifecycle
 94/123 Test  #58: AzureEngine.GameUi ........................   Passed    0.05 sec
        Start 114: AzureRender.EnvironmentAsset
 95/123 Test #113: AzureEngine.RuntimeLifecycle ..............   Passed    0.03 sec
        Start 144: AzureRender.RuntimeDiagnostics
 96/123 Test #143: AzureRender.SceneModel ....................   Passed    0.13 sec
        Start 147: AzureRender.ExtensionRegistry
 97/123 Test #114: AzureRender.EnvironmentAsset ..............   Passed    0.06 sec
        Start  83: AzureEngine.Reflection
 98/123 Test #144: AzureRender.RuntimeDiagnostics ............   Passed    0.05 sec
        Start 121: AzureRender.FrameTaskScheduler
 99/123 Test #147: AzureRender.ExtensionRegistry .............   Passed    0.03 sec
        Start 146: AzureRender.ResourceLocator
100/123 Test  #83: AzureEngine.Reflection ....................   Passed    0.02 sec
        Start  57: AzureEngine.GameUiRenderer
101/123 Test #121: AzureRender.FrameTaskScheduler ............   Passed    0.04 sec
        Start  79: AzureRender.AnimationPose
102/123 Test #146: AzureRender.ResourceLocator ...............   Passed    0.04 sec
        Start 119: AzureRender.ClusteredLightGrid
103/123 Test  #57: AzureEngine.GameUiRenderer ................   Passed    0.04 sec
        Start 120: AzureRender.ComputePass
104/123 Test  #79: AzureRender.AnimationPose .................   Passed    0.02 sec
        Start 115: AzureRender.RenderGraph
105/123 Test #119: AzureRender.ClusteredLightGrid ............   Passed    0.03 sec
        Start  80: AzureRender.BrowRegions
106/123 Test #120: AzureRender.ComputePass ...................   Passed    0.03 sec
        Start 151: AzureRender.SceneGraph
107/123 Test  #80: AzureRender.BrowRegions ...................   Passed    0.02 sec
        Start 145: AzureRender.GpuCapabilityReport
108/123 Test #115: AzureRender.RenderGraph ...................   Passed    0.04 sec
        Start 166: AzureRender.ReleaseGateMissingBuild
109/123 Test #151: AzureRender.SceneGraph ....................   Passed    0.02 sec
        Start 141: AzureRender.Ecs
110/123 Test #145: AzureRender.GpuCapabilityReport ...........   Passed    0.03 sec
        Start 148: AzureRender.UploadRing
111/123 Test #141: AzureRender.Ecs ...........................   Passed    0.02 sec
        Start 118: AzureRender.CascadedShadow
112/123 Test #166: AzureRender.ReleaseGateMissingBuild .......   Passed    0.04 sec
        Start 122: AzureRender.SurfaceLifecycle
113/123 Test #148: AzureRender.UploadRing ....................   Passed    0.03 sec
        Start 124: AzureRender.EditorCameraController
114/123 Test #118: AzureRender.CascadedShadow ................   Passed    0.03 sec
        Start 123: AzureRender.CommandLine
115/123 Test #122: AzureRender.SurfaceLifecycle ..............   Passed    0.03 sec
        Start 117: AzureRender.LightBuffer
116/123 Test #124: AzureRender.EditorCameraController ........   Passed    0.03 sec
        Start 142: AzureRender.PickMath
117/123 Test #123: AzureRender.CommandLine ...................   Passed    0.03 sec
        Start 116: AzureRender.TransientResourcePool
118/123 Test #142: AzureRender.PickMath ......................   Passed    0.02 sec
        Start  59: AzureEditor.Workspace
119/123 Test #117: AzureRender.LightBuffer ...................   Passed    0.04 sec
        Start 149: AzureRender.NullRhi
120/123 Test #116: AzureRender.TransientResourcePool .........   Passed    0.03 sec
121/123 Test #149: AzureRender.NullRhi .......................   Passed    0.02 sec
122/123 Test  #59: AzureEditor.Workspace .....................   Passed    0.07 sec
123/123 Test  #44: AzureTools.ValidationProtocol .............   Passed    2.02 sec

100% tests passed, 0 tests failed out of 123

Total Test time (real) =  55.40 sec
