ConvertFrom-Json : Invalid object passed in, ':' or '}' expected. (120): {
  "schemaVersion": 1,
  "status": "passed",
  "phase": "p2",
  "implementation": "feat(p2): 瀹屾垚灞曠ず濯掍綋涓庣嫭绔嬩氦浠橀獙鏀?,
  "sourceHash": "24e048cac46dbf56b7a6a223e013e70e8a93a0d607acf8d804b7517b5aeb238b",
  "sourceFiles": {
    "assets_public/baselines/character/character_albedo_fullbody.png": "c7c3322828f7464e229576d92178aa69d7dfa3a30909a8b
d9ba87e5b9ae691e3",
    "assets_public/baselines/character/character_beauty_fullbody.png": "86e1c437ec29aa1ece304daf8c17f978e9e0a37ddd68555
85656800c3d3bd3f5",
    "assets_public/baselines/character/character_direct_diffuse_fullbody.png": "feadd9f5ee66c08607fdc5a11f3ba35665d0230
df61cb07c81f8f84c918a2acb",
    "assets_public/baselines/character/character_face_sdf_closeup.png": "eb58ceac8bbeb29e28ff2984188f9e31a54c45aadae2f8
227dd55ac3e030c01c",
    "assets_public/baselines/character/character_material_id_fullbody.png": "96f95bf4511edbb8aea4b5ec9c8eea8f0853648dc3
14db5a5318bd7a71d590bf",
    "assets_public/baselines/character/character_outline_fullbody.png": "20b20897c33ac8f0b24178ca34239b15a48035a277c73a
0920bc3bbf4dc5af56",
    "assets_public/baselines/character/character_world_normal_fullbody.png": "156bc7ebcf292ef690e5dcb7dcd00d9d846898c0d
e22c0220f6fd8b3b98554eb",
    "assets_public/exploration/assets/CHARACTER-LICENSE.txt": "be53cb6c25774e09d7f8eff01d850a71de5ede9a916a7e9407ed9439
e79327eb",
    "assets_public/exploration/assets/checkpoint.lua": "60fa48454c184884f356b9806c230adb0247ab778538bec5c154ebf06eea290
e",
    "assets_public/exploration/assets/collectible.lua": "6c0246eab1fb714ae42f0aa09fbba3c5ced3605d370b56bd5f351f4c839e8b
5e",
    "assets_public/exploration/assets/cube.gltf": "46c61f6336131bd8417018f3818c25c4201006ef97db88b0ad8e8ec83d85f651",
    "assets_public/exploration/assets/door.lua": "43aac45a599c866aa9871390c9e705b1cbe45075b5a7adb0e9933b64874d43a9",
    "assets_public/exploration/assets/exploration.azurelevel": "015c6c35bafb0c9bea07c792a75ff52498a5931620a618a74a19cc4
3ecfa7fad",
    "assets_public/exploration/assets/goal.lua": "e35fdd4cfcbe0c74845fd32f9e11668b4cf8a09dcc5734f746522d5507caa09f",
    "assets_public/exploration/assets/guide.gltf": "728038e1e60d9f6b518372d76bcd7e0b3ab7522840ccb66b80edbcc575ca0696",
    "assets_public/exploration/assets/guide.lua": "c17d9962634bfd9aca38e04e123d787bcdf116feefbac83f129cef93096d6e21",
    "assets_public/exploration/assets/hero.gltf": "4c35b283bb2e7565e37c73c0764c73fbf323337b0c94b209178489b745544e1f",
    "assets_public/exploration/assets/hero.lua": "eb374d5523253aef7c7d09655d02d09af8756b29dca5f16b07bbf082f0b44bf1",
    "assets_public/exploration/assets/hud.rml": "bfe8f2d4d6bee41f730dd7081e437076b080089d5ae09e56bd15de62c0e67f72",
    "assets_public/exploration/assets/locomotion.json": "fc2aa99243b2816d1b5c2ff2ce63a42deca6282f1e842db659e29123e84c80
88",
    "assets_public/exploration/assets/prefabs/checkpoint.azureprefab": "e600119d12e1118bdc33dadf4552db0716b450f84a2ad93
8783544c79fb92543",
    "assets_public/exploration/assets/prefabs/collectible.azureprefab": "eb0a10ba381da9a3c1d0126d3181a6a82194367d6a8550
e7c027d4f28702dae2",
    "assets_public/exploration/assets/prefabs/door.azureprefab": "bd5cfe2dc287c463e2f5b3305411bbceadec6df6ef1ec29e53d7d
fa8421110aa",
    "assets_public/exploration/assets/prefabs/guide.azureprefab": "fea8f99bffe882ddd83f8ea1ce9ef8e7c256bd5a5ebb613a9016
ade603e73cd4",
    "assets_public/exploration/assets/prefabs/hero.azureprefab": "29db1ed3f46ee247654f41ea4c5656bd568b380dfffa19bae8e15
6958e59fed1",
    "assets_public/exploration/project.azureproject": "851c6a06d9d97e2a141716b6491ae38b790db68016ad991a923cbbfbe47e9328
",
    "assets_public/face_sdf_v1.png": "45a2bde466ad8ea335555cb697f8f1247893af471c4e40b0d5105d13dba19b51",
    "assets_public/fonts/.gitattributes": "926c2b3b3ac6d1fc561e5f50a2de73f27d112512b2c491e260e70c0857a4857b",
    "assets_public/fonts/LatoLatin-Regular.ttf": "d785334ac4e7810f571def986bbad41161f68ac385db8813f798bf04d71478e1",
    "assets_public/fonts/NotoSansCJK-LICENSE.txt": "6a73f9541c2de74158c0e7cf6b0a58ef774f5a780bf191f2d7ec9cc53efe2bf2",
    "assets_public/fonts/NotoSansCJKsc-Regular.otf": "2c76254f6fc379fddfce0a7e84fb5385bb135d3e399294f6eeb6680d0365b74b"
,
    "assets_public/fonts/RmlUi-Sample-Fonts-LICENSE.txt": "c97278bb336ab0fb2d3bb7ba3f303d638224d6dd1edc6e6fcdd4ba28b8db
f2a6",
    "assets_public/gameplay/assets/courtyard.azurelevel": "f2425350f521d2744fbe1865819fb1bcf1bd6dcc9da1e329c3edbbc6941b
ac80",
    "assets_public/gameplay/assets/courtyard.azurelevel.azmeta": "7bd12f945d1b6e779ec3822c7057723a1423c2d81d4b837d7f01a
59b838222f4",
    "assets_public/gameplay/assets/destination.azurelevel": "2f73e52c9f227e7de3b98fe14772574394b4bb1640a7023cb9e089bd62
b8cfd4",
    "assets_public/gameplay/assets/destination.azurelevel.azmeta": "3adcd296a517ef284ede84307219adafae37476ab77b19724c0
6e7cfd0be278a",
    "assets_public/gameplay/assets/hero.gltf": "bd955f3c529f45cc7ac7533d35a4f1074fd41dbd87468d3aae95d358271bc421",
    "assets_public/gameplay/assets/hero.gltf.azmeta": "232c95295294711e582a75f8ced53266abe71cccf17cf60cfee24cc2f4b136b9
",
    "assets_public/gameplay/assets/hud.rml": "4f58c899fb038ebcd732264eadd5716cc9ac24e95ab0647f8dd1db78420df848",
    "assets_public/gameplay/assets/hud.rml.azmeta": "85a9f7877095fb2ff2f4f1a3e7c7fbe7ef3a562e343cc49e4ec0284e88be5656",
    "assets_public/gameplay/assets/motion.json": "657137af56cd8e2a654239ca79ae7b2c58ebdc1b18e77f551cdc2064421fd735",
    "assets_public/gameplay/assets/motion.json.azmeta": "4de33967e978ba82556ef0815cb6205ca661e74df6b3d3b1348b996c40ed1d
05",
    "assets_public/gameplay/assets/player.lua": "d7cb64003c08a392be46976af3df8558c10e5bb6a598101a824796184cca68a7",
    "assets_public/gameplay/assets/player.lua.azmeta": "3d44b8707e39bee2cdf04aa87cabe71c8e3f209fdd905f7f2e8f83647a69303
8",
    "assets_public/gameplay/assets/portal.gltf": "e51feda90b93e3608911cf01fcdf6e460ccb9abfc34659d23c41531b304adfcb",
    "assets_public/gameplay/assets/portal.gltf.azmeta": "dd848e369cbf1e2eaaaf50b2554bd73c1eef41de980cf76b920fea8e3b909a
d5",
    "assets_public/gameplay/assets/portal.lua": "4f4470c2d9dbef46fac305b710168b65bfca8193b61893ab394f545b88669cbc",
    "assets_public/gameplay/assets/portal.lua.azmeta": "5c72df34816b9190c5989f91e3de3cf8ca36bd02faccdc9fe7feb9e8c4d917a
d",
    "assets_public/gameplay/assets/portal.wav": "d3e6dcc52bd9f2fe7ff5ce228e70f55c4b43aac78d0042d07e8617a579fae462",
    "assets_public/gameplay/assets/portal.wav.azmeta": "cf314f662956ae31355e0eb5740ba47aa7d81bd0f5abea1f86c24467a3ed62e
e",
    "assets_public/gameplay/project.azureproject": "c23c887e561b6fc9ce6ee0d9dafffc5a83e247980eaa1bfc3d7feeb5564f38cb",
    "assets_public/level.schema.json": "98fceff6809fb145f75690e84a5522b6de6b8833e411fed9ab7c5728527d66dd",
    "assets_public/playable_rules/checkpoint.lua": "60fa48454c184884f356b9806c230adb0247ab778538bec5c154ebf06eea290e",
    "assets_public/playable_rules/collectible.lua": "6c0246eab1fb714ae42f0aa09fbba3c5ced3605d370b56bd5f351f4c839e8b5e",
    "assets_public/playable_rules/door.lua": "43aac45a599c866aa9871390c9e705b1cbe45075b5a7adb0e9933b64874d43a9",
    "assets_public/playable_rules/goal.lua": "e35fdd4cfcbe0c74845fd32f9e11668b4cf8a09dcc5734f746522d5507caa09f",
    "assets_public/playable_rules/guide.lua": "c17d9962634bfd9aca38e04e123d787bcdf116feefbac83f129cef93096d6e21",
    "assets_public/playable_rules/hero.lua": "eb374d5523253aef7c7d09655d02d09af8756b29dca5f16b07bbf082f0b44bf1",
    "assets_public/playable_rules/hud.rml": "bfe8f2d4d6bee41f730dd7081e437076b080089d5ae09e56bd15de62c0e67f72",
    "assets_public/project.schema.json": "89d2186527c35fc5b4ad121b97188d49dd8f2dbfd6d6b63a1b8b1147df3c3611",
    "assets_public/README.md": "fe2887ddfe835176b6b7927b931d31c3538e6f4e1b6f6ccc010f30974d2910bf",
    "assets_public/scenes/clustered_lights_16.azscene": "d69f57d45c85b0030b214270af99ded51851deb243c0c03c72aa3a5e59304e
df",
    "assets_public/scenes/clustered_lights_empty.azscene": "c53ccc0a679ad2bf25f7c8317f75ae5b011a8937364b5ae9b73f1009014
9256a",
    "assets_public/scenes/material_mixed.azscene": "e651448e474f3ff5fe9823fb46d40b7699ca0a5f8753363d11aa4fad4bcb17e6",
    "assets_public/scenes/r4_stress.azscene": "27d9f5c4bd4c1352c5d958f5963d34e907212dcdf5bc2580c46a3bdd24a919c0",
    "assets_public/showcase_looks.json": "d9ba40a092c73bced1275fc10a7f5163134e9202327f29eab925762695849769",
    "assets_public/test_env.hdr": "9935b3676f7fb92e0fbf9001c91813da70094f348c964d5e35498e19a9162b5c",
    "assets_public/test_env_strong.hdr": "ab81b28cc59175c5070d2155cd96d523173dacf42db0c601a232e26b6c92e5d7",
    "assets_public/test_model.gltf": "a17af75cbbf98bcdc751c1dc23506ec860e72ebef4204ad15c0262cd28391a95",
    "assets_public/third_person/CHARACTER-LICENSE.txt": "be53cb6c25774e09d7f8eff01d850a71de5ede9a916a7e9407ed9439e79327
eb",
    "assets_public/third_person/explorer.gltf": "4c35b283bb2e7565e37c73c0764c73fbf323337b0c94b209178489b745544e1f",
    "assets_public/third_person/fixture_hair_data.png": "177f6c121d90c56ddac6abdf5b3ee75cf1d533c7ccdc273e89317679ae76e7
70",
    "assets_public/third_person/game/assets/courtyard.azurelevel": "863c0b3f4fb03abc2f26c835ddcaad97da189cc20e5255c475a
5741fcc033f61",
    "assets_public/third_person/game/assets/cube.gltf": "46c61f6336131bd8417018f3818c25c4201006ef97db88b0ad8e8ec83d85f6
51",
    "assets_public/third_person/game/assets/guide.gltf": "0817b2c40bc7211be56c6f3fcd7f540c0093a6f517b255b1a9f03f9d8ba19
fe8",
    "assets_public/third_person/game/assets/hero.gltf": "dcf625ab773c35aa6d1b9d833606dfe3e4314ba63f1b60951f6d6911bc3213
01",
    "assets_public/third_person/game/assets/locomotion.json": "fc2aa99243b2816d1b5c2ff2ce63a42deca6282f1e842db659e29123
e84c8088",
    "assets_public/third_person/game/project.azureproject": "84933dc25d411d9235679fcd8a8b33f9a9c5603b20b39855fe9fdbd747
719134",
    "assets_public/third_person/guide.gltf": "728038e1e60d9f6b518372d76bcd7e0b3ab7522840ccb66b80edbcc575ca0696",
    "assets_public/third_person/material_fixture.gltf": "af33d262e6b23f1212d226ad9857760ded7c1ca66d745035da10f3b3ba557b
bc",
    "assets_public/toon_ramp_atlas.ppm": "ea9150c3bd3463042851cfbc3df31be07837d0b4d4f68b5b4b119f6b94db9c6f",
    "assets_public/toon_ramp_profiles.json": "6cff7f3924267eb03b4c5c0f4f4369e9cc4c8a8abfdfb4e90b909609febf06b6",
    "CMakeLists.txt": "265f70aa0735a9c7a732587258c1c45a90b149a176ee1ff75f046fb17e93fb32",
    "CMakePresets.json": "cafb99bc351c0d1b8a675fa805e7c9b1ad10d91c954d1e3e6b78fb832f9bef39",
    "schemas/azure_render_material.schema.json": "751e00ae107a4530b277a622a11fffc3df901ded8f08af7dc9d32c3ffecd0522",
    "schemas/gpu_capability_report.schema.json": "b5c4183823313e4dc287a7ab9d6b4c8c9841304d02b2deae400744ddd1f3ab32",
    "shaders/background.frag": "46198cda59d99f38daabd905749cb5d9e290f825af4da2f680c148a259cc63eb",
    "shaders/background.vert": "0d8f4b311397551c203c90cdb230819f5a0a873c98f130eb1c6fe6f08553ae4e",
    "shaders/blackhole.frag": "b4ddbc6671923cb4bf17ad092473fef96f79f69785aeca6e1b152fad2bc052bb",
    "shaders/blackhole.vert": "b4af1d443545d3209274a8a8ba4c98563dc7d57a657267feda4fa1c50c03a717",
    "shaders/blackhole_composite.frag": "be05b81ec63a54de40715f8207151b0a4d656f060f5d9204e00ffece12bb7c81",
    "shaders/blackhole_taa.frag": "37f0d5c84aec50bf2b940b234a6a8c741797d3e556a80c4fc987816282f94716",
    "shaders/bloom_composite.comp": "3d76101221a10af1262e91101f2f4801ba90cffec078d77053093509e7b4f08d",
    "shaders/bloom_downsample.comp": "1a0a092d90f1a35cffa433459a3e1782228f5832b1181ad7e0c79e5df3a2a05f",
    "shaders/clear.comp": "99ae6d2eb168bcf6130fe0a85525556accfa503b22284cf2b30b0686ddb6549c",
    "shaders/cull_indirect.comp": "e86388e9ebdfe1c2ecdb5648fe7d4084c9186f0ad999de1550c7192a27c5e8c4",
    "shaders/editor_ui.frag": "bbb87ccb77777b6f17ed85562e915b4ac8ca7038b9348370cc88065319e4762c",
    "shaders/game-ui.frag": "3f6b5910aeac1680b1ca7601a186645b83fede953fc131a0f5f7c80fa8175917",
    "shaders/game-ui.vert": "f6d6e22dcdb03f84ebe6c07e91aee36d6fe357e77effe8ff3047c043e9b6273e",
    "shaders/hud.frag": "e38a30e7810e1143308f3e9bfd1743995739af9358d9645c0ff429900311945f",
    "shaders/hud.vert": "33cb9a11d0527419710b9b61a226bca97efe6797a76a4385eaad322063a15c08",
    "shaders/ibl_prefilter.comp": "b6653f6ed760c232a1d35080f186c5647861417f3c9ef14c676079451fa25342",
    "shaders/inner_outline.frag": "c6ef9a4a1d5fcd29af601459aaab6aea2b949869af8af0788b92839578672d4f",
    "shaders/inner_outline.vert": "dd42fd9ebb4f4708448d035c1fda298c1610ad96d9cfb71e9a0dd792019e42bf",
    "shaders/mesh.frag": "fd454e037fc4234f39ad694c15d868e28886c5a7fab3b54084290461a863eddd",
    "shaders/mesh.vert": "e34f15eb91850d66dbff7161be29b6dec11ca2c3f23b7de01dbe9e0ac29b3718",
    "shaders/outline.frag": "1ed6e57123a890f316d325dff063f314c032e005d15f551b90004a0832e97695",
    "shaders/outline.vert": "689f6426082f20814ca40217805372cd8c78dff5ff746d8ec74ffae772465ad6",
    "shaders/shadow.frag": "081d997e9b69a2fda7139c4298e05fd8c82b2ef122f0b7298c5d22a45dc3a728",
    "shaders/shadow.vert": "ba0e33dc1379a416da4c52e30c0e7f3d51283b89e045f3a87efde24685434512",
    "shaders/skin.comp": "b6c9390e51bbc1aef73c71558380d76deb83b977ce217dae76f9547a32b1a15f",
    "src/app/AzureRenderApp.cpp": "eaca2ca7f837f5e1a03cefbc574d0d8f0aebe3218ad892cfe071bd4049856265",
    "src/app/AzureRenderApp.hpp": "50d9c91176e18419d37562c5b4a78a077a74a4e59a6b31225114b627097a7786",
    "src/app/AzureRenderCapture.cpp": "98bf5f98816fb9eba69aca4eece02f5a4b7bed3ae88e7325ff23c11fa607d967",
    "src/app/AzureRenderDescriptors.cpp": "13a589753dc7fb62c569f69d8680b5ece417eb6963d6bc045ef3deed2bc0e831",
    "src/app/AzureRenderFrame.cpp": "f2f4790f83a0a6e917dcdb8103264667a8577a78b153b3cddca104c3e48f0922",
    "src/app/AzureRenderGameplay.cpp": "77dffdd6680b5662b2dc6fe0f17af86334af9ac67c69e894efd42469a3a92de3",
    "src/app/AzureRenderInternal.hpp": "8ee83d26fbe8ce78adb471026a92197ac668a8dbc695b651f1cd3c451745f069",
    "src/app/AzureRenderOptions.hpp": "469b0026dfeb48881fbfd374ea411bafeed153bd9c0db1f7f288ac8edd5a2822",
    "src/app/AzureRenderPipeline.cpp": "407ba9d02237585cc0f69cd73eace7f46c65cb04afdf283d042a503925480b96",
    "src/app/AzureRenderResources.cpp": "24be9fcf218717892edd9043cb22ec1c67035fe97def4a485e5733f34fdbeef7",
    "src/app/AzureRenderSupport.cpp": "6bc6ca239a82e3efac5bb8e043f7f0553765b063954695c34012aba96a6bdba8",
    "src/app/CommandLine.cpp": "144109bfdd076300f782495cb7abad4a41ff06f35776e0a5fe7aed1277143e4f",
    "src/app/CommandLine.hpp": "492162d41efc8dbccd5286786f07e7dd06552ae2adf95b0a086d0cfb2ec1e480",
    "src/assets/BrowRegions.hpp": "8fc3b59906349417f0b5e420e8d472282d516f82617196493661e1052d6af0b5",
    "src/assets/GltfLoader.cpp": "a2bbf6c44b83e731b56fd1aa9a4815bd925efd7f2ac8067819744893af6c1b89",
    "src/assets/GltfLoader.hpp": "ae4b43a6fd0f14992b5300b791028cc49775b5b70ac80a965d2434bf65d5dba7",
    "src/diagnostics/GpuCapabilityReport.cpp": "e01cfb53039ec809751db8ea8c4b10debf0dcb8573c62795fe06da359f580014",
    "src/diagnostics/GpuCapabilityReport.hpp": "8e34be11cf1df250e7c715a8c01a2945e93b82e681430c33701cc09c3d3ce5ab",
    "src/diagnostics/RuntimeDiagnostics.cpp": "5947a7dc9bae64e8717e68c4ac986cd3d884dbb4b37cabd1e85406770e6b1c0d",
    "src/diagnostics/RuntimeDiagnostics.hpp": "1ca52966be0066f251c694dd3553e6f6a6f6f1178d62419b73fdc243e50e5d11",
    "src/ecs/ComponentArray.hpp": "659eeb9c027c5bab076ac26f97dd0c1d0f0bd99f887a79c85d3eacd8b4050c31",
    "src/ecs/Components.hpp": "40fa46fec4d90e7aa3c369627477933412f74bc993e6a9154866255f920e2931",
    "src/ecs/Entity.hpp": "7ba5c033fbc5ff4a278502269cdb3310d9ec379337203785a17e6fdfac5d7c26",
    "src/ecs/IComponentArray.hpp": "a5897dc6bcbe989bb13df532e2b211b9ce7a1425f05cab1fcc7d4806e61da8c1",
    "src/ecs/World.hpp": "f12dcc56904c2592ee8c632a8920065f27425715f6a651806532d29568bba284",
    "src/editor/AssetImportJob.cpp": "12b3dfa2f981afad1f043f181efe331ef36c12d1feed4f387db72be9610aefbc",
    "src/editor/AssetImportJob.hpp": "3f37bd5e59647a06a63856891028e5dcac7d541ff12d29e9a40ee358a766c8a5",
    "src/editor/EditorAutomation.cpp": "eb5df350de6aac2f470e812a1900dac827e84e7d116a45e27866f12942723c09",
    "src/editor/EditorAutomation.hpp": "432c46400296db4b1468586ab4cc818a4654e6a17772f4a8c28101d53ba5c5b2",
    "src/editor/EditorCameraController.cpp": "036994310d3e261493708e8b807b591e7435f0f21a4ebe10c6b8a47dae887ff9",
    "src/editor/EditorCameraController.hpp": "45f936004b3ec714daf9c4ad32238175ba39773e0d142db13861a2e7e0da630f",
    "src/editor/EditorContext.cpp": "a9a5c36868926db74e7098e2796c84964398c3c65bc437513ca23aebeefdca68",
    "src/editor/EditorContext.hpp": "e7a2e1fd81163ae47c0e31e55f8c0dbdf14e43e756322a3992268704eb45d710",
    "src/editor/EditorProjectEditing.cpp": "49817de9b1f4b852e55808ff1ebb3186a5be51f6eb96b3272e4fb871da84bfeb",
    "src/editor/EditorSession.cpp": "e254afd66ca488c32fa7a455b81da9360f485c6fedccb3201980d90012a65655",
    "src/editor/EditorSession.hpp": "b899d4b4c13cf0eb23d62a9b2192327b80871bd6d9a2130a1dc1c9948b0fa73c",
    "src/editor/EditorTheme.cpp": "f687ae87f5b68ae7a3ef581827f48035f06ba01a2d60e0c06d0615769f9cb166",
    "src/editor/EditorTheme.hpp": "19b7434b81e1bcc6834faa0ac6e8ef8461276df486e6fac7f919ec92d5819e26",
    "src/editor/EditorToolbar.cpp": "69c1fc0f923aed384aa1ae04ec5b4ffa9580c4f1f9f22e6ae4df46672e882478",
    "src/editor/EditorToolbar.hpp": "22f30a9bf6b6e472d8aefbdad2735316f01f0229f19e4163643ae9e635688b41",
    "src/editor/EditorWorkspace.cpp": "76e629656c5aafebf592b15865480db45dac1e944ca50e01ef70f56271f21f4e",
    "src/editor/EditorWorkspace.hpp": "49a5a13f7ffca8643c2dfcdaa0c657ad34ec8841ba46d018b5b8df9c6ad6cf49",
    "src/editor/EditorWorkspaceUI.cpp": "1ef2edbd345f9b9502767cf821f5deea6b86058416cc9e3e28c8bfb1b476b643",
    "src/editor/GameBuildJob.cpp": "82a53890b5018718df9ff84e204ebf81e539ba2aa4456ebaa4af7cb8671551a6",
    "src/editor/GameBuildJob.hpp": "635119ea011a96ba4a08e4d01d2ac21612eedbdbda1a8b35e3d93cc4451b44c2",
    "src/editor/GameplayDebugGeometry.hpp": "69b8afafb9aa7f8160f076f43618f88e93ee25174b46026b406e4162494d973b",
    "src/editor/IEditorPanel.hpp": "e5d7468bafe89c0b62e316dab588100aa635ced43a1a4710bd2453ec75c22679",
    "src/editor/ImGuiEditorLayer.cpp": "92c155e900511474e286a9bf1d1124f7d45fabc7a5f7a5452653ee7eab7f49a4",
    "src/editor/ImGuiEditorLayer.hpp": "e75af9124a193ab273de2f8e4ef6ad62915f1e27d1a30e7caeaa625178658f16",
    "src/editor/SceneModel.hpp": "69ab05927e9faf7e6045e1c9bb4f97c943b7f3d35bf07d36861f0d04fb033dac",
    "src/extensions/ExtensionRegistry.hpp": "1a39aa8a9b2339976a615c442b467885d615b3a5d95cf6fa3917029b846b5b55",
    "src/extensions/IAssetImporter.hpp": "c08eb69d4d33e5e6af683066a6be717018a8e09d8e4a1d0ddbb4ddd5e85d5a85",
    "src/extensions/IEditorPanel.hpp": "25ced9979a8ba91f2878d81ae71588724f1d93767de8ae814047b82b5fcc5120",
    "src/extensions/IRenderFeature.hpp": "71ad0c3e745651d7eb70f71661625f9fbfa1379a21518c7b72293a2c624d47db",
    "src/extensions/ISceneRenderer.hpp": "a5a63aee4088ca650dff4093be264b8eee622bc606742a379e4ac8f7e820016b",
    "src/extensions/SceneType.hpp": "dd1979e7c5d259c5efb8e16b512c62660908088d35b0aaa71dddb719ac5e2a99",
    "src/main.cpp": "bca9f14595f267407dbfbbe207f0c21100c979e75b0b242e60ad6cc322106dfd",
    "src/platform/BinaryFile.hpp": "c63ee6cbd0cee7e09e0ad171af9e55ff78d2c21053374e0a2309fb26b0aa5489",
    "src/platform/GlfwFrontend.cpp": "a9e52424fc1537b39d94b4b3221c833ee199c1d479afdfd45d0959a7a81cd7b0",
    "src/platform/GlfwFrontend.hpp": "a6656b8670e89644f0fa918b29c69e6a71e02457f8227a5eedc0114a2da75163",
    "src/platform/SurfaceLifecycle.hpp": "1e129fdccfe69c63ab658db46dc934512b14330be9c0c78bb378321bc9bea46b",
    "src/player/main.cpp": "e563246f2b137baf4f95a6843b201e946454765b02b834249a384dbd74a6b561",
    "src/reflection/Annotations.hpp": "c98deda98de9cb5d47a06ec1b253318ea6aef1242d87bb8c9372573611eb62cf",
    "src/reflection/Registry.cpp": "c09e38882836f98c2b2e596bb955c27a9afc18113f77a7c22687d955163df293",
    "src/reflection/Registry.hpp": "75efc15f3318008fc67cecfb716b84d1150852371b2a1f5790c08d12b95f4e9f",
    "src/render/CameraProjection.hpp": "e184bea82a58b04e525eac289d4a9c6ca452364277464a60256e457ef5fc18cb",
    "src/render/CascadedShadow.hpp": "6adb80a2a26b0aa333ecfd4e6dfa742489a66987351c5dfb77b484a85e074ec2",
    "src/render/ClusteredLightGrid.hpp": "b651e33026ea341fc02ae028d344b5d13b10af48a902b71e5a3036522d182488",
    "src/render/ComputePass.cpp": "87dbfae8056027b309f4e767e594b276e406317fcc6e087bda200036bbc48077",
    "src/render/ComputePass.hpp": "e953d76b04435f7db531314a5cd1456aa761ffd207925054ed59f1a12a02280f",
    "src/render/DeformedBounds.hpp": "2bce6fd5085b61b36514af51a7ace191dd80e98b129d8d8eae70a1bcf1d6b2b2",
    "src/render/EnvironmentAsset.cpp": "9aa1de43c7a4cdf14a1a1435c0dc84e377402d4864a502e956af91091467152d",
    "src/render/EnvironmentAsset.hpp": "4d70d3d77528d13db313a92e1ee5cde81dcf8e4b83f41f69e312f83ed60e9ae1",
    "src/render/FrameTaskScheduler.hpp": "9468d1f6f7d911805c7ce469b97efa4e422120a67f264c513b7b7890b6c25174",
    "src/render/GameUiRenderer.cpp": "d46a0dc3e571a7af67d02fec6487d714b94361b0369ddff67c265b4fe6d8c4f1",
    "src/render/GameUiRenderer.hpp": "cd4589d261e38a874fbc89b8dc621cf2912975f5c85423c8b91edc9146a65238",
    "src/render/GpuCulling.hpp": "13f2c371e1b5e155476f91ff8cb7ec66bb84609d6b788c33c071d11f15638859",
    "src/render/GpuCullingResources.hpp": "0d6a34dfb97de549f0a01d090acca7103033bc194b3e37e934ff063f9cc575c4",
    "src/render/LightBuffer.hpp": "11b79f35553f083684866da9cc8b0e603c51601d31d51a67e419717f6d1a8f4c",
    "src/render/RecordingWorkerPool.hpp": "7f90e38daeaf0efcc361cff3f2d0e0d8abe2ef5be694585a03438ab6fa6fa5da",
    "src/render/RenderContext.hpp": "018fad48ba6ea430f9b32708d84390c2c9004d8eead769eb77b473461b7c27cd",
    "src/render/RendererCore.cpp": "61ac338c384d003124d7617e32d27348398feb1dd0500ba3517cb63c4b9a5bfa",
    "src/render/RendererCore.hpp": "d3abcf0cb490a3d009cae29bea5308767aaac7c465b307bab90f8c6f090fd5b9",
    "src/render/RenderFrameSnapshot.hpp": "482f0cbcd98b2f42e84140c5ac4b2f503bb1c29e78a63a22b9b4fe0459481708",
    "src/render/RenderGraph.cpp": "70282930c56a7fdabfc959c8602ba01c7c04bc1d033fa1bccf56bbe7f2fbd0fa",
    "src/render/RenderGraph.hpp": "0e6a229c16491cf55a4353c76d8e5921a88eeb81ae47a7852f6abd0048720053",
    "src/render/RenderMath.hpp": "190437390f4917193ec002612a7dbc15e6e1bc4b12a3e11f8a3ddd556eb2721b",
    "src/render/RenderSettings.cpp": "e9a4976b23dc977025be64b580a1564da204b55b28a072d0cef163f063f67456",
    "src/render/RenderSettings.hpp": "23b15bbf64d0fbd0d3293c33bc5d550c3f3a15a5ac1aebf984df5f97c91e1d57",
    "src/render/SceneInstanceSnapshot.hpp": "c2d48f490c79b7a550ca816e4e97c22742bce3bc64e4a6983f90606f555567a9",
    "src/render/TransientResourcePool.cpp": "d66742fb285b2b4236aee63c812829e9248ebafa93a8ba0a0450aa3ad9ed6961",
    "src/render/TransientResourcePool.hpp": "37ae7703df73997f5964d47adc83caac1f7dbf9b511088e10be6a944225ca159",
    "src/resources/ResourceLocator.cpp": "8f27e0020bbb8b794417d19798b37b16de1f902aba0adc5776152fba27970e3c",
    "src/resources/ResourceLocator.hpp": "3fcaa558b67577449ddfc72eba2a12917d67146cc712ee37205a5b740e59714a",
    "src/rhi/GpuAllocator.cpp": "147bf8217f9c9ee4e4df3181d618d826decd63c4e5bea594f68e794c2c135b6c",
    "src/rhi/GpuAllocator.hpp": "bb4078df33037a97a73cb887d649c66301681edb313c7cba1591ae0c882349c4",
    "src/rhi/IGpuAllocator.hpp": "64d9d1cb90fb997fa67bd0927685af1686a014b445faf1a8db43e51ea2634dc2",
    "src/rhi/NullRhi.cpp": "532e1fdff1572d3f5d5384a1463e9340cccbc3fc07b36d3981ebb220e1a19069",
    "src/rhi/NullRhi.hpp": "cabf6ac5997451fa4e7fe513f0f9a151fe764d3968bc181bd66d3f8ed217d780",
    "src/rhi/Rhi.hpp": "98961ca30bcef86d718b97736fb66764b90d740b59a9072478836f5a55ad3049",
    "src/rhi/RingFrameAllocator.hpp": "26e85c27126b8370c29802d2612d0b45c8c5b3b861a95747102400490935f24e",
    "src/rhi/UploadRingBuffer.cpp": "1804d4bcbb5c4473b8b67ee5f7e13ae228db61783db920b07a8e6b74a1ff9cda",
    "src/rhi/UploadRingBuffer.hpp": "b2c5813da3db7a1fc1e5e00e56dbb8cf055e27d2217a6adae5b4a8811175e0eb",
    "src/rhi/VulkanMemoryAllocatorImpl.cpp": "5b4d987b08141f01f2e0b5c7f4bf3045b0084a74aef36ef14eb9e9afc6d521e6",
    "src/rhi/VulkanRhi.cpp": "67bcc37e8f42a48ced9f668ce07309d33c88e6839ca54374178b5c310a0bd57e",
    "src/rhi/VulkanRhi.hpp": "c4a085c524d3b77792bb79eab199a2f555ceafafaae2a64fa51f6a4dba9d37d8",
    "src/rhi/WorkerCommandPools.hpp": "186f001a15344a2029c6b3779f2eca1101074f9ee899f8f57e743c2a50ce82ed",
    "src/runtime/AnimationStateMachine.cpp": "c2e253c472cfac963e360c0efd5ca88de0a00bfb1d5a272b83b8393ce77c6cc5",
    "src/runtime/AnimationStateMachine.hpp": "8cb6906a13444b29366a0e1bf47a38a27088ad65f0df021d62cc3c183b2b18bd",
    "src/runtime/AssetDatabase.cpp": "1114e350851c1cd6208618226a701a568f5f964860cca6b844a596d933453c07",
    "src/runtime/AssetDatabase.hpp": "fb9e2e1556896d3a7486cd8eac22c27539281099aac55dc5a26096fc4ce2e742",
    "src/runtime/AudioRuntime.cpp": "bd40cdd002d2ab7407d0b1f92689fba019be4ff59366129743e54e018c297a33",
    "src/runtime/AudioRuntime.hpp": "2e9b420c64d39f7150235f2a2f679dbfe3336c4e6e5b909700d4c9ca454af022",
    "src/runtime/ComponentCodec.hpp": "b3cc13b67ae237d8c3ff988cd03cd23e816136edcfbd8efe1d57d87bfa4efe94",
    "src/runtime/GameComponents.hpp": "5ac1bedc28b321d0cfb9a6e8930fa1d6f03332f389ca0f085491f43af136f003",
    "src/runtime/GameInputReplay.hpp": "1e316952356634cc90b66f71d12a62780470d33004eada1c87eb71b778443b0a",
    "src/runtime/GameplayKeys.hpp": "0f1bda7217aa58ce77d04ea2ce70733d1796673fb9c561c75fea87b23068751c",
    "src/runtime/GameRuntime.cpp": "c2d42decbed53c1738aa0f1279e75dff2b6a7057e2d28cc60dd8189c67f8eea1",
    "src/runtime/GameRuntime.hpp": "f212dcfbd6b5a809d7b69a52288827f762ac17ee9fd3f315647ff52f81c7344c",
    "src/runtime/GameUi.cpp": "ee8b19c4a52420b538f74723647709ca78fd0cdefd4fd8d3080d9d4168fe65bb",
    "src/runtime/GameUi.hpp": "75c3a072f3dcb9bc023b69f47e1a392d166beb31a0c26d6f990bd3bf3e5d6f40",
    "src/runtime/InputActions.hpp": "49123278c372ccb2e68b84a5d743bf8d7f114ef31549c6abafa46aeabb35b5c5",
    "src/runtime/InteractionRuntime.hpp": "dc426fbb4ec8cc60e8a72c08e27a1e9b1700dd0818dbfb0177eff76698b3953d",
    "src/runtime/Level.cpp": "4876e9891e1a2477510d1c69523df74c12300271c0bec0a4c3114240c372e405",
    "src/runtime/Level.hpp": "be3f12b8cacf0fb329ff3b4f348698130e25cd1a6869c025ee97e7b9de06c755",
    "src/runtime/LevelRenderSettings.hpp": "210b22cb8f9611965b2bb5fd52ed38a55673bbd1418c8b570c4ee548a1573066",
    "src/runtime/LevelSession.cpp": "3430e8714621edf0f7a839b97c9c6006276fadd7923c148995d1d967acaa20a3",
    "src/runtime/LevelSession.hpp": "f720ff7ead0b6d85b5f30d291d8427a0c90b1aa1fb39de6b50f08607a8b4a19f",
    "src/runtime/MiniaudioImpl.cpp": "c7d66862a98b183dd45786edf1714946c81fe7fcf99681db43dba0b0f55d1523",
    "src/runtime/PhysicsWorld.cpp": "120a1812bfd920aeff3e044d9805ee0b4cfe46cd6c3d1bf07f354c4ac7749241",
    "src/runtime/PhysicsWorld.hpp": "93818e7ea6a417eac9bf0d96faf67620ee62f5fb72401d839ef531ae1d35fe57",
    "src/runtime/Prefab.cpp": "0dcb0af6e74d8977b7d8f73ea69a288bb6d87475946c92ee4a4b2272e9def1fe",
    "src/runtime/Prefab.hpp": "60346a75facb995c52dd7c4776b60b80637b6223ca2f7b24cfab39d6c6e99156",
    "src/runtime/PresentationRuntime.cpp": "e493d7df91b791af1180a932a69c375edf2b027d388358cc332a3a0a7724812e",
    "src/runtime/PresentationRuntime.hpp": "dbfffeb493d029d701eb863e943554988895bd88abf86245f2efef11ffbff026",
    "src/runtime/Project.cpp": "87a6d2dffe397cdb23293088e9b55f2c73f502762e9528bd5deddf735583dcbc",
    "src/runtime/Project.hpp": "3289f8d9185f71990cc9e5815c9914e3febae1e498d1edef10cdff77eeed290b",
    "src/runtime/RuntimeLifecycle.hpp": "0811341d315a6da19189b163ed675cafcad75921f6efa364108ad30c605c5b2b",
    "src/runtime/SceneDocument.cpp": "7b2fc9268ef224eb8182b03fc147afea162bed5747fe4f3c3481557c08c1e46c",
    "src/runtime/SceneDocument.hpp": "fe8f667399f4b00fdeed5f1d03a9d7b20e3c93e966fc8176903c872450aa518b",
    "src/runtime/SceneRenderSnapshot.cpp": "2f43b19bc6ebc8f53e44a0c009048f1171908b9ff63ce75b2d698b35d0a29dbe",
    "src/runtime/ScriptRuntime.cpp": "8d8e52350df2b4e27e43b041680a69b4bd536918a3ca588314d48035de45298e",
    "src/runtime/ScriptRuntime.hpp": "abaf403131f21ff3a8ac21adbb5643ec4b6f971efca556ea8a7d0ea9c8e73f16",
    "src/runtime/ThirdPersonCamera.hpp": "867c65c3b74c494c93d3f58db97675d72d25fad481a4e716ff8d556da458e852",
    "src/scene/Frustum.hpp": "0f0419ac5fa271af14aad33e1dc7ae0bba54d5b69bfd9ad580421ed4edef67e2",
    "src/scene/RenderBatching.hpp": "deb673a64eedb62a58350b0930e7917787947935298380ca8a7344cb6c7e6f50",
    "src/scene/SceneComponents.hpp": "5127fdf1421aab81ad81b8264c70601b90b059e012a8aa89cbe41934634484ca",
    "src/scene/SceneDescription.hpp": "aadbd80533bdbf5719c19877271517f05f9c71614e19456e45e03e7055cb4293",
    "src/scene/TransformMath.hpp": "5afcb1d17dc0b0796ce1f8d758e243d14fcd2055917a8b522190a3e385749538",
    "src/scene/TransformParity.hpp": "e9ec8e5a96fccb1788db4792ee0243fb39b8ad552392dfe64d8c6fea9d4402b4",
    "src/scene/TransformSystem.hpp": "8232bd0055a8694161d513d82b8e76f11df0662f51442a8bdcea516d3fea7728",
    "src/scenes/BlackholeSceneRenderer.cpp": "6bfb3aec41b53f89bbe6add51fe8a48461b590ccb65ec82adb02fdf25e3d1538",
    "src/scenes/BlackholeSceneRenderer.hpp": "3adbf3f9f8c0ed0d4157f055ffba923c54f9de758a291db7abd62fe9b1e8b6da",
    "src/scenes/BuiltinRendererCatalog.cpp": "445fdedf087d2c190c10a76abde720e8921938bbf55f94909dc9efe5eadeb18e",
    "src/scenes/BuiltinRendererCatalog.hpp": "5a7b162494c9d181b001c346d686f8ba2112e806ae9a53562f2641ec8569ca69",
    "src/scenes/CharacterSceneRenderer.cpp": "3e4e5044f63ec23773b1871fa0c8d836b1bd44fd1598c3f1647d199c0e34c8ec",
    "src/scenes/CharacterSceneRenderer.hpp": "8a8927f8102769ec9d5335324f8924c00dca810eb15807d9abb75b2ef4983a23",
    "src/scenes/SampleSceneRenderer.cpp": "ccf09de6dd3c3858f0451ca407d9a66623975f4a8ef0d55484d9a37f0a80b80d",
    "src/scenes/SampleSceneRenderer.hpp": "e3f516491257e2302271c15a1165c2f9c0b0d3710d9c3532e927592f2410ee50",
    "tools/audit_brow_mesh.js": "f2230200caa111fbf7b0316c9a1d9d752e4b9de34602f9c8ce7faaacea4d8cca",
    "tools/audit_face_sdf_compatibility.py": "cc130ef52acd74a08889df84a871253d669c1a57fc4b40de58e01ee78af7695b",
    "tools/audit_repository.py": "abaf2505dfee6e780a671e7c5c1867a0acc85ea7d6382002b85770280ec58c0e",
    "tools/bc5_normal_png.js": "c09e930967e543e21b61ddf9bc9ee76c05dbe45758f2691318a532bdf832ff4c",
    "tools/build_face_sdf.py": "92613c6353439f0f9317fd5059a72d82931a653acb1975d49e711ca7cf0df5a9",
    "tools/build_game.py": "184e367119ba5639206b2cf5e7a99522f79d784cad1243efb2b0fa7c124328f6",
    "tools/build_image_comparison_sheet.py": "301c0447d8ec13e71592e2c699edd9fb89512cf768024be04a28853e39fb8d69",
    "tools/build_provenance.py": "14c4dbc0c6dcd7b5fc576e9d566f7c99835722ba8b99a9fba8999bfb99cd3f26",
    "tools/build_qa_contact_sheet.py": "fbac2d97838fefbc4f4993a287636e9eff5e93eaab7fbea3155783f09bbab351",
    "tools/build_toon_ramp_atlas.py": "cc0f6effce02c180e88ca88429702fe74f364771a3a6794d0483e7c05af4466c",
    "tools/character_intake.py": "19b12ef6d071f916e68b835ebbf480962464b6adf0f58bcd47effa6cc5e4e196",
    "tools/check_doc_style.py": "07b211be2aa3433ad776a06171c33f0450dc15d0254d738df04bf33ade768f39",
    "tools/check_docs.sh": "b8031dde1ee3f795609312e7a8e3ac57c97b0dae304cb3502ec6051307f566d2",
    "tools/check_r3_archived_budget.py": "7e343ce57a4119b71d93f9bcee4896b7592417a401b704a97e99b6f265168d9c",
    "tools/check_windows_surface.py": "7ab36025aa2f28264afd5654a627de73083f856ce008fb35659da8bb37142151",
    "tools/compare_images.py": "b941466b403d0e04791f14aec6092ca3324880c8094270248749f9d39fa6acb9",
    "tools/configure_windows.ps1": "650a16911e2c4709830a5792e3b1442fedf94a57e7d2f45a940f36d6660bc009",
    "tools/create_editor_tutorial.py": "e9fe20460ee6a871381bcceaaa091e601b334a0d89eb2e390cc68d7916a734d3",
    "tools/create_material_fixture.py": "e699e68befc3373f4145deae0e5a642b1c452a42451de21a1c12cd4f144c6182",
    "tools/create_playable_project.py": "47960ab13c26f538b6d3e9eecab1b34b9d08a45fa7fa57bb77c0bf8888e5371d",
    "tools/create_third_person_project.py": "16f8e8d83b9f99130b3ee9d982e6c8b12446fe4231bbdec944789ac75005f2a2",
    "tools/create_visibility_fixture.py": "037903b6216a66a62731a6b2dc3d8585b32d3c55e4751186220c32cbb6b64267",
    "tools/encode_capture.ps1": "730e5253d6f2a154912d1f130cc6c020032ccc90fb21a2461a9e0d20de30cac9",
    "tools/fbx_sample.c": "382f883bdd9bc2a15991ec5df7650264d094cb9338d90639efd345243db7f383",
    "tools/fbx_skin.c": "d219eddc98de63133a77169e451f23ffd8717938601a24ac493eff8d87f6aee0",
    "tools/fix_msvc_deps_prefix.py": "a49745f2f72fd6357be0319d70d9b3db5c4e60cbbf73dc69ec2576a280a753b3",
    "tools/freeze_qa_runtime.py": "a5a72bc96400c1a7bfda6b264de3b1ecfd731011fff2f91a102078e28303ba4d",
    "tools/generate_third_person_assets.py": "8b952817b04d8774011d9cf2b010f20d3df49cc49adf1af1ad094606ccfd6a54",
    "tools/inject_gltf_idle_animation.js": "8f074eda82ba5a3aa2bcd7840176c1fc9e66ec3af818746c6f6aadb63375bea6",
    "tools/inject_gltf_textures.js": "e0a7aca454163867540440661d44edfddc545ded66072b255b624e448278a75f",
    "tools/inspect_capture_stats.py": "ce2fd8387e61ae51aeb0c05897935f8b61550f4f843c9e93070ed60771794006",
    "tools/measure_runtime_performance.py": "989a9e9b0a96001be6ad6cea0f9c9f98a33ec9a62185581df2a86d8037461de4",
    "tools/metagen/main.cpp": "286b1803ef4c93902602f57bdf39dca3641b4271164aee99f302979deb586bf5",
    "tools/msvc_env.bat": "40bd53ef84668cea2add66dba32fe7ca407dd141221896880341ebb86a64ea45",
    "tools/prepare_character.py": "567e055314a909b73ad003e85656e8783fe72756a28467f9dead37a3b0230137",
    "tools/prepare_fbx_tool.py": "8aeebd0212eb235cabff985832bbd10aa7d6c36a8360f12c94bde5eadba8c1ef",
    "tools/record_stage_evidence.py": "82d3089a9dc629f7088a00747f456fd780be2f56b8027c03d047847d471c4f2e",
    "tools/register_game_package.cmake": "1b08885ecccca794d59eead2e3712decbb7bbce00723cdd3f28a300b0c9751fa",
    "tools/requirements-character.txt": "5c6bc22674e161346ea25e4b6d7ccb2d6a4d0d1b618a5ec56a6cea8a32902431",
    "tools/restore_skin_weights.py": "29923172028b16d7589e3b40c3bcf39f766983f6cb65533964fb92459ba7405a",
    "tools/retarget_animation.py": "a6431da07d7dd56f61f485c313d76c119c28891691c54bd6d16c21d6337f1ede",
    "tools/run_audit_regressions.py": "3d47298c4203e7cc37e480f9bae6dad05a70bac096ba00bb9ff2f235e8d2ce0a",
    "tools/run_blackhole_compute_smoke.ps1": "b58822aacd42005988eca25a447b0776d8afc53d006ca3ee24cd19e908756728",
    "tools/run_blackhole_optimization.py": "08df8cfd1cebb42061329d8fa897aa7f052bf9b9ed5ab4b84d21099c7d556e43",
    "tools/run_character_ibl_smoke.ps1": "9ffac34d41dbd509ae243def48773638dff99cf9a515206b2143968d6c1168f2",
    "tools/run_character_qa.ps1": "cd8a1f55d99eeeef2beffe46cae776c7c67ff292e0f99c5f2ebbc5cd42fd0a86",
    "tools/run_character_skinning_smoke.ps1": "c81b5f4928a9c5dfd7ad35520edff2232fbbdface39723fac9cf489ccf16e9a7",
    "tools/run_clustered_light_performance.py": "79914340a98ef66bd1055b73064cb23e606147e679bfd7006a77e87b2e26652a",
    "tools/run_clustered_lighting_smoke.py": "7763f18bd2d7bee5e374b61230a7db23b6ae94e1e7fdb517e926d9f5fe5c362c",
    "tools/run_g0_acceptance.py": "a4de66ae98079c0d3899fa51a0e7384652f108c30dc2d714f29b3de1cac9fbbb",
    "tools/run_morph_compute_regression.py": "0662e67da5a29850eaff24af935a6dcc4295ad6ba1a061b5773990ec377410ae",
    "tools/run_performance_baseline.py": "cb68eb8b8be65b9cf9fe2d6ca7498d7244ba4e83c6f2d53b5956544edcd5431e",
    "tools/run_playable_long_run.py": "fbe82b702cbe51486667267b92bda8e98ef4dc05664c85b8d32ed8e89662ddb0",
    "tools/run_playable_performance.py": "41eb947f78b4e2b893472c5be02f8dbdc66d4adef6e432b9782a7df7f706adc4",
    "tools/run_r3_comparison.py": "ee8ac8c8c674f1c54aa670467e1a8e8f5a67e9c03426f8e5eb5f31b3cfce3860",
    "tools/run_r3_performance.py": "38fafdcb62ec40e723e97d77c5d3c08da13cb71feab5bef2fceb7c8a414723b2",
    "tools/run_r4_acceptance.py": "15d6efc6e7d7f9242108db2ca24da3efaf71f8d6f779a473a65d167e62f5ef63",
    "tools/run_release_gate.cmake": "f741c9bc5cad1b8b3c6718bae91cc8af425c1145eaf91fa5a89849d76cbcceb7",
    "tools/run_visual_regression.py": "a6304d2d207f72d6bb38a431336d1f3fb2191ed01efb0bf86b048e5008ee2344",
    "tools/test_animation_retarget.py": "40ee1b1d711ed377598f4156b0190378466db7c51c4d8d47d381bc7738acef1b",
    "tools/test_blackhole_optimization.py": "62ecbe2e6a2dd9e69c4c7ab565a2be67651cb3a6d1c753a232f4e1d86fcbdbbc",
    "tools/test_build_configuration.py": "62757c7bb98981399b87402671ea7bf57a7ff61d74672180ca736516259eb81e",
    "tools/test_build_provenance.py": "b56e17f2516c3f90497789744fd9b9db6744727164e246fcd4b9c7ebc3f8b7df",
    "tools/test_character_finish.py": "ee572f1010d5e53b0037809061587b0ae2dc583b8e03875ae1be5b62ffb76064",
    "tools/test_character_intake.py": "40ad687474892c9a72ab47c702780c70e6beb44ad70b1107e38d007ba065be96",
    "tools/test_character_preparation.py": "eeb319d28f06c8745c7d56984be9425f2fe57cfacb271c119d23ef0086814059",
    "tools/test_editor_playable.py": "30c57389cfe632dc6d930b87ada009fe9b32c89d0cf3554eb8ab9b7d7b871c52",
    "tools/test_editor_workflow.py": "d95264e68ad90d5d7f4023a0a56f488c3c07ca0fbdb3139336790ca01990c2ea",
    "tools/test_editor_workspace.py": "5598404669b0b014224541df9677fc7fedfc53262e3e067a2dbb93e0c2a0c677",
    "tools/test_fbx_samples.py": "c05f14a5ad14db89d7900b9419c2e184808176486f92fbd1189a20b3496c6255",
    "tools/test_game_package.py": "efd8b90ede539b61c8de344ac42eddead5e3b85363c031cc1c8234cf3c79d55d",
    "tools/test_game_package_rules.py": "58bba1d179da473c02643db5bb7c2150af26a9bfee7c70a0cb407e62536526bb",
    "tools/test_game_presentation.py": "de06e19865ba2d26c69a0ba0c45a87f23261b456d75a7bf5a9b5f01794d64fd2",
    "tools/test_independent_animation_gpu.py": "2c0a81bf39eb2f9ffef81385bcbc78a3210e2d5115db2fa19f5d64197fe5cfe3",
    "tools/test_install_manifest_roundtrip.cmake": "fcbbf4db36e3184bdeac138722531fcb89c37f1b4a42034e7e88d50e4b6eb159",
    "tools/test_level_cycles.py": "899bda8c29e7c0ab2c90e780e1e21971ecef9c3b4dd9908ccd0076edb52df37f",
    "tools/test_level_player.py": "b8170c13ac44714779ededa39f9d0297311b4eefc3746175235e45681ec1cf54",
    "tools/test_locomotion_direction.py": "96004bdbcbfc971906c9a60806af0d9f1992fd14dca42cfd62b9fe4633382293",
    "tools/test_material_fixture.py": "cfb90cd0aa383618c14d62451984e650f6f5897eba8a6283e5b3df20210ad319",
    "tools/test_metagen.py": "2ccf6e5b4f0db1d958bf6134c9790258008c700ebf703042d46b03862503810b",
    "tools/test_physics_player.py": "765764e1ec38a81b65cb5349ac152cff0d7625ebb87422222eeef8f0f7547f2c",
    "tools/test_playable_delivery_rules.py": "fb7e40813aaf1f61d9a104aa27dff1189ccac2677a99db20039e6dbdf2d9ce0c",
    "tools/test_playable_package.py": "642c82111fa0110529cf83053d037417b5afe14d260122d5e21b002ad1d3c67f",
    "tools/test_playable_player.py": "4cfc9456cfb7e967603deb584fb72661308dbed5916fe8dbeb68867bd51f9d30",
    "tools/test_player_cli.py": "2c31d4ba45faffb35f92d5298041bc2942c489e1f9e8e87c828a4d6d0a76ab04",
    "tools/test_public_gait.py": "a78e6208af4098136837f0fd62eb2b67e8127e1b74103540431cee831ec52b02",
    "tools/test_r3_performance.py": "5009577f732f189ec7189b31b1c31c01e21ffcaf56a34d932b7197c481350d8f",
    "tools/test_r4_acceptance.py": "d11ccfa1d587a4bcc49bcc4f1ced0538a3bdce2ffd1e4a4713936eae76b653e8",
    "tools/test_repository_audit.py": "3952d36acebd9bea5362865f5bff098c121001c7366c7c325bd386293e93af47",
    "tools/test_runtime_spawn_gpu.py": "7a9070db6e922315ebf7d2bc54a4c643cb6debabd4c66128c38b75de6c5c63ba",
    "tools/test_scene_visibility_gpu.py": "43342c160b4eb3bc856221826a6942a6830bc3f1ecce50d2ca3cfadd6cafe47f",
    "tools/test_script_player.py": "e9b6b334317dc94483c0f118695bb01ba3204dbd6bbc5e3cefc62623930e47f2",
    "tools/test_skin_restore.py": "643bede2c8b8780a6d22063af9952eef705c4278c8ff40f4e8c4390067079124",
    "tools/test_third_person_player.py": "33f363fdf3e94ce4c947cbacc27ab3bc128568ce1a9817af51e7912dd96263d9",
    "tools/unreal_export_laevat.py": "5033fbe4188747cd77742cb83973481a24cd0b0aadf8b6d5a44f5eba3a360378",
    "tools/unreal_export_laevat_matcap.py": "4158864bf06c2b86ab09f4c360a4aac800bea75ff4399fcd7f7666bc9b7e4d1b",
    "tools/unreal_export_laevat_skinned.py": "f2c9b4768bb864bec5b5042a9560760914870a98300ea3ffd969f3dbd0cc4be9",
    "tools/unreal_export_source_skin.py": "98dcc562aaae08aaabc77ebe9c02dc228e14640569547d35506e9677a42f33b6",
    "tools/unreal_extract_laevat_textures.py": "db0ca4d691c0849c88082fb72ca7fe6d7e5aa7a446ca675c2f284bb1da3007a3",
    "tools/unreal_list_laevat_animations.py": "b56ecf57a1634ff16d4da62e171efe9688d20f51eee563abb7bd90a9f6130ef9",
    "tools/unreal_trace_cloth_material.py": "5ebaca3915dbdaf64f421cb047befdb020c456a0c0a3919092cd280666040437",
    "tools/unreal_trace_hair_material.py": "b3ee687fec8f97a819767066d584de1378b631a5480a73f5c57df780c79f1949",
    "tools/validate_material_profiles.py": "a7fac24297081b339ce7cf31555dd989d4718540a0a0e6362cb20a4129a7d70c",
    "tools/verify_install_manifest.cmake": "ec64bbe7d107eb7f087ea36ccc55805dffada9c605b119de2b07f2eac5b559f0",
    "tools/verify_player_runtime.ps1": "3f8dc0f0774dd706bb538481f1dfff8fe17da3d62404fd52ef2fb2db16b1b0b1",
    "tools/verify_portfolio.ps1": "7d01d823ed33a35b39993768bb5b5cdb426567729d98df79a37b9b3f2d64b8d4",
    "tools/verify_windows_runtime.ps1": "2071308350c5ee37d14e8a5887c29bcd6cdbdfb68e03b664222cecd23ff664f3",
    "tools/visual_regression_cases.json": "7cccc5c7157d4606e9a00fa766158a20ba39a83ddd2d411ae592516c636a94e0",
    "tools/write_install_manifest.cmake": "f11a54c2938cf4c19813b0ddb3aeddf16b8ae3fac08179c6d2e0871d65059421",
    "tools/write_rc_manifest.cmake": "b80b7a58db87d9517c8b3e634b9594414140872203c3614c06bc0744a28b50f0",
    "vcpkg.json": "a541a83648e6662726ecf7e0bbc33340b8eeba0be4d1100194d8c53a9c0c734c"
  },
  "files": {
    ".gitattributes": "705fd4d6451a31d36b3df7de96f83f30ac976c9b4a6d1e51671d8e2f33e2d0da",
    "authoring-quest.log": "6b0a0f618902cd5b1c1404fe3ee8120f2c7f12d3cf32b60ce100d57ce10a3c85",
    "authoring.json": "c6d3a3b1c8cb5ea2dbb57e4f971bef8ddff27e2b3d59eec9a5bdc78396b9effb",
    "authoring.log": "a01098f47a3448ab245b8acd0d8326ec7fc48a808753e0854b642d5a7002210a",
    "capture-editor.json": "48762231e5ed3709194c4e886a85eb805f91c81a01f41a9c621e87aae1456ad1",
    "capture-exploration-input.json": "9c6c028168f135fb5a0f35bf334ed805f7041661ad9156661f31fc70d968da43",
    "capture-exploration.json": "b152bba43cc7420ffa0f9460ab24886b2a40376887d6c09e4fbf7db370a6c49a",
    "capture-side-input.json": "2f5319dc0bb66448103cbd863c062757bee9142a6fb65ed4debf658ffe2d0065",
    "capture-side.json": "1f884413b035a09df12aa4c12007d40b46922117cc3ff612baf1a801e20d02cb",
    "cycles.json": "27a4773f12b2630993944f5babdc5bf68d8069b12b64e4381b1ab8babd750c42",
    "install_manifest.json": "612906fb7f658d4da41d1820762b8df33e18a4dbeb5c0257480b927e38a004cc",
    "intel.json": "aa4181d67bb6e5bd4c09dd3e1a520f20718f1fc331fb4c8bd7ddaa409abbbb8c",
    "intel.log": "de9f18ba037890c68bb585e980d3bd835e2c1f05021ddf10323f50370c77b321",
    "long-run-observation.json": "03628cc83636158c84e6fe4f0d29418e6e60e5f8761af0d83a05344a03bde0e1",
    "long-run.json": "027cacfab1bc47a35a9d1b67d4e682298531fbdca360db27d567e04cc31eb7b5",
    "long-run.log": "e8c47ca3b4776253398f2d061f05303f79f0e57b95c865650ee60e1e99691b4c",
    "matrix-progress.json": "d3d2e21beaebf7baad4ddfe85bf2193f5bc03b1ad19fb4b00bbaac9421fc8ee0",
    "media-review.json": "f984210f82afb938547d0f57c02536fc88b11a9b54e9f3079ba3b7b1dbe2e71b",
    "media.json": "203134cc7cf8da925fc36d566923318776dc0718f54b0c5ea87420908faf2bce",
    "media.log": "a397b8192c3e43a8ae7ac8fa8e5f40bcc20d72f7d8febcb5eea5594538274a97",
    "performance-workspace.json": "5879c0411cc5e9b4ff63fa9709251f95b8f3ecc599b216ed9e5c7782eb2143fe",
    "performance.json": "bcab3cc38f1054a86b8a981985851dcfe75862b6db0554e505a70d87a2be8db3",
    "performance.log": "44dc02b1f4b17d71835a1171a4939ce7e5b55880f95611b4f5583c8f2e6ea496",
    "playable-package.json": "11be36971d61556f432f9e66428ab2cb822e3fa9a4118eb1d69c2f94bc35f3cf",
    "provenance-debug.json": "6c34e908f4328e07642ddcf456816adf0ded0eb21911b6f10414ef7c59289df5",
    "provenance-debug.log": "e89b2799c9c3d1ef74745e1c71f5ce9990969ac9e7fc09dc3005c68aa0e00fdf",
    "provenance-release.json": "c7f5f9f81c6405fd2d2967e7ab2c9926261b9b39a0c506bcdce755aaa7de68ed",
    "provenance-release.log": "c017c87df3ac61bbfb370b020cb5fdae73adbe232cd79fff0ff0e98634db0b47",
    "regression-debug.log": "fb9e9e9ceaf28c431cbe883e58f5b148a4e4a2f38d501bfe0c6808425eac5f29",
    "regression-release.log": "b0a6d50ac5f47199519dbb151449c4dc966309e6b8b8a79182996b760567d827",
    "release-gate.json": "80be0a395cd2c8edc88a69ac92b081fc698b13192b1142312bd9b766600c60f8",
    "release-gate.log": "6abaf9998ffae9a0af8934507619a0dff0f908aab60eb4d41725f5e9f79b0fcc",
    "zip-clean-archive.json": "4da3a5cc5976bda50d1d79b1655a2dcfdc7d18e42a6a53d78323f8dab8c777d2",
    "zip-clean-validation.log": "fb5638d93d59d8b3ce7387e20729e851870aa48a1e713df1eb957528cd6f0bb0",
    "zip-inventory-green.log": "5c5ed2ab83138fec20485b77ab545b8f6cd8e4b73c3d68ae506427907316f921",
    "zip-inventory-red.log": "05c34688a4c2190cf034d9192e62324538fed780efc81ad101830234b1ba4bd3",
    "zip-original-summary.json": "a0447f076e2cf9f26b15142714fc5e90b461688cc9398c0cdfa16c30a06240c6",
    "zip.json": "9fb6aee048283eee092d37aeb33475bc6bedbe1d29059a5404a010af9d07f8b2",
    "zip.log": "77639977e93ed6375c89c23d627856c698e4549a6389301f337482ee2ea0b3a8"
  },
  "media": {
    "portfolio/images/editor/editor_workspace_1920x1080.png": "4b9703325799c92fab4eefdcad6c7002defa01355eefcf8b6800e51b
74e335aa",
    "portfolio/images/gameplay/robot_walk_side_1920x1080.png": "b3fa7aadde7dbd55e55113f8c75bb699da7c2f7ea741d4d30e3faa6
997a833ee",
    "portfolio/images/gameplay/exploration_1920x1080.png": "d58cf3be5573257c41adb4ee1cead27f69204419443e1950e7edf3bdc4e
51b35"
  },
  "localProducts": {
    "D:\\Assigment\\2609\\FYP\\Project\\AzureRender\\build\\p2\\AzureExploration-Windows-x64.zip": {
      "sha256": "6874ed8d19e485efd9d78bd520f822f1620c363b62f6f02b35f05ffab1069cb3",
      "bytes": 20520398
    }
  },
  "rawLongRun": {
    "D:\\Assigment\\2609\\FYP\\Project\\AzureRender\\build\\p2\\long-run\\timing.json": {
      "sha256": "a4017e368d8f4a2c286d353e9b98dd91551148660ef9f1ec595bbb59f440935d",
      "bytes": 1456302
    },
    "D:\\Assigment\\2609\\FYP\\Project\\AzureRender\\build\\p2\\long-run\\timing.csv": {
      "sha256": "c8f1c330befda60d4bbd433564bd2a2b32d79939005915324a8c799ca0d56a27",
      "bytes": 41740926
    },
    "D:\\Assigment\\2609\\FYP\\Project\\AzureRender\\build\\p2\\long-run\\runtime.json": {
      "sha256": "def09c4be096e3890d4c409de5801c2a69923c42a2cf0c653a1b1f9e77783c52",
      "bytes": 8415583
    },
    "D:\\Assigment\\2609\\FYP\\Project\\AzureRender\\build\\p2\\long-run\\observation.json": {
      "sha256": "a1fa60d4d5d521bfd354acd8929ab492c4e8d3beef8ffa5c40e053c98b6d945e",
      "bytes": 366064
    },
    "D:\\Assigment\\2609\\FYP\\Project\\AzureRender\\build\\p2\\long-run\\stdout.log": {
      "sha256": "abbbc43de49869f95f28dd2cc0fe980203f7e92ff08c28c4bb44a85dd4b3693d",
      "bytes": 2201
    },
    "D:\\Assigment\\2609\\FYP\\Project\\AzureRender\\build\\p2\\long-run\\stderr.log": {
      "sha256": "46f68145a150517ea8e199b2eeb5a6cdfd547a0014ce2ff9283b281d28c192d5",
      "bytes": 35000
    }
  },
  "limitations": [
    "Physical keyboard and mouse verification requires an interactive foreground environment",
    "Private animations and derived media remain local",
    "Android is Deferred"
  ],
  "licenseHashes": {
    "share/AzureRender/licenses/brotli-LICENSE.txt": "3d180008e36922a4e8daec11c34c7af264fed5962d07924aea928c38e8663c94"
,
    "share/AzureRender/licenses/bzip2-LICENSE.txt": "c6dbbf828498be844a89eaa3b84adbab3199e342eb5cb2ed2f0d4ba7ec0f38a3",
    "share/AzureRender/licenses/freetype-LICENSE.txt": "cf82ed29473c1fd8e137fd34250f89eebf2bee9e126fa004286dd25495d5c65
4",
    "share/AzureRender/licenses/glfw3-LICENSE.txt": "149704059b5d0bf551637e50042dd4de9c2cae921021f6636298911e3a5f9462",
    "share/AzureRender/licenses/imath-LICENSE.txt": "c20236d3b39fd20eba8e3d1fb3b892a5483df2e7d8d61bf43f165d3fac22f601",
    "share/AzureRender/licenses/imgui-LICENSE.txt": "f20418b409e53c8c9f4e90917ff395554a60320d4dfbf833da89b339cad8628a",
    "share/AzureRender/licenses/joltphysics-LICENSE.txt": "800abe35d64ad9defd636ff1ee8c961e06f0ebca3ef8d10083e8aa0e8ef8
6ac3",
    "share/AzureRender/licenses/LatoLatin-LICENSE.txt": "c97278bb336ab0fb2d3bb7ba3f303d638224d6dd1edc6e6fcdd4ba28b8dbf2
a6",
    "share/AzureRender/licenses/libdeflate-LICENSE.txt": "4ad69099cb4374836fd27583d9991e2838cd86b6e4666ab26b2d32582c91e
73a",
    "share/AzureRender/licenses/libpng-LICENSE.txt": "bdb0a645ea18c60507d0368379b1ac5474b92255fcc2d115e07486a7672ba526"
,
    "share/AzureRender/licenses/lua-LICENSE.txt": "32a2adbaf0d6ae5b0cdd56afe4ee5059d58c540a2f9ad90a346f31cb4b3fa3ef",
    "share/AzureRender/licenses/miniaudio-LICENSE.txt": "457f1b500e0adf6bc059edddfa78a2f62012e7c3bb43476c20e0bd23b25ba0
eb",
    "share/AzureRender/licenses/nlohmann-json-LICENSE.txt": "46a65cffd1ea955132d95a8dd921640714a8d6b537d2e4e482d31145ae
95b603",
    "share/AzureRender/licenses/NotoSansCJK-LICENSE.txt": "6a73f9541c2de74158c0e7cf6b0a58ef774f5a780bf191f2d7ec9cc53efe
2bf2",
    "share/AzureRender/licenses/openexr-LICENSE.txt": "84853c91d4c2e0310741d4773469d98bb93e61029608e0ba0882a3fffdf330bd
",
    "share/AzureRender/licenses/openjph-LICENSE.txt": "5ddf5177863dfc9ab65fa129d587db651241f00e21ed2427b218bea997591f98
",
    "share/AzureRender/licenses/rmlui-LICENSE.txt": "8cef322d47d08528c97e8a76cb3b0ac3460ea480afaf633c91d06f1f2a607f52",
    "share/AzureRender/licenses/sol2-LICENSE.txt": "4e171f2251b1170c0a6c9e836a36605565eee238cd64abf50ad43a01c9412ce4",
    "share/AzureRender/licenses/stb-LICENSE.txt": "bebfe904b14301657e4e5d655c811d51fd31b97c455b9cc2d8600d6bac6cff63",
    "share/AzureRender/licenses/tinygltf-LICENSE.txt": "2ae461f8c8b78ed77c14e9c3b7e353ba277e44cb3dbfb5a6d380f76f2ae081a
2",
    "share/AzureRender/licenses/zlib-LICENSE.txt": "e32ff4e00d9d94930537635291da39e7e612703334bf6fde8c7f1686fe8a45a2"
  },
  "stageCommits": [
    "b14a1a8 feat(u2): 瀹屾垚缂栬緫鍣ㄥ伐浣滃尯涓庢暀绋嬮獙鏀?,
    "1d6eb84 feat(g7): 瀹屾垚瑙掕壊鏂瑰悜涓庡啿鍒洪獙鏀?,
    "6b58af6 feat(r6): 瀹屾垚鍦烘櫙鍙鎬т笌瑁佸壀楠屾敹",
    "693b7ce feat(f3): 瀹屾垚浠撳簱鏁寸悊涓庢枃妗ｅ熀纭€楠屾敹",
    "aa9e0f1 feat(p1): 瀹屾垚鐙珛鍙帺鍖呬笌闀胯窇浜や粯楠屾敹"
  ]
}
At D:\Assigment\2609\FYP\Project\AzureRender\tools\verify_portfolio.ps1:44 char:51
+ ... et-Content -LiteralPath $absolutePath -Raw | ConvertFrom-Json | Out-N ...
+                                                  ~~~~~~~~~~~~~~~~
    + CategoryInfo          : NotSpecified: (:) [ConvertFrom-Json], ArgumentException
    + FullyQualifiedErrorId : System.ArgumentException,Microsoft.PowerShell.Commands.ConvertFromJsonCommand
