[1791343835256][info][editor][code=0] Opened scene: inspection
[Vulkan Loader] LAYER:          Checking for Layer Manifest files in Registry at HKEY_LOCAL_MACHINE\SOFTWARE\Khronos\Vulkan\ImplicitLayers
[Vulkan Loader] INFO | LAYER:   Located json file "C:\Program Files (x86)\Epic Games\Epic Online Services\managedArtifacts\98bc04bc842e4906993fd6d6644ffb8d\EOSOverlayVkLayer-Win64.json" from registry "HKEY_LOCAL_MACHINE\SOFTWARE\Khronos\Vulkan\ImplicitLayers"
[Vulkan Loader] INFO | LAYER:   Located json file "C:\Program Files\RenderDoc\renderdoc.json" from registry "HKEY_LOCAL_MACHINE\SOFTWARE\Khronos\Vulkan\ImplicitLayers"
[Vulkan Loader] INFO | LAYER:   Located json file "D:\Steam\SteamOverlayVulkanLayer64.json" from registry "HKEY_LOCAL_MACHINE\SOFTWARE\Khronos\Vulkan\ImplicitLayers"
[Vulkan Loader] INFO | LAYER:   Located json file "D:\Steam\SteamFossilizeVulkanLayer64.json" from registry "HKEY_LOCAL_MACHINE\SOFTWARE\Khronos\Vulkan\ImplicitLayers"
[Vulkan Loader] INFO | LAYER:   Located json file "C:\ProgramData\obs-studio-hook\obs-vulkan64.json" from registry "HKEY_CURRENT_USER\SOFTWARE\Khronos\Vulkan\ImplicitLayers"
[Vulkan Loader] INFO | LAYER:   Located json file "C:\ProgramData\obs-studio-hook\obs-vulkan32.json" from registry "HKEY_CURRENT_USER\SOFTWARE\Khronos\Vulkan\ImplicitLayers"
[Vulkan Loader] LAYER:          Checking for Layer Manifest files in Registry at HKEY_LOCAL_MACHINE\SOFTWARE\Khronos\Vulkan\ImplicitLayers
[Vulkan Loader] INFO | LAYER:   Located json file "C:\Program Files (x86)\Epic Games\Epic Online Services\managedArtifacts\98bc04bc842e4906993fd6d6644ffb8d\EOSOverlayVkLayer-Win64.json" from registry "HKEY_LOCAL_MACHINE\SOFTWARE\Khronos\Vulkan\ImplicitLayers"
[Vulkan Loader] INFO | LAYER:   Located json file "C:\Program Files\RenderDoc\renderdoc.json" from registry "HKEY_LOCAL_MACHINE\SOFTWARE\Khronos\Vulkan\ImplicitLayers"
[Vulkan Loader] INFO | LAYER:   Located json file "D:\Steam\SteamOverlayVulkanLayer64.json" from registry "HKEY_LOCAL_MACHINE\SOFTWARE\Khronos\Vulkan\ImplicitLayers"
[Vulkan Loader] INFO | LAYER:   Located json file "D:\Steam\SteamFossilizeVulkanLayer64.json" from registry "HKEY_LOCAL_MACHINE\SOFTWARE\Khronos\Vulkan\ImplicitLayers"
[Vulkan Loader] INFO | LAYER:   Located json file "C:\ProgramData\obs-studio-hook\obs-vulkan64.json" from registry "HKEY_CURRENT_USER\SOFTWARE\Khronos\Vulkan\ImplicitLayers"
[Vulkan Loader] INFO | LAYER:   Located json file "C:\ProgramData\obs-studio-hook\obs-vulkan32.json" from registry "HKEY_CURRENT_USER\SOFTWARE\Khronos\Vulkan\ImplicitLayers"
[Vulkan Loader] LAYER:          Checking for Layer Manifest files in Registry at HKEY_LOCAL_MACHINE\SOFTWARE\Khronos\Vulkan\ImplicitLayers
[Vulkan Loader] INFO | LAYER:   Located json file "C:\Program Files (x86)\Epic Games\Epic Online Services\managedArtifacts\98bc04bc842e4906993fd6d6644ffb8d\EOSOverlayVkLayer-Win64.json" from registry "HKEY_LOCAL_MACHINE\SOFTWARE\Khronos\Vulkan\ImplicitLayers"
[Vulkan Loader] INFO | LAYER:   Located json file "C:\Program Files\RenderDoc\renderdoc.json" from registry "HKEY_LOCAL_MACHINE\SOFTWARE\Khronos\Vulkan\ImplicitLayers"
[Vulkan Loader] INFO | LAYER:   Located json file "D:\Steam\SteamOverlayVulkanLayer64.json" from registry "HKEY_LOCAL_MACHINE\SOFTWARE\Khronos\Vulkan\ImplicitLayers"
[Vulkan Loader] INFO | LAYER:   Located json file "D:\Steam\SteamFossilizeVulkanLayer64.json" from registry "HKEY_LOCAL_MACHINE\SOFTWARE\Khronos\Vulkan\ImplicitLayers"
[Vulkan Loader] INFO | LAYER:   Located json file "C:\ProgramData\obs-studio-hook\obs-vulkan64.json" from registry "HKEY_CURRENT_USER\SOFTWARE\Khronos\Vulkan\ImplicitLayers"
[Vulkan Loader] INFO | LAYER:   Located json file "C:\ProgramData\obs-studio-hook\obs-vulkan32.json" from registry "HKEY_CURRENT_USER\SOFTWARE\Khronos\Vulkan\ImplicitLayers"
[Vulkan Loader] LAYER:          Checking for Layer Manifest files in Registry at HKEY_LOCAL_MACHINE\SOFTWARE\Khronos\Vulkan\ImplicitLayers
[Vulkan Loader] INFO | LAYER:   Located json file "C:\Program Files (x86)\Epic Games\Epic Online Services\managedArtifacts\98bc04bc842e4906993fd6d6644ffb8d\EOSOverlayVkLayer-Win64.json" from registry "HKEY_LOCAL_MACHINE\SOFTWARE\Khronos\Vulkan\ImplicitLayers"
[Vulkan Loader] INFO | LAYER:   Located json file "C:\Program Files\RenderDoc\renderdoc.json" from registry "HKEY_LOCAL_MACHINE\SOFTWARE\Khronos\Vulkan\ImplicitLayers"
[Vulkan Loader] INFO | LAYER:   Located json file "D:\Steam\SteamOverlayVulkanLayer64.json" from registry "HKEY_LOCAL_MACHINE\SOFTWARE\Khronos\Vulkan\ImplicitLayers"
[Vulkan Loader] INFO | LAYER:   Located json file "D:\Steam\SteamFossilizeVulkanLayer64.json" from registry "HKEY_LOCAL_MACHINE\SOFTWARE\Khronos\Vulkan\ImplicitLayers"
[Vulkan Loader] INFO | LAYER:   Located json file "C:\ProgramData\obs-studio-hook\obs-vulkan64.json" from registry "HKEY_CURRENT_USER\SOFTWARE\Khronos\Vulkan\ImplicitLayers"
[Vulkan Loader] INFO | LAYER:   Located json file "C:\ProgramData\obs-studio-hook\obs-vulkan32.json" from registry "HKEY_CURRENT_USER\SOFTWARE\Khronos\Vulkan\ImplicitLayers"
[Vulkan Loader] LAYER:          Checking for Layer Manifest files in Registry at HKEY_LOCAL_MACHINE\SOFTWARE\Khronos\Vulkan\ImplicitLayers
[Vulkan Loader] INFO | LAYER:   Located json file "C:\Program Files (x86)\Epic Games\Epic Online Services\managedArtifacts\98bc04bc842e4906993fd6d6644ffb8d\EOSOverlayVkLayer-Win64.json" from registry "HKEY_LOCAL_MACHINE\SOFTWARE\Khronos\Vulkan\ImplicitLayers"
[Vulkan Loader] INFO | LAYER:   Located json file "C:\Program Files\RenderDoc\renderdoc.json" from registry "HKEY_LOCAL_MACHINE\SOFTWARE\Khronos\Vulkan\ImplicitLayers"
[Vulkan Loader] INFO | LAYER:   Located json file "D:\Steam\SteamOverlayVulkanLayer64.json" from registry "HKEY_LOCAL_MACHINE\SOFTWARE\Khronos\Vulkan\ImplicitLayers"
[Vulkan Loader] INFO | LAYER:   Located json file "D:\Steam\SteamFossilizeVulkanLayer64.json" from registry "HKEY_LOCAL_MACHINE\SOFTWARE\Khronos\Vulkan\ImplicitLayers"
[Vulkan Loader] INFO | LAYER:   Located json file "C:\ProgramData\obs-studio-hook\obs-vulkan64.json" from registry "HKEY_CURRENT_USER\SOFTWARE\Khronos\Vulkan\ImplicitLayers"
[Vulkan Loader] INFO | LAYER:   Located json file "C:\ProgramData\obs-studio-hook\obs-vulkan32.json" from registry "HKEY_CURRENT_USER\SOFTWARE\Khronos\Vulkan\ImplicitLayers"
[Vulkan Loader] LAYER:          Checking for Layer Manifest files in Registry at HKEY_LOCAL_MACHINE\SOFTWARE\Khronos\Vulkan\ExplicitLayers
[Vulkan Loader] INFO | LAYER:   windows_get_device_registry_files: opening device ROOT\DISPLAY\0000
[Vulkan Loader] INFO | LAYER:   windows_get_device_registry_files: unable to open child-device error:13
[Vulkan Loader] INFO | LAYER:   windows_get_device_registry_files: opening device PCI\VEN_8086&DEV_A788&SUBSYS_8BAB103C&REV_04\3&11583659&0&10
[Vulkan Loader] INFO | LAYER:   windows_get_device_registry_files: Opening child device 5 - SWD\DRIVERENUM\IGCC&4&38D58666&0
[Vulkan Loader] INFO | LAYER:   windows_get_device_registry_files: Opening child device 6 - DISPLAY\BOE0B7D\4&38D58666&0&UID8388688
[Vulkan Loader] DEBUG | LAYER:  windows_get_device_registry_files: GUID for 6 is not SoftwareComponent skipping
[Vulkan Loader] INFO | LAYER:   windows_get_device_registry_files: opening device PCI\VEN_10DE&DEV_28E0&SUBSYS_8BAB103C&REV_A1\4&34cfc80f&0&0008
[Vulkan Loader] INFO | LAYER:   windows_get_device_registry_files: unable to open child-device error:13
[Vulkan Loader] LAYER:          windows_get_device_registry_files: found no registry files
[Vulkan Loader] INFO | LAYER:   Located json file "C:\VulkanSDK\1.4.350.0\Bin\VkLayer_api_dump.json" from registry "HKEY_LOCAL_MACHINE\SOFTWARE\Khronos\Vulkan\ExplicitLayers"
[Vulkan Loader] INFO | LAYER:   Located json file "C:\VulkanSDK\1.4.350.0\Bin\VkLayer_gfxreconstruct.json" from registry "HKEY_LOCAL_MACHINE\SOFTWARE\Khronos\Vulkan\ExplicitLayers"
[Vulkan Loader] INFO | LAYER:   Located json file "C:\VulkanSDK\1.4.350.0\Bin\VkLayer_khronos_synchronization2.json" from registry "HKEY_LOCAL_MACHINE\SOFTWARE\Khronos\Vulkan\ExplicitLayers"
[Vulkan Loader] INFO | LAYER:   Located json file "C:\VulkanSDK\1.4.350.0\Bin\VkLayer_khronos_validation.json" from registry "HKEY_LOCAL_MACHINE\SOFTWARE\Khronos\Vulkan\ExplicitLayers"
[Vulkan Loader] INFO | LAYER:   Located json file "C:\VulkanSDK\1.4.350.0\Bin\VkLayer_monitor.json" from registry "HKEY_LOCAL_MACHINE\SOFTWARE\Khronos\Vulkan\ExplicitLayers"
[Vulkan Loader] INFO | LAYER:   Located json file "C:\VulkanSDK\1.4.350.0\Bin\VkLayer_screenshot.json" from registry "HKEY_LOCAL_MACHINE\SOFTWARE\Khronos\Vulkan\ExplicitLayers"
[Vulkan Loader] INFO | LAYER:   Located json file "C:\VulkanSDK\1.4.350.0\Bin\VkLayer_khronos_profiles.json" from registry "HKEY_LOCAL_MACHINE\SOFTWARE\Khronos\Vulkan\ExplicitLayers"
[Vulkan Loader] INFO | LAYER:   Located json file "C:\VulkanSDK\1.4.350.0\Bin\VkLayer_khronos_shader_object.json" from registry "HKEY_LOCAL_MACHINE\SOFTWARE\Khronos\Vulkan\ExplicitLayers"
[Vulkan Loader] INFO | LAYER:   Located json file "C:\VulkanSDK\1.4.350.0\Bin\VkLayer_crash_diagnostic.json" from registry "HKEY_LOCAL_MACHINE\SOFTWARE\Khronos\Vulkan\ExplicitLayers"
[Vulkan Loader] WARNING | LAYER: env var 'VK_INSTANCE_LAYERS' defined and adding layers "VK_LAYER_KHRONOS_validation"
[Vulkan Loader] WARNING | LAYER: env var 'VK_INSTANCE_LAYERS' defined and adding layers "VK_LAYER_KHRONOS_validation"
[Vulkan Loader] DEBUG | LAYER:  Loading layer library C:\VulkanSDK\1.4.350.0\Bin\.\VkLayer_khronos_validation.dll
[Vulkan Loader] INFO | LAYER:   Insert instance layer "VK_LAYER_KHRONOS_validation" (C:\VulkanSDK\1.4.350.0\Bin\VkLayer_khronos_validation.dll)
[Vulkan Loader] DEBUG | LAYER:  Loading layer library C:\ProgramData\obs-studio-hook\.\graphics-hook64.dll
[Vulkan Loader] INFO | LAYER:   Insert instance layer "VK_LAYER_OBS_HOOK" (C:\ProgramData\obs-studio-hook\graphics-hook64.dll)
[Vulkan Loader] DEBUG | LAYER:  Loading layer library C:\WINDOWS\System32\DriverStore\FileRepository\nvhmsi.inf_amd64_5ec4b201b8059b6f\.\nvoglv64.dll
[Vulkan Loader] INFO | LAYER:   Insert instance layer "VK_LAYER_NV_present" (C:\WINDOWS\System32\DriverStore\FileRepository\nvhmsi.inf_amd64_5ec4b201b8059b6f\nvoglv64.dll)
[Vulkan Loader] DEBUG | LAYER:  Loading layer library C:\WINDOWS\System32\DriverStore\FileRepository\nvhmsi.inf_amd64_5ec4b201b8059b6f\.\nvoglv64.dll
[Vulkan Loader] INFO | LAYER:   Insert instance layer "VK_LAYER_NV_optimus" (C:\WINDOWS\System32\DriverStore\FileRepository\nvhmsi.inf_amd64_5ec4b201b8059b6f\nvoglv64.dll)
[Vulkan Loader] LAYER:          vkCreateInstance layer callstack setup to:
[Vulkan Loader] LAYER:             <Application>
[Vulkan Loader] LAYER:               ||
[Vulkan Loader] LAYER:             <Loader>
[Vulkan Loader] LAYER:               ||
[Vulkan Loader] LAYER:             VK_LAYER_NV_optimus
[Vulkan Loader] LAYER:                     Type: Implicit
[Vulkan Loader] LAYER:                     Enabled By: Implicit Layer
[Vulkan Loader] LAYER:                         Disable Env Var:  DISABLE_LAYER_NV_OPTIMUS_1
[Vulkan Loader] LAYER:                     Manifest: C:\WINDOWS\System32\DriverStore\FileRepository\nvhmsi.inf_amd64_5ec4b201b8059b6f\nv-vk64.json
[Vulkan Loader] LAYER:                     Library:  C:\WINDOWS\System32\DriverStore\FileRepository\nvhmsi.inf_amd64_5ec4b201b8059b6f\nvoglv64.dll
[Vulkan Loader] LAYER:               ||
[Vulkan Loader] LAYER:             VK_LAYER_NV_present
[Vulkan Loader] LAYER:                     Type: Implicit
[Vulkan Loader] LAYER:                     Enabled By: Implicit Layer
[Vulkan Loader] LAYER:                         Disable Env Var:  DISABLE_LAYER_NV_PRESENT_1
[Vulkan Loader] LAYER:                     Manifest: C:\WINDOWS\System32\DriverStore\FileRepository\nvhmsi.inf_amd64_5ec4b201b8059b6f\nv-vk64.json
[Vulkan Loader] LAYER:                     Library:  C:\WINDOWS\System32\DriverStore\FileRepository\nvhmsi.inf_amd64_5ec4b201b8059b6f\nvoglv64.dll
[Vulkan Loader] LAYER:               ||
[Vulkan Loader] LAYER:             VK_LAYER_OBS_HOOK
[Vulkan Loader] LAYER:                     Type: Implicit
[Vulkan Loader] LAYER:                     Enabled By: Implicit Layer
[Vulkan Loader] LAYER:                         Disable Env Var:  DISABLE_VULKAN_OBS_CAPTURE
[Vulkan Loader] LAYER:                     Manifest: C:\ProgramData\obs-studio-hook\obs-vulkan64.json
[Vulkan Loader] LAYER:                     Library:  C:\ProgramData\obs-studio-hook\graphics-hook64.dll
[Vulkan Loader] LAYER:               ||
[Vulkan Loader] LAYER:             VK_LAYER_KHRONOS_validation
[Vulkan Loader] LAYER:                     Type: Explicit
[Vulkan Loader] LAYER:                     Enabled By: Environment Variable VK_INSTANCE_LAYERS
[Vulkan Loader] LAYER:                     Manifest: C:\VulkanSDK\1.4.350.0\Bin\VkLayer_khronos_validation.json
[Vulkan Loader] LAYER:                     Library:  C:\VulkanSDK\1.4.350.0\Bin\VkLayer_khronos_validation.dll
[Vulkan Loader] LAYER:               ||
[Vulkan Loader] LAYER:             <Drivers>
[Vulkan Loader] INFO | LAYER:   Inserted device layer "VK_LAYER_KHRONOS_validation" (C:\VulkanSDK\1.4.350.0\Bin\VkLayer_khronos_validation.dll)
[Vulkan Loader] INFO | LAYER:   Inserted device layer "VK_LAYER_OBS_HOOK" (C:\ProgramData\obs-studio-hook\graphics-hook64.dll)
[Vulkan Loader] INFO | LAYER:   Inserted device layer "VK_LAYER_NV_present" (C:\WINDOWS\System32\DriverStore\FileRepository\nvhmsi.inf_amd64_5ec4b201b8059b6f\nvoglv64.dll)
[Vulkan Loader] INFO | LAYER:   Inserted device layer "VK_LAYER_NV_optimus" (C:\WINDOWS\System32\DriverStore\FileRepository\nvhmsi.inf_amd64_5ec4b201b8059b6f\nvoglv64.dll)
[Vulkan Loader] DRIVER:         vkCreateDevice layer callstack setup to:
[Vulkan Loader] DRIVER:            <Application>
[Vulkan Loader] DRIVER:              ||
[Vulkan Loader] DRIVER:            <Loader>
[Vulkan Loader] DRIVER:              ||
[Vulkan Loader] LAYER:             VK_LAYER_NV_optimus
[Vulkan Loader] LAYER:                     Type: Implicit
[Vulkan Loader] LAYER:                     Enabled By: Implicit Layer
[Vulkan Loader] LAYER:                         Disable Env Var:  DISABLE_LAYER_NV_OPTIMUS_1
[Vulkan Loader] LAYER:                     Manifest: C:\WINDOWS\System32\DriverStore\FileRepository\nvhmsi.inf_amd64_5ec4b201b8059b6f\nv-vk64.json
[Vulkan Loader] LAYER:                     Library:  C:\WINDOWS\System32\DriverStore\FileRepository\nvhmsi.inf_amd64_5ec4b201b8059b6f\nvoglv64.dll
[Vulkan Loader] LAYER:               ||
[Vulkan Loader] LAYER:             VK_LAYER_NV_present
[Vulkan Loader] LAYER:                     Type: Implicit
[Vulkan Loader] LAYER:                     Enabled By: Implicit Layer
[Vulkan Loader] LAYER:                         Disable Env Var:  DISABLE_LAYER_NV_PRESENT_1
[Vulkan Loader] LAYER:                     Manifest: C:\WINDOWS\System32\DriverStore\FileRepository\nvhmsi.inf_amd64_5ec4b201b8059b6f\nv-vk64.json
[Vulkan Loader] LAYER:                     Library:  C:\WINDOWS\System32\DriverStore\FileRepository\nvhmsi.inf_amd64_5ec4b201b8059b6f\nvoglv64.dll
[Vulkan Loader] LAYER:               ||
[Vulkan Loader] LAYER:             VK_LAYER_OBS_HOOK
[Vulkan Loader] LAYER:                     Type: Implicit
[Vulkan Loader] LAYER:                     Enabled By: Implicit Layer
[Vulkan Loader] LAYER:                         Disable Env Var:  DISABLE_VULKAN_OBS_CAPTURE
[Vulkan Loader] LAYER:                     Manifest: C:\ProgramData\obs-studio-hook\obs-vulkan64.json
[Vulkan Loader] LAYER:                     Library:  C:\ProgramData\obs-studio-hook\graphics-hook64.dll
[Vulkan Loader] LAYER:               ||
[Vulkan Loader] LAYER:             VK_LAYER_KHRONOS_validation
[Vulkan Loader] LAYER:                     Type: Explicit
[Vulkan Loader] LAYER:                     Enabled By: Environment Variable VK_INSTANCE_LAYERS
[Vulkan Loader] LAYER:                     Manifest: C:\VulkanSDK\1.4.350.0\Bin\VkLayer_khronos_validation.json
[Vulkan Loader] LAYER:                     Library:  C:\VulkanSDK\1.4.350.0\Bin\VkLayer_khronos_validation.dll
[Vulkan Loader] LAYER:               ||
[Vulkan Loader] DRIVER:            <Device>
[Vulkan Loader] DRIVER:                Using "NVIDIA GeForce RTX 4060 Laptop GPU" with driver: "C:\WINDOWS\System32\DriverStore\FileRepository\nvhmsi.inf_amd64_5ec4b201b8059b6f\nvoglv64.dll"
[1791343835609][info][gpu][code=0] GPU capability report: captures\gpu_capabilities.json
[1791343835877][info][render][code=0] Character texture access: indexed, requested slots=27, stage sampler limit=1048576
[1791343835896][info][render][code=0] Character IBL: GPU-prefiltered environment mip chain
[1791343835898][info][render][code=0] Character skinning and morph: Vulkan compute path
[1791343835916][info][editor][code=0] Asset reload requested; changed files: 0
[1791343835919][info][render][code=0] Character texture access: indexed, requested slots=27, stage sampler limit=1048576
[1791343835941][info][render][code=0] Character IBL: GPU-prefiltered environment mip chain
[1791343835943][info][render][code=0] Character skinning and morph: Vulkan compute path
[1791343835947][info][editor][code=0] Renderer resources reloaded
[1791343836061][info][editor][code=0] Generated asset: assets:/parameterized.gltf
[1791343836064][info][render][code=0] Character texture access: indexed, requested slots=27, stage sampler limit=1048576
[1791343836088][info][render][code=0] Character IBL: GPU-prefiltered environment mip chain
[1791343836091][info][render][code=0] Character skinning and morph: Vulkan compute path
[1791343836094][info][editor][code=0] Renderer resources reloaded
[1791343836162][info][render][code=0] Character texture access: indexed, requested slots=27, stage sampler limit=1048576
[1791343836180][info][render][code=0] Character IBL: GPU-prefiltered environment mip chain
[1791343836182][info][render][code=0] Character skinning and morph: Vulkan compute path
[1791343836415][info][render][code=0] Character texture access: indexed, requested slots=27, stage sampler limit=1048576
[1791343836437][info][render][code=0] Character IBL: GPU-prefiltered environment mip chain
[1791343836439][info][render][code=0] Character skinning and morph: Vulkan compute path
[1791343836586][info][editor][code=0] Imported asset: direct-model.gltf (84 vertices)
[1791343836590][info][editor][code=0] Asset reload requested; changed files: 1
[1791343836593][info][render][code=0] Character texture access: indexed, requested slots=43, stage sampler limit=1048576
[1791343836612][info][render][code=0] Character IBL: GPU-prefiltered environment mip chain
[1791343836620][info][render][code=0] Character skinning and morph: Vulkan compute path
[1791343836623][info][editor][code=0] Renderer resources reloaded
[1791343836678][info][render][code=0] Character texture access: indexed, requested slots=27, stage sampler limit=1048576
[1791343836697][info][render][code=0] Character IBL: GPU-prefiltered environment mip chain
[1791343836699][info][render][code=0] Character skinning and morph: Vulkan compute path
[1791343836887][info][editor][code=0] Generated asset: assets:/articulated.gltf
[1791343836892][info][render][code=0] Character texture access: indexed, requested slots=43, stage sampler limit=1048576
[1791343836925][info][render][code=0] Character IBL: GPU-prefiltered environment mip chain
[1791343836938][info][render][code=0] Character skinning and morph: Vulkan compute path
[1791343836942][info][editor][code=0] Renderer resources reloaded
[1791343836998][info][editor][code=0] Generated asset: assets:/articulated-graph.json
[1791343837003][info][render][code=0] Character texture access: indexed, requested slots=43, stage sampler limit=1048576
[1791343837040][info][render][code=0] Character IBL: GPU-prefiltered environment mip chain
[1791343837058][info][render][code=0] Character skinning and morph: Vulkan compute path
[1791343837062][info][editor][code=0] Renderer resources reloaded
[1791343837116][info][render][code=0] Character texture access: indexed, requested slots=35, stage sampler limit=1048576
[1791343837143][info][render][code=0] Character IBL: GPU-prefiltered environment mip chain
[1791343837145][info][render][code=0] Character skinning and morph: Vulkan compute path
[1791343837274][info][editor][code=0] Opened scene: inspection
[1791343837275][info][editor][code=0] Selected node: Placed Object
[1791343837282][info][editor][code=0] Asset reload requested; changed files: 1
[1791343837286][info][render][code=0] Character texture access: indexed, requested slots=67, stage sampler limit=1048576
[1791343837306][info][render][code=0] Character IBL: GPU-prefiltered environment mip chain
[1791343837330][info][render][code=0] Character skinning and morph: Vulkan compute path
[1791343837335][info][editor][code=0] Renderer resources reloaded
[1791343837351][info][editor][code=0] Opened scene: inspection
[1791343837364][info][editor][code=0] Opened scene: inspection
[1791343837406][info][editor][code=0] Opened scene: inspection
[1791343837436][info][editor][code=0] Opened scene: inspection
[1791343837484][info][editor][code=0] Opened scene: inspection
[1791343837516][info][editor][code=0] Opened scene: inspection
[1791343837516][info][editor][code=0] Selected node: Placed Object
[1791343837518][info][editor][code=0] Asset reload requested; changed files: 0
[1791343837522][info][render][code=0] Character texture access: indexed, requested slots=67, stage sampler limit=1048576
[1791343837539][info][render][code=0] Character IBL: GPU-prefiltered environment mip chain
[1791343837557][info][render][code=0] Character skinning and morph: Vulkan compute path
[1791343837560][info][editor][code=0] Renderer resources reloaded
[1791343837593][info][editor][code=0] Opened scene: inspection
[1791343837612][info][editor][code=0] Opened scene: inspection
[1791343837643][info][editor][code=0] Opened scene: inspection
[1791343837685][info][editor][code=0] Opened scene: inspection
[1791343837715][info][editor][code=0] Opened scene: inspection
[1791343838288][info][editor][code=0] Generated asset: assets:/model-proposal.gltf
[1791343838293][info][render][code=0] Character texture access: indexed, requested slots=67, stage sampler limit=1048576
[1791343838314][info][render][code=0] Character IBL: GPU-prefiltered environment mip chain
[1791343838336][info][render][code=0] Character skinning and morph: Vulkan compute path
[1791343838341][info][editor][code=0] Renderer resources reloaded
[1791343838886][info][editor][code=0] Generated asset: assets:/rig-proposal.gltf
[1791343838890][info][render][code=0] Character texture access: indexed, requested slots=67, stage sampler limit=1048576
[1791343838912][info][render][code=0] Character IBL: GPU-prefiltered environment mip chain
[1791343838933][info][render][code=0] Character skinning and morph: Vulkan compute path
[1791343838936][info][editor][code=0] Renderer resources reloaded
[1791343838983][info][editor][code=0] Saved scene: D:\Assigment\2609\FYP\Project\AzureRender\build\evolution\p3\installed-procedural\run-1791343827218946400\inspector\Procedural Project with spaces\assets\inspection.azurelevel
[1791343839012][info][editor][code=0] Reloaded scene: inspection
[1791343839057][info][editor][code=0] Saved scene: D:\Assigment\2609\FYP\Project\AzureRender\build\evolution\p3\installed-procedural\run-1791343827218946400\inspector\Procedural Project with spaces\assets\inspection.azurelevel
[1791343839791][info][editor][code=0] Play started
[1791343839795][info][render][code=0] Character texture access: indexed, requested slots=67, stage sampler limit=1048576
[1791343839819][info][render][code=0] Character IBL: GPU-prefiltered environment mip chain
[1791343839844][info][render][code=0] Character skinning and morph: Vulkan compute path
[1791343840269][info][editor][code=0] Play stopped; edit state restored
[1791343840275][info][render][code=0] Character texture access: indexed, requested slots=67, stage sampler limit=1048576
[1791343840294][info][render][code=0] Character IBL: GPU-prefiltered environment mip chain
[1791343840319][info][render][code=0] Character skinning and morph: Vulkan compute path
[1791343840912][info][editor][code=0] Play started
[1791343840916][info][render][code=0] Character texture access: indexed, requested slots=67, stage sampler limit=1048576
[1791343840943][info][render][code=0] Character IBL: GPU-prefiltered environment mip chain
[1791343840964][info][render][code=0] Character skinning and morph: Vulkan compute path
[1791343841429][info][editor][code=0] Play stopped; edit state restored
[Vulkan Loader] DEBUG | LAYER:  Unloading layer library C:\WINDOWS\System32\DriverStore\FileRepository\nvhmsi.inf_amd64_5ec4b201b8059b6f\nvoglv64.dll
[Vulkan Loader] DEBUG | LAYER:  Unloading layer library C:\WINDOWS\System32\DriverStore\FileRepository\nvhmsi.inf_amd64_5ec4b201b8059b6f\nvoglv64.dll
[Vulkan Loader] DEBUG | LAYER:  Unloading layer library C:\ProgramData\obs-studio-hook\graphics-hook64.dll
[Vulkan Loader] DEBUG | LAYER:  Unloading layer library C:\VulkanSDK\1.4.350.0\Bin\VkLayer_khronos_validation.dll
