Documentation prose style passed for 71 files.
warning: in the working copy of 'AGENT.md', LF will be replaced by CRLF the next time Git touches it
warning: in the working copy of 'Project/AzureRender/CMakeLists.txt', LF will be replaced by CRLF the next time Git touches it
warning: in the working copy of 'Project/AzureRender/docs/architecture.md', LF will be replaced by CRLF the next time Git touches it
warning: in the working copy of 'Project/AzureRender/docs/index.md', LF will be replaced by CRLF the next time Git touches it
warning: in the working copy of 'Project/AzureRender/docs/plans/azure-engine-plan.md', LF will be replaced by CRLF the next time Git touches it
warning: in the working copy of 'Project/AzureRender/docs/runtime/build-reproducibility.md', LF will be replaced by CRLF the next time Git touches it
warning: in the working copy of 'Project/AzureRender/mkdocs.yml', LF will be replaced by CRLF the next time Git touches it
warning: in the working copy of 'Project/AzureRender/src/app/AzureRenderApp.cpp', LF will be replaced by CRLF the next time Git touches it
warning: in the working copy of 'Project/AzureRender/src/app/AzureRenderApp.hpp', LF will be replaced by CRLF the next time Git touches it
warning: in the working copy of 'Project/AzureRender/src/app/AzureRenderCapture.cpp', LF will be replaced by CRLF the next time Git touches it
warning: in the working copy of 'Project/AzureRender/src/app/AzureRenderGameplay.cpp', LF will be replaced by CRLF the next time Git touches it
warning: in the working copy of 'Project/AzureRender/src/app/ProjectRuntimeAssembly.cpp', LF will be replaced by CRLF the next time Git touches it
warning: in the working copy of 'Project/AzureRender/src/app/ProjectRuntimeAssembly.hpp', LF will be replaced by CRLF the next time Git touches it
warning: in the working copy of 'Project/AzureRender/src/ecs/World.hpp', LF will be replaced by CRLF the next time Git touches it
warning: in the working copy of 'Project/AzureRender/src/editor/EditorSession.cpp', LF will be replaced by CRLF the next time Git touches it
warning: in the working copy of 'Project/AzureRender/src/editor/EditorSession.hpp', LF will be replaced by CRLF the next time Git touches it
warning: in the working copy of 'Project/AzureRender/src/player/main.cpp', LF will be replaced by CRLF the next time Git touches it
warning: in the working copy of 'Project/AzureRender/src/runtime/AssetDatabase.cpp', LF will be replaced by CRLF the next time Git touches it
warning: in the working copy of 'Project/AzureRender/src/runtime/Project.cpp', LF will be replaced by CRLF the next time Git touches it
warning: in the working copy of 'Project/AzureRender/src/runtime/Project.hpp', LF will be replaced by CRLF the next time Git touches it
warning: in the working copy of 'Project/AzureRender/src/runtime/RuntimeLifecycle.hpp', LF will be replaced by CRLF the next time Git touches it
warning: in the working copy of 'Project/AzureRender/src/runtime/ScriptRuntime.hpp', LF will be replaced by CRLF the next time Git touches it
warning: in the working copy of 'Project/AzureRender/tests/AssetLevelTests.cpp', LF will be replaced by CRLF the next time Git touches it
warning: in the working copy of 'Project/AzureRender/tests/ProjectTests.cpp', LF will be replaced by CRLF the next time Git touches it
warning: in the working copy of 'Project/AzureRender/tests/ScriptRuntimeTests.cpp', LF will be replaced by CRLF the next time Git touches it
warning: in the working copy of 'Project/AzureRender/tools/build_provenance.py', LF will be replaced by CRLF the next time Git touches it
warning: in the working copy of 'Project/AzureRender/tools/check_module_boundaries.py', LF will be replaced by CRLF the next time Git touches it
warning: in the working copy of 'Project/AzureRender/tools/test_build_provenance.py', LF will be replaced by CRLF the next time Git touches it
warning: in the working copy of 'Project/AzureRender/tools/test_module_boundaries.py', LF will be replaced by CRLF the next time Git touches it
warning: in the working copy of 'Project/AzureRender/tools/test_player_cli.py', LF will be replaced by CRLF the next time Git touches it
{"schemaVersion": 1, "status": "passed", "trackedToolState": [], "danglingLinks": [], "ignoreProbes": [{"path": "Project/AzureRender/build/hygiene-probe.txt", "expectedIgnored": true, "ignored": true, "passed": true}, {"path": ".codemaker/codemap/hygiene-probe.log", "expectedIgnored": true, "ignored": true, "passed": true}, {"path": ".env", "expectedIgnored": true, "ignored": true, "passed": true}, {"path": "Project/AzureRender/src/main.cpp", "expectedIgnored": false, "ignored": false, "passed": true}, {"path": "Project/AzureRender/assets_public/hygiene-probe.gltf", "expectedIgnored": false, "ignored": false, "passed": true}]}
