[0/2] Re-checking globbed directories...
[1/7] cmd.exe /C "cd /D D:\Assigment\2609\FYP\Project\AzureRender\build\ninja-msvc-debug && C:\Users\23587\AppData\Local\Programs\Python\Python311\python.exe D:/Assigment/2609/FYP/Project/AzureRender/tools/generate_script_bindings.py --check"
Script binding artifacts verified
[2/7] Generating managed/complete.stamp
Script binding artifacts verified
  Determining projects to restore...
  All projects are up-to-date for restore.
  Azure.Engine -> D:\Assigment\2609\FYP\Project\AzureRender\build\ninja-msvc-debug\managed\coreclr\Azure.Engine.dll

Build succeeded.
    0 Warning(s)
    0 Error(s)

Time Elapsed 00:00:00.89
  Determining projects to restore...
  All projects are up-to-date for restore.
  Azure.Samples -> D:\Assigment\2609\FYP\Project\AzureRender\build\ninja-msvc-debug\managed\coreclr\Azure.Samples.dll

Build succeeded.
    0 Warning(s)
    0 Error(s)

Time Elapsed 00:00:01.14
  Determining projects to restore...
  All projects are up-to-date for restore.
  Azure.Engine.Native -> D:\Assigment\2609\FYP\Project\AzureRender\build\ninja-msvc-debug\managed\projects\native\bin\Release\net9.0\win-x64\Azure.Engine.Native.dll
  Generating native code
    正在创建库 bin\Release\net9.0\win-x64\native\Azure.Engine.Native.lib 和对象 bin\Release\net9.0\win-x64\native\Azure.Engine.Native.exp
  Azure.Engine.Native -> D:\Assigment\2609\FYP\Project\AzureRender\build\ninja-msvc-debug\managed\nativeaot\
[{"backend": "coreclr", "buildSeconds": 1.0863975000029313, "bytes": 54054}, {"backend": "coreclr-samples", "buildSeconds": 1.3558362999974634, "bytes": 54054}, {"backend": "nativeaot", "buildSeconds": 6.40630819999933, "bytes": 10268160}]
[3/7] Building CXX object CMakeFiles\AzureManagedScripting.dir\src\scripting\dotnet\ManagedModule.cpp.obj
[4/7] Linking CXX static library AzureManagedScripting.lib
[5/7] Building CXX object CMakeFiles\AzureManagedModuleTests.dir\tests\ManagedModuleTests.cpp.obj
[6/7] Linking CXX executable AzureManagedModuleTests.exe
