[0/2] Re-checking globbed directories...
[1/3] cmd.exe /C "cd /D D:\Assigment\2609\FYP\Project\AzureRender\build\ninja-msvc-debug && C:\Users\23587\AppData\Local\Programs\Python\Python311\python.exe D:/Assigment/2609/FYP/Project/AzureRender/tools/generate_script_bindings.py --check"
Script binding artifacts verified
[2/3] Generating managed/complete.stamp
Script binding artifacts verified
  Determining projects to restore...
  All projects are up-to-date for restore.
  Azure.Engine -> D:\Assigment\2609\FYP\Project\AzureRender\build\ninja-msvc-debug\managed\coreclr\Azure.Engine.dll

Build succeeded.
    0 Warning(s)
    0 Error(s)

Time Elapsed 00:00:00.88
  Determining projects to restore...
  All projects are up-to-date for restore.
  Azure.Samples -> D:\Assigment\2609\FYP\Project\AzureRender\build\ninja-msvc-debug\managed\coreclr\Azure.Samples.dll

Build succeeded.
    0 Warning(s)
    0 Error(s)

Time Elapsed 00:00:01.05
  Determining projects to restore...
  All projects are up-to-date for restore.
  Azure.Engine.Native -> D:\Assigment\2609\FYP\Project\AzureRender\build\ninja-msvc-debug\managed\projects\native\bin\Release\net9.0\win-x64\Azure.Engine.Native.dll
  Generating native code
    正在创建库 bin\Release\net9.0\win-x64\native\Azure.Engine.Native.lib 和对象 bin\Release\net9.0\win-x64\native\Azure.Engine.Native.exp
  Azure.Engine.Native -> D:\Assigment\2609\FYP\Project\AzureRender\build\ninja-msvc-debug\managed\nativeaot\
[{"backend": "coreclr", "buildSeconds": 1.0853684000030626, "bytes": 55486}, {"backend": "coreclr-samples", "buildSeconds": 1.2526882999954978, "bytes": 55486}, {"backend": "nativeaot", "buildSeconds": 5.2190517999988515, "bytes": 10555104}]
