[0/2] Re-checking globbed directories...
[1/2] Re-running CMake...
-- Running vcpkg install
Detecting compiler hash for triplet x64-windows...
Compiler found: D:/Visual Studio/2022/VC/Tools/MSVC/14.44.35207/bin/Hostx64/x64/cl.exe
The following packages are already installed:
  * brotli:x64-windows@1.2.0
  * bzip2[core,tool]:x64-windows@1.0.8#6
  * clipper2:x64-windows@2.0.1
  * freetype[core,zlib,png,bzip2,brotli]:x64-windows@2.14.3
    glfw3:x64-windows@3.5.1
  * hwloc:x64-windows@2.11.2
  * imath:x64-windows@3.2.2
  * itlib:x64-windows@1.12.2
    joltphysics:x64-windows@5.6.0
  * libdeflate[core,zlib,gzip,decompression,compression]:x64-windows@1.25
  * libpng:x64-windows@1.6.58
    lua:x64-windows@5.4.8
    manifold:x64-windows@3.5.2
    miniaudio:x64-windows@0.11.25
  * nlohmann-json:x64-windows@3.12.0#2
    openexr:x64-windows@3.4.13
  * openjph:x64-windows@0.31.0
    rmlui[core,freetype]:x64-windows@6.3
  * robin-hood-hashing:x64-windows@3.11.5#2
    sol2:x64-windows@3.5.0#1
    stb:x64-windows@2024-07-29#1
  * tbb[core,hwloc]:x64-windows@2023.1.0
    tinygltf:x64-windows@3.0.0#1
  * vcpkg-cmake:x64-windows@2024-04-23
  * vcpkg-cmake-config:x64-windows@2026-07-21
    vulkan-memory-allocator:x64-windows@3.4.0
  * zlib:x64-windows@1.3.2#1
glfw3 provides CMake targets:

  # this is heuristically generated, and may not be correct
  find_package(glfw3 CONFIG REQUIRED)
  target_link_libraries(main PRIVATE glfw)

glfw3 provides pkg-config modules:

  # A multi-platform library for OpenGL, window and input
  glfw3

joltphysics provides CMake targets:

  # this is heuristically generated, and may not be correct
  find_package(Jolt CONFIG REQUIRED)
  target_link_libraries(main PRIVATE Jolt::Jolt)

Use this package via the module FindLua that comes with CMake. To use in your CMakeLists.txt:

    find_package(Lua REQUIRED)
    target_include_directories(main PRIVATE ${LUA_INCLUDE_DIR})
    target_link_libraries(main PRIVATE ${LUA_LIBRARIES})

manifold provides CMake targets:

  find_package(manifold CONFIG REQUIRED)
  target_link_libraries(main PRIVATE manifold::manifold)

miniaudio is header-only and can be used from CMake via:

  find_path(MINIAUDIO_INCLUDE_DIRS "miniaudio.h")
  target_include_directories(main PRIVATE ${MINIAUDIO_INCLUDE_DIRS})

openexr provides CMake targets:

    find_package(OpenEXR CONFIG REQUIRED)
    target_link_libraries(main PRIVATE OpenEXR::OpenEXR)

rmlui provides CMake targets:

    find_package(RmlUi CONFIG REQUIRED)
    target_link_libraries(main PRIVATE RmlUi::RmlUi)

sol2 provides CMake targets:

  # this is heuristically generated, and may not be correct
  find_package(sol2 CONFIG REQUIRED)
  target_link_libraries(main PRIVATE sol2::sol2)

sol2 provides pkg-config modules:

  # C++ <-> Lua Wrapper Library
  sol2

The package stb provides CMake targets:

    find_package(Stb REQUIRED)
    target_include_directories(main PRIVATE ${Stb_INCLUDE_DIR})
tinygltf is header-only and can be used from CMake via:

  find_path(TINYGLTF_INCLUDE_DIRS "tiny_gltf.h")
  target_include_directories(main PRIVATE ${TINYGLTF_INCLUDE_DIRS})

VulkanMemoryAllocator provides official find_package support. However, it requires the user to provide the include directory containing `vulkan/vulkan.h`. There are multiple ways to achieve this and VulkanMemoryAllocator is compatible with all of them.

    find_package(Vulkan) # https://cmake.org/cmake/help/latest/module/FindVulkan.html, CMake 3.21+
    find_package(VulkanMemoryAllocator CONFIG REQUIRED)
    target_link_libraries(main PRIVATE Vulkan::Vulkan GPUOpen::VulkanMemoryAllocator)

or

    find_package(Vulkan) # CMake 3.21+
    find_package(VulkanMemoryAllocator CONFIG REQUIRED)
    target_link_libraries(main PRIVATE Vulkan::Headers GPUOpen::VulkanMemoryAllocator)

or

    find_package(VulkanHeaders CONFIG) # From the vulkan-headers port
    find_package(VulkanMemoryAllocator CONFIG REQUIRED)
    target_link_libraries(main PRIVATE Vulkan::Headers GPUOpen::VulkanMemoryAllocator)

See the documentation for more information on setting up your project: https://gpuopen-librariesandsdks.github.io/VulkanMemoryAllocator/html/index.html

All requested installations completed successfully in: 462 us
-- Running vcpkg install - done
-- Found Freetype target Freetype::Freetype - Freetype font engine enabled
-- Configuring done
-- Generating done
-- Build files have been written to: D:/Assigment/2609/FYP/Project/AzureRender/build/ninja-msvc-debug
[0/4] Re-checking globbed directories...
[1/16] cmd.exe /C "cd /D D:\Assigment\2609\FYP\Project\AzureRender\build\ninja-msvc-debug && C:\Users\23587\AppData\Local\Programs\Python\Python311\python.exe D:/Assigment/2609/FYP/Project/AzureRender/tools/generate_script_bindings.py --check"
Script binding artifacts verified
[2/16] Building CXX object CMakeFiles\AzureScriptingHost.dir\src\scripting\BindingDescriptor.cpp.obj
[3/16] Linking CXX static library AzureScriptingHost.lib
[4/16] Building CXX object CMakeFiles\AzureLuaScripting.dir\src\scripting\lua\ScriptRuntime.cpp.obj
[5/16] Linking CXX static library AzureLuaScripting.lib
[6/16] Generating managed/complete.stamp
Script binding artifacts verified
  Determining projects to restore...
  All projects are up-to-date for restore.
  Azure.Engine -> D:\Assigment\2609\FYP\Project\AzureRender\build\ninja-msvc-debug\managed\coreclr\Azure.Engine.dll

Build succeeded.
    0 Warning(s)
    0 Error(s)

Time Elapsed 00:00:01.09
  Determining projects to restore...
  All projects are up-to-date for restore.
  Azure.Samples -> D:\Assigment\2609\FYP\Project\AzureRender\build\ninja-msvc-debug\managed\coreclr\Azure.Samples.dll

Build succeeded.
    0 Warning(s)
    0 Error(s)

Time Elapsed 00:00:01.13
  Determining projects to restore...
  All projects are up-to-date for restore.
  Azure.Engine.Native -> D:\Assigment\2609\FYP\Project\AzureRender\build\ninja-msvc-debug\managed\projects\native\bin\Release\net9.0\win-x64\Azure.Engine.Native.dll
  Generating native code
    正在创建库 bin\Release\net9.0\win-x64\native\Azure.Engine.Native.lib 和对象 bin\Release\net9.0\win-x64\native\Azure.Engine.Native.exp
  Azure.Engine.Native -> D:\Assigment\2609\FYP\Project\AzureRender\build\ninja-msvc-debug\managed\nativeaot\
[{"backend": "coreclr", "buildSeconds": 1.3351538999995682, "bytes": 54054}, {"backend": "coreclr-samples", "buildSeconds": 1.344918399998278, "bytes": 54054}, {"backend": "nativeaot", "buildSeconds": 5.629074000004039, "bytes": 10554880}]
[7/16] Building CXX object CMakeFiles\AzureManagedScriptRuntimeTests.dir\tests\ManagedScriptRuntimeTests.cpp.obj
FAILED: [code=2] CMakeFiles/AzureManagedScriptRuntimeTests.dir/tests/ManagedScriptRuntimeTests.cpp.obj 
"D:\Visual Studio\2022\VC\Tools\MSVC\14.44.35207\bin\Hostx64\x64\cl.exe"  /nologo /TP -DAZURERENDER_ENABLE_VALIDATION=1 -DAZURERENDER_VERSION=\"0.1.0-rc1\" -DGLFW_INCLUDE_VULKAN -DIMATH_DLL -DJPH_FLOATING_POINT_EXCEPTIONS_ENABLED -DJPH_OBJECT_STREAM -DJPH_USE_CPU_COMPUTE -DOPENEXR_DLL -I..\..\src -Igenerated -Ivcpkg_installed\x64-windows\include -IC:\VulkanSDK\1.4.350.0\include -Ivcpkg_installed\x64-windows\include\vma -Ivcpkg_installed\x64-windows\include\OpenEXR -Ivcpkg_installed\x64-windows\include\Imath -MDd /EHsc /utf-8 /W4 /WX /permissive- /wd4127 /wd4456 /wd4996 -std:c++17 /showIncludes /FoCMakeFiles\AzureManagedScriptRuntimeTests.dir\tests\ManagedScriptRuntimeTests.cpp.obj /FdCMakeFiles\AzureManagedScriptRuntimeTests.dir\ /FS -c ..\..\tests\ManagedScriptRuntimeTests.cpp
..\..\tests\ManagedScriptRuntimeTests.cpp(23): error C2079: “game”使用未定义的 class“azurerender::GameRuntime”
..\..\tests\ManagedScriptRuntimeTests.cpp(24): error C2825: 'game': 当后面跟“::”时必须为类或命名空间
..\..\tests\ManagedScriptRuntimeTests.cpp(24): error C2510: “game”:“::”的左边必须是类/结构/联合
..\..\tests\ManagedScriptRuntimeTests.cpp(24): error C2065: “Script”: 未声明的标识符
..\..\tests\ManagedScriptRuntimeTests.cpp(25): error C2664: “std::unique_ptr<azurerender::IScriptRuntime,std::default_delete<azurerender::IScriptRuntime>> azurerender::application::scripts(const azurerender::Project &,azurerender::RuntimeLifecycle &,azurerender::GameRuntime &,azurerender::AssetDatabase &)”: 无法将参数 3 从“<error type>”转换为“azurerender::GameRuntime &”
..\..\src\app/ProjectRuntimeAssembly.hpp(10): note: 参见“azurerender::application::scripts”的声明
..\..\tests\ManagedScriptRuntimeTests.cpp(25): note: 尝试匹配参数列表“(azurerender::Project, azurerender::RuntimeLifecycle, <error type>, azurerender::AssetDatabase)”时
..\..\tests\ManagedScriptRuntimeTests.cpp(41): error C2825: 'game': 当后面跟“::”时必须为类或命名空间
..\..\tests\ManagedScriptRuntimeTests.cpp(41): error C2510: “game”:“::”的左边必须是类/结构/联合
..\..\tests\ManagedScriptRuntimeTests.cpp(41): error C2065: “Script”: 未声明的标识符
[8/16] Building CXX object CMakeFiles\AzureManagedScripting.dir\src\scripting\dotnet\ManagedScriptRuntime.cpp.obj
FAILED: [code=2] CMakeFiles/AzureManagedScripting.dir/src/scripting/dotnet/ManagedScriptRuntime.cpp.obj 
"D:\Visual Studio\2022\VC\Tools\MSVC\14.44.35207\bin\Hostx64\x64\cl.exe"  /nologo /TP -DAZURERENDER_ENABLE_VALIDATION=1 -DAZURERENDER_VERSION=\"0.1.0-rc1\" -DGLFW_INCLUDE_VULKAN -DIMATH_DLL -DJPH_FLOATING_POINT_EXCEPTIONS_ENABLED -DJPH_OBJECT_STREAM -DJPH_USE_CPU_COMPUTE -DOPENEXR_DLL -I..\..\src -Igenerated -Ivcpkg_installed\x64-windows\include -IC:\VulkanSDK\1.4.350.0\include -Ivcpkg_installed\x64-windows\include\vma -Ivcpkg_installed\x64-windows\include\OpenEXR -Ivcpkg_installed\x64-windows\include\Imath -MDd /EHsc /utf-8 /W4 /WX /permissive- /wd4127 /wd4456 /wd4996 -std:c++17 /showIncludes /FoCMakeFiles\AzureManagedScripting.dir\src\scripting\dotnet\ManagedScriptRuntime.cpp.obj /FdCMakeFiles\AzureManagedScripting.dir\AzureManagedScripting.pdb /FS -c ..\..\src\scripting\dotnet\ManagedScriptRuntime.cpp
..\..\src\scripting\dotnet\ManagedScriptRuntime.cpp(11): fatal error C1075: “{”: 未找到匹配令牌
[9/16] Building CXX object CMakeFiles\AzureManagedScripting.dir\src\scripting\dotnet\ManagedScriptingModule.cpp.obj
[10/16] Building CXX object CMakeFiles\AzureProjectRuntime.dir\src\app\ProjectRuntimeAssembly.cpp.obj
ninja: build stopped: subcommand failed.
