Cooling GPU: 63 C
Cooling GPU: 57 C
Cooling GPU: 56 C
standard-1 {"gpu": {"mean": 1.5927153422222222, "p95": 2.1653808000000003, "p99": 2.81898528}, "cpu": {"mean": 1.908184611111108, "p95": 2.640604999999939, "p99": 3.2345649999998582}, "physics": {"mean": 0.25136416666666667, "p95": 0.3401, "p99": 0.6507719999999994}, "passed": true}
Cooling GPU: 72 C
Cooling GPU: 56 C
standard-2 {"gpu": {"mean": 1.5919678222222222, "p95": 2.1129632000000003, "p99": 2.4193145599999997}, "cpu": {"mean": 1.8866185555555537, "p95": 2.5554449999999673, "p99": 3.1828929999999915}, "physics": {"mean": 0.24743522222222222, "p95": 0.332005, "p99": 0.9685379999999996}, "passed": true}
Cooling GPU: 84 C
Cooling GPU: 56 C
standard-3 {"gpu": {"mean": 1.6517138844444443, "p95": 2.1759856, "p99": 2.78202208}, "cpu": {"mean": 1.7695439444444423, "p95": 2.312129999999924, "p99": 2.852425999999982}, "physics": {"mean": 0.2290963888888889, "p95": 0.30224999999999996, "p99": 0.6580909999999996}, "passed": true}
Cooling GPU: 76 C
editor-1 {"gpu": {"mean": 0.5654191111111111, "p95": 0.5902912, "p99": 0.76886624}, "cpu": {"mean": 2.8657608888888886, "p95": 3.5522600000000026, "p99": 4.476644999999966}, "physics": {"mean": 0.21691166666666667, "p95": 0.27981, "p99": 0.7991489999999988}, "passed": true}
Cooling GPU: 71 C
editor-2 {"gpu": {"mean": 0.5627705244444444, "p95": 0.5890272, "p99": 0.7379568}, "cpu": {"mean": 2.9073667777777774, "p95": 3.6971550000000066, "p99": 4.457928999999997}, "physics": {"mean": 0.22237322222222222, "p95": 0.290645, "p99": 0.6130629999999987}, "passed": true}
Cooling GPU: 71 C
editor-3 {"gpu": {"mean": 0.5607142933333333, "p95": 0.5857952, "p99": 0.6173865599999998}, "cpu": {"mean": 3.068014833333333, "p95": 4.070104999999996, "p99": 5.6297300000000225}, "physics": {"mean": 0.23463594444444444, "p95": 0.31566999999999995, "p99": 0.8337029999999992}, "passed": true}
Cooling GPU: 71 C
Cooling GPU: 56 C
stress-1 {"gpu": {"mean": 2.217178648888889, "p95": 3.2154976, "p99": 3.76336256}, "cpu": {"mean": 3.4066813333333337, "p95": 4.398904999999983, "p99": 5.421750999999965}, "physics": {"mean": 0.8007761111111111, "p95": 1.0098, "p99": 1.4414699999999998}, "passed": true}
Cooling GPU: 86 C
Cooling GPU: 56 C
stress-2 {"gpu": {"mean": 2.1679045155555556, "p95": 2.883705599999999, "p99": 3.70308288}, "cpu": {"mean": 3.3969655555555556, "p95": 4.274420000000006, "p99": 5.608151999999996}, "physics": {"mean": 0.7991074444444445, "p95": 1.021445, "p99": 1.517366}, "passed": true}
Cooling GPU: 77 C
stress-3 {"gpu": {"mean": 2.3029425955555554, "p95": 3.2182111999999994, "p99": 3.87754592}, "cpu": {"mean": 3.15454, "p95": 3.7897950000000185, "p99": 4.795143000000045}, "physics": {"mean": 0.7606700555555556, "p95": 0.9441349999999996, "p99": 1.3417989999999995}, "passed": true}
{"schemaVersion": 1, "passed": true, "gpuLimitMs": 16.6, "playerCpuLimitMs": 8, "editorCpuLimitMs": 10, "memoryObservation": "positive peak growth from the first observation in the latter half of process observations", "checks": [{"load": "standard", "round": 1, "passed": true, "gpuP95": 2.1653808000000003, "cpuP95": 2.640604999999939, "physicsP95": 0.3401, "workingSetGrowth": 0.02614980508942466}, {"load": "standard", "round": 2, "passed": true, "gpuP95": 2.1129632000000003, "cpuP95": 2.5554449999999673, "physicsP95": 0.332005, "workingSetGrowth": 0.027798232695139813}, {"load": "standard", "round": 3, "passed": true, "gpuP95": 2.1759856, "cpuP95": 2.312129999999924, "physicsP95": 0.30224999999999996, "workingSetGrowth": 0.02750054332380425}, {"load": "editor", "round": 1, "passed": true, "gpuP95": 0.5902912, "cpuP95": 3.5522600000000026, "physicsP95": 0.27981, "workingSetGrowth": 0.024432705899858576}, {"load": "editor", "round": 2, "passed": true, "gpuP95": 0.5890272, "cpuP95": 3.6971550000000066, "physicsP95": 0.290645, "workingSetGrowth": 0.020113919544321845}, {"load": "editor", "round": 3, "passed": true, "gpuP95": 0.5857952, "cpuP95": 4.070104999999996, "physicsP95": 0.31566999999999995, "workingSetGrowth": 0.020488947532282697}, {"load": "stress", "round": 1, "passed": true, "gpuP95": 3.2154976, "cpuP95": 4.398904999999983, "physicsP95": 1.0098, "workingSetGrowth": 0.03552597318057549}, {"load": "stress", "round": 2, "passed": true, "gpuP95": 2.883705599999999, "cpuP95": 4.274420000000006, "physicsP95": 1.021445, "workingSetGrowth": 0.03135353931025486}, {"load": "stress", "round": 3, "passed": true, "gpuP95": 3.2182111999999994, "cpuP95": 3.7897950000000185, "physicsP95": 0.9441349999999996, "workingSetGrowth": 0.04095864846282282}]}
