[1791249922023][info][editor][code=0] Opened scene: test
[1791249922037][info][editor][code=0] Opened scene: test
[1791249922040][info][editor][code=0] Opened scene: test
[1791249922042][info][editor][code=0] Selected node: generated
[1791249922055][info][editor][code=0] Opened scene: test
[1791249922058][info][editor][code=0] Opened scene: test
[1791249922059][info][editor][code=0] Selected node: generated
[1791249922068][info][editor][code=0] Opened scene: test
[1791249922069][info][editor][code=0] Selected node: generated
[1791249922079][info][editor][code=0] Undo
[1791249922101][info][editor][code=0] Opened scene: test
[1791249922105][info][editor][code=0] Opened scene: test
[1791249922106][info][editor][code=0] Selected node: after-repair
[1791249922142][info][editor][code=0] Opened scene: test
[1791249922145][info][editor][code=0] Opened scene: test
[1791249922146][info][editor][code=0] Selected node: stale
[1791249922154][info][editor][code=0] Opened scene: test
[1791249922155][info][editor][code=0] Selected node: manual
[1791249922175][info][editor][code=0] Opened scene: test
[1791249922176][info][editor][code=0] Selected node: without-ai
[1791249922201][info][editor][code=0] Opened scene: test
[1791249922205][info][editor][code=0] Opened scene: test
[1791249922206][info][editor][code=0] Selected node: stale
[1791249922232][info][editor][code=0] Opened scene: test
[1791249922236][info][editor][code=0] Opened scene: test
[1791249922237][info][editor][code=0] Selected node: stale
[1791249922255][info][editor][code=0] Opened scene: test
[1791249922259][info][editor][code=0] Opened scene: test
[1791249922260][info][editor][code=0] Selected node: stale
[1791249922279][info][editor][code=0] Opened scene: test
[1791249922283][info][editor][code=0] Opened scene: test
[1791249922284][info][editor][code=0] Selected node: stale
[1791249922301][info][editor][code=0] Opened scene: test
[1791249922306][info][editor][code=0] Opened scene: test
[1791249922307][info][editor][code=0] Selected node: stale
[1791249922326][info][editor][code=0] Opened scene: test
[1791249922329][info][editor][code=0] Opened scene: test
[1791249922330][info][editor][code=0] Selected node: stale
[1791249922346][info][editor][code=0] Opened scene: test
[1791249922350][info][editor][code=0] Opened scene: test
[1791249922351][info][editor][code=0] Selected node: stale
[1791249922368][info][editor][code=0] Opened scene: test
[1791249922372][info][editor][code=0] Opened scene: test
[1791249922373][info][editor][code=0] Selected node: stale
[1791249922391][info][editor][code=0] Opened scene: test
[1791249922395][info][editor][code=0] Opened scene: test
[1791249922396][info][editor][code=0] Selected node: stale
[1791249922414][info][editor][code=0] Opened scene: test
[1791249922418][info][editor][code=0] Opened scene: test
[1791249922419][info][editor][code=0] Selected node: stale
[1791249922437][info][editor][code=0] Opened scene: test
[1791249922441][info][editor][code=0] Opened scene: test
[1791249922442][info][editor][code=0] Selected node: stale
[1791249922463][info][editor][code=0] Opened scene: test
[1791249922466][info][editor][code=0] Opened scene: test
[1791249922467][info][editor][code=0] Selected node: stale
[1791249922485][info][editor][code=0] Opened scene: test
[1791249922488][info][editor][code=0] Opened scene: test
[1791249922490][info][editor][code=0] Selected node: stale
[1791249922511][info][editor][code=0] Opened scene: test
[1791249922516][info][editor][code=0] Opened scene: test
[1791249922517][info][editor][code=0] Selected node: stale
[1791249922536][info][editor][code=0] Opened scene: test
[1791249922541][info][editor][code=0] Opened scene: test
[1791249922543][info][editor][code=0] Selected node: stale
[1791249922561][info][editor][code=0] Opened scene: test
[1791249922565][info][editor][code=0] Opened scene: test
[1791249922566][info][editor][code=0] Selected node: stale
[1791249922587][info][editor][code=0] Opened scene: test
[1791249922591][info][editor][code=0] Opened scene: test
[1791249922592][info][editor][code=0] Selected node: stale
[1791249922613][info][editor][code=0] Opened scene: test
[1791249922618][info][editor][code=0] Opened scene: test
[1791249922619][info][editor][code=0] Selected node: stale
[1791249922637][info][editor][code=0] Opened scene: test
[1791249922641][info][editor][code=0] Opened scene: test
[1791249922642][info][editor][code=0] Selected node: stale
[1791249922659][info][editor][code=0] Opened scene: test
[1791249922663][info][editor][code=0] Opened scene: test
[1791249922665][info][editor][code=0] Selected node: stale
[1791249922689][info][editor][code=0] Opened scene: test
[1791249922694][info][editor][code=0] Opened scene: test
[1791249922696][info][editor][code=0] Selected node: stale
[1791249922717][info][editor][code=0] Opened scene: test
[1791249922722][info][editor][code=0] Opened scene: test
[1791249922724][info][editor][code=0] Selected node: stale
[1791249922744][info][editor][code=0] Opened scene: test
[1791249922748][info][editor][code=0] Opened scene: test
[1791249922749][info][editor][code=0] Selected node: stale
[1791249922767][info][editor][code=0] Opened scene: test
[1791249922771][info][editor][code=0] Opened scene: test
[1791249922772][info][editor][code=0] Selected node: stale
[1791249922789][info][editor][code=0] Opened scene: test
[1791249922793][info][editor][code=0] Opened scene: test
[1791249922794][info][editor][code=0] Selected node: stale
[1791249922811][info][editor][code=0] Opened scene: test
[1791249922815][info][editor][code=0] Opened scene: test
[1791249922816][info][editor][code=0] Selected node: stale
[1791249922835][info][editor][code=0] Opened scene: test
[1791249922839][info][editor][code=0] Opened scene: test
[1791249922840][info][editor][code=0] Selected node: stale
[1791249922857][info][editor][code=0] Opened scene: test
[1791249922861][info][editor][code=0] Opened scene: test
[1791249922862][info][editor][code=0] Selected node: stale
[1791249922880][info][editor][code=0] Opened scene: test
[1791249922885][info][editor][code=0] Opened scene: test
[1791249922886][info][editor][code=0] Selected node: stale
[1791249922903][info][editor][code=0] Opened scene: test
[1791249922906][info][editor][code=0] Opened scene: test
[1791249922907][info][editor][code=0] Selected node: stale
[1791249922926][info][editor][code=0] Opened scene: test
[1791249922929][info][editor][code=0] Opened scene: test
[1791249922931][info][editor][code=0] Selected node: stale
[1791249922950][info][editor][code=0] Opened scene: test
[1791249922954][info][editor][code=0] Opened scene: test
[1791249922955][info][editor][code=0] Selected node: stale
[1791249922975][info][editor][code=0] Opened scene: test
[1791249922979][info][editor][code=0] Opened scene: test
[1791249922980][info][editor][code=0] Selected node: stale
[1791249923000][info][editor][code=0] Opened scene: test
[1791249923005][info][editor][code=0] Opened scene: test
[1791249923006][info][editor][code=0] Selected node: stale
[1791249923026][info][editor][code=0] Opened scene: test
[1791249923030][info][editor][code=0] Opened scene: test
[1791249923032][info][editor][code=0] Selected node: stale
[1791249923054][info][editor][code=0] Opened scene: test
[1791249923059][info][editor][code=0] Opened scene: test
[1791249923060][info][editor][code=0] Selected node: stale
Proposal preview, repair, cancellation, stale rejection, transaction and history passed
