Internal ctest changing into directory: D:/Assigment/2609/FYP/Project/AzureRender/build/ninja-msvc-release
Test project D:/Assigment/2609/FYP/Project/AzureRender/build/ninja-msvc-release
  Test   #1: AzureEngine.SettingsOverlay
  Test   #2: AzureEngine.SettingRegistry
  Test   #3: AzureEditor.UiFoundation
  Test   #4: AzureEditor.PanelContext
  Test   #5: AzureAI.ModelProtocol
  Test   #6: AzureAI.Bridge
  Test   #7: AzureEditor.ProposalHost
  Test   #8: AzureEditor.ProposalController
  Test   #9: AzureEditor.ProposalAdapter
  Test  #10: AzureEditor.Observation
  Test  #11: AzureTools.Cli
  Test  #12: AzureEditor.SettingsHost
  Test  #13: AzureEditor.ObservationHost
  Test  #14: AzureAssets.GenerationManifest
  Test  #15: AzureTools.ValidationProtocol
  Test  #16: AzureEngine.Observation
  Test  #17: AzureEditor.EditService
  Test  #18: AzureEditor.EditTransaction
  Test  #19: AzureEngine.SystemComposition
  Test  #20: AzureEngine.SceneInspectorHost
  Test  #21: AzureEngine.ModuleAssembly
  Test  #22: AzureEngine.ComponentRegistry
  Test  #23: AzureEngine.MetadataGeneration
  Test  #24: AzureEngine.RegisteredComponentWorkflow
  Test  #25: AzureEngine.RegisteredComponentHost
  Test  #26: AzureEngine.ModuleBoundaryFixtures
  Test  #27: AzureEngine.ModuleBoundaries
  Test  #28: AzureEngine.GameUiRenderer
  Test  #29: AzureEngine.GameUi
  Test  #30: AzureEditor.Workspace
  Test  #31: AzureEngine.EditorWorkflow
  Test  #32: AzureEngine.PresentationRuntime
  Test  #33: AzureEngine.GameplayPresentation
  Test  #34: AzureEngine.ScriptRuntime
  Test  #35: AzureEngine.ThirdPerson
  Test  #36: AzureEngine.Locomotion
  Test  #37: AzureEngine.Interaction
  Test  #38: AzureEngine.ScriptEntities
  Test  #39: AzureEngine.PlayableQuest
  Test  #40: AzureRender.AnimationPose
  Test  #41: AzureRender.BrowRegions
  Test  #42: AzureEngine.PhysicsInput
  Test  #43: AzureEngine.AssetLevel
  Test  #44: AzureEngine.Reflection
  Test  #45: AzureRender.SceneVisibility
  Test  #46: AzureEngine.RepositoryAudit
  Test  #47: AzureRender.SceneVisibilityGpu
  Test  #48: AzureEngine.PublicGait
  Test  #49: AzureEngine.LocomotionPlayer
  Test  #50: AzureEngine.AnimationRetarget
  Test  #51: AzureEngine.SourceSkinRestore
  Test  #52: AzureEngine.GamePackageRules
  Test  #53: AzureEngine.PlayableDeliveryRules
  Test  #54: AzureEngine.GamePackage
  Test  #55: AzureEngine.PlayablePackage
  Test  #56: AzureEngine.BuildConfiguration
  Test  #57: AzureEngine.BuildProvenance
  Test  #58: AzureEngine.CharacterIntake
  Test  #59: AzureEngine.CharacterPreparation
  Test  #60: AzureEditor.WorkspaceGpu
  Test  #61: AzureEngine.MaterialFixtureGpu
  Test  #62: AzureEngine.IndependentAnimationGpu
  Test  #63: AzureEngine.ThirdPersonPlayer
  Test  #64: AzureEngine.PlayablePlayer
  Test  #65: AzureEngine.RuntimeSpawnGpu
  Test  #66: AzureEngine.PresentationGpu
  Test  #67: AzureEngine.EditorHost
  Test  #68: AzureEngine.EditorPlayable
  Test  #69: AzureEngine.MetaGenerator
  Test  #70: AzureEngine.LevelPlayer
  Test  #71: AzureEngine.PhysicsPlayer
  Test  #72: AzureEngine.ScriptPlayer
  Test  #73: AzureEngine.Project
  Test  #74: AzureEngine.RuntimeLifecycle
  Test  #75: AzureRender.EnvironmentAsset
  Test  #76: AzureRender.RenderGraph
  Test  #77: AzureRender.TransientResourcePool
  Test  #78: AzureRender.LightBuffer
  Test  #79: AzureRender.CascadedShadow
  Test  #80: AzureRender.ClusteredLightGrid
  Test  #81: AzureRender.ComputePass
  Test  #82: AzureRender.FrameTaskScheduler
  Test  #83: AzureRender.SurfaceLifecycle
  Test  #84: AzureRender.CommandLine
  Test  #85: AzureRender.EditorCameraController
  Test  #86: AzureRender.EditorSession
  Test  #87: AzureRender.Ecs
  Test  #88: AzureRender.PickMath
  Test  #89: AzureRender.SceneModel
  Test  #90: AzureRender.RuntimeDiagnostics
  Test  #91: AzureRender.GpuCapabilityReport
  Test  #92: AzureRender.ResourceLocator
  Test  #93: AzureRender.ExtensionRegistry
  Test  #94: AzureRender.UploadRing
  Test  #95: AzureRender.NullRhi
  Test  #96: AzureRender.NullRhiPass
  Test  #97: AzureRender.SceneGraph
  Test  #98: AzureRender.VisualRegression
  Test  #99: AzureRender.VisualRegressionLegacyDescriptors
  Test #100: AzureRender.BlackholeComputeGpu
  Test #101: AzureRender.CharacterIblComputeGpu
  Test #102: AzureRender.CharacterSkinningComputeGpu
  Test #103: AzureRender.R4AcceptanceRules
  Test #104: AzureEngine.PlayerCli
  Test #105: AzureRender.BlackholeOptimizationRules
  Test #106: AzureRender.R3Comparison
  Test #107: AzureRender.R3TransparentComparison
  Test #108: AzureRender.AuditRegressions
  Test #109: AzureRender.VisualRegressionLegacySkinning
  Test #110: AzureRender.CharacterMorphComputeGpu
  Test #111: AzureRender.ClusteredLightingGpu
  Test #112: AzureRender.ReleaseGateMissingBuild
  Test #113: AzureRender.InstallManifestRoundTrip

Total Tests: 113
