Project loaded: Azure Exploration (7f971748-131f-4764-9aac-221848014a37)
Controls: Space pause/resume, R auto rotate, 1/2/3/4 full-body angles, 5 face close-up, 6 portfolio orbit, Left/Right fine rotate, F1/F2/F3 showcase presets, F4 animation pause/resume, F11 animation restart, 7/8 previous/next animation, 9 timeline status, 0 diagnostic view, H HUD, F10 inner outlines, F9 style toggle, F7/F8 mask strength, F5/F6 band threshold, F12 screenshot
Validation layer: disabled
Selected GPU: Intel(R) RaptorLake-S Mobile Graphics Controller
HDR scene color candidate: VK_FORMAT_R16G16B16A16_SFLOAT (supported)
GPU timing: enabled, timestamp period 52.083332 ns, 36 valid bits
Turntable foot pivot: [0.035000, -0.010000, 0.080000]
Asset path: D:\Assigment\2609\FYP\Project\AzureRender\build\ninja-msvc-release\playable-package\Azure Exploration\game\assets\guide.gltf
Loaded asset: 673 vertices, 1440 indices, 2 primitives, 3 materials
Material Class v1 inventory:
  [0] guide-cloth -> fabric, flags=0x1, source=fallback/inferred
  [1] FallbackMaterial -> generic, flags=0x20, source=fallback/inferred
  [2] AzureRender_ShowcasePlatform -> showcase, flags=0x0, source=asset-extras
Skinning: enabled, 15 joint matrices, 1 Morph targets
Morph weights: 0.000000, 0.000000
Animations: 2 (playing "idle", 1.000000 s loop)
Scene renderer: character (sceneType=character)
Diagnostic view: Beauty, stylized lighting: on, internal outline: on, HUD: off
Clustered lighting: 8 lights, 11808 cluster references
GPU timing samples: 30
  Shadow: 2.028 ms (22.527%)
  Main scene: 5.787 ms (64.293%)
  Internal outline: 1.186 ms (13.180%)
  Total render: 9.001 ms avg, 6.773 ms min, 22.861 ms max
  Percentiles: p50 8.414 ms, p95 12.205 ms, p99 19.963 ms
  Submission per frame: 52.000 draws, 2.000 descriptor binds
  CPU recording: 0.963 ms per frame, worker passes: 120
GPU timing report: D:\Assigment\2609\FYP\Project\AzureRender\build\evolution\g11\intel\probe.json
Rendered frames: 30
Allocator after unload: buffers=0 images=0
