Internal ctest changing into directory: D:/Assigment/2609/FYP/Project/AzureRender/build/ninja-msvc-release
Test project D:/Assigment/2609/FYP/Project/AzureRender/build/ninja-msvc-release
  Test  #1: AzureEditor.EditService
  Test  #2: AzureEditor.EditTransaction
  Test  #3: AzureEngine.SystemComposition
  Test  #4: AzureEngine.SceneInspectorHost
  Test  #5: AzureEngine.ModuleAssembly
  Test  #6: AzureEngine.ComponentRegistry
  Test  #7: AzureEngine.MetadataGeneration
  Test  #8: AzureEngine.RegisteredComponentWorkflow
  Test  #9: AzureEngine.RegisteredComponentHost
  Test #10: AzureEngine.ModuleBoundaryFixtures
  Test #11: AzureEngine.ModuleBoundaries
  Test #12: AzureEngine.GameUiRenderer
  Test #13: AzureEngine.GameUi
  Test #14: AzureEditor.Workspace
  Test #15: AzureEngine.EditorWorkflow
  Test #16: AzureEngine.PresentationRuntime
  Test #17: AzureEngine.GameplayPresentation
  Test #18: AzureEngine.ScriptRuntime
  Test #19: AzureEngine.ThirdPerson
  Test #20: AzureEngine.Locomotion
  Test #21: AzureEngine.Interaction
  Test #22: AzureEngine.ScriptEntities
  Test #23: AzureEngine.PlayableQuest
  Test #24: AzureRender.AnimationPose
  Test #25: AzureRender.BrowRegions
  Test #26: AzureEngine.PhysicsInput
  Test #27: AzureEngine.AssetLevel
  Test #28: AzureEngine.Reflection
  Test #29: AzureRender.SceneVisibility
  Test #30: AzureEngine.RepositoryAudit
  Test #31: AzureRender.SceneVisibilityGpu
  Test #32: AzureEngine.PublicGait
  Test #33: AzureEngine.LocomotionPlayer
  Test #34: AzureEngine.AnimationRetarget
  Test #35: AzureEngine.SourceSkinRestore
  Test #36: AzureEngine.GamePackageRules
  Test #37: AzureEngine.PlayableDeliveryRules
  Test #38: AzureEngine.GamePackage
  Test #39: AzureEngine.PlayablePackage
  Test #40: AzureEngine.BuildConfiguration
  Test #41: AzureEngine.BuildProvenance
  Test #42: AzureEngine.CharacterIntake
  Test #43: AzureEngine.CharacterPreparation
  Test #44: AzureEditor.WorkspaceGpu
  Test #45: AzureEngine.MaterialFixtureGpu
  Test #46: AzureEngine.IndependentAnimationGpu
  Test #47: AzureEngine.ThirdPersonPlayer
  Test #48: AzureEngine.PlayablePlayer
  Test #49: AzureEngine.RuntimeSpawnGpu
  Test #50: AzureEngine.PresentationGpu
  Test #51: AzureEngine.EditorHost
  Test #52: AzureEngine.EditorPlayable
  Test #53: AzureEngine.MetaGenerator
  Test #54: AzureEngine.LevelPlayer
  Test #55: AzureEngine.PhysicsPlayer
  Test #56: AzureEngine.ScriptPlayer
  Test #57: AzureEngine.Project
  Test #58: AzureEngine.RuntimeLifecycle
  Test #59: AzureRender.EnvironmentAsset
  Test #60: AzureRender.RenderGraph
  Test #61: AzureRender.TransientResourcePool
  Test #62: AzureRender.LightBuffer
  Test #63: AzureRender.CascadedShadow
  Test #64: AzureRender.ClusteredLightGrid
  Test #65: AzureRender.ComputePass
  Test #66: AzureRender.FrameTaskScheduler
  Test #67: AzureRender.SurfaceLifecycle
  Test #68: AzureRender.CommandLine
  Test #69: AzureRender.EditorCameraController
  Test #70: AzureRender.EditorSession
  Test #71: AzureRender.Ecs
  Test #72: AzureRender.PickMath
  Test #73: AzureRender.SceneModel
  Test #74: AzureRender.RuntimeDiagnostics
  Test #75: AzureRender.GpuCapabilityReport
  Test #76: AzureRender.ResourceLocator
  Test #77: AzureRender.ExtensionRegistry
  Test #78: AzureRender.UploadRing
  Test #79: AzureRender.NullRhi
  Test #80: AzureRender.NullRhiPass
  Test #81: AzureRender.SceneGraph
  Test #82: AzureRender.VisualRegression
  Test #83: AzureRender.VisualRegressionLegacyDescriptors
  Test #84: AzureRender.BlackholeComputeGpu
  Test #85: AzureRender.CharacterIblComputeGpu
  Test #86: AzureRender.CharacterSkinningComputeGpu
  Test #87: AzureRender.R4AcceptanceRules
  Test #88: AzureEngine.PlayerCli
  Test #89: AzureRender.BlackholeOptimizationRules
  Test #90: AzureRender.R3Comparison
  Test #91: AzureRender.R3TransparentComparison
  Test #92: AzureRender.AuditRegressions
  Test #93: AzureRender.VisualRegressionLegacySkinning
  Test #94: AzureRender.CharacterMorphComputeGpu
  Test #95: AzureRender.ClusteredLightingGpu
  Test #96: AzureRender.ReleaseGateMissingBuild
  Test #97: AzureRender.InstallManifestRoundTrip

Total Tests: 97
